[INFO] Error stacktraces are turned on.
[INFO] Scanning for projects...
[WARNING] 
[WARNING] Some problems were encountered while building the effective model for com.alibaba.nacos:nacos-logback-adapter-12:jar:3.1.0-SNAPSHOT
[WARNING] 'build.plugins.plugin.version' for org.apache.maven.plugins:maven-shade-plugin is missing. @ com.alibaba.nacos:nacos-logger-adapter-impl:${revision}, /Users/xinluo/sources/nacos/logger-adapter-impl/pom.xml, line 75, column 29
[WARNING] 
[WARNING] Some problems were encountered while building the effective model for com.alibaba.nacos:nacos-log4j2-adapter:jar:3.1.0-SNAPSHOT
[WARNING] 'build.plugins.plugin.version' for org.apache.maven.plugins:maven-shade-plugin is missing. @ com.alibaba.nacos:nacos-logger-adapter-impl:${revision}, /Users/xinluo/sources/nacos/logger-adapter-impl/pom.xml, line 75, column 29
[WARNING] 
[WARNING] Some problems were encountered while building the effective model for com.alibaba.nacos:nacos-logger-adapter-impl:pom:3.1.0-SNAPSHOT
[WARNING] 'build.plugins.plugin.version' for org.apache.maven.plugins:maven-shade-plugin is missing. @ com.alibaba.nacos:nacos-logger-adapter-impl:${revision}, /Users/xinluo/sources/nacos/logger-adapter-impl/pom.xml, line 75, column 29
[WARNING] 
[WARNING] It is highly recommended to fix these problems because they threaten the stability of your build.
[WARNING] 
[WARNING] For this reason, future Maven versions might no longer support building such malformed projects.
[WARNING] 
[INFO] Inspecting build with total of 45 modules
[INFO] Installing Central Publishing features
[INFO] ------------------------------------------------------------------------
[INFO] Detecting the operating system and CPU architecture
[INFO] ------------------------------------------------------------------------
[INFO] os.detected.name: osx
[INFO] os.detected.arch: aarch_64
[INFO] os.detected.bitness: 64
[INFO] os.detected.version: 15.5
[INFO] os.detected.version.major: 15
[INFO] os.detected.version.minor: 5
[INFO] os.detected.classifier: osx-aarch_64
[INFO] ------------------------------------------------------------------------
[INFO] Detecting the operating system and CPU architecture
[INFO] ------------------------------------------------------------------------
[INFO] os.detected.name: osx
[INFO] os.detected.arch: aarch_64
[INFO] os.detected.version: 15.5
[INFO] os.detected.version.major: 15
[INFO] os.detected.version.minor: 5
[INFO] os.detected.classifier: osx-aarch_64
[WARNING] The project com.alibaba.nacos:nacos-all:pom:3.1.0-SNAPSHOT uses prerequisites which is only intended for maven-plugin projects but not for non maven-plugin projects. For such purposes you should use the maven-enforcer-plugin. See https://maven.apache.org/enforcer/enforcer-rules/requireMavenVersion.html
[INFO] ------------------------------------------------------------------------
[INFO] Reactor Build Order:
[INFO] 
[INFO] Alibaba NACOS 3.1.0-SNAPSHOT                                       [pom]
[INFO] nacos-api 3.1.0-SNAPSHOT                                           [jar]
[INFO] nacos-common 3.1.0-SNAPSHOT                                        [jar]
[INFO] nacos-consistency 3.1.0-SNAPSHOT                                   [jar]
[INFO] nacos-plugin 3.1.0-SNAPSHOT                                        [pom]
[INFO] nacos-datasource-plugin 3.1.0-SNAPSHOT                             [jar]
[INFO] nacos-custom-environment-plugin 3.1.0-SNAPSHOT                     [jar]
[INFO] nacos-sys 3.1.0-SNAPSHOT                                           [jar]
[INFO] nacos-persistence 3.1.0-SNAPSHOT                                   [jar]
[INFO] nacos-auth-plugin 3.1.0-SNAPSHOT                                   [jar]
[INFO] nacos-auth 3.1.0-SNAPSHOT                                          [jar]
[INFO] nacos-trace-plugin 3.1.0-SNAPSHOT                                  [jar]
[INFO] nacos-control-plugin 3.1.0-SNAPSHOT                                [jar]
[INFO] nacos-core 3.1.0-SNAPSHOT                                          [jar]
[INFO] nacos-encryption-plugin 3.1.0-SNAPSHOT                             [jar]
[INFO] nacos-config-plugin 3.1.0-SNAPSHOT                                 [jar]
[INFO] nacos-config 3.1.0-SNAPSHOT                                        [jar]
[INFO] nacos-cmdb 3.1.0-SNAPSHOT                                          [jar]
[INFO] nacos-naming 3.1.0-SNAPSHOT                                        [jar]
[INFO] nacos-address 3.1.0-SNAPSHOT                                       [jar]
[INFO] nacos-client-basic 3.1.0-SNAPSHOT                                  [jar]
[INFO] nacos-logger-adapter-impl 3.1.0-SNAPSHOT                           [pom]
[INFO] nacos-logback-adapter-12 3.1.0-SNAPSHOT                            [jar]
[INFO] nacos-log4j2-adapter 3.1.0-SNAPSHOT                                [jar]
[INFO] nacos-client 3.1.0-SNAPSHOT                                        [jar]
[INFO] nacos-ai 3.1.0-SNAPSHOT                                            [jar]
[INFO] nacos-lock 3.1.0-SNAPSHOT                                          [jar]
[INFO] nacos-maintainer-client 3.1.0-SNAPSHOT                             [jar]
[INFO] nacos-plugin-default-impl 3.1.0-SNAPSHOT                           [pom]
[INFO] nacos-default-auth-plugin 3.1.0-SNAPSHOT                           [jar]
[INFO] nacos-default-control-plugin 3.1.0-SNAPSHOT                        [jar]
[INFO] nacos-default-plugin-all                                           [jar]
[INFO] nacos-istio 3.1.0-SNAPSHOT                                         [jar]
[INFO] nacos-prometheus 3.1.0-SNAPSHOT                                    [jar]
[INFO] nacos-k8s-sync 3.1.0-SNAPSHOT                                      [jar]
[INFO] nacos-console 3.1.0-SNAPSHOT                                       [jar]
[INFO] nacos-test 3.1.0-SNAPSHOT                                          [pom]
[INFO] nacos-config-test 3.1.0-SNAPSHOT                                   [jar]
[INFO] nacos-naming-test 3.1.0-SNAPSHOT                                   [jar]
[INFO] nacos-core-test 3.1.0-SNAPSHOT                                     [jar]
[INFO] nacos-example 3.1.0-SNAPSHOT                                       [jar]
[INFO] nacos-server 3.1.0-SNAPSHOT                                        [jar]
[INFO] nacos-mcp-registry-adaptor 3.1.0-SNAPSHOT                          [jar]
[INFO] nacos-bootstrap 3.1.0-SNAPSHOT                                     [jar]
[INFO] nacos-distribution 3.1.0-SNAPSHOT                                  [pom]
[INFO] 
[INFO] --------------------< com.alibaba.nacos:nacos-all >---------------------
[INFO] Building Alibaba NACOS 3.1.0-SNAPSHOT 3.1.0-SNAPSHOT              [1/45]
[INFO] --------------------------------[ pom ]---------------------------------
[INFO] 
[INFO] --- maven-clean-plugin:2.5:clean (default-clean) @ nacos-all ---
[INFO] Deleting /Users/xinluo/sources/nacos/target
[INFO] 
[INFO] --- easyj-maven-plugin:1.1.5:clean-simplify-pom (clean-flattened-pom) @ nacos-all ---
[INFO] Deleting /Users/xinluo/sources/nacos/.flattened-pom.xml
[INFO] 
[INFO] --- maven-enforcer-plugin:3.5.0:enforce (enforce-ban-circular-dependencies) @ nacos-all ---
[INFO] Rule 0: org.codehaus.mojo.extraenforcer.dependencies.BanCircularDependencies passed
[INFO] 
[INFO] --- maven-checkstyle-plugin:3.1.2:check (validate) @ nacos-all ---
[WARNING] Old version of checkstyle detected. Consider updating to >= v8.30
[WARNING] For more information see: https://maven.apache.org/plugins/maven-checkstyle-plugin/examples/upgrading-checkstyle.html
[INFO] 开始检查……
检查完成。
[INFO] You have 0 Checkstyle violations.
[INFO] 
[INFO] --- jacoco-maven-plugin:0.8.13:prepare-agent (default-prepare-agent) @ nacos-all ---
[INFO] argLine set to -javaagent:/var/root/.m2/repository/org/jacoco/org.jacoco.agent/0.8.13/org.jacoco.agent-0.8.13-runtime.jar=destfile=/Users/xinluo/sources/nacos/target/coverage-reports/jacoco-unit.exec,append=true,excludes=**/grpc/auto/**:**/packagescan/classreading/**:**/packagescan/resource/**:**/packagescan/util/**,output=file
[INFO] 
[INFO] --- build-helper-maven-plugin:3.2.0:add-source (add-source) @ nacos-all ---
[INFO] Source directory: /Users/xinluo/sources/nacos/target/generated-sources/protobuf/java added.
[INFO] 
[INFO] --- jacoco-maven-plugin:0.8.13:report (default-report) @ nacos-all ---
[INFO] Skipping JaCoCo execution due to missing execution data file.
[INFO] 
[INFO] --- easyj-maven-plugin:1.1.5:simplify-pom (flatten-pom) @ nacos-all ---
[INFO] Create PomSimplifier by mode: auto
[INFO] The simplify mode is: POM
[INFO] Do simplify by the POM simplifier: PomSimplifier
[INFO] 
[INFO] ==================================  start simplify  ==================================
[INFO] Set Version from '${revision}' to '3.1.0-SNAPSHOT'.
[INFO] Set Name from 'Alibaba NACOS ${project.version}' to 'Alibaba NACOS 3.1.0-SNAPSHOT'.
[INFO] Remove Modules.
[INFO] -------------------------------------------
[INFO] Copy project info from parent for the open source project:
[INFO] -------------------------------------------
[INFO] Remove the special property '<revision>'.
[INFO] -------------------------------------------
[INFO] Optimize DependencyManagement: (74)
[INFO]  - Optimize with 'replaceVariable'
[INFO]   optimize dependency: [org.junit:junit-bom:${junit5.version}:pom:import] -> [org.junit:junit-bom:5.10.2:pom:import]
[INFO]   optimize dependency: [org.mockito:mockito-bom:${mockito.version}:pom:import] -> [org.mockito:mockito-bom:4.11.0:pom:import]
[INFO]   optimize dependency: [org.springframework.boot:spring-boot-dependencies:${spring-boot-dependencies.version}:pom:import] -> [org.springframework.boot:spring-boot-dependencies:3.4.9:pom:import]
[INFO]   optimize dependency: [${project.groupId}:nacos-config:${project.version}] -> [com.alibaba.nacos:nacos-config:3.1.0-SNAPSHOT]
[INFO]   optimize dependency: [${project.groupId}:nacos-core:${project.version}] -> [com.alibaba.nacos:nacos-core:3.1.0-SNAPSHOT]
[INFO]   optimize dependency: [${project.groupId}:nacos-lock:${project.version}] -> [com.alibaba.nacos:nacos-lock:3.1.0-SNAPSHOT]
[INFO]   optimize dependency: [com.alibaba.nacos:nacos-persistence:${project.version}] -> [com.alibaba.nacos:nacos-persistence:3.1.0-SNAPSHOT]
[INFO]   optimize dependency: [${project.groupId}:nacos-naming:${project.version}] -> [com.alibaba.nacos:nacos-naming:3.1.0-SNAPSHOT]
[INFO]   optimize dependency: [com.alibaba.nacos:nacos-ai:${project.version}] -> [com.alibaba.nacos:nacos-ai:3.1.0-SNAPSHOT]
[INFO]   optimize dependency: [${project.groupId}:nacos-api:${project.version}] -> [com.alibaba.nacos:nacos-api:3.1.0-SNAPSHOT]
[INFO]   optimize dependency: [${project.groupId}:nacos-client:${project.version}] -> [com.alibaba.nacos:nacos-client:3.1.0-SNAPSHOT]
[INFO]   optimize dependency: [com.alibaba.nacos:nacos-maintainer-client:${project.version}] -> [com.alibaba.nacos:nacos-maintainer-client:3.1.0-SNAPSHOT]
[INFO]   optimize dependency: [com.alibaba.nacos:nacos-logback-adapter-12:${project.version}] -> [com.alibaba.nacos:nacos-logback-adapter-12:3.1.0-SNAPSHOT]
[INFO]   optimize dependency: [com.alibaba.nacos:logback-adapter:${nacos.logback.adapter.version}] -> [com.alibaba.nacos:logback-adapter:1.1.4]
[INFO]   optimize dependency: [com.alibaba.nacos:nacos-log4j2-adapter:${project.version}] -> [com.alibaba.nacos:nacos-log4j2-adapter:3.1.0-SNAPSHOT]
[INFO]   optimize dependency: [${project.groupId}:nacos-test:${project.version}] -> [com.alibaba.nacos:nacos-test:3.1.0-SNAPSHOT]
[INFO]   optimize dependency: [${project.groupId}:nacos-common:${project.version}] -> [com.alibaba.nacos:nacos-common:3.1.0-SNAPSHOT]
[INFO]   optimize dependency: [${project.groupId}:nacos-cmdb:${project.version}] -> [com.alibaba.nacos:nacos-cmdb:3.1.0-SNAPSHOT]
[INFO]   optimize dependency: [${project.groupId}:nacos-console:${project.version}] -> [com.alibaba.nacos:nacos-console:3.1.0-SNAPSHOT]
[INFO]   optimize dependency: [${project.groupId}:nacos-server:${project.version}] -> [com.alibaba.nacos:nacos-server:3.1.0-SNAPSHOT]
[INFO]   optimize dependency: [${project.groupId}:nacos-bootstrap:${project.version}] -> [com.alibaba.nacos:nacos-bootstrap:3.1.0-SNAPSHOT]
[INFO]   optimize dependency: [${project.groupId}:nacos-distribution:${project.version}] -> [com.alibaba.nacos:nacos-distribution:3.1.0-SNAPSHOT]
[INFO]   optimize dependency: [${project.groupId}:nacos-example:${project.version}] -> [com.alibaba.nacos:nacos-example:3.1.0-SNAPSHOT]
[INFO]   optimize dependency: [${project.groupId}:nacos-address:${project.version}] -> [com.alibaba.nacos:nacos-address:3.1.0-SNAPSHOT]
[INFO]   optimize dependency: [${project.groupId}:nacos-istio:${project.version}] -> [com.alibaba.nacos:nacos-istio:3.1.0-SNAPSHOT]
[INFO]   optimize dependency: [${project.groupId}:nacos-k8s-sync:${project.version}] -> [com.alibaba.nacos:nacos-k8s-sync:3.1.0-SNAPSHOT]
[INFO]   optimize dependency: [${project.groupId}:nacos-prometheus:${project.version}] -> [com.alibaba.nacos:nacos-prometheus:3.1.0-SNAPSHOT]
[INFO]   optimize dependency: [${project.groupId}:nacos-consistency:${project.version}] -> [com.alibaba.nacos:nacos-consistency:3.1.0-SNAPSHOT]
[INFO]   optimize dependency: [${project.groupId}:nacos-auth-plugin:${project.version}] -> [com.alibaba.nacos:nacos-auth-plugin:3.1.0-SNAPSHOT]
[INFO]   optimize dependency: [${project.groupId}:nacos-encryption-plugin:${project.version}] -> [com.alibaba.nacos:nacos-encryption-plugin:3.1.0-SNAPSHOT]
[INFO]   optimize dependency: [com.alibaba.nacos:nacos-config-plugin:${project.version}] -> [com.alibaba.nacos:nacos-config-plugin:3.1.0-SNAPSHOT]
[INFO]   optimize dependency: [${project.groupId}:nacos-control-plugin:${project.version}] -> [com.alibaba.nacos:nacos-control-plugin:3.1.0-SNAPSHOT]
[INFO]   optimize dependency: [com.alibaba.nacos:nacos-trace-plugin:${project.version}] -> [com.alibaba.nacos:nacos-trace-plugin:3.1.0-SNAPSHOT]
[INFO]   optimize dependency: [com.alibaba.nacos:nacos-datasource-plugin:${project.version}] -> [com.alibaba.nacos:nacos-datasource-plugin:3.1.0-SNAPSHOT]
[INFO]   optimize dependency: [${project.groupId}:nacos-custom-environment-plugin:${project.version}] -> [com.alibaba.nacos:nacos-custom-environment-plugin:3.1.0-SNAPSHOT]
[INFO]   optimize dependency: [${project.groupId}:nacos-auth:${project.version}] -> [com.alibaba.nacos:nacos-auth:3.1.0-SNAPSHOT]
[INFO]   optimize dependency: [${project.groupId}:nacos-sys:${project.version}] -> [com.alibaba.nacos:nacos-sys:3.1.0-SNAPSHOT]
[INFO]   optimize dependency: [com.alibaba.nacos:nacos-client-basic:${project.version}] -> [com.alibaba.nacos:nacos-client-basic:3.1.0-SNAPSHOT]
[INFO]   optimize dependency: [com.alibaba.nacos:nacos-mcp-registry-adaptor:${project.version}] -> [com.alibaba.nacos:nacos-mcp-registry-adaptor:3.1.0-SNAPSHOT]
[INFO]   optimize dependency: [com.zaxxer:HikariCP:${HikariCP.version}] -> [com.zaxxer:HikariCP:3.4.2]
[INFO]   optimize dependency: [io.modelcontextprotocol.sdk:mcp:${mcp.version}] -> [io.modelcontextprotocol.sdk:mcp:0.10.0]
[INFO]   optimize dependency: [com.caucho:hessian:${hessian.version}] -> [com.caucho:hessian:4.0.63]
[INFO]   optimize dependency: [commons-io:commons-io:${commons-io.version}] -> [commons-io:commons-io:2.14.0]
[INFO]   optimize dependency: [commons-collections:commons-collections:${commons-collections.version}] -> [commons-collections:commons-collections:3.2.2]
[INFO]   optimize dependency: [org.slf4j:slf4j-api:${slf4j-api.version}] -> [org.slf4j:slf4j-api:2.0.13]
[INFO]   optimize dependency: [ch.qos.logback:logback-classic:${logback.version}] -> [ch.qos.logback:logback-classic:1.5.12]
[INFO]   optimize dependency: [ch.qos.logback:logback-core:${logback.version}] -> [ch.qos.logback:logback-core:1.5.12]
[INFO]   optimize dependency: [org.apache.logging.log4j:log4j-core:${log4j.version}] -> [org.apache.logging.log4j:log4j-core:2.24.3]
[INFO]   optimize dependency: [org.apache.logging.log4j:log4j-api:${log4j.version}] -> [org.apache.logging.log4j:log4j-api:2.24.3]
[INFO]   optimize dependency: [org.apache.logging.log4j:log4j-slf4j-impl:${log4j.version}] -> [org.apache.logging.log4j:log4j-slf4j-impl:2.24.3]
[INFO]   optimize dependency: [com.mysql:mysql-connector-j:${mysql-connector-java.version}] -> [com.mysql:mysql-connector-j:8.2.0]
[INFO]   optimize dependency: [org.apache.derby:derby:${derby.version}] -> [org.apache.derby:derby:10.14.2.0]
[INFO]   optimize dependency: [com.alipay.sofa:jraft-core:${jraft-core.version}] -> [com.alipay.sofa:jraft-core:1.3.14]
[INFO]   optimize dependency: [com.alipay.sofa:rpc-grpc-impl:${rpc-grpc-impl.version}] -> [com.alipay.sofa:rpc-grpc-impl:1.3.14]
[INFO]   optimize dependency: [io.jsonwebtoken:jjwt-api:${jjwt.version}] -> [io.jsonwebtoken:jjwt-api:0.11.2]
[INFO]   optimize dependency: [io.jsonwebtoken:jjwt-impl:${jjwt.version}:runtime] -> [io.jsonwebtoken:jjwt-impl:0.11.2:runtime]
[INFO]   optimize dependency: [io.jsonwebtoken:jjwt-jackson:${jjwt.version}:runtime] -> [io.jsonwebtoken:jjwt-jackson:0.11.2:runtime]
[INFO]   optimize dependency: [io.grpc:grpc-netty-shaded:${grpc-java.version}] -> [io.grpc:grpc-netty-shaded:1.75.0]
[INFO]   optimize dependency: [io.grpc:grpc-protobuf:${grpc-java.version}] -> [io.grpc:grpc-protobuf:1.75.0]
[INFO]   optimize dependency: [io.grpc:grpc-stub:${grpc-java.version}] -> [io.grpc:grpc-stub:1.75.0]
[INFO]   Set scope from 'compile' to null: io.grpc:grpc-util:jar
[INFO]   optimize dependency: [io.grpc:grpc-util:${grpc-java.version}:compile] -> [io.grpc:grpc-util:1.75.0]
[INFO]   optimize dependency: [io.grpc:grpc-testing:${grpc-java.version}:test] -> [io.grpc:grpc-testing:1.75.0:test]
[INFO]   optimize dependency: [io.grpc:grpc-inprocess:${grpc-java.version}] -> [io.grpc:grpc-inprocess:1.75.0]
[INFO]   optimize dependency: [com.google.api.grpc:proto-google-common-protos:${proto-google-common-protos.version}] -> [com.google.api.grpc:proto-google-common-protos:2.17.0]
[INFO]   optimize dependency: [com.google.protobuf:protobuf-java:${protobuf-java.version}] -> [com.google.protobuf:protobuf-java:3.25.5]
[INFO]   optimize dependency: [io.micrometer:micrometer-core:${micrometer.version}] -> [io.micrometer:micrometer-core:1.12.8]
[INFO]   optimize dependency: [io.micrometer:micrometer-registry-prometheus:${micrometer.version}] -> [io.micrometer:micrometer-registry-prometheus:1.12.8]
[INFO]   optimize dependency: [io.micrometer:micrometer-registry-influx:${micrometer.version}] -> [io.micrometer:micrometer-registry-influx:1.12.8]
[INFO]   optimize dependency: [io.micrometer:micrometer-registry-elastic:${micrometer.version}] -> [io.micrometer:micrometer-registry-elastic:1.12.8]
[INFO]   Set scope from 'compile' to null: com.google.code.gson:gson:jar
[INFO]   optimize dependency: [com.google.code.gson:gson:${gson.version}:compile] -> [com.google.code.gson:gson:2.11.0]
[INFO]   optimize dependency: [org.yaml:snakeyaml:${SnakeYaml.version}] -> [org.yaml:snakeyaml:2.0]
[INFO]   optimize dependency: [io.kubernetes:client-java-api:${kubernetes.client.version}] -> [io.kubernetes:client-java-api:22.0.0]
[INFO]   optimize dependency: [io.kubernetes:client-java:${kubernetes.client.version}] -> [io.kubernetes:client-java:22.0.0]
[INFO] -------------------------------------------
[INFO] -------------------------------------------
[INFO] Optimize Dependencies: (4)
[INFO]  - Optimize with 'replaceVariable'
[INFO] ==================================   end  simplify  ==================================
[INFO] 
[INFO] Create the POM file '.flattened-pom.xml'.
[INFO] Set the POM file '.flattened-pom.xml' to the project object.
[INFO] 
[INFO] --- maven-javadoc-plugin:2.10.4:jar (attach-javadocs) @ nacos-all ---
[INFO] Skipping javadoc generation
[INFO] 
[INFO] >>> maven-source-plugin:3.0.1:jar (attach-sources) > generate-sources @ nacos-all >>>
[INFO] 
[INFO] --- maven-enforcer-plugin:3.5.0:enforce (enforce-ban-circular-dependencies) @ nacos-all ---
[INFO] Rule 0: org.codehaus.mojo.extraenforcer.dependencies.BanCircularDependencies passed
[INFO] 
[INFO] --- maven-checkstyle-plugin:3.1.2:check (validate) @ nacos-all ---
[WARNING] Old version of checkstyle detected. Consider updating to >= v8.30
[WARNING] For more information see: https://maven.apache.org/plugins/maven-checkstyle-plugin/examples/upgrading-checkstyle.html
[INFO] 开始检查……
检查完成。
[INFO] You have 0 Checkstyle violations.
[INFO] 
[INFO] --- jacoco-maven-plugin:0.8.13:prepare-agent (default-prepare-agent) @ nacos-all ---
[INFO] argLine set to -javaagent:/var/root/.m2/repository/org/jacoco/org.jacoco.agent/0.8.13/org.jacoco.agent-0.8.13-runtime.jar=destfile=/Users/xinluo/sources/nacos/target/coverage-reports/jacoco-unit.exec,append=true,excludes=**/grpc/auto/**:**/packagescan/classreading/**:**/packagescan/resource/**:**/packagescan/util/**,output=file
[INFO] 
[INFO] --- build-helper-maven-plugin:3.2.0:add-source (add-source) @ nacos-all ---
[INFO] Source directory: /Users/xinluo/sources/nacos/target/generated-sources/protobuf/java added.
[INFO] 
[INFO] <<< maven-source-plugin:3.0.1:jar (attach-sources) < generate-sources @ nacos-all <<<
[INFO] 
[INFO] 
[INFO] --- maven-source-plugin:3.0.1:jar (attach-sources) @ nacos-all ---
[INFO] 
[INFO] >>> maven-pmd-plugin:3.16.0:check (default) > :pmd @ nacos-all >>>
[INFO] 
[INFO] --- maven-pmd-plugin:3.16.0:pmd (pmd) @ nacos-all ---
[INFO] 
[INFO] <<< maven-pmd-plugin:3.16.0:check (default) < :pmd @ nacos-all <<<
[INFO] 
[INFO] 
[INFO] --- maven-pmd-plugin:3.16.0:check (default) @ nacos-all ---
[INFO] 
[INFO] --- apache-rat-plugin:0.12:check (default) @ nacos-all ---
[INFO] Enabled default license matchers.
[INFO] Will parse SCM ignores for exclusions...
[INFO] Parsing exclusions from /Users/xinluo/sources/nacos/.gitignore
[INFO] Finished adding exclusions from SCM ignore files.
[INFO] 106 implicit excludes (use -debug for more details).
[INFO] Exclude: .editorconfig
[INFO] Exclude: .travis.yml
[INFO] Exclude: codecov.yml
[INFO] Exclude: CONTRIBUTING.md
[INFO] Exclude: CODE_OF_CONDUCT.md
[INFO] Exclude: CHANGELOG.md
[INFO] Exclude: style/codeStyle.md
[INFO] Exclude: REPORTING-BUGS.md
[INFO] Exclude: README.md
[INFO] Exclude: .github/**/*
[INFO] Exclude: doc/*
[INFO] Exclude: derby.log
[INFO] Exclude: logs/*
[INFO] Exclude: src/main/resources/static/**
[INFO] Exclude: **/istio/model/**
[INFO] Exclude: **/consistency/entity/**
[INFO] Exclude: **/*.txt
[INFO] Exclude: **/*.factories
[INFO] Exclude: /console-ui/**
[INFO] Exclude: **/gogo.proto
[INFO] Exclude: **/any.proto
[INFO] Exclude: src/main/java/com/alibaba/nacos/common/packagescan/classreading/**
[INFO] Exclude: .flattened-pom.xml
[INFO] Exclude: **/announcement*.conf
[INFO] Exclude: **/console-guide.conf
[INFO] Exclude: **/reflect-config.json
[INFO] Exclude: **/resource-config.json
[INFO] Exclude: **/proxy-config.json
[INFO] Exclude: **/jni-config.json
[INFO] Exclude: **/predefined-classes-config.json
[INFO] Exclude: **/serialization-config.json
[INFO] Exclude: **/filter-config.json
[INFO] Exclude: **/disk_cache_test/**
[INFO] Exclude: **/failover_test/**
[INFO] Exclude: lefthook.yml
[INFO] Exclude: .vscode/**
[INFO] 11 resources included (use -debug for more details)
[INFO] Rat check: Summary over all files. Unapproved: 0, unknown: 0, generated: 0, approved: 7 licenses.
[INFO] 
[INFO] --- maven-install-plugin:2.4:install (default-install) @ nacos-all ---
[INFO] Installing /Users/xinluo/sources/nacos/.flattened-pom.xml to /var/root/.m2/repository/com/alibaba/nacos/nacos-all/3.1.0-SNAPSHOT/nacos-all-3.1.0-SNAPSHOT.pom
[INFO] 
[INFO] --------------------< com.alibaba.nacos:nacos-api >---------------------
[INFO] Building nacos-api 3.1.0-SNAPSHOT 3.1.0-SNAPSHOT                  [2/45]
[INFO] --------------------------------[ jar ]---------------------------------
[INFO] 
[INFO] --- maven-clean-plugin:2.5:clean (default-clean) @ nacos-api ---
[INFO] Deleting /Users/xinluo/sources/nacos/api/target
[INFO] 
[INFO] --- easyj-maven-plugin:1.1.5:clean-simplify-pom (clean-flattened-pom) @ nacos-api ---
[INFO] Deleting /Users/xinluo/sources/nacos/api/.flattened-pom.xml
[INFO] 
[INFO] --- maven-enforcer-plugin:3.5.0:enforce (enforce-ban-circular-dependencies) @ nacos-api ---
[INFO] Rule 0: org.codehaus.mojo.extraenforcer.dependencies.BanCircularDependencies passed
[INFO] 
[INFO] --- maven-checkstyle-plugin:3.1.2:check (validate) @ nacos-api ---
[WARNING] Old version of checkstyle detected. Consider updating to >= v8.30
[WARNING] For more information see: https://maven.apache.org/plugins/maven-checkstyle-plugin/examples/upgrading-checkstyle.html
[INFO] 开始检查……
检查完成。
[INFO] You have 0 Checkstyle violations.
[INFO] 
[INFO] --- jacoco-maven-plugin:0.8.13:prepare-agent (default-prepare-agent) @ nacos-api ---
[INFO] argLine set to -javaagent:/var/root/.m2/repository/org/jacoco/org.jacoco.agent/0.8.13/org.jacoco.agent-0.8.13-runtime.jar=destfile=/Users/xinluo/sources/nacos/api/target/coverage-reports/jacoco-unit.exec,append=true,excludes=**/grpc/auto/**:**/packagescan/classreading/**:**/packagescan/resource/**:**/packagescan/util/**,output=file
[INFO] 
[INFO] --- build-helper-maven-plugin:3.2.0:add-source (add-source) @ nacos-api ---
[INFO] Source directory: /Users/xinluo/sources/nacos/api/target/generated-sources/protobuf/java added.
[INFO] 
[INFO] --- maven-resources-plugin:3.0.2:resources (default-resources) @ nacos-api ---
[INFO] Using 'UTF-8' encoding to copy filtered resources.
[INFO] Copying 1 resource
[INFO] 
[INFO] --- maven-compiler-plugin:3.5.1:compile (default-compile) @ nacos-api ---
[INFO] Changes detected - recompiling the module!
[INFO] Compiling 303 source files to /Users/xinluo/sources/nacos/api/target/classes
[WARNING] 未与 -source 8 一起设置引导类路径
[WARNING] 源值 8 已过时，将在未来发行版中删除
[WARNING] 目标值 8 已过时，将在未来发行版中删除
[WARNING] 要隐藏有关已过时选项的警告, 请使用 -Xlint:-options。
[WARNING] /Users/xinluo/sources/nacos/api/src/main/java/com/alibaba/nacos/api/NacosFactory.java:[26,36] com.alibaba.nacos.api.naming中的com.alibaba.nacos.api.naming.NamingMaintainService已过时
[WARNING] /Users/xinluo/sources/nacos/api/src/main/java/com/alibaba/nacos/api/grpc/auto/Metadata.java:[118,42] com.google.protobuf.GeneratedMessageV3中的internalGetMapField(int)已过时
[WARNING] /Users/xinluo/sources/nacos/api/src/main/java/com/alibaba/nacos/api/grpc/auto/Metadata.java:[479,44] com.google.protobuf.GeneratedMessageV3.Builder中的internalGetMapField(int)已过时
[WARNING] /Users/xinluo/sources/nacos/api/src/main/java/com/alibaba/nacos/api/grpc/auto/Metadata.java:[490,44] com.google.protobuf.GeneratedMessageV3.Builder中的internalGetMutableMapField(int)已过时
[WARNING] /Users/xinluo/sources/nacos/api/src/main/java/com/alibaba/nacos/api/model/response/NacosMember.java:[93,12] com.alibaba.nacos.api.ability中的com.alibaba.nacos.api.ability.ServerAbilities已过时
[WARNING] /Users/xinluo/sources/nacos/api/src/main/java/com/alibaba/nacos/api/model/response/NacosMember.java:[97,30] com.alibaba.nacos.api.ability中的com.alibaba.nacos.api.ability.ServerAbilities已过时
[WARNING] /Users/xinluo/sources/nacos/api/src/main/java/com/alibaba/nacos/api/naming/NamingMaintainFactory.java:[39,19] com.alibaba.nacos.api.naming中的com.alibaba.nacos.api.naming.NamingMaintainService已过时
[WARNING] /Users/xinluo/sources/nacos/api/src/main/java/com/alibaba/nacos/api/naming/NamingMaintainFactory.java:[43,21] com.alibaba.nacos.api.naming中的com.alibaba.nacos.api.naming.NamingMaintainService已过时
[WARNING] /Users/xinluo/sources/nacos/api/src/main/java/com/alibaba/nacos/api/naming/NamingMaintainFactory.java:[56,19] com.alibaba.nacos.api.naming中的com.alibaba.nacos.api.naming.NamingMaintainService已过时
[WARNING] /Users/xinluo/sources/nacos/api/src/main/java/com/alibaba/nacos/api/naming/NamingMaintainFactory.java:[60,21] com.alibaba.nacos.api.naming中的com.alibaba.nacos.api.naming.NamingMaintainService已过时
[WARNING] /Users/xinluo/sources/nacos/api/src/main/java/com/alibaba/nacos/api/NacosFactory.java:[89,19] com.alibaba.nacos.api.naming中的com.alibaba.nacos.api.naming.NamingMaintainService已过时
[WARNING] /Users/xinluo/sources/nacos/api/src/main/java/com/alibaba/nacos/api/NacosFactory.java:[100,19] com.alibaba.nacos.api.naming中的com.alibaba.nacos.api.naming.NamingMaintainService已过时
[INFO] /Users/xinluo/sources/nacos/api/src/main/java/com/alibaba/nacos/api/remote/DefaultRequestFuture.java: /Users/xinluo/sources/nacos/api/src/main/java/com/alibaba/nacos/api/remote/DefaultRequestFuture.java使用了未经检查或不安全的操作。
[INFO] /Users/xinluo/sources/nacos/api/src/main/java/com/alibaba/nacos/api/remote/DefaultRequestFuture.java: 有关详细信息, 请使用 -Xlint:unchecked 重新编译。
[INFO] 
[INFO] --- maven-resources-plugin:3.0.2:testResources (default-testResources) @ nacos-api ---
[INFO] Using 'UTF-8' encoding to copy filtered resources.
[INFO] skip non existing resourceDirectory /Users/xinluo/sources/nacos/api/src/test/resources
[INFO] 
[INFO] --- maven-compiler-plugin:3.5.1:testCompile (default-testCompile) @ nacos-api ---
[INFO] Changes detected - recompiling the module!
[INFO] Compiling 130 source files to /Users/xinluo/sources/nacos/api/target/test-classes
[WARNING] 未与 -source 8 一起设置引导类路径
[WARNING] 源值 8 已过时，将在未来发行版中删除
[WARNING] 目标值 8 已过时，将在未来发行版中删除
[WARNING] 要隐藏有关已过时选项的警告, 请使用 -Xlint:-options。
[WARNING] /Users/xinluo/sources/nacos/api/src/test/java/com/alibaba/nacos/api/remote/ability/ServerRemoteAbilityTest.java:[19,37] com.alibaba.nacos.api.ability中的com.alibaba.nacos.api.ability.ClientAbilities已过时
[WARNING] /Users/xinluo/sources/nacos/api/src/test/java/com/alibaba/nacos/api/config/ability/ServerRemoteAbilityTest.java:[19,37] com.alibaba.nacos.api.ability中的com.alibaba.nacos.api.ability.ClientAbilities已过时
[WARNING] /Users/xinluo/sources/nacos/api/src/test/java/com/alibaba/nacos/api/config/remote/request/BasedConfigRequestTest.java:[64,15] com.fasterxml.jackson.databind.ObjectMapper中的enable(com.fasterxml.jackson.databind.MapperFeature...)已过时
[WARNING] /Users/xinluo/sources/nacos/api/src/test/java/com/alibaba/nacos/api/remote/ability/ServerRemoteAbilityTest.java:[44,15] com.fasterxml.jackson.databind.ObjectMapper中的enable(com.fasterxml.jackson.databind.MapperFeature...)已过时
[WARNING] /Users/xinluo/sources/nacos/api/src/test/java/com/alibaba/nacos/api/remote/ability/ServerRemoteAbilityTest.java:[73,46] com.alibaba.nacos.api.ability中的com.alibaba.nacos.api.ability.ClientAbilities已过时
[WARNING] /Users/xinluo/sources/nacos/api/src/test/java/com/alibaba/nacos/api/ability/ClientAbilitiesTest.java:[42,9] com.alibaba.nacos.api.ability中的com.alibaba.nacos.api.ability.ClientAbilities已过时
[WARNING] /Users/xinluo/sources/nacos/api/src/test/java/com/alibaba/nacos/api/ability/ClientAbilitiesTest.java:[42,41] com.alibaba.nacos.api.ability中的com.alibaba.nacos.api.ability.ClientAbilities已过时
[WARNING] /Users/xinluo/sources/nacos/api/src/test/java/com/alibaba/nacos/api/ability/ClientAbilitiesTest.java:[54,9] com.alibaba.nacos.api.ability中的com.alibaba.nacos.api.ability.ClientAbilities已过时
[WARNING] /Users/xinluo/sources/nacos/api/src/test/java/com/alibaba/nacos/api/ability/ClientAbilitiesTest.java:[54,60] com.alibaba.nacos.api.ability中的com.alibaba.nacos.api.ability.ClientAbilities已过时
[WARNING] /Users/xinluo/sources/nacos/api/src/test/java/com/alibaba/nacos/api/config/ability/ServerRemoteAbilityTest.java:[45,15] com.fasterxml.jackson.databind.ObjectMapper中的enable(com.fasterxml.jackson.databind.MapperFeature...)已过时
[WARNING] /Users/xinluo/sources/nacos/api/src/test/java/com/alibaba/nacos/api/config/ability/ServerRemoteAbilityTest.java:[74,46] com.alibaba.nacos.api.ability中的com.alibaba.nacos.api.ability.ClientAbilities已过时
[WARNING] /Users/xinluo/sources/nacos/api/src/test/java/com/alibaba/nacos/api/ability/ServerAbilitiesTest.java:[36,13] com.alibaba.nacos.api.ability中的com.alibaba.nacos.api.ability.ServerAbilities已过时
[WARNING] /Users/xinluo/sources/nacos/api/src/test/java/com/alibaba/nacos/api/ability/ServerAbilitiesTest.java:[47,31] com.alibaba.nacos.api.ability中的com.alibaba.nacos.api.ability.ServerAbilities已过时
[WARNING] /Users/xinluo/sources/nacos/api/src/test/java/com/alibaba/nacos/api/ability/ServerAbilitiesTest.java:[52,31] com.alibaba.nacos.api.ability中的com.alibaba.nacos.api.ability.ServerAbilities已过时
[WARNING] /Users/xinluo/sources/nacos/api/src/test/java/com/alibaba/nacos/api/ability/ServerAbilitiesTest.java:[64,9] com.alibaba.nacos.api.ability中的com.alibaba.nacos.api.ability.ServerAbilities已过时
[WARNING] /Users/xinluo/sources/nacos/api/src/test/java/com/alibaba/nacos/api/ability/ServerAbilitiesTest.java:[64,60] com.alibaba.nacos.api.ability中的com.alibaba.nacos.api.ability.ServerAbilities已过时
[WARNING] /Users/xinluo/sources/nacos/api/src/test/java/com/alibaba/nacos/api/ability/ServerAbilitiesTest.java:[75,46] com.alibaba.nacos.api.ability中的com.alibaba.nacos.api.ability.ClientAbilities已过时
[WARNING] /Users/xinluo/sources/nacos/api/src/test/java/com/alibaba/nacos/api/ability/ServerAbilitiesTest.java:[76,9] com.alibaba.nacos.api.ability中的com.alibaba.nacos.api.ability.ServerAbilities已过时
[WARNING] /Users/xinluo/sources/nacos/api/src/test/java/com/alibaba/nacos/api/ability/ServerAbilitiesTest.java:[76,36] com.alibaba.nacos.api.ability中的com.alibaba.nacos.api.ability.ServerAbilities已过时
[WARNING] /Users/xinluo/sources/nacos/api/src/test/java/com/alibaba/nacos/api/remote/request/EmptyContentRequestTest.java:[63,32] java.lang.Class中的newInstance()已过时
[INFO] /Users/xinluo/sources/nacos/api/src/test/java/com/alibaba/nacos/api/naming/pojo/ServiceInfoTest.java: 某些输入文件使用了未经检查或不安全的操作。
[INFO] /Users/xinluo/sources/nacos/api/src/test/java/com/alibaba/nacos/api/naming/pojo/ServiceInfoTest.java: 有关详细信息, 请使用 -Xlint:unchecked 重新编译。
[INFO] 
[INFO] --- maven-surefire-plugin:3.2.5:test (default-test) @ nacos-api ---
[INFO] Surefire report directory: /Users/xinluo/sources/nacos/api/target/surefire-reports
[INFO] Using auto detected provider org.apache.maven.surefire.junitplatform.JUnitPlatformProvider
[INFO] 
[INFO] -------------------------------------------------------
[INFO]  T E S T S
[INFO] -------------------------------------------------------
[INFO] Running com.alibaba.nacos.api.selector.context.CmdbContextTest
CmdbContext{consumer=CmdbInstance{entity=null, instance=null}, providers=[CmdbInstance{entity=null, instance=null}]}
[INFO] Tests run: 1, Failures: 0, Errors: 0, Skipped: 0, Time elapsed: 0.025 s -- in com.alibaba.nacos.api.selector.context.CmdbContextTest
[INFO] Running com.alibaba.nacos.api.selector.NoneSelectorTest
[INFO] Tests run: 3, Failures: 0, Errors: 0, Skipped: 0, Time elapsed: 0.234 s -- in com.alibaba.nacos.api.selector.NoneSelectorTest
[INFO] Running com.alibaba.nacos.api.selector.ExpressionSelectorTest
[INFO] Tests run: 2, Failures: 0, Errors: 0, Skipped: 0, Time elapsed: 0.005 s -- in com.alibaba.nacos.api.selector.ExpressionSelectorTest
[INFO] Running com.alibaba.nacos.api.selector.AbstractCmdbSelectorTest
[INFO] Tests run: 5, Failures: 0, Errors: 0, Skipped: 0, Time elapsed: 0.005 s -- in com.alibaba.nacos.api.selector.AbstractCmdbSelectorTest
[INFO] Running com.alibaba.nacos.api.config.listener.AbstractListenerTest
[INFO] Tests run: 1, Failures: 0, Errors: 0, Skipped: 0, Time elapsed: 0.002 s -- in com.alibaba.nacos.api.config.listener.AbstractListenerTest
[INFO] Running com.alibaba.nacos.api.config.listener.AbstractSharedListenerTest
[INFO] Tests run: 2, Failures: 0, Errors: 0, Skipped: 0, Time elapsed: 0.001 s -- in com.alibaba.nacos.api.config.listener.AbstractSharedListenerTest
[INFO] Running com.alibaba.nacos.api.config.ConfigChangeItemTest
[INFO] Tests run: 2, Failures: 0, Errors: 0, Skipped: 0, Time elapsed: 0.003 s -- in com.alibaba.nacos.api.config.ConfigChangeItemTest
[INFO] Running com.alibaba.nacos.api.config.ConfigChangeEventTest
[INFO] Tests run: 1, Failures: 0, Errors: 0, Skipped: 0, Time elapsed: 0.002 s -- in com.alibaba.nacos.api.config.ConfigChangeEventTest
[INFO] Running com.alibaba.nacos.api.config.model.ConfigHistoryInfoTest
[INFO] Tests run: 4, Failures: 0, Errors: 0, Skipped: 0, Time elapsed: 0.018 s -- in com.alibaba.nacos.api.config.model.ConfigHistoryInfoTest
[INFO] Running com.alibaba.nacos.api.config.model.ConfigListenerInfoTest
[INFO] Tests run: 2, Failures: 0, Errors: 0, Skipped: 0, Time elapsed: 0.009 s -- in com.alibaba.nacos.api.config.model.ConfigListenerInfoTest
[INFO] Running com.alibaba.nacos.api.config.model.ConfigCloneInfoTest
[INFO] Tests run: 2, Failures: 0, Errors: 0, Skipped: 0, Time elapsed: 0.002 s -- in com.alibaba.nacos.api.config.model.ConfigCloneInfoTest
[INFO] Running com.alibaba.nacos.api.config.model.ConfigInfoTest
[INFO] Tests run: 6, Failures: 0, Errors: 0, Skipped: 0, Time elapsed: 0.009 s -- in com.alibaba.nacos.api.config.model.ConfigInfoTest
[INFO] Running com.alibaba.nacos.api.config.ability.ClientRemoteAbilityTest
[INFO] Tests run: 2, Failures: 0, Errors: 0, Skipped: 0, Time elapsed: 0.007 s -- in com.alibaba.nacos.api.config.ability.ClientRemoteAbilityTest
[INFO] Running com.alibaba.nacos.api.config.ability.ServerRemoteAbilityTest
[INFO] Tests run: 3, Failures: 0, Errors: 0, Skipped: 0, Time elapsed: 0.009 s -- in com.alibaba.nacos.api.config.ability.ServerRemoteAbilityTest
[INFO] Running com.alibaba.nacos.api.config.ability.ServerConfigAbilityTest
[INFO] Tests run: 1, Failures: 0, Errors: 0, Skipped: 0, Time elapsed: 0.001 s -- in com.alibaba.nacos.api.config.ability.ServerConfigAbilityTest
[INFO] Running com.alibaba.nacos.api.config.ConfigTypeTest
[INFO] Tests run: 2, Failures: 0, Errors: 0, Skipped: 0, Time elapsed: 0.003 s -- in com.alibaba.nacos.api.config.ConfigTypeTest
[INFO] Running com.alibaba.nacos.api.config.remote.response.cluster.ConfigChangeClusterSyncResponseTest
[INFO] Tests run: 1, Failures: 0, Errors: 0, Skipped: 0, Time elapsed: 0.019 s -- in com.alibaba.nacos.api.config.remote.response.cluster.ConfigChangeClusterSyncResponseTest
[INFO] Running com.alibaba.nacos.api.config.remote.response.ConfigPublishResponseTest
[INFO] Tests run: 2, Failures: 0, Errors: 0, Skipped: 0, Time elapsed: 0.004 s -- in com.alibaba.nacos.api.config.remote.response.ConfigPublishResponseTest
[INFO] Running com.alibaba.nacos.api.config.remote.response.ClientConfigMetricResponseTest
[INFO] Tests run: 2, Failures: 0, Errors: 0, Skipped: 0, Time elapsed: 0.005 s -- in com.alibaba.nacos.api.config.remote.response.ClientConfigMetricResponseTest
[INFO] Running com.alibaba.nacos.api.config.remote.response.ConfigRemoveResponseTest
[INFO] Tests run: 2, Failures: 0, Errors: 0, Skipped: 0, Time elapsed: 0.001 s -- in com.alibaba.nacos.api.config.remote.response.ConfigRemoveResponseTest
[INFO] Running com.alibaba.nacos.api.config.remote.response.ConfigQueryResponseTest
[INFO] Tests run: 3, Failures: 0, Errors: 0, Skipped: 0, Time elapsed: 0.004 s -- in com.alibaba.nacos.api.config.remote.response.ConfigQueryResponseTest
[INFO] Running com.alibaba.nacos.api.config.remote.response.ConfigChangeNotifyResponseTest
[INFO] Tests run: 1, Failures: 0, Errors: 0, Skipped: 0, Time elapsed: 0.002 s -- in com.alibaba.nacos.api.config.remote.response.ConfigChangeNotifyResponseTest
[INFO] Running com.alibaba.nacos.api.config.remote.response.ConfigChangeBatchListenResponseTest
[INFO] Tests run: 3, Failures: 0, Errors: 0, Skipped: 0, Time elapsed: 0.007 s -- in com.alibaba.nacos.api.config.remote.response.ConfigChangeBatchListenResponseTest
[INFO] Running com.alibaba.nacos.api.config.remote.request.ConfigQueryRequestTest
[INFO] Tests run: 3, Failures: 0, Errors: 0, Skipped: 0, Time elapsed: 0.006 s -- in com.alibaba.nacos.api.config.remote.request.ConfigQueryRequestTest
[INFO] Running com.alibaba.nacos.api.config.remote.request.cluster.ConfigChangeClusterSyncRequestTest
[INFO] Tests run: 2, Failures: 0, Errors: 0, Skipped: 0, Time elapsed: 0.007 s -- in com.alibaba.nacos.api.config.remote.request.cluster.ConfigChangeClusterSyncRequestTest
[INFO] Running com.alibaba.nacos.api.config.remote.request.ConfigChangeNotifyRequestTest
[INFO] Tests run: 2, Failures: 0, Errors: 0, Skipped: 0, Time elapsed: 0.003 s -- in com.alibaba.nacos.api.config.remote.request.ConfigChangeNotifyRequestTest
[INFO] Running com.alibaba.nacos.api.config.remote.request.ConfigBatchListenRequestTest
[INFO] Tests run: 3, Failures: 0, Errors: 0, Skipped: 0, Time elapsed: 0.004 s -- in com.alibaba.nacos.api.config.remote.request.ConfigBatchListenRequestTest
[INFO] Running com.alibaba.nacos.api.config.remote.request.ConfigPublishRequestTest
[INFO] Tests run: 2, Failures: 0, Errors: 0, Skipped: 0, Time elapsed: 0.003 s -- in com.alibaba.nacos.api.config.remote.request.ConfigPublishRequestTest
[INFO] Running com.alibaba.nacos.api.config.remote.request.ClientConfigMetricRequestTest
[INFO] Tests run: 5, Failures: 0, Errors: 0, Skipped: 0, Time elapsed: 0.006 s -- in com.alibaba.nacos.api.config.remote.request.ClientConfigMetricRequestTest
[INFO] Running com.alibaba.nacos.api.config.remote.request.ConfigRemoveRequestTest
[INFO] Tests run: 2, Failures: 0, Errors: 0, Skipped: 0, Time elapsed: 0.003 s -- in com.alibaba.nacos.api.config.remote.request.ConfigRemoveRequestTest
[INFO] Running com.alibaba.nacos.api.annotation.NacosPropertiesTest
[INFO] Tests run: 3, Failures: 0, Errors: 0, Skipped: 0, Time elapsed: 0.020 s -- in com.alibaba.nacos.api.annotation.NacosPropertiesTest
[INFO] Running com.alibaba.nacos.api.utils.StringUtilsTest
[INFO] Tests run: 12, Failures: 0, Errors: 0, Skipped: 0, Time elapsed: 0.004 s -- in com.alibaba.nacos.api.utils.StringUtilsTest
[INFO] Running com.alibaba.nacos.api.utils.NetUtilsTest
[INFO] Tests run: 4, Failures: 0, Errors: 0, Skipped: 0, Time elapsed: 1.189 s -- in com.alibaba.nacos.api.utils.NetUtilsTest
[INFO] Running com.alibaba.nacos.api.utils.AbilityKeyTest
[INFO] Tests run: 6, Failures: 0, Errors: 0, Skipped: 0, Time elapsed: 0.013 s -- in com.alibaba.nacos.api.utils.AbilityKeyTest
[INFO] Running com.alibaba.nacos.api.ai.listener.NacosMcpServerEventTest
[INFO] Tests run: 1, Failures: 0, Errors: 0, Skipped: 0, Time elapsed: 0.012 s -- in com.alibaba.nacos.api.ai.listener.NacosMcpServerEventTest
[INFO] Running com.alibaba.nacos.api.ai.listener.NacosAiListenerDefaultMethodTest
[INFO] Tests run: 1, Failures: 0, Errors: 0, Skipped: 0, Time elapsed: 0.001 s -- in com.alibaba.nacos.api.ai.listener.NacosAiListenerDefaultMethodTest
[INFO] Running com.alibaba.nacos.api.ai.AiServiceDefaultMethodTest
[INFO] Tests run: 5, Failures: 0, Errors: 0, Skipped: 0, Time elapsed: 0.008 s -- in com.alibaba.nacos.api.ai.AiServiceDefaultMethodTest
[INFO] Running com.alibaba.nacos.api.ai.model.mcp.McpServerVersionInfoTest
[INFO] Tests run: 2, Failures: 0, Errors: 0, Skipped: 0, Time elapsed: 0.050 s -- in com.alibaba.nacos.api.ai.model.mcp.McpServerVersionInfoTest
[INFO] Running com.alibaba.nacos.api.ai.model.mcp.McpServerImportResultTest
[INFO] Tests run: 9, Failures: 0, Errors: 0, Skipped: 0, Time elapsed: 0.010 s -- in com.alibaba.nacos.api.ai.model.mcp.McpServerImportResultTest
[INFO] Running com.alibaba.nacos.api.ai.model.mcp.McpServerValidationItemTest
[INFO] Tests run: 10, Failures: 0, Errors: 0, Skipped: 0, Time elapsed: 0.067 s -- in com.alibaba.nacos.api.ai.model.mcp.McpServerValidationItemTest
[INFO] Running com.alibaba.nacos.api.ai.model.mcp.McpToolSpecificationTest
[INFO] Tests run: 2, Failures: 0, Errors: 0, Skipped: 0, Time elapsed: 0.012 s -- in com.alibaba.nacos.api.ai.model.mcp.McpToolSpecificationTest
[INFO] Running com.alibaba.nacos.api.ai.model.mcp.McpServerDetailInfoTest
[INFO] Tests run: 4, Failures: 0, Errors: 0, Skipped: 0, Time elapsed: 0.039 s -- in com.alibaba.nacos.api.ai.model.mcp.McpServerDetailInfoTest
[INFO] Running com.alibaba.nacos.api.ai.model.mcp.McpServerImportRequestTest
[INFO] Tests run: 7, Failures: 0, Errors: 0, Skipped: 0, Time elapsed: 0.025 s -- in com.alibaba.nacos.api.ai.model.mcp.McpServerImportRequestTest
[INFO] Running com.alibaba.nacos.api.ai.model.mcp.McpEndpointSpecTest
[INFO] Tests run: 2, Failures: 0, Errors: 0, Skipped: 0, Time elapsed: 0.005 s -- in com.alibaba.nacos.api.ai.model.mcp.McpEndpointSpecTest
[INFO] Running com.alibaba.nacos.api.ai.model.mcp.registry.McpErrorResponseTest
[INFO] Tests run: 2, Failures: 0, Errors: 0, Skipped: 0, Time elapsed: 0.006 s -- in com.alibaba.nacos.api.ai.model.mcp.registry.McpErrorResponseTest
[INFO] Running com.alibaba.nacos.api.ai.model.mcp.registry.NacosMcpRegistryServerDetailTest
[INFO] Tests run: 2, Failures: 0, Errors: 0, Skipped: 0, Time elapsed: 0.016 s -- in com.alibaba.nacos.api.ai.model.mcp.registry.NacosMcpRegistryServerDetailTest
[INFO] Running com.alibaba.nacos.api.ai.model.mcp.registry.McpRegistryServerListTest
[INFO] Tests run: 2, Failures: 0, Errors: 0, Skipped: 0, Time elapsed: 0.011 s -- in com.alibaba.nacos.api.ai.model.mcp.registry.McpRegistryServerListTest
[INFO] Running com.alibaba.nacos.api.ai.model.mcp.McpServerImportValidationResultTest
[INFO] Tests run: 7, Failures: 0, Errors: 0, Skipped: 0, Time elapsed: 0.040 s -- in com.alibaba.nacos.api.ai.model.mcp.McpServerImportValidationResultTest
[INFO] Running com.alibaba.nacos.api.ai.model.mcp.McpServerImportResponseTest
[INFO] Tests run: 6, Failures: 0, Errors: 0, Skipped: 0, Time elapsed: 0.019 s -- in com.alibaba.nacos.api.ai.model.mcp.McpServerImportResponseTest
[INFO] Running com.alibaba.nacos.api.ai.remote.response.ReleaseMcpServerResponseTest
[INFO] Tests run: 2, Failures: 0, Errors: 0, Skipped: 0, Time elapsed: 0.007 s -- in com.alibaba.nacos.api.ai.remote.response.ReleaseMcpServerResponseTest
[INFO] Running com.alibaba.nacos.api.ai.remote.response.QueryMcpServerResponseTest
[INFO] Tests run: 2, Failures: 0, Errors: 0, Skipped: 0, Time elapsed: 0.012 s -- in com.alibaba.nacos.api.ai.remote.response.QueryMcpServerResponseTest
[INFO] Running com.alibaba.nacos.api.ai.remote.response.McpServerEndpointResponseTest
[INFO] Tests run: 2, Failures: 0, Errors: 0, Skipped: 0, Time elapsed: 0.003 s -- in com.alibaba.nacos.api.ai.remote.response.McpServerEndpointResponseTest
[INFO] Running com.alibaba.nacos.api.ai.remote.request.QueryMcpServerRequestTest
[INFO] Tests run: 2, Failures: 0, Errors: 0, Skipped: 0, Time elapsed: 0.005 s -- in com.alibaba.nacos.api.ai.remote.request.QueryMcpServerRequestTest
[INFO] Running com.alibaba.nacos.api.ai.remote.request.McpServerEndpointRequestTest
[INFO] Tests run: 2, Failures: 0, Errors: 0, Skipped: 0, Time elapsed: 0.003 s -- in com.alibaba.nacos.api.ai.remote.request.McpServerEndpointRequestTest
[INFO] Running com.alibaba.nacos.api.ai.remote.request.ReleaseMcpServerRequestTest
[INFO] Tests run: 2, Failures: 0, Errors: 0, Skipped: 0, Time elapsed: 0.007 s -- in com.alibaba.nacos.api.ai.remote.request.ReleaseMcpServerRequestTest
[INFO] Running com.alibaba.nacos.api.naming.listener.NamingEventTest
[INFO] Tests run: 2, Failures: 0, Errors: 0, Skipped: 0, Time elapsed: 0.002 s -- in com.alibaba.nacos.api.naming.listener.NamingEventTest
[INFO] Running com.alibaba.nacos.api.naming.utils.NamingUtilsTest
[INFO] Tests run: 20, Failures: 0, Errors: 0, Skipped: 0, Time elapsed: 0.014 s -- in com.alibaba.nacos.api.naming.utils.NamingUtilsTest
[INFO] Running com.alibaba.nacos.api.naming.ability.ClientNamingAbilityTest
[INFO] Tests run: 1, Failures: 0, Errors: 0, Skipped: 0, Time elapsed: 0 s -- in com.alibaba.nacos.api.naming.ability.ClientNamingAbilityTest
[INFO] Running com.alibaba.nacos.api.naming.ability.ServerNamingAbilityTest
[INFO] Tests run: 5, Failures: 0, Errors: 0, Skipped: 0, Time elapsed: 0.004 s -- in com.alibaba.nacos.api.naming.ability.ServerNamingAbilityTest
[INFO] Running com.alibaba.nacos.api.naming.pojo.InstanceTest
[INFO] Tests run: 8, Failures: 0, Errors: 0, Skipped: 0, Time elapsed: 0.009 s -- in com.alibaba.nacos.api.naming.pojo.InstanceTest
[INFO] Running com.alibaba.nacos.api.naming.pojo.maintainer.ServiceDetailInfoTest
[INFO] Tests run: 2, Failures: 0, Errors: 0, Skipped: 0, Time elapsed: 0.010 s -- in com.alibaba.nacos.api.naming.pojo.maintainer.ServiceDetailInfoTest
[INFO] Running com.alibaba.nacos.api.naming.pojo.maintainer.MetricsInfoTest
[INFO] Tests run: 2, Failures: 0, Errors: 0, Skipped: 0, Time elapsed: 0.002 s -- in com.alibaba.nacos.api.naming.pojo.maintainer.MetricsInfoTest
[INFO] Running com.alibaba.nacos.api.naming.pojo.maintainer.InstanceMetadataBatchResultTest
[INFO] Tests run: 2, Failures: 0, Errors: 0, Skipped: 0, Time elapsed: 0.002 s -- in com.alibaba.nacos.api.naming.pojo.maintainer.InstanceMetadataBatchResultTest
[INFO] Running com.alibaba.nacos.api.naming.pojo.healthcheck.impl.TcpTest
[INFO] Tests run: 1, Failures: 0, Errors: 0, Skipped: 0, Time elapsed: 0 s -- in com.alibaba.nacos.api.naming.pojo.healthcheck.impl.TcpTest
[INFO] Running com.alibaba.nacos.api.naming.pojo.healthcheck.impl.HttpTest
[INFO] Tests run: 6, Failures: 0, Errors: 0, Skipped: 0, Time elapsed: 0.004 s -- in com.alibaba.nacos.api.naming.pojo.healthcheck.impl.HttpTest
[INFO] Running com.alibaba.nacos.api.naming.pojo.healthcheck.impl.MysqlTest
[INFO] Tests run: 4, Failures: 0, Errors: 0, Skipped: 0, Time elapsed: 0.006 s -- in com.alibaba.nacos.api.naming.pojo.healthcheck.impl.MysqlTest
[INFO] Running com.alibaba.nacos.api.naming.pojo.healthcheck.HealthCheckTypeTest
[INFO] Tests run: 4, Failures: 0, Errors: 0, Skipped: 0, Time elapsed: 0.006 s -- in com.alibaba.nacos.api.naming.pojo.healthcheck.HealthCheckTypeTest
[INFO] Running com.alibaba.nacos.api.naming.pojo.healthcheck.AbstractHealthCheckerTest
[INFO] Tests run: 3, Failures: 0, Errors: 0, Skipped: 0, Time elapsed: 0.003 s -- in com.alibaba.nacos.api.naming.pojo.healthcheck.AbstractHealthCheckerTest
[INFO] Running com.alibaba.nacos.api.naming.pojo.healthcheck.HealthCheckerFactoryTest
[INFO] Tests run: 9, Failures: 0, Errors: 0, Skipped: 0, Time elapsed: 0.012 s -- in com.alibaba.nacos.api.naming.pojo.healthcheck.HealthCheckerFactoryTest
[INFO] Running com.alibaba.nacos.api.naming.pojo.ServiceInfoTest
[INFO] Tests run: 13, Failures: 0, Errors: 0, Skipped: 0, Time elapsed: 0.007 s -- in com.alibaba.nacos.api.naming.pojo.ServiceInfoTest
[INFO] Running com.alibaba.nacos.api.naming.pojo.ServiceTest
[INFO] Tests run: 2, Failures: 0, Errors: 0, Skipped: 0, Time elapsed: 0.002 s -- in com.alibaba.nacos.api.naming.pojo.ServiceTest
[INFO] Running com.alibaba.nacos.api.naming.pojo.ListViewTest
[INFO] Tests run: 2, Failures: 0, Errors: 0, Skipped: 0, Time elapsed: 0.001 s -- in com.alibaba.nacos.api.naming.pojo.ListViewTest
[INFO] Running com.alibaba.nacos.api.naming.pojo.builder.InstanceBuilderTest
[INFO] Tests run: 3, Failures: 0, Errors: 0, Skipped: 0, Time elapsed: 0.002 s -- in com.alibaba.nacos.api.naming.pojo.builder.InstanceBuilderTest
[INFO] Running com.alibaba.nacos.api.naming.pojo.ClusterTest
[INFO] Tests run: 3, Failures: 0, Errors: 0, Skipped: 0, Time elapsed: 0.006 s -- in com.alibaba.nacos.api.naming.pojo.ClusterTest
[INFO] Running com.alibaba.nacos.api.naming.remote.response.BatchInstanceResponseTest
[INFO] Tests run: 2, Failures: 0, Errors: 0, Skipped: 0, Time elapsed: 0.004 s -- in com.alibaba.nacos.api.naming.remote.response.BatchInstanceResponseTest
[INFO] Running com.alibaba.nacos.api.naming.remote.response.InstanceResponseTest
[INFO] Tests run: 2, Failures: 0, Errors: 0, Skipped: 0, Time elapsed: 0.001 s -- in com.alibaba.nacos.api.naming.remote.response.InstanceResponseTest
[INFO] Running com.alibaba.nacos.api.naming.remote.response.ServiceListResponseTest
[INFO] Tests run: 3, Failures: 0, Errors: 0, Skipped: 0, Time elapsed: 0.003 s -- in com.alibaba.nacos.api.naming.remote.response.ServiceListResponseTest
[INFO] Running com.alibaba.nacos.api.naming.remote.response.QueryServiceResponseTest
[INFO] Tests run: 3, Failures: 0, Errors: 0, Skipped: 0, Time elapsed: 0.003 s -- in com.alibaba.nacos.api.naming.remote.response.QueryServiceResponseTest
[INFO] Running com.alibaba.nacos.api.naming.remote.response.SubscribeServiceResponseTest
[INFO] Tests run: 3, Failures: 0, Errors: 0, Skipped: 0, Time elapsed: 0.004 s -- in com.alibaba.nacos.api.naming.remote.response.SubscribeServiceResponseTest
[INFO] Running com.alibaba.nacos.api.naming.remote.request.SubscribeServiceRequestTest
[INFO] Tests run: 2, Failures: 0, Errors: 0, Skipped: 0, Time elapsed: 0.002 s -- in com.alibaba.nacos.api.naming.remote.request.SubscribeServiceRequestTest
[INFO] Running com.alibaba.nacos.api.naming.remote.request.NotifySubscriberRequestTest
[INFO] Tests run: 2, Failures: 0, Errors: 0, Skipped: 0, Time elapsed: 0.002 s -- in com.alibaba.nacos.api.naming.remote.request.NotifySubscriberRequestTest
[INFO] Running com.alibaba.nacos.api.naming.remote.request.InstanceRequestTest
[INFO] Tests run: 2, Failures: 0, Errors: 0, Skipped: 0, Time elapsed: 0.002 s -- in com.alibaba.nacos.api.naming.remote.request.InstanceRequestTest
[INFO] Running com.alibaba.nacos.api.naming.remote.request.ServiceQueryRequestTest
[INFO] Tests run: 2, Failures: 0, Errors: 0, Skipped: 0, Time elapsed: 0.002 s -- in com.alibaba.nacos.api.naming.remote.request.ServiceQueryRequestTest
[INFO] Running com.alibaba.nacos.api.naming.remote.request.BatchInstanceRequestTest
[INFO] Tests run: 2, Failures: 0, Errors: 0, Skipped: 0, Time elapsed: 0.003 s -- in com.alibaba.nacos.api.naming.remote.request.BatchInstanceRequestTest
[INFO] Running com.alibaba.nacos.api.naming.remote.request.ServiceListRequestTest
[INFO] Tests run: 2, Failures: 0, Errors: 0, Skipped: 0, Time elapsed: 0.004 s -- in com.alibaba.nacos.api.naming.remote.request.ServiceListRequestTest
[INFO] Running com.alibaba.nacos.api.naming.remote.request.PersistentInstanceRequestTest
[INFO] Tests run: 2, Failures: 0, Errors: 0, Skipped: 0, Time elapsed: 0.003 s -- in com.alibaba.nacos.api.naming.remote.request.PersistentInstanceRequestTest
[INFO] Running com.alibaba.nacos.api.model.response.NacosMemberTest
[INFO] Tests run: 3, Failures: 0, Errors: 0, Skipped: 0, Time elapsed: 0.008 s -- in com.alibaba.nacos.api.model.response.NacosMemberTest
[INFO] Running com.alibaba.nacos.api.model.response.InstanceIdGeneratorInfoTest
[INFO] Tests run: 1, Failures: 0, Errors: 0, Skipped: 0, Time elapsed: 0.003 s -- in com.alibaba.nacos.api.model.response.InstanceIdGeneratorInfoTest
[INFO] Running com.alibaba.nacos.api.model.response.ServerLoaderMetricsTest
[INFO] Tests run: 2, Failures: 0, Errors: 0, Skipped: 0, Time elapsed: 0.007 s -- in com.alibaba.nacos.api.model.response.ServerLoaderMetricsTest
[INFO] Running com.alibaba.nacos.api.model.response.ConnectionInfoTest
[INFO] Tests run: 2, Failures: 0, Errors: 0, Skipped: 0, Time elapsed: 0.007 s -- in com.alibaba.nacos.api.model.response.ConnectionInfoTest
[INFO] Running com.alibaba.nacos.api.model.v2.ResultTest
[INFO] Tests run: 6, Failures: 0, Errors: 0, Skipped: 0, Time elapsed: 0.002 s -- in com.alibaba.nacos.api.model.v2.ResultTest
[INFO] Running com.alibaba.nacos.api.model.v2.ErrorCodeTest
[INFO] Tests run: 1, Failures: 0, Errors: 0, Skipped: 0, Time elapsed: 0.001 s -- in com.alibaba.nacos.api.model.v2.ErrorCodeTest
[INFO] Running com.alibaba.nacos.api.model.PageTest
[INFO] Tests run: 3, Failures: 0, Errors: 0, Skipped: 0, Time elapsed: 0.003 s -- in com.alibaba.nacos.api.model.PageTest
[INFO] Running com.alibaba.nacos.api.ability.ServerAbilitiesTest
[INFO] Tests run: 3, Failures: 0, Errors: 0, Skipped: 0, Time elapsed: 0.003 s -- in com.alibaba.nacos.api.ability.ServerAbilitiesTest
[INFO] Running com.alibaba.nacos.api.ability.register.impl.ServerAbilitiesTest
[INFO] Tests run: 2, Failures: 0, Errors: 0, Skipped: 0, Time elapsed: 0.003 s -- in com.alibaba.nacos.api.ability.register.impl.ServerAbilitiesTest
[INFO] Running com.alibaba.nacos.api.ability.register.impl.SdkClientAbilitiesTest
[INFO] Tests run: 1, Failures: 0, Errors: 0, Skipped: 0, Time elapsed: 0.002 s -- in com.alibaba.nacos.api.ability.register.impl.SdkClientAbilitiesTest
[INFO] Running com.alibaba.nacos.api.ability.register.impl.ClusterClientAbilitiesTest
[INFO] Tests run: 1, Failures: 0, Errors: 0, Skipped: 0, Time elapsed: 0.003 s -- in com.alibaba.nacos.api.ability.register.impl.ClusterClientAbilitiesTest
[INFO] Running com.alibaba.nacos.api.ability.ClientAbilitiesTest
[INFO] Tests run: 2, Failures: 0, Errors: 0, Skipped: 0, Time elapsed: 0.003 s -- in com.alibaba.nacos.api.ability.ClientAbilitiesTest
[INFO] Running com.alibaba.nacos.api.exception.runtime.NacosDeserializationExceptionTest
[INFO] Tests run: 6, Failures: 0, Errors: 0, Skipped: 0, Time elapsed: 0.002 s -- in com.alibaba.nacos.api.exception.runtime.NacosDeserializationExceptionTest
[INFO] Running com.alibaba.nacos.api.exception.runtime.NacosRuntimeExceptionTest
[INFO] Tests run: 4, Failures: 0, Errors: 0, Skipped: 0, Time elapsed: 0.002 s -- in com.alibaba.nacos.api.exception.runtime.NacosRuntimeExceptionTest
[INFO] Running com.alibaba.nacos.api.exception.runtime.NacosSerializationExceptionTest
[INFO] Tests run: 4, Failures: 0, Errors: 0, Skipped: 0, Time elapsed: 0.001 s -- in com.alibaba.nacos.api.exception.runtime.NacosSerializationExceptionTest
[INFO] Running com.alibaba.nacos.api.exception.runtime.NacosLoadExceptionTest
[INFO] Tests run: 1, Failures: 0, Errors: 0, Skipped: 0, Time elapsed: 0.003 s -- in com.alibaba.nacos.api.exception.runtime.NacosLoadExceptionTest
[INFO] Running com.alibaba.nacos.api.exception.NacosExceptionTest
[INFO] Tests run: 5, Failures: 0, Errors: 0, Skipped: 0, Time elapsed: 0.004 s -- in com.alibaba.nacos.api.exception.NacosExceptionTest
[INFO] Running com.alibaba.nacos.api.exception.api.NacosApiExceptionTest
[INFO] Tests run: 3, Failures: 0, Errors: 0, Skipped: 0, Time elapsed: 0.002 s -- in com.alibaba.nacos.api.exception.api.NacosApiExceptionTest
[INFO] Running com.alibaba.nacos.api.cmdb.pojo.EntityEventTest
{"type":"ENTITY_ADD_OR_UPDATE","entityName":"test-entity","entityType":"CMDB"}
[INFO] Tests run: 2, Failures: 0, Errors: 0, Skipped: 0, Time elapsed: 0.004 s -- in com.alibaba.nacos.api.cmdb.pojo.EntityEventTest
[INFO] Running com.alibaba.nacos.api.cmdb.pojo.LabelTest
{"name":"test-label","values":["test-value"],"description":"CMDB description"}
[INFO] Tests run: 2, Failures: 0, Errors: 0, Skipped: 0, Time elapsed: 0.004 s -- in com.alibaba.nacos.api.cmdb.pojo.LabelTest
[INFO] Running com.alibaba.nacos.api.cmdb.pojo.EntityTest
[INFO] Tests run: 2, Failures: 0, Errors: 0, Skipped: 0, Time elapsed: 0.003 s -- in com.alibaba.nacos.api.cmdb.pojo.EntityTest
[INFO] Running com.alibaba.nacos.api.remote.response.ServerCheckResponseTest
[INFO] Tests run: 2, Failures: 0, Errors: 0, Skipped: 0, Time elapsed: 0.002 s -- in com.alibaba.nacos.api.remote.response.ServerCheckResponseTest
[INFO] Running com.alibaba.nacos.api.remote.response.ErrorResponseTest
[INFO] Tests run: 4, Failures: 0, Errors: 0, Skipped: 0, Time elapsed: 0.002 s -- in com.alibaba.nacos.api.remote.response.ErrorResponseTest
[INFO] Running com.alibaba.nacos.api.remote.response.ServerLoaderInfoResponseTest
{"resultCode":200,"errorCode":0,"loaderMetrics":{"test":"testValue"},"success":true}
[INFO] Tests run: 2, Failures: 0, Errors: 0, Skipped: 0, Time elapsed: 0.002 s -- in com.alibaba.nacos.api.remote.response.ServerLoaderInfoResponseTest
[INFO] Running com.alibaba.nacos.api.remote.response.EmptyContentResponseTest
[INFO] Tests run: 6, Failures: 0, Errors: 0, Skipped: 0, Time elapsed: 0.003 s -- in com.alibaba.nacos.api.remote.response.EmptyContentResponseTest
[INFO] Running com.alibaba.nacos.api.remote.AbstractRequestCallBackTest
[INFO] Tests run: 1, Failures: 0, Errors: 0, Skipped: 0, Time elapsed: 0.001 s -- in com.alibaba.nacos.api.remote.AbstractRequestCallBackTest
[INFO] Running com.alibaba.nacos.api.remote.DefaultRequestFutureTest
[INFO] Tests run: 17, Failures: 0, Errors: 0, Skipped: 0, Time elapsed: 3.089 s -- in com.alibaba.nacos.api.remote.DefaultRequestFutureTest
[INFO] Running com.alibaba.nacos.api.remote.RpcScheduledExecutorTest
[INFO] Tests run: 1, Failures: 0, Errors: 0, Skipped: 0, Time elapsed: 0.002 s -- in com.alibaba.nacos.api.remote.RpcScheduledExecutorTest
[INFO] Running com.alibaba.nacos.api.remote.ability.ClientRemoteAbilityTest
[INFO] Tests run: 2, Failures: 0, Errors: 0, Skipped: 0, Time elapsed: 0.006 s -- in com.alibaba.nacos.api.remote.ability.ClientRemoteAbilityTest
[INFO] Running com.alibaba.nacos.api.remote.ability.ServerRemoteAbilityTest
[INFO] Tests run: 3, Failures: 0, Errors: 0, Skipped: 0, Time elapsed: 0.004 s -- in com.alibaba.nacos.api.remote.ability.ServerRemoteAbilityTest
[INFO] Running com.alibaba.nacos.api.remote.request.ConnectionSetupRequestTest
[INFO] Tests run: 2, Failures: 0, Errors: 0, Skipped: 0, Time elapsed: 0.007 s -- in com.alibaba.nacos.api.remote.request.ConnectionSetupRequestTest
[INFO] Running com.alibaba.nacos.api.remote.request.SetupAckRequestTest
[INFO] Tests run: 2, Failures: 0, Errors: 0, Skipped: 0, Time elapsed: 0.004 s -- in com.alibaba.nacos.api.remote.request.SetupAckRequestTest
[INFO] Running com.alibaba.nacos.api.remote.request.EmptyContentRequestTest
[INFO] Tests run: 4, Failures: 0, Errors: 0, Skipped: 0, Time elapsed: 0.009 s -- in com.alibaba.nacos.api.remote.request.EmptyContentRequestTest
[INFO] Running com.alibaba.nacos.api.remote.request.ServerReloadRequestTest
[INFO] Tests run: 2, Failures: 0, Errors: 0, Skipped: 0, Time elapsed: 0.002 s -- in com.alibaba.nacos.api.remote.request.ServerReloadRequestTest
[INFO] Running com.alibaba.nacos.api.remote.request.RequestMetaTest
[INFO] Tests run: 7, Failures: 0, Errors: 0, Skipped: 0, Time elapsed: 0.005 s -- in com.alibaba.nacos.api.remote.request.RequestMetaTest
[INFO] Running com.alibaba.nacos.api.remote.request.RequestTest
[INFO] Tests run: 1, Failures: 0, Errors: 0, Skipped: 0, Time elapsed: 0.001 s -- in com.alibaba.nacos.api.remote.request.RequestTest
[INFO] Running com.alibaba.nacos.api.remote.request.ConnectResetRequestTest
[INFO] Tests run: 2, Failures: 0, Errors: 0, Skipped: 0, Time elapsed: 0.002 s -- in com.alibaba.nacos.api.remote.request.ConnectResetRequestTest
[INFO] Running com.alibaba.nacos.api.remote.request.PushAckRequestTest
[INFO] Tests run: 2, Failures: 0, Errors: 0, Skipped: 0, Time elapsed: 0.015 s -- in com.alibaba.nacos.api.remote.request.PushAckRequestTest
[INFO] Running com.alibaba.nacos.api.remote.AbstractPushCallBackTest
[INFO] Tests run: 1, Failures: 0, Errors: 0, Skipped: 0, Time elapsed: 0 s -- in com.alibaba.nacos.api.remote.AbstractPushCallBackTest
[INFO] 
[INFO] Results:
[INFO] 
[INFO] Tests run: 407, Failures: 0, Errors: 0, Skipped: 0
[INFO] 
[INFO] 
[INFO] --- jacoco-maven-plugin:0.8.13:report (default-report) @ nacos-api ---
[INFO] Loading execution data file /Users/xinluo/sources/nacos/api/target/coverage-reports/jacoco-unit.exec
[INFO] Analyzed bundle 'nacos-api 3.1.0-SNAPSHOT' with 276 classes
[INFO] 
[INFO] --- easyj-maven-plugin:1.1.5:simplify-pom (flatten-pom) @ nacos-api ---
[INFO] Create PomSimplifier by mode: auto
[INFO] The simplify mode is: JAR
[INFO] Do simplify by the POM simplifier: JarPomSimplifier
[INFO] 
[INFO] ==================================  start simplify  ==================================
[INFO] Remove Parent.
[INFO] Set GroupId from 'null' to 'com.alibaba.nacos'.
[INFO] Set Version from 'null' to '3.1.0-SNAPSHOT'.
[INFO] Set Name from 'nacos-api ${project.version}' to 'nacos-api 3.1.0-SNAPSHOT'.
[INFO] -------------------------------------------
[INFO] Copy project info from parent for the open source project:
[INFO]    Copy Licenses.
[INFO]    Copy Developers.
[INFO]    Copy Scm.
[INFO]    Copy Organization.
[INFO]    Copy IssueManagement.
[INFO] -------------------------------------------
[INFO] -------------------------------------------
[INFO] Reset dependencies: groupId, version, exclusions (Contains 11 dependencies)
[INFO]   Reset dependency: [com.fasterxml.jackson.core:jackson-core:null] -> [com.fasterxml.jackson.core:jackson-core:2.18.4.1]
[INFO]   Reset dependency: [com.fasterxml.jackson.core:jackson-databind:null] -> [com.fasterxml.jackson.core:jackson-databind:2.18.4]
[INFO]   Remove dependency by scope=test: [org.springframework:spring-test:6.2.10:test]
[INFO]   Reset dependency: [io.grpc:grpc-netty-shaded:null] -> [io.grpc:grpc-netty-shaded:1.75.0]
[INFO]   Reset dependency: [io.grpc:grpc-protobuf:null] -> [io.grpc:grpc-protobuf:1.75.0]
[INFO]   Reset dependency: [io.grpc:grpc-stub:null] -> [io.grpc:grpc-stub:1.75.0]
[INFO]   Reset dependency: [io.grpc:grpc-util:null] -> [io.grpc:grpc-util:1.75.0]
[INFO]   Reset dependency: [io.grpc:grpc-inprocess:null] -> [io.grpc:grpc-inprocess:1.75.0]
[INFO]   Reset dependency: [com.google.api.grpc:proto-google-common-protos:null] -> [com.google.api.grpc:proto-google-common-protos:2.17.0]
[INFO]   Reset dependency: [com.google.protobuf:protobuf-java:null] -> [com.google.protobuf:protobuf-java:3.25.5]
[INFO]   Reset dependency: [javax.annotation:javax.annotation-api:null] -> [javax.annotation:javax.annotation-api:1.3.2]
[INFO] Remaining 10 dependencies.
[INFO] -------------------------------------------
[INFO] Remove Properties.
[INFO] Remove Build.
[INFO] -------------------------------------------
[INFO] Optimize Dependencies: (10)
[INFO]  - Optimize with 'replaceVariable'
[INFO] ==================================   end  simplify  ==================================
[INFO] 
[INFO] Create the POM file '.flattened-pom.xml'.
[INFO] Set the POM file '.flattened-pom.xml' to the project object.
[INFO] 
[INFO] --- maven-jar-plugin:3.2.2:jar (default-jar) @ nacos-api ---
[INFO] Building jar: /Users/xinluo/sources/nacos/api/target/nacos-api-3.1.0-SNAPSHOT.jar
[INFO] 
[INFO] --- maven-javadoc-plugin:2.10.4:jar (attach-javadocs) @ nacos-api ---
[INFO] Skipping javadoc generation
[INFO] 
[INFO] >>> maven-source-plugin:3.0.1:jar (attach-sources) > generate-sources @ nacos-api >>>
[INFO] 
[INFO] --- maven-enforcer-plugin:3.5.0:enforce (enforce-ban-circular-dependencies) @ nacos-api ---
[INFO] Rule 0: org.codehaus.mojo.extraenforcer.dependencies.BanCircularDependencies passed
[INFO] 
[INFO] --- maven-checkstyle-plugin:3.1.2:check (validate) @ nacos-api ---
[WARNING] Old version of checkstyle detected. Consider updating to >= v8.30
[WARNING] For more information see: https://maven.apache.org/plugins/maven-checkstyle-plugin/examples/upgrading-checkstyle.html
[INFO] 开始检查……
检查完成。
[INFO] You have 0 Checkstyle violations.
[INFO] 
[INFO] --- jacoco-maven-plugin:0.8.13:prepare-agent (default-prepare-agent) @ nacos-api ---
[INFO] argLine set to -javaagent:/var/root/.m2/repository/org/jacoco/org.jacoco.agent/0.8.13/org.jacoco.agent-0.8.13-runtime.jar=destfile=/Users/xinluo/sources/nacos/api/target/coverage-reports/jacoco-unit.exec,append=true,excludes=**/grpc/auto/**:**/packagescan/classreading/**:**/packagescan/resource/**:**/packagescan/util/**,output=file
[INFO] 
[INFO] --- build-helper-maven-plugin:3.2.0:add-source (add-source) @ nacos-api ---
[INFO] Source directory: /Users/xinluo/sources/nacos/api/target/generated-sources/protobuf/java added.
[INFO] 
[INFO] <<< maven-source-plugin:3.0.1:jar (attach-sources) < generate-sources @ nacos-api <<<
[INFO] 
[INFO] 
[INFO] --- maven-source-plugin:3.0.1:jar (attach-sources) @ nacos-api ---
[INFO] Building jar: /Users/xinluo/sources/nacos/api/target/nacos-api-3.1.0-SNAPSHOT-sources.jar
[INFO] 
[INFO] >>> maven-pmd-plugin:3.16.0:check (default) > :pmd @ nacos-api >>>
[INFO] 
[INFO] --- maven-pmd-plugin:3.16.0:pmd (pmd) @ nacos-api ---
[WARNING] Unable to locate Source XRef to link to - DISABLED
[WARNING] Unable to locate Source XRef to link to - DISABLED
[INFO] PMD version: 6.42.0
[WARNING] Rule /Users/xinluo/sources/nacos/api/target/pmd/rulesets/ali-comment.xml/CommentsMustBeJavadocFormatRule does not mention attribute language='java', please mention it explicitly to be compatible with PMD 7
[WARNING] Rule /Users/xinluo/sources/nacos/api/target/pmd/rulesets/ali-comment.xml/AbstractMethodOrInterfaceMethodMustUseJavadocRule does not mention attribute language='java', please mention it explicitly to be compatible with PMD 7
[WARNING] Rule /Users/xinluo/sources/nacos/api/target/pmd/rulesets/ali-comment.xml/ClassMustHaveAuthorRule does not mention attribute language='java', please mention it explicitly to be compatible with PMD 7
[WARNING] Rule /Users/xinluo/sources/nacos/api/target/pmd/rulesets/ali-comment.xml/EnumConstantsMustHaveCommentRule does not mention attribute language='java', please mention it explicitly to be compatible with PMD 7
[WARNING] Rule /Users/xinluo/sources/nacos/api/target/pmd/rulesets/ali-comment.xml/AvoidCommentBehindStatementRule does not mention attribute language='java', please mention it explicitly to be compatible with PMD 7
[WARNING] Rule /Users/xinluo/sources/nacos/api/target/pmd/rulesets/ali-comment.xml/RemoveCommentedCodeRule does not mention attribute language='java', please mention it explicitly to be compatible with PMD 7
[WARNING] Rule /Users/xinluo/sources/nacos/api/target/pmd/rulesets/ali-constant.xml/UpperEllRule does not mention attribute language='java', please mention it explicitly to be compatible with PMD 7
[WARNING] Rule /Users/xinluo/sources/nacos/api/target/pmd/rulesets/ali-constant.xml/UndefineMagicConstantRule does not mention attribute language='java', please mention it explicitly to be compatible with PMD 7
[WARNING] Rule /Users/xinluo/sources/nacos/api/target/pmd/rulesets/ali-set.xml/ClassCastExceptionWithToArrayRule does not mention attribute language='java', please mention it explicitly to be compatible with PMD 7
[WARNING] Rule /Users/xinluo/sources/nacos/api/target/pmd/rulesets/ali-set.xml/UnsupportedExceptionWithModifyAsListRule does not mention attribute language='java', please mention it explicitly to be compatible with PMD 7
[WARNING] Rule /Users/xinluo/sources/nacos/api/target/pmd/rulesets/ali-set.xml/ClassCastExceptionWithSubListToArrayListRule does not mention attribute language='java', please mention it explicitly to be compatible with PMD 7
[WARNING] Rule /Users/xinluo/sources/nacos/api/target/pmd/rulesets/ali-set.xml/ConcurrentExceptionWithModifyOriginSubListRule does not mention attribute language='java', please mention it explicitly to be compatible with PMD 7
[WARNING] Rule /Users/xinluo/sources/nacos/api/target/pmd/rulesets/ali-set.xml/DontModifyInForeachCircleRule does not mention attribute language='java', please mention it explicitly to be compatible with PMD 7
[WARNING] Rule /Users/xinluo/sources/nacos/api/target/pmd/rulesets/ali-set.xml/CollectionInitShouldAssignCapacityRule does not mention attribute language='java', please mention it explicitly to be compatible with PMD 7
[WARNING] Use of deprecated attribute 'ClassOrInterfaceDeclaration/@Image' by XPath rule 'BooleanPropertyShouldNotStartWithIsRule' (in ruleset 'AlibabaJavaNaming'), please use @SimpleName instead
[WARNING] Use of deprecated attribute 'FieldDeclaration/@Array' by XPath rule 'ArrayNamingShouldHaveBracketRule' (in ruleset 'AlibabaJavaNaming')
[WARNING] Use of deprecated attribute 'LocalVariableDeclaration/@Array' by XPath rule 'ArrayNamingShouldHaveBracketRule' (in ruleset 'AlibabaJavaNaming')
[WARNING] Use of deprecated attribute 'ReferenceType/@Array' by XPath rule 'ArrayNamingShouldHaveBracketRule' (in ruleset 'AlibabaJavaNaming')
[WARNING] Use of deprecated attribute 'ConditionalExpression/@Ternary' by XPath rule 'AvoidComplexConditionRule' (in ruleset 'AlibabaJavaFlowControl')
[WARNING] Use of deprecated attribute 'AdditiveExpression/@Image' in a findChildNodesWithXPath navigation, please use @Operator instead
java.lang.RuntimeException: Use of deprecated attribute 'AdditiveExpression/@Image' in a findChildNodesWithXPath navigation, please use @Operator instead
    at net.sourceforge.pmd.lang.ast.xpath.internal.DeprecatedAttrLogger$AdhocLoggerImpl.recordUsageOf (DeprecatedAttrLogger.java:113)
    at net.sourceforge.pmd.lang.ast.xpath.internal.ContextualizedNavigator.getAttributeStringValue (ContextualizedNavigator.java:24)
    at org.jaxen.function.StringFunction.evaluate (StringFunction.java:278)
    at org.jaxen.expr.DefaultEqualityExpr.evaluateObjectObject (DefaultEqualityExpr.java:152)
    at org.jaxen.expr.DefaultEqualityExpr.evaluateSetSet (DefaultEqualityExpr.java:126)
    at org.jaxen.expr.DefaultEqualityExpr.evaluate (DefaultEqualityExpr.java:97)
    at org.jaxen.expr.DefaultAndExpr.evaluate (DefaultAndExpr.java:82)
    at org.jaxen.expr.DefaultPredicate.evaluate (DefaultPredicate.java:95)
    at org.jaxen.expr.PredicateSet.applyPredicate (PredicateSet.java:269)
    at org.jaxen.expr.PredicateSet.evaluatePredicates (PredicateSet.java:244)
    at org.jaxen.expr.DefaultNameStep.evaluate (DefaultNameStep.java:215)
    at org.jaxen.expr.DefaultLocationPath.evaluate (DefaultLocationPath.java:140)
    at org.jaxen.expr.DefaultXPathExpr.asList (DefaultXPathExpr.java:102)
    at org.jaxen.BaseXPath.selectNodesForContext (BaseXPath.java:677)
    at org.jaxen.BaseXPath.selectNodes (BaseXPath.java:216)
    at net.sourceforge.pmd.lang.ast.AbstractNode.findChildNodesWithXPath (AbstractNode.java:528)
    at com.alibaba.p3c.pmd.lang.java.rule.oop.StringConcatRule.checkStringConcat (StringConcatRule.java:76)
    at com.alibaba.p3c.pmd.lang.java.rule.oop.StringConcatRule.visit (StringConcatRule.java:57)
    at net.sourceforge.pmd.lang.java.ast.ASTWhileStatement.jjtAccept (ASTWhileStatement.java:66)
    at net.sourceforge.pmd.lang.java.rule.AbstractJavaRule.visit (AbstractJavaRule.java:222)
    at net.sourceforge.pmd.lang.java.rule.AbstractJavaRule.visit (AbstractJavaRule.java:659)
    at net.sourceforge.pmd.lang.java.ast.ASTStatement.jjtAccept (ASTStatement.java:25)
    at net.sourceforge.pmd.lang.java.rule.AbstractJavaRule.visit (AbstractJavaRule.java:222)
    at net.sourceforge.pmd.lang.java.rule.AbstractJavaRule.visit (AbstractJavaRule.java:674)
    at net.sourceforge.pmd.lang.java.ast.ASTBlockStatement.jjtAccept (ASTBlockStatement.java:25)
    at net.sourceforge.pmd.lang.java.rule.AbstractJavaRule.visit (AbstractJavaRule.java:222)
    at net.sourceforge.pmd.lang.java.rule.AbstractJavaRule.visit (AbstractJavaRule.java:669)
    at net.sourceforge.pmd.lang.java.ast.ASTBlock.jjtAccept (ASTBlock.java:27)
    at net.sourceforge.pmd.lang.java.rule.AbstractJavaRule.visit (AbstractJavaRule.java:222)
    at net.sourceforge.pmd.lang.java.rule.AbstractJavaRule.visit (AbstractJavaRule.java:759)
    at net.sourceforge.pmd.lang.java.ast.ASTSynchronizedStatement.jjtAccept (ASTSynchronizedStatement.java:25)
    at net.sourceforge.pmd.lang.java.rule.AbstractJavaRule.visit (AbstractJavaRule.java:222)
    at net.sourceforge.pmd.lang.java.rule.AbstractJavaRule.visit (AbstractJavaRule.java:659)
    at net.sourceforge.pmd.lang.java.ast.ASTStatement.jjtAccept (ASTStatement.java:25)
    at net.sourceforge.pmd.lang.java.rule.AbstractJavaRule.visit (AbstractJavaRule.java:222)
    at net.sourceforge.pmd.lang.java.rule.AbstractJavaRule.visit (AbstractJavaRule.java:674)
    at net.sourceforge.pmd.lang.java.ast.ASTBlockStatement.jjtAccept (ASTBlockStatement.java:25)
    at net.sourceforge.pmd.lang.java.rule.AbstractJavaRule.visit (AbstractJavaRule.java:222)
    at net.sourceforge.pmd.lang.java.rule.AbstractJavaRule.visit (AbstractJavaRule.java:669)
    at net.sourceforge.pmd.lang.java.ast.ASTBlock.jjtAccept (ASTBlock.java:27)
    at net.sourceforge.pmd.lang.java.rule.AbstractJavaRule.visit (AbstractJavaRule.java:222)
    at net.sourceforge.pmd.lang.java.rule.AbstractJavaRule.visit (AbstractJavaRule.java:659)
    at net.sourceforge.pmd.lang.java.ast.ASTStatement.jjtAccept (ASTStatement.java:25)
    at net.sourceforge.pmd.lang.java.rule.AbstractJavaRule.visit (AbstractJavaRule.java:222)
    at net.sourceforge.pmd.lang.java.rule.AbstractJavaRule.visit (AbstractJavaRule.java:704)
    at net.sourceforge.pmd.lang.java.ast.ASTIfStatement.jjtAccept (ASTIfStatement.java:93)
    at net.sourceforge.pmd.lang.java.rule.AbstractJavaRule.visit (AbstractJavaRule.java:222)
    at net.sourceforge.pmd.lang.java.rule.AbstractJavaRule.visit (AbstractJavaRule.java:659)
    at net.sourceforge.pmd.lang.java.ast.ASTStatement.jjtAccept (ASTStatement.java:25)
    at net.sourceforge.pmd.lang.java.rule.AbstractJavaRule.visit (AbstractJavaRule.java:222)
    at net.sourceforge.pmd.lang.java.rule.AbstractJavaRule.visit (AbstractJavaRule.java:704)
    at net.sourceforge.pmd.lang.java.ast.ASTIfStatement.jjtAccept (ASTIfStatement.java:93)
    at net.sourceforge.pmd.lang.java.rule.AbstractJavaRule.visit (AbstractJavaRule.java:222)
    at net.sourceforge.pmd.lang.java.rule.AbstractJavaRule.visit (AbstractJavaRule.java:659)
    at net.sourceforge.pmd.lang.java.ast.ASTStatement.jjtAccept (ASTStatement.java:25)
    at net.sourceforge.pmd.lang.java.rule.AbstractJavaRule.visit (AbstractJavaRule.java:222)
    at net.sourceforge.pmd.lang.java.rule.AbstractJavaRule.visit (AbstractJavaRule.java:674)
    at net.sourceforge.pmd.lang.java.ast.ASTBlockStatement.jjtAccept (ASTBlockStatement.java:25)
    at net.sourceforge.pmd.lang.java.rule.AbstractJavaRule.visit (AbstractJavaRule.java:222)
    at net.sourceforge.pmd.lang.java.rule.AbstractJavaRule.visit (AbstractJavaRule.java:669)
    at net.sourceforge.pmd.lang.java.ast.ASTBlock.jjtAccept (ASTBlock.java:27)
    at net.sourceforge.pmd.lang.java.rule.AbstractJavaRule.visit (AbstractJavaRule.java:222)
    at net.sourceforge.pmd.lang.java.rule.AbstractJavaRule.visit (AbstractJavaRule.java:449)
    at net.sourceforge.pmd.lang.java.ast.ASTMethodDeclaration.jjtAccept (ASTMethodDeclaration.java:37)
    at net.sourceforge.pmd.lang.java.rule.AbstractJavaRule.visit (AbstractJavaRule.java:222)
    at net.sourceforge.pmd.lang.java.rule.AbstractJavaRule.visit (AbstractJavaRule.java:269)
    at net.sourceforge.pmd.lang.java.ast.ASTClassOrInterfaceBodyDeclaration.jjtAccept (ASTClassOrInterfaceBodyDeclaration.java:44)
    at net.sourceforge.pmd.lang.java.rule.AbstractJavaRule.visit (AbstractJavaRule.java:222)
    at net.sourceforge.pmd.lang.java.rule.AbstractJavaRule.visit (AbstractJavaRule.java:264)
    at net.sourceforge.pmd.lang.java.ast.ASTClassOrInterfaceBody.jjtAccept (ASTClassOrInterfaceBody.java:35)
    at net.sourceforge.pmd.lang.java.rule.AbstractJavaRule.visit (AbstractJavaRule.java:222)
    at net.sourceforge.pmd.lang.java.rule.AbstractJavaRule.visit (AbstractJavaRule.java:234)
    at net.sourceforge.pmd.lang.java.ast.ASTClassOrInterfaceDeclaration.jjtAccept (ASTClassOrInterfaceDeclaration.java:55)
    at net.sourceforge.pmd.lang.java.rule.AbstractJavaRule.visit (AbstractJavaRule.java:222)
    at net.sourceforge.pmd.lang.java.rule.AbstractJavaRule.visit (AbstractJavaRule.java:419)
    at net.sourceforge.pmd.lang.java.ast.ASTTypeDeclaration.jjtAccept (ASTTypeDeclaration.java:39)
    at net.sourceforge.pmd.lang.java.rule.AbstractJavaRule.visit (AbstractJavaRule.java:222)
    at net.sourceforge.pmd.lang.java.rule.AbstractJavaRule.visit (AbstractJavaRule.java:394)
    at com.alibaba.p3c.pmd.lang.java.rule.AbstractAliRule.visit (AbstractAliRule.java:60)
    at net.sourceforge.pmd.lang.java.ast.ASTCompilationUnit.jjtAccept (ASTCompilationUnit.java:44)
    at net.sourceforge.pmd.lang.java.rule.AbstractJavaRule.visitAll (AbstractJavaRule.java:164)
    at net.sourceforge.pmd.lang.java.rule.AbstractJavaRule.apply (AbstractJavaRule.java:158)
    at net.sourceforge.pmd.RuleSet.apply (RuleSet.java:659)
    at net.sourceforge.pmd.RuleSets.apply (RuleSets.java:163)
    at net.sourceforge.pmd.SourceCodeProcessor.processSource (SourceCodeProcessor.java:209)
    at net.sourceforge.pmd.SourceCodeProcessor.processSourceCodeWithoutCache (SourceCodeProcessor.java:118)
    at net.sourceforge.pmd.SourceCodeProcessor.processSourceCode (SourceCodeProcessor.java:100)
    at net.sourceforge.pmd.SourceCodeProcessor.processSourceCode (SourceCodeProcessor.java:62)
    at net.sourceforge.pmd.processor.PmdRunnable.call (PmdRunnable.java:85)
    at net.sourceforge.pmd.processor.PmdRunnable.call (PmdRunnable.java:29)
    at java.util.concurrent.FutureTask.run (FutureTask.java:317)
    at java.util.concurrent.Executors$RunnableAdapter.call (Executors.java:572)
    at java.util.concurrent.FutureTask.run (FutureTask.java:317)
    at java.util.concurrent.ThreadPoolExecutor.runWorker (ThreadPoolExecutor.java:1144)
    at java.util.concurrent.ThreadPoolExecutor$Worker.run (ThreadPoolExecutor.java:642)
    at java.lang.Thread.run (Thread.java:1583)
[INFO] 
[INFO] <<< maven-pmd-plugin:3.16.0:check (default) < :pmd @ nacos-api <<<
[INFO] 
[INFO] 
[INFO] --- maven-pmd-plugin:3.16.0:check (default) @ nacos-api ---
[INFO] PMD version: 6.42.0
[INFO] 
[INFO] 
[INFO] --- apache-rat-plugin:0.12:check (default) @ nacos-api ---
[INFO] Enabled default license matchers.
[INFO] Will parse SCM ignores for exclusions...
[INFO] Finished adding exclusions from SCM ignore files.
[INFO] 61 implicit excludes (use -debug for more details).
[INFO] Exclude: .editorconfig
[INFO] Exclude: .travis.yml
[INFO] Exclude: codecov.yml
[INFO] Exclude: CONTRIBUTING.md
[INFO] Exclude: CODE_OF_CONDUCT.md
[INFO] Exclude: CHANGELOG.md
[INFO] Exclude: style/codeStyle.md
[INFO] Exclude: REPORTING-BUGS.md
[INFO] Exclude: README.md
[INFO] Exclude: .github/**/*
[INFO] Exclude: doc/*
[INFO] Exclude: derby.log
[INFO] Exclude: logs/*
[INFO] Exclude: src/main/resources/static/**
[INFO] Exclude: **/istio/model/**
[INFO] Exclude: **/consistency/entity/**
[INFO] Exclude: **/*.txt
[INFO] Exclude: **/*.factories
[INFO] Exclude: /console-ui/**
[INFO] Exclude: **/gogo.proto
[INFO] Exclude: **/any.proto
[INFO] Exclude: src/main/java/com/alibaba/nacos/common/packagescan/classreading/**
[INFO] Exclude: .flattened-pom.xml
[INFO] Exclude: **/announcement*.conf
[INFO] Exclude: **/console-guide.conf
[INFO] Exclude: **/reflect-config.json
[INFO] Exclude: **/resource-config.json
[INFO] Exclude: **/proxy-config.json
[INFO] Exclude: **/jni-config.json
[INFO] Exclude: **/predefined-classes-config.json
[INFO] Exclude: **/serialization-config.json
[INFO] Exclude: **/filter-config.json
[INFO] Exclude: **/disk_cache_test/**
[INFO] Exclude: **/failover_test/**
[INFO] Exclude: lefthook.yml
[INFO] Exclude: .vscode/**
[INFO] 436 resources included (use -debug for more details)
[INFO] Rat check: Summary over all files. Unapproved: 0, unknown: 0, generated: 0, approved: 435 licenses.
[INFO] 
[INFO] --- maven-install-plugin:2.4:install (default-install) @ nacos-api ---
[INFO] Installing /Users/xinluo/sources/nacos/api/target/nacos-api-3.1.0-SNAPSHOT.jar to /var/root/.m2/repository/com/alibaba/nacos/nacos-api/3.1.0-SNAPSHOT/nacos-api-3.1.0-SNAPSHOT.jar
[INFO] Installing /Users/xinluo/sources/nacos/api/.flattened-pom.xml to /var/root/.m2/repository/com/alibaba/nacos/nacos-api/3.1.0-SNAPSHOT/nacos-api-3.1.0-SNAPSHOT.pom
[INFO] Installing /Users/xinluo/sources/nacos/api/target/nacos-api-3.1.0-SNAPSHOT-sources.jar to /var/root/.m2/repository/com/alibaba/nacos/nacos-api/3.1.0-SNAPSHOT/nacos-api-3.1.0-SNAPSHOT-sources.jar
[INFO] 
[INFO] -------------------< com.alibaba.nacos:nacos-common >-------------------
[INFO] Building nacos-common 3.1.0-SNAPSHOT 3.1.0-SNAPSHOT               [3/45]
[INFO] --------------------------------[ jar ]---------------------------------
[INFO] 
[INFO] --- maven-clean-plugin:2.5:clean (default-clean) @ nacos-common ---
[INFO] Deleting /Users/xinluo/sources/nacos/common/target
[INFO] 
[INFO] --- easyj-maven-plugin:1.1.5:clean-simplify-pom (clean-flattened-pom) @ nacos-common ---
[INFO] Deleting /Users/xinluo/sources/nacos/common/.flattened-pom.xml
[INFO] 
[INFO] --- maven-enforcer-plugin:3.5.0:enforce (enforce-ban-circular-dependencies) @ nacos-common ---
[INFO] Rule 0: org.codehaus.mojo.extraenforcer.dependencies.BanCircularDependencies passed
[INFO] 
[INFO] --- maven-checkstyle-plugin:3.1.2:check (validate) @ nacos-common ---
[WARNING] Old version of checkstyle detected. Consider updating to >= v8.30
[WARNING] For more information see: https://maven.apache.org/plugins/maven-checkstyle-plugin/examples/upgrading-checkstyle.html
[INFO] 开始检查……
检查完成。
[INFO] You have 0 Checkstyle violations.
[INFO] 
[INFO] --- jacoco-maven-plugin:0.8.13:prepare-agent (default-prepare-agent) @ nacos-common ---
[INFO] argLine set to -javaagent:/var/root/.m2/repository/org/jacoco/org.jacoco.agent/0.8.13/org.jacoco.agent-0.8.13-runtime.jar=destfile=/Users/xinluo/sources/nacos/common/target/coverage-reports/jacoco-unit.exec,append=true,excludes=**/grpc/auto/**:**/packagescan/classreading/**:**/packagescan/resource/**:**/packagescan/util/**,output=file
[INFO] 
[INFO] --- build-helper-maven-plugin:3.2.0:add-source (add-source) @ nacos-common ---
[INFO] Source directory: /Users/xinluo/sources/nacos/common/target/generated-sources/protobuf/java added.
[INFO] 
[INFO] --- maven-resources-plugin:3.0.2:resources (default-resources) @ nacos-common ---
[INFO] Using 'UTF-8' encoding to copy filtered resources.
[INFO] Copying 4 resources
[INFO] 
[INFO] --- maven-compiler-plugin:3.5.1:compile (default-compile) @ nacos-common ---
[INFO] Changes detected - recompiling the module!
[INFO] Compiling 212 source files to /Users/xinluo/sources/nacos/common/target/classes
[WARNING] 未与 -source 8 一起设置引导类路径
[WARNING] 源值 8 已过时，将在未来发行版中删除
[WARNING] 目标值 8 已过时，将在未来发行版中删除
[WARNING] 要隐藏有关已过时选项的警告, 请使用 -Xlint:-options。
[WARNING] /Users/xinluo/sources/nacos/common/src/main/java/com/alibaba/nacos/common/model/RestResultUtils.java:[19,43] com.alibaba.nacos.common.model.core中的com.alibaba.nacos.common.model.core.IResultCode已过时
[WARNING] /Users/xinluo/sources/nacos/common/src/main/java/com/alibaba/nacos/common/notify/NotifyCenter.java:[90,49] java.lang.Class中的newInstance()已过时
[WARNING] /Users/xinluo/sources/nacos/common/src/main/java/com/alibaba/nacos/common/packagescan/util/ResourceUtils.java:[139,13] java.net.URL中的URL(java.lang.String)已过时
[WARNING] /Users/xinluo/sources/nacos/common/src/main/java/com/alibaba/nacos/common/packagescan/util/ResourceUtils.java:[174,28] java.net.URL中的URL(java.lang.String)已过时
[WARNING] /Users/xinluo/sources/nacos/common/src/main/java/com/alibaba/nacos/common/packagescan/util/ResourceUtils.java:[311,24] java.net.URL中的URL(java.lang.String)已过时
[WARNING] /Users/xinluo/sources/nacos/common/src/main/java/com/alibaba/nacos/common/packagescan/util/ResourceUtils.java:[318,24] java.net.URL中的URL(java.lang.String)已过时
[WARNING] /Users/xinluo/sources/nacos/common/src/main/java/com/alibaba/nacos/common/packagescan/util/ResourceUtils.java:[346,24] java.net.URL中的URL(java.lang.String)已过时
[WARNING] /Users/xinluo/sources/nacos/common/src/main/java/com/alibaba/nacos/common/packagescan/util/ResourceUtils.java:[350,24] java.net.URL中的URL(java.lang.String)已过时
[WARNING] /Users/xinluo/sources/nacos/common/src/main/java/com/alibaba/nacos/common/http/AbstractHttpClientFactory.java:[198,17] org.apache.hc.client5.http.config.RequestConfig.Builder中的setConnectTimeout(long,java.util.concurrent.TimeUnit)已过时
[WARNING] /Users/xinluo/sources/nacos/common/src/main/java/com/alibaba/nacos/common/utils/ResourceUtils.java:[63,20] java.net.URL中的URL(java.lang.String)已过时
[WARNING] /Users/xinluo/sources/nacos/common/src/main/java/com/alibaba/nacos/common/spi/NacosServiceLoader.java:[82,25] java.lang.Class中的newInstance()已过时
[WARNING] /Users/xinluo/sources/nacos/common/src/main/java/com/alibaba/nacos/common/http/client/request/DefaultAsyncHttpClientRequest.java:[87,46] org.apache.hc.client5.http.async.methods.SimpleHttpRequest中的copy(org.apache.hc.core5.http.HttpRequest)已过时
[WARNING] /Users/xinluo/sources/nacos/common/src/main/java/com/alibaba/nacos/common/packagescan/resource/UrlResource.java:[98,20] java.net.URL中的URL(java.lang.String)已过时
[WARNING] /Users/xinluo/sources/nacos/common/src/main/java/com/alibaba/nacos/common/packagescan/resource/UrlResource.java:[155,24] java.net.URL中的URL(java.lang.String)已过时
[WARNING] /Users/xinluo/sources/nacos/common/src/main/java/com/alibaba/nacos/common/packagescan/resource/UrlResource.java:[275,16] java.net.URL中的URL(java.net.URL,java.lang.String)已过时
[WARNING] /Users/xinluo/sources/nacos/common/src/main/java/com/alibaba/nacos/common/model/RestResultUtils.java:[64,49] com.alibaba.nacos.common.model.core中的com.alibaba.nacos.common.model.core.IResultCode已过时
[WARNING] /Users/xinluo/sources/nacos/common/src/main/java/com/alibaba/nacos/common/packagescan/resource/VfsResource.java:[116,53] java.net.URL中的URL(java.net.URL,java.lang.String)已过时
[WARNING] /Users/xinluo/sources/nacos/common/src/main/java/com/alibaba/nacos/common/packagescan/resource/DefaultResourceLoader.java:[164,27] java.net.URL中的URL(java.lang.String)已过时
[INFO] /Users/xinluo/sources/nacos/common/src/main/java/com/alibaba/nacos/common/utils/ClassUtils.java: 某些输入文件使用了未经检查或不安全的操作。
[INFO] /Users/xinluo/sources/nacos/common/src/main/java/com/alibaba/nacos/common/utils/ClassUtils.java: 有关详细信息, 请使用 -Xlint:unchecked 重新编译。
[INFO] 
[INFO] --- maven-resources-plugin:3.0.2:testResources (default-testResources) @ nacos-common ---
[INFO] Using 'UTF-8' encoding to copy filtered resources.
[INFO] Copying 7 resources
[INFO] 
[INFO] --- maven-compiler-plugin:3.5.1:testCompile (default-testCompile) @ nacos-common ---
[INFO] Changes detected - recompiling the module!
[INFO] Compiling 128 source files to /Users/xinluo/sources/nacos/common/target/test-classes
[WARNING] 未与 -source 8 一起设置引导类路径
[WARNING] 源值 8 已过时，将在未来发行版中删除
[WARNING] 目标值 8 已过时，将在未来发行版中删除
[WARNING] 要隐藏有关已过时选项的警告, 请使用 -Xlint:-options。
[WARNING] /Users/xinluo/sources/nacos/common/src/test/java/com/alibaba/nacos/common/utils/IoUtilsTest.java:[31,21] java.security 中的 java.security.AccessController 已过时, 且标记为待删除
[WARNING] /Users/xinluo/sources/nacos/common/src/test/java/com/alibaba/nacos/common/model/RestResultUtilsTest.java:[19,43] com.alibaba.nacos.common.model.core中的com.alibaba.nacos.common.model.core.IResultCode已过时
[WARNING] /Users/xinluo/sources/nacos/common/src/test/java/com/alibaba/nacos/common/remote/client/RpcClientFactoryTest.java:[59,11] org.mockito.Mock中的lenient()已过时
[WARNING] /Users/xinluo/sources/nacos/common/src/test/java/com/alibaba/nacos/common/remote/client/RpcClientFactoryTest.java:[62,11] org.mockito.Mock中的lenient()已过时
[WARNING] /Users/xinluo/sources/nacos/common/src/test/java/com/alibaba/nacos/common/utils/StringUtilsTest.java:[175,45] 最后一个参数使用了不准确的变量类型的 varargs 方法的非 varargs 调用; 
  对于 varargs 调用, 应使用 java.lang.CharSequence
  对于非 varargs 调用, 应使用 java.lang.CharSequence[], 这样也可以抑制此警告
[WARNING] /Users/xinluo/sources/nacos/common/src/test/java/com/alibaba/nacos/common/utils/StringUtilsTest.java:[187,43] 最后一个参数使用了不准确的变量类型的 varargs 方法的非 varargs 调用; 
  对于 varargs 调用, 应使用 java.lang.CharSequence
  对于非 varargs 调用, 应使用 java.lang.CharSequence[], 这样也可以抑制此警告
[WARNING] /Users/xinluo/sources/nacos/common/src/test/java/com/alibaba/nacos/common/utils/PreconditionsTest.java:[92,58] 最后一个参数使用了不准确的变量类型的 varargs 方法的非 varargs 调用; 
  对于 varargs 调用, 应使用 java.lang.Object
  对于非 varargs 调用, 应使用 java.lang.Object[], 这样也可以抑制此警告
[WARNING] /Users/xinluo/sources/nacos/common/src/test/java/com/alibaba/nacos/common/utils/InternetAddressUtilTest.java:[155,57] 最后一个参数使用了不准确的变量类型的 varargs 方法的非 varargs 调用; 
  对于 varargs 调用, 应使用 java.lang.String
  对于非 varargs 调用, 应使用 java.lang.String[], 这样也可以抑制此警告
[WARNING] /Users/xinluo/sources/nacos/common/src/test/java/com/alibaba/nacos/common/utils/CollectionUtilsTest.java:[353,34] 最后一个参数使用了不准确的变量类型的 varargs 方法的非 varargs 调用; 
  对于 varargs 调用, 应使用 java.lang.Object
  对于非 varargs 调用, 应使用 java.lang.Object[], 这样也可以抑制此警告
[WARNING] /Users/xinluo/sources/nacos/common/src/test/java/com/alibaba/nacos/common/utils/CollectionUtilsTest.java:[384,33] 最后一个参数使用了不准确的变量类型的 varargs 方法的非 varargs 调用; 
  对于 varargs 调用, 应使用 java.lang.Object
  对于非 varargs 调用, 应使用 java.lang.Object[], 这样也可以抑制此警告
[WARNING] /Users/xinluo/sources/nacos/common/src/test/java/com/alibaba/nacos/common/utils/IoUtilsTest.java:[132,29] java.security 中的 java.security.AccessController 已过时, 且标记为待删除
[WARNING] /Users/xinluo/sources/nacos/common/src/test/java/com/alibaba/nacos/common/model/RestResultUtilsTest.java:[82,9] com.alibaba.nacos.common.model.core中的com.alibaba.nacos.common.model.core.IResultCode已过时
[WARNING] /Users/xinluo/sources/nacos/common/src/test/java/com/alibaba/nacos/common/model/RestResultUtilsTest.java:[82,36] com.alibaba.nacos.common.model.core中的com.alibaba.nacos.common.model.core.IResultCode已过时
[INFO] /Users/xinluo/sources/nacos/common/src/test/java/com/alibaba/nacos/common/cache/decorators/AutoExpireCacheTest.java: 某些输入文件使用了未经检查或不安全的操作。
[INFO] /Users/xinluo/sources/nacos/common/src/test/java/com/alibaba/nacos/common/cache/decorators/AutoExpireCacheTest.java: 有关详细信息, 请使用 -Xlint:unchecked 重新编译。
[INFO] 
[INFO] --- maven-surefire-plugin:3.2.5:test (default-test) @ nacos-common ---
[INFO] Surefire report directory: /Users/xinluo/sources/nacos/common/target/surefire-reports
[INFO] Using auto detected provider org.apache.maven.surefire.junitplatform.JUnitPlatformProvider
[INFO] 
[INFO] -------------------------------------------------------
[INFO]  T E S T S
[INFO] -------------------------------------------------------
[INFO] Running com.alibaba.nacos.common.notify.DefaultSharePublisherTest
[INFO] Tests run: 4, Failures: 0, Errors: 0, Skipped: 0, Time elapsed: 2.500 s -- in com.alibaba.nacos.common.notify.DefaultSharePublisherTest
[INFO] Running com.alibaba.nacos.common.notify.NotifyCenterTest
[INFO] Tests run: 13, Failures: 0, Errors: 0, Skipped: 0, Time elapsed: 9.103 s -- in com.alibaba.nacos.common.notify.NotifyCenterTest
[INFO] Running com.alibaba.nacos.common.notify.DefaultPublisherTest
[INFO] Tests run: 9, Failures: 0, Errors: 0, Skipped: 0, Time elapsed: 4.685 s -- in com.alibaba.nacos.common.notify.DefaultPublisherTest
[INFO] Running com.alibaba.nacos.common.packagescan.DefaultPackageScanTest
[INFO] Tests run: 5, Failures: 0, Errors: 0, Skipped: 0, Time elapsed: 0.132 s -- in com.alibaba.nacos.common.packagescan.DefaultPackageScanTest
[INFO] Running com.alibaba.nacos.common.AppTest
[INFO] Tests run: 1, Failures: 0, Errors: 0, Skipped: 0, Time elapsed: 0.001 s -- in com.alibaba.nacos.common.AppTest
[INFO] Running com.alibaba.nacos.common.paramcheck.DefaultParamCheckerTest
[INFO] Tests run: 13, Failures: 0, Errors: 0, Skipped: 0, Time elapsed: 0.025 s -- in com.alibaba.nacos.common.paramcheck.DefaultParamCheckerTest
[INFO] Running com.alibaba.nacos.common.paramcheck.ParamCheckerManagerTest
[INFO] Tests run: 4, Failures: 0, Errors: 0, Skipped: 0, Time elapsed: 0.029 s -- in com.alibaba.nacos.common.paramcheck.ParamCheckerManagerTest
[INFO] Running com.alibaba.nacos.common.trace.publisher.TraceEventPublisherTest
[INFO] Tests run: 3, Failures: 0, Errors: 0, Skipped: 0, Time elapsed: 7.040 s -- in com.alibaba.nacos.common.trace.publisher.TraceEventPublisherTest
[INFO] Running com.alibaba.nacos.common.trace.publisher.TraceEventPublisherFactoryTest
[INFO] Tests run: 2, Failures: 0, Errors: 0, Skipped: 0, Time elapsed: 0.008 s -- in com.alibaba.nacos.common.trace.publisher.TraceEventPublisherFactoryTest
[INFO] Running com.alibaba.nacos.common.trace.event.naming.InstanceTraceEventTest
[INFO] Tests run: 3, Failures: 0, Errors: 0, Skipped: 0, Time elapsed: 0.005 s -- in com.alibaba.nacos.common.trace.event.naming.InstanceTraceEventTest
[INFO] Running com.alibaba.nacos.common.trace.event.naming.HealthStateChangeTraceEventTest
[INFO] Tests run: 4, Failures: 0, Errors: 0, Skipped: 0, Time elapsed: 0.004 s -- in com.alibaba.nacos.common.trace.event.naming.HealthStateChangeTraceEventTest
[INFO] Running com.alibaba.nacos.common.trace.event.naming.ServiceTraceEventTest
[INFO] Tests run: 3, Failures: 0, Errors: 0, Skipped: 0, Time elapsed: 0.001 s -- in com.alibaba.nacos.common.trace.event.naming.ServiceTraceEventTest
[INFO] Running com.alibaba.nacos.common.trace.event.naming.SubscribeTraceEventTest
[INFO] Tests run: 3, Failures: 0, Errors: 0, Skipped: 0, Time elapsed: 0.001 s -- in com.alibaba.nacos.common.trace.event.naming.SubscribeTraceEventTest
[INFO] Running com.alibaba.nacos.common.cache.impl.SimpleCacheTest
[INFO] Tests run: 1, Failures: 0, Errors: 0, Skipped: 0, Time elapsed: 0.006 s -- in com.alibaba.nacos.common.cache.impl.SimpleCacheTest
[INFO] Running com.alibaba.nacos.common.cache.decorators.SynchronizedCacheTest
[INFO] Tests run: 1, Failures: 0, Errors: 0, Skipped: 0, Time elapsed: 0.002 s -- in com.alibaba.nacos.common.cache.decorators.SynchronizedCacheTest
[INFO] Running com.alibaba.nacos.common.cache.decorators.AutoExpireCacheTest
[INFO] Tests run: 3, Failures: 0, Errors: 0, Skipped: 0, Time elapsed: 2.008 s -- in com.alibaba.nacos.common.cache.decorators.AutoExpireCacheTest
[INFO] Running com.alibaba.nacos.common.cache.decorators.LruCacheTest
[INFO] Tests run: 2, Failures: 0, Errors: 0, Skipped: 0, Time elapsed: 0.017 s -- in com.alibaba.nacos.common.cache.decorators.LruCacheTest
[INFO] Running com.alibaba.nacos.common.cache.builder.CacheBuilderTest
[INFO] Tests run: 4, Failures: 0, Errors: 0, Skipped: 0, Time elapsed: 0.002 s -- in com.alibaba.nacos.common.cache.builder.CacheBuilderTest
[INFO] Running com.alibaba.nacos.common.pathencoder.WindowsEncoderTest
[INFO] Tests run: 3, Failures: 0, Errors: 0, Skipped: 0, Time elapsed: 0.004 s -- in com.alibaba.nacos.common.pathencoder.WindowsEncoderTest
[INFO] Running com.alibaba.nacos.common.pathencoder.PathEncoderManagerTest
[INFO] Tests run: 4, Failures: 0, Errors: 0, Skipped: 0, Time elapsed: 0.026 s -- in com.alibaba.nacos.common.pathencoder.PathEncoderManagerTest
[INFO] Running com.alibaba.nacos.common.codec.Base64Test
[INFO] Tests run: 6, Failures: 0, Errors: 0, Skipped: 0, Time elapsed: 0.004 s -- in com.alibaba.nacos.common.codec.Base64Test
[INFO] Running com.alibaba.nacos.common.labels.impl.DefaultLabelsCollectorManagerTest
[INFO] Tests run: 2, Failures: 0, Errors: 0, Skipped: 0, Time elapsed: 0.013 s -- in com.alibaba.nacos.common.labels.impl.DefaultLabelsCollectorManagerTest
[INFO] Running com.alibaba.nacos.common.utils.ThreadFactoryBuilderTest
[INFO] Tests run: 8, Failures: 0, Errors: 0, Skipped: 0, Time elapsed: 1.014 s -- in com.alibaba.nacos.common.utils.ThreadFactoryBuilderTest
[INFO] Running com.alibaba.nacos.common.utils.ExceptionUtilTest
[INFO] Tests run: 3, Failures: 0, Errors: 0, Skipped: 0, Time elapsed: 0.008 s -- in com.alibaba.nacos.common.utils.ExceptionUtilTest
[INFO] Running com.alibaba.nacos.common.utils.MD5UtilsTest
[INFO] Tests run: 2, Failures: 0, Errors: 0, Skipped: 0, Time elapsed: 0.006 s -- in com.alibaba.nacos.common.utils.MD5UtilsTest
[INFO] Running com.alibaba.nacos.common.utils.ConcurrentHashSetTest
start -- hashSet.size() : 1000
finished at null
end -- hashSet.size() : 960
start -- hashSet.size() : 999
finished at 999
end -- hashSet.size() : 528
[INFO] Tests run: 2, Failures: 0, Errors: 0, Skipped: 0, Time elapsed: 7.028 s -- in com.alibaba.nacos.common.utils.ConcurrentHashSetTest
[INFO] Running com.alibaba.nacos.common.utils.RandomUtilsTest
[INFO] Tests run: 6, Failures: 0, Errors: 0, Skipped: 0, Time elapsed: 0.002 s -- in com.alibaba.nacos.common.utils.RandomUtilsTest
[INFO] Running com.alibaba.nacos.common.utils.IoUtilsTest
[INFO] Tests run: 19, Failures: 0, Errors: 0, Skipped: 0, Time elapsed: 0.116 s -- in com.alibaba.nacos.common.utils.IoUtilsTest
[INFO] Running com.alibaba.nacos.common.utils.PreconditionsTest
[INFO] Tests run: 9, Failures: 0, Errors: 0, Skipped: 0, Time elapsed: 0.003 s -- in com.alibaba.nacos.common.utils.PreconditionsTest
[INFO] Running com.alibaba.nacos.common.utils.LoggerUtilsTest
[INFO] Tests run: 5, Failures: 0, Errors: 0, Skipped: 0, Time elapsed: 0.052 s -- in com.alibaba.nacos.common.utils.LoggerUtilsTest
[INFO] Running com.alibaba.nacos.common.utils.TlsTypeResolveTest
[INFO] Tests run: 1, Failures: 0, Errors: 0, Skipped: 0, Time elapsed: 0.002 s -- in com.alibaba.nacos.common.utils.TlsTypeResolveTest
[INFO] Running com.alibaba.nacos.common.utils.StringUtilsTest
[INFO] Tests run: 31, Failures: 0, Errors: 0, Skipped: 0, Time elapsed: 0.008 s -- in com.alibaba.nacos.common.utils.StringUtilsTest
[INFO] Running com.alibaba.nacos.common.utils.ReflectUtilsTest
[INFO] Tests run: 9, Failures: 0, Errors: 0, Skipped: 0, Time elapsed: 0.004 s -- in com.alibaba.nacos.common.utils.ReflectUtilsTest
[INFO] Running com.alibaba.nacos.common.utils.JacksonUtilsTest
[INFO] Tests run: 30, Failures: 0, Errors: 0, Skipped: 0, Time elapsed: 0.230 s -- in com.alibaba.nacos.common.utils.JacksonUtilsTest
[INFO] Running com.alibaba.nacos.common.utils.ClassUtilsTest
[INFO] Tests run: 10, Failures: 0, Errors: 0, Skipped: 0, Time elapsed: 0.003 s -- in com.alibaba.nacos.common.utils.ClassUtilsTest
[INFO] Running com.alibaba.nacos.common.utils.TypeUtilsTest
[INFO] Tests run: 5, Failures: 0, Errors: 0, Skipped: 0, Time elapsed: 0.002 s -- in com.alibaba.nacos.common.utils.TypeUtilsTest
[INFO] Running com.alibaba.nacos.common.utils.CollectionUtilsTest
[INFO] Tests run: 42, Failures: 0, Errors: 0, Skipped: 0, Time elapsed: 0.013 s -- in com.alibaba.nacos.common.utils.CollectionUtilsTest
[INFO] Running com.alibaba.nacos.common.utils.PropertyUtilsTest
[INFO] Tests run: 3, Failures: 0, Errors: 0, Skipped: 0, Time elapsed: 0.001 s -- in com.alibaba.nacos.common.utils.PropertyUtilsTest
[INFO] Running com.alibaba.nacos.common.utils.DateFormatUtilsTest
[INFO] Tests run: 3, Failures: 0, Errors: 0, Skipped: 0, Time elapsed: 0.002 s -- in com.alibaba.nacos.common.utils.DateFormatUtilsTest
[INFO] Running com.alibaba.nacos.common.utils.ThreadUtilsTest
[INFO] Tests run: 6, Failures: 0, Errors: 0, Skipped: 0, Time elapsed: 0.187 s -- in com.alibaba.nacos.common.utils.ThreadUtilsTest
[INFO] Running com.alibaba.nacos.common.utils.NumberUtilsTest
[INFO] Tests run: 7, Failures: 0, Errors: 0, Skipped: 0, Time elapsed: 0.002 s -- in com.alibaba.nacos.common.utils.NumberUtilsTest
[INFO] Running com.alibaba.nacos.common.utils.MapUtilTest
[INFO] Tests run: 6, Failures: 0, Errors: 0, Skipped: 0, Time elapsed: 0.021 s -- in com.alibaba.nacos.common.utils.MapUtilTest
[INFO] Running com.alibaba.nacos.common.utils.VersionUtilsTest
[INFO] Tests run: 11, Failures: 0, Errors: 0, Skipped: 0, Time elapsed: 0.004 s -- in com.alibaba.nacos.common.utils.VersionUtilsTest
[INFO] Running com.alibaba.nacos.common.utils.FuzzyGroupKeyPatternTest
[INFO] Tests run: 1, Failures: 0, Errors: 0, Skipped: 0, Time elapsed: 0.001 s -- in com.alibaba.nacos.common.utils.FuzzyGroupKeyPatternTest
[INFO] Running com.alibaba.nacos.common.utils.PairTest
[INFO] Tests run: 1, Failures: 0, Errors: 0, Skipped: 0, Time elapsed: 0.001 s -- in com.alibaba.nacos.common.utils.PairTest
[INFO] Running com.alibaba.nacos.common.utils.ObservableTest
[INFO] Tests run: 4, Failures: 0, Errors: 0, Skipped: 0, Time elapsed: 0.017 s -- in com.alibaba.nacos.common.utils.ObservableTest
[INFO] Running com.alibaba.nacos.common.utils.ResourceUtilsTest
[INFO] Tests run: 16, Failures: 0, Errors: 0, Skipped: 0, Time elapsed: 0.007 s -- in com.alibaba.nacos.common.utils.ResourceUtilsTest
[INFO] Running com.alibaba.nacos.common.utils.UuidUtilsTest
[INFO] Tests run: 1, Failures: 0, Errors: 0, Skipped: 0, Time elapsed: 0.001 s -- in com.alibaba.nacos.common.utils.UuidUtilsTest
[INFO] Running com.alibaba.nacos.common.utils.ByteUtilsTest
[INFO] Tests run: 6, Failures: 0, Errors: 0, Skipped: 0, Time elapsed: 0.002 s -- in com.alibaba.nacos.common.utils.ByteUtilsTest
[INFO] Running com.alibaba.nacos.common.utils.InetAddressValidatorTest
[INFO] Tests run: 5, Failures: 0, Errors: 0, Skipped: 0, Time elapsed: 0.002 s -- in com.alibaba.nacos.common.utils.InetAddressValidatorTest
[INFO] Running com.alibaba.nacos.common.utils.ConnLabelsUtilsTest
[INFO] Tests run: 1, Failures: 0, Errors: 0, Skipped: 0, Time elapsed: 0.001 s -- in com.alibaba.nacos.common.utils.ConnLabelsUtilsTest
[INFO] Running com.alibaba.nacos.common.utils.InternetAddressUtilTest
[ERROR] Tests run: 13, Failures: 0, Errors: 1, Skipped: 0, Time elapsed: 0.077 s <<< FAILURE! -- in com.alibaba.nacos.common.utils.InternetAddressUtilTest
[ERROR] com.alibaba.nacos.common.utils.InternetAddressUtilTest.testLocalHostIp -- Time elapsed: 0.004 s <<< ERROR!
java.lang.InternalError: java.lang.IllegalAccessException: static final field has no write access: com.alibaba.nacos.common.utils.InternetAddressUtil.PREFER_IPV6_ADDRESSES/boolean/putStatic, from class java.lang.Object (module java.base)
	at java.base/jdk.internal.reflect.MethodHandleAccessorFactory.newFieldAccessor(MethodHandleAccessorFactory.java:167)
	at java.base/jdk.internal.reflect.ReflectionFactory.newFieldAccessor(ReflectionFactory.java:145)
	at java.base/java.lang.reflect.Field.acquireOverrideFieldAccessor(Field.java:1200)
	at java.base/java.lang.reflect.Field.getOverrideFieldAccessor(Field.java:1169)
	at java.base/java.lang.reflect.Field.set(Field.java:836)
	at com.alibaba.nacos.common.utils.InternetAddressUtilTest.testLocalHostIp(InternetAddressUtilTest.java:210)
	at java.base/java.lang.reflect.Method.invoke(Method.java:580)
	at java.base/java.util.ArrayList.forEach(ArrayList.java:1596)
	at java.base/java.util.ArrayList.forEach(ArrayList.java:1596)
Caused by: java.lang.IllegalAccessException: static final field has no write access: com.alibaba.nacos.common.utils.InternetAddressUtil.PREFER_IPV6_ADDRESSES/boolean/putStatic, from class java.lang.Object (module java.base)
	at java.base/java.lang.invoke.MemberName.makeAccessException(MemberName.java:894)
	at java.base/java.lang.invoke.MethodHandles$Lookup.unreflectField(MethodHandles.java:3597)
	at java.base/java.lang.invoke.MethodHandles$Lookup.unreflectSetter(MethodHandles.java:3588)
	at java.base/java.lang.invoke.MethodHandleImpl$1.unreflectField(MethodHandleImpl.java:1632)
	at java.base/jdk.internal.reflect.MethodHandleAccessorFactory.newFieldAccessor(MethodHandleAccessorFactory.java:145)
	... 8 more

[INFO] Running com.alibaba.nacos.common.utils.NamespaceUtilTest
[INFO] Tests run: 3, Failures: 0, Errors: 0, Skipped: 0, Time elapsed: 0.001 s -- in com.alibaba.nacos.common.utils.NamespaceUtilTest
[INFO] Running com.alibaba.nacos.common.utils.ArrayUtilsTest
[INFO] Tests run: 2, Failures: 0, Errors: 0, Skipped: 0, Time elapsed: 0.001 s -- in com.alibaba.nacos.common.utils.ArrayUtilsTest
[INFO] Running com.alibaba.nacos.common.utils.ConvertUtilsTest
[INFO] Tests run: 4, Failures: 0, Errors: 0, Skipped: 0, Time elapsed: 0.002 s -- in com.alibaba.nacos.common.utils.ConvertUtilsTest
[INFO] Running com.alibaba.nacos.common.spi.NacosServiceLoaderTest
[INFO] Tests run: 3, Failures: 0, Errors: 0, Skipped: 0, Time elapsed: 0.004 s -- in com.alibaba.nacos.common.spi.NacosServiceLoaderTest
[INFO] Running com.alibaba.nacos.common.tls.SelfTrustManagerTest
[INFO] Tests run: 2, Failures: 0, Errors: 0, Skipped: 0, Time elapsed: 0.028 s -- in com.alibaba.nacos.common.tls.SelfTrustManagerTest
[INFO] Running com.alibaba.nacos.common.tls.TlsFileWatcherTest
[INFO] Tests run: 6, Failures: 0, Errors: 0, Skipped: 0, Time elapsed: 0.038 s -- in com.alibaba.nacos.common.tls.TlsFileWatcherTest
[INFO] Running com.alibaba.nacos.common.tls.TlsHelperTest
[INFO] Tests run: 1, Failures: 0, Errors: 0, Skipped: 0, Time elapsed: 0.035 s -- in com.alibaba.nacos.common.tls.TlsHelperTest
[INFO] Running com.alibaba.nacos.common.tls.SelfHostnameVerifierTest
[INFO] Tests run: 1, Failures: 0, Errors: 0, Skipped: 0, Time elapsed: 0.035 s -- in com.alibaba.nacos.common.tls.SelfHostnameVerifierTest
[INFO] Running com.alibaba.nacos.common.http.AbstractHttpClientFactoryTest
[INFO] Tests run: 2, Failures: 0, Errors: 0, Skipped: 0, Time elapsed: 0.102 s -- in com.alibaba.nacos.common.http.AbstractHttpClientFactoryTest
[INFO] Running com.alibaba.nacos.common.http.HttpUtilsTest
[INFO] Tests run: 24, Failures: 0, Errors: 0, Skipped: 0, Time elapsed: 0.052 s -- in com.alibaba.nacos.common.http.HttpUtilsTest
[INFO] Running com.alibaba.nacos.common.http.HttpClientConfigTest
[INFO] Tests run: 11, Failures: 0, Errors: 0, Skipped: 0, Time elapsed: 0.002 s -- in com.alibaba.nacos.common.http.HttpClientConfigTest
[INFO] Running com.alibaba.nacos.common.http.AbstractApacheHttpClientFactoryTest
[INFO] Tests run: 1, Failures: 0, Errors: 0, Skipped: 0, Time elapsed: 0.023 s -- in com.alibaba.nacos.common.http.AbstractApacheHttpClientFactoryTest
[INFO] Running com.alibaba.nacos.common.http.HttpClientBeanHolderTest
[INFO] Tests run: 7, Failures: 0, Errors: 0, Skipped: 0, Time elapsed: 0.077 s -- in com.alibaba.nacos.common.http.HttpClientBeanHolderTest
[INFO] Running com.alibaba.nacos.common.http.param.MediaTypeTest
[INFO] Tests run: 5, Failures: 0, Errors: 0, Skipped: 0, Time elapsed: 0.001 s -- in com.alibaba.nacos.common.http.param.MediaTypeTest
[INFO] Running com.alibaba.nacos.common.http.param.QueryTest
[INFO] Tests run: 3, Failures: 0, Errors: 0, Skipped: 0, Time elapsed: 0.001 s -- in com.alibaba.nacos.common.http.param.QueryTest
[INFO] Running com.alibaba.nacos.common.http.param.HeaderTest
[INFO] Tests run: 9, Failures: 0, Errors: 0, Skipped: 0, Time elapsed: 0.002 s -- in com.alibaba.nacos.common.http.param.HeaderTest
[INFO] Running com.alibaba.nacos.common.http.HttpRestResultTest
[INFO] Tests run: 2, Failures: 0, Errors: 0, Skipped: 0, Time elapsed: 0 s -- in com.alibaba.nacos.common.http.HttpRestResultTest
[INFO] Running com.alibaba.nacos.common.http.BaseHttpMethodTest
[INFO] Tests run: 12, Failures: 0, Errors: 0, Skipped: 0, Time elapsed: 0.019 s -- in com.alibaba.nacos.common.http.BaseHttpMethodTest
[INFO] Running com.alibaba.nacos.common.http.client.handler.BeanResponseHandlerTest
[INFO] Tests run: 1, Failures: 0, Errors: 0, Skipped: 0, Time elapsed: 0.023 s -- in com.alibaba.nacos.common.http.client.handler.BeanResponseHandlerTest
[INFO] Running com.alibaba.nacos.common.http.client.handler.RestResultResponseHandlerTest
[INFO] Tests run: 1, Failures: 0, Errors: 0, Skipped: 0, Time elapsed: 0.001 s -- in com.alibaba.nacos.common.http.client.handler.RestResultResponseHandlerTest
[INFO] Running com.alibaba.nacos.common.http.client.AbstractNacosRestTemplateTest
[INFO] Tests run: 4, Failures: 0, Errors: 0, Skipped: 0, Time elapsed: 0.023 s -- in com.alibaba.nacos.common.http.client.AbstractNacosRestTemplateTest
[INFO] Running com.alibaba.nacos.common.http.client.response.DefaultClientHttpResponseTest
[INFO] Tests run: 4, Failures: 0, Errors: 0, Skipped: 0, Time elapsed: 0.064 s -- in com.alibaba.nacos.common.http.client.response.DefaultClientHttpResponseTest
[INFO] Running com.alibaba.nacos.common.http.client.response.JdkClientHttpResponseTest
[INFO] Tests run: 5, Failures: 0, Errors: 0, Skipped: 0, Time elapsed: 0.003 s -- in com.alibaba.nacos.common.http.client.response.JdkClientHttpResponseTest
[INFO] Running com.alibaba.nacos.common.http.client.NacosAsyncRestTemplateTest
[INFO] Tests run: 15, Failures: 0, Errors: 0, Skipped: 0, Time elapsed: 0.049 s -- in com.alibaba.nacos.common.http.client.NacosAsyncRestTemplateTest
[INFO] Running com.alibaba.nacos.common.http.client.NacosRestTemplateTest
[INFO] Tests run: 22, Failures: 0, Errors: 0, Skipped: 0, Time elapsed: 0.061 s -- in com.alibaba.nacos.common.http.client.NacosRestTemplateTest
[INFO] Running com.alibaba.nacos.common.http.client.request.JdkHttpClientRequestTest
[INFO] Tests run: 3, Failures: 0, Errors: 0, Skipped: 0, Time elapsed: 0.082 s -- in com.alibaba.nacos.common.http.client.request.JdkHttpClientRequestTest
[INFO] Running com.alibaba.nacos.common.http.client.request.DefaultAsyncHttpClientRequestTest
[INFO] Tests run: 5, Failures: 0, Errors: 0, Skipped: 0, Time elapsed: 0.053 s -- in com.alibaba.nacos.common.http.client.request.DefaultAsyncHttpClientRequestTest
[INFO] Running com.alibaba.nacos.common.http.client.request.DefaultHttpClientRequestTest
[INFO] Tests run: 3, Failures: 0, Errors: 0, Skipped: 0, Time elapsed: 0.027 s -- in com.alibaba.nacos.common.http.client.request.DefaultHttpClientRequestTest
[INFO] Running com.alibaba.nacos.common.http.client.InterceptingHttpClientRequestTest
[INFO] Tests run: 2, Failures: 0, Errors: 0, Skipped: 0, Time elapsed: 0.002 s -- in com.alibaba.nacos.common.http.client.InterceptingHttpClientRequestTest
[INFO] Running com.alibaba.nacos.common.task.engine.NacosDelayTaskExecuteEngineTest
[INFO] Tests run: 8, Failures: 0, Errors: 0, Skipped: 0, Time elapsed: 1.101 s -- in com.alibaba.nacos.common.task.engine.NacosDelayTaskExecuteEngineTest
[INFO] Running com.alibaba.nacos.common.task.engine.NacosExecuteTaskExecuteEngineTest
[INFO] Tests run: 5, Failures: 0, Errors: 0, Skipped: 0, Time elapsed: 1.031 s -- in com.alibaba.nacos.common.task.engine.NacosExecuteTaskExecuteEngineTest
[INFO] Running com.alibaba.nacos.common.model.RestResultTest
[INFO] Tests run: 2, Failures: 0, Errors: 0, Skipped: 0, Time elapsed: 0 s -- in com.alibaba.nacos.common.model.RestResultTest
[INFO] Running com.alibaba.nacos.common.model.RestResultUtilsTest
[INFO] Tests run: 10, Failures: 0, Errors: 0, Skipped: 0, Time elapsed: 0.003 s -- in com.alibaba.nacos.common.model.RestResultUtilsTest
[INFO] Running com.alibaba.nacos.common.model.RequestHttpEntityTest
[INFO] Tests run: 4, Failures: 0, Errors: 0, Skipped: 0, Time elapsed: 0.001 s -- in com.alibaba.nacos.common.model.RequestHttpEntityTest
[INFO] Running com.alibaba.nacos.common.ability.discover.NacosAbilityManagerHolderTest
[INFO] Tests run: 3, Failures: 0, Errors: 0, Skipped: 0, Time elapsed: 0.015 s -- in com.alibaba.nacos.common.ability.discover.NacosAbilityManagerHolderTest
[INFO] Running com.alibaba.nacos.common.ability.AbstractAbilityControlManagerTest
[INFO] Tests run: 6, Failures: 0, Errors: 0, Skipped: 0, Time elapsed: 2.207 s -- in com.alibaba.nacos.common.ability.AbstractAbilityControlManagerTest
[INFO] Running com.alibaba.nacos.common.executor.ExecutorFactoryTest
[INFO] Tests run: 2, Failures: 0, Errors: 0, Skipped: 0, Time elapsed: 0 s -- in com.alibaba.nacos.common.executor.ExecutorFactoryTest
[INFO] Running com.alibaba.nacos.common.executor.NameThreadFactoryTest
[INFO] Tests run: 1, Failures: 0, Errors: 0, Skipped: 0, Time elapsed: 0 s -- in com.alibaba.nacos.common.executor.NameThreadFactoryTest
[INFO] Running com.alibaba.nacos.common.executor.ThreadPoolManagerTest
[INFO] Tests run: 2, Failures: 0, Errors: 0, Skipped: 0, Time elapsed: 0.001 s -- in com.alibaba.nacos.common.executor.ThreadPoolManagerTest
[INFO] Running com.alibaba.nacos.common.event.ServerConfigChangeEventTest
[INFO] Tests run: 1, Failures: 0, Errors: 0, Skipped: 0, Time elapsed: 0.001 s -- in com.alibaba.nacos.common.event.ServerConfigChangeEventTest
[INFO] Running com.alibaba.nacos.common.logging.NacosLoggingPropertiesTest
[INFO] Tests run: 6, Failures: 0, Errors: 0, Skipped: 0, Time elapsed: 0.001 s -- in com.alibaba.nacos.common.logging.NacosLoggingPropertiesTest
[INFO] Running com.alibaba.nacos.common.remote.TlsConfigTest
[INFO] Tests run: 1, Failures: 0, Errors: 0, Skipped: 0, Time elapsed: 0.001 s -- in com.alibaba.nacos.common.remote.TlsConfigTest
[INFO] Running com.alibaba.nacos.common.remote.PayloadRegistryTest
[INFO] Tests run: 2, Failures: 0, Errors: 0, Skipped: 0, Time elapsed: 0.013 s -- in com.alibaba.nacos.common.remote.PayloadRegistryTest
[INFO] Running com.alibaba.nacos.common.remote.ConnectionTypeTest
[INFO] Tests run: 2, Failures: 0, Errors: 0, Skipped: 0, Time elapsed: 0.002 s -- in com.alibaba.nacos.common.remote.ConnectionTypeTest
[INFO] Running com.alibaba.nacos.common.remote.exception.RemoteExceptionTest
[INFO] Tests run: 2, Failures: 0, Errors: 0, Skipped: 0, Time elapsed: 0.005 s -- in com.alibaba.nacos.common.remote.exception.RemoteExceptionTest
[INFO] Running com.alibaba.nacos.common.remote.client.RpcClientFactoryTest
[ERROR] Tests run: 14, Failures: 3, Errors: 11, Skipped: 0, Time elapsed: 0.385 s <<< FAILURE! -- in com.alibaba.nacos.common.remote.client.RpcClientFactoryTest
[ERROR] com.alibaba.nacos.common.remote.client.RpcClientFactoryTest.testCreateClientWhenNotCreatedThenCreate -- Time elapsed: 0.290 s <<< ERROR!
java.lang.InternalError: java.lang.IllegalAccessException: static final field has no write access: com.alibaba.nacos.common.remote.client.RpcClientFactory.CLIENT_MAP/java.util.Map/putStatic, from class java.lang.Object (module java.base)
	at java.base/jdk.internal.reflect.MethodHandleAccessorFactory.newFieldAccessor(MethodHandleAccessorFactory.java:167)
	at java.base/jdk.internal.reflect.ReflectionFactory.newFieldAccessor(ReflectionFactory.java:145)
	at java.base/java.lang.reflect.Field.acquireOverrideFieldAccessor(Field.java:1200)
	at java.base/java.lang.reflect.Field.getOverrideFieldAccessor(Field.java:1169)
	at java.base/java.lang.reflect.Field.set(Field.java:836)
	at com.alibaba.nacos.common.remote.client.RpcClientFactoryTest.tearDown(RpcClientFactoryTest.java:87)
	at java.base/java.lang.reflect.Method.invoke(Method.java:580)
	at java.base/java.util.ArrayList.forEach(ArrayList.java:1596)
	at java.base/java.util.ArrayList.forEach(ArrayList.java:1596)
Caused by: java.lang.IllegalAccessException: static final field has no write access: com.alibaba.nacos.common.remote.client.RpcClientFactory.CLIENT_MAP/java.util.Map/putStatic, from class java.lang.Object (module java.base)
	at java.base/java.lang.invoke.MemberName.makeAccessException(MemberName.java:894)
	at java.base/java.lang.invoke.MethodHandles$Lookup.unreflectField(MethodHandles.java:3597)
	at java.base/java.lang.invoke.MethodHandles$Lookup.unreflectSetter(MethodHandles.java:3588)
	at java.base/java.lang.invoke.MethodHandleImpl$1.unreflectField(MethodHandleImpl.java:1632)
	at java.base/jdk.internal.reflect.MethodHandleAccessorFactory.newFieldAccessor(MethodHandleAccessorFactory.java:145)
	... 8 more

[ERROR] com.alibaba.nacos.common.remote.client.RpcClientFactoryTest.testDestroyClientWhenClientNotExistThenDoNothing -- Time elapsed: 0.006 s <<< ERROR!
java.lang.InternalError: java.lang.IllegalAccessException: static final field has no write access: com.alibaba.nacos.common.remote.client.RpcClientFactory.CLIENT_MAP/java.util.Map/putStatic, from class java.lang.Object (module java.base)
	at java.base/jdk.internal.reflect.MethodHandleAccessorFactory.newFieldAccessor(MethodHandleAccessorFactory.java:167)
	at java.base/jdk.internal.reflect.ReflectionFactory.newFieldAccessor(ReflectionFactory.java:145)
	at java.base/java.lang.reflect.Field.acquireOverrideFieldAccessor(Field.java:1200)
	at java.base/java.lang.reflect.Field.getOverrideFieldAccessor(Field.java:1169)
	at java.base/java.lang.reflect.Field.set(Field.java:836)
	at com.alibaba.nacos.common.remote.client.RpcClientFactoryTest.testDestroyClientWhenClientNotExistThenDoNothing(RpcClientFactoryTest.java:110)
	at java.base/java.lang.reflect.Method.invoke(Method.java:580)
	at java.base/java.util.ArrayList.forEach(ArrayList.java:1596)
	at java.base/java.util.ArrayList.forEach(ArrayList.java:1596)
	Suppressed: java.lang.InternalError: java.lang.IllegalAccessException: static final field has no write access: com.alibaba.nacos.common.remote.client.RpcClientFactory.CLIENT_MAP/java.util.Map/putStatic, from class java.lang.Object (module java.base)
		at java.base/jdk.internal.reflect.MethodHandleAccessorFactory.newFieldAccessor(MethodHandleAccessorFactory.java:167)
		at java.base/jdk.internal.reflect.ReflectionFactory.newFieldAccessor(ReflectionFactory.java:145)
		at java.base/java.lang.reflect.Field.acquireOverrideFieldAccessor(Field.java:1200)
		at java.base/java.lang.reflect.Field.getOverrideFieldAccessor(Field.java:1169)
		at java.base/java.lang.reflect.Field.set(Field.java:836)
		at com.alibaba.nacos.common.remote.client.RpcClientFactoryTest.tearDown(RpcClientFactoryTest.java:87)
		... 3 more
	Caused by: java.lang.IllegalAccessException: static final field has no write access: com.alibaba.nacos.common.remote.client.RpcClientFactory.CLIENT_MAP/java.util.Map/putStatic, from class java.lang.Object (module java.base)
		at java.base/java.lang.invoke.MemberName.makeAccessException(MemberName.java:894)
		at java.base/java.lang.invoke.MethodHandles$Lookup.unreflectField(MethodHandles.java:3597)
		at java.base/java.lang.invoke.MethodHandles$Lookup.unreflectSetter(MethodHandles.java:3588)
		at java.base/java.lang.invoke.MethodHandleImpl$1.unreflectField(MethodHandleImpl.java:1632)
		at java.base/jdk.internal.reflect.MethodHandleAccessorFactory.newFieldAccessor(MethodHandleAccessorFactory.java:145)
		... 8 more
Caused by: java.lang.IllegalAccessException: static final field has no write access: com.alibaba.nacos.common.remote.client.RpcClientFactory.CLIENT_MAP/java.util.Map/putStatic, from class java.lang.Object (module java.base)
	at java.base/java.lang.invoke.MemberName.makeAccessException(MemberName.java:894)
	at java.base/java.lang.invoke.MethodHandles$Lookup.unreflectField(MethodHandles.java:3597)
	at java.base/java.lang.invoke.MethodHandles$Lookup.unreflectSetter(MethodHandles.java:3588)
	at java.base/java.lang.invoke.MethodHandleImpl$1.unreflectField(MethodHandleImpl.java:1632)
	at java.base/jdk.internal.reflect.MethodHandleAccessorFactory.newFieldAccessor(MethodHandleAccessorFactory.java:145)
	... 8 more

[ERROR] com.alibaba.nacos.common.remote.client.RpcClientFactoryTest.testCreateClusterClientWhenAlreadyCreatedThenNotCreateAgain -- Time elapsed: 0.001 s <<< ERROR!
java.lang.InternalError: java.lang.IllegalAccessException: static final field has no write access: com.alibaba.nacos.common.remote.client.RpcClientFactory.CLIENT_MAP/java.util.Map/putStatic, from class java.lang.Object (module java.base)
	at java.base/jdk.internal.reflect.MethodHandleAccessorFactory.newFieldAccessor(MethodHandleAccessorFactory.java:167)
	at java.base/jdk.internal.reflect.ReflectionFactory.newFieldAccessor(ReflectionFactory.java:145)
	at java.base/java.lang.reflect.Field.acquireOverrideFieldAccessor(Field.java:1200)
	at java.base/java.lang.reflect.Field.getOverrideFieldAccessor(Field.java:1169)
	at java.base/java.lang.reflect.Field.set(Field.java:836)
	at com.alibaba.nacos.common.remote.client.RpcClientFactoryTest.tearDown(RpcClientFactoryTest.java:87)
	at java.base/java.lang.reflect.Method.invoke(Method.java:580)
	at java.base/java.util.ArrayList.forEach(ArrayList.java:1596)
	at java.base/java.util.ArrayList.forEach(ArrayList.java:1596)
Caused by: java.lang.IllegalAccessException: static final field has no write access: com.alibaba.nacos.common.remote.client.RpcClientFactory.CLIENT_MAP/java.util.Map/putStatic, from class java.lang.Object (module java.base)
	at java.base/java.lang.invoke.MemberName.makeAccessException(MemberName.java:894)
	at java.base/java.lang.invoke.MethodHandles$Lookup.unreflectField(MethodHandles.java:3597)
	at java.base/java.lang.invoke.MethodHandles$Lookup.unreflectSetter(MethodHandles.java:3588)
	at java.base/java.lang.invoke.MethodHandleImpl$1.unreflectField(MethodHandleImpl.java:1632)
	at java.base/jdk.internal.reflect.MethodHandleAccessorFactory.newFieldAccessor(MethodHandleAccessorFactory.java:145)
	... 8 more

[ERROR] com.alibaba.nacos.common.remote.client.RpcClientFactoryTest.testGetAllClientEntries -- Time elapsed: 0.007 s <<< FAILURE!
org.opentest4j.AssertionFailedError: expected: <true> but was: <false>
	at org.junit.jupiter.api.AssertionFailureBuilder.build(AssertionFailureBuilder.java:151)
	at org.junit.jupiter.api.AssertionFailureBuilder.buildAndThrow(AssertionFailureBuilder.java:132)
	at org.junit.jupiter.api.AssertTrue.failNotTrue(AssertTrue.java:63)
	at org.junit.jupiter.api.AssertTrue.assertTrue(AssertTrue.java:36)
	at org.junit.jupiter.api.AssertTrue.assertTrue(AssertTrue.java:31)
	at org.junit.jupiter.api.Assertions.assertTrue(Assertions.java:183)
	at com.alibaba.nacos.common.remote.client.RpcClientFactoryTest.testGetAllClientEntries(RpcClientFactoryTest.java:92)
	at java.base/java.lang.reflect.Method.invoke(Method.java:580)
	at java.base/java.util.ArrayList.forEach(ArrayList.java:1596)
	at java.base/java.util.ArrayList.forEach(ArrayList.java:1596)
	Suppressed: java.lang.InternalError: java.lang.IllegalAccessException: static final field has no write access: com.alibaba.nacos.common.remote.client.RpcClientFactory.CLIENT_MAP/java.util.Map/putStatic, from class java.lang.Object (module java.base)
		at java.base/jdk.internal.reflect.MethodHandleAccessorFactory.newFieldAccessor(MethodHandleAccessorFactory.java:167)
		at java.base/jdk.internal.reflect.ReflectionFactory.newFieldAccessor(ReflectionFactory.java:145)
		at java.base/java.lang.reflect.Field.acquireOverrideFieldAccessor(Field.java:1200)
		at java.base/java.lang.reflect.Field.getOverrideFieldAccessor(Field.java:1169)
		at java.base/java.lang.reflect.Field.set(Field.java:836)
		at com.alibaba.nacos.common.remote.client.RpcClientFactoryTest.tearDown(RpcClientFactoryTest.java:87)
		... 3 more
	Caused by: java.lang.IllegalAccessException: static final field has no write access: com.alibaba.nacos.common.remote.client.RpcClientFactory.CLIENT_MAP/java.util.Map/putStatic, from class java.lang.Object (module java.base)
		at java.base/java.lang.invoke.MemberName.makeAccessException(MemberName.java:894)
		at java.base/java.lang.invoke.MethodHandles$Lookup.unreflectField(MethodHandles.java:3597)
		at java.base/java.lang.invoke.MethodHandles$Lookup.unreflectSetter(MethodHandles.java:3588)
		at java.base/java.lang.invoke.MethodHandleImpl$1.unreflectField(MethodHandleImpl.java:1632)
		at java.base/jdk.internal.reflect.MethodHandleAccessorFactory.newFieldAccessor(MethodHandleAccessorFactory.java:145)
		... 8 more

[ERROR] com.alibaba.nacos.common.remote.client.RpcClientFactoryTest.testCreateClientWithProperties -- Time elapsed: 0.009 s <<< ERROR!
java.lang.InternalError: java.lang.IllegalAccessException: static final field has no write access: com.alibaba.nacos.common.remote.client.RpcClientFactory.CLIENT_MAP/java.util.Map/putStatic, from class java.lang.Object (module java.base)
	at java.base/jdk.internal.reflect.MethodHandleAccessorFactory.newFieldAccessor(MethodHandleAccessorFactory.java:167)
	at java.base/jdk.internal.reflect.ReflectionFactory.newFieldAccessor(ReflectionFactory.java:145)
	at java.base/java.lang.reflect.Field.acquireOverrideFieldAccessor(Field.java:1200)
	at java.base/java.lang.reflect.Field.getOverrideFieldAccessor(Field.java:1169)
	at java.base/java.lang.reflect.Field.set(Field.java:836)
	at com.alibaba.nacos.common.remote.client.RpcClientFactoryTest.tearDown(RpcClientFactoryTest.java:87)
	at java.base/java.lang.reflect.Method.invoke(Method.java:580)
	at java.base/java.util.ArrayList.forEach(ArrayList.java:1596)
	at java.base/java.util.ArrayList.forEach(ArrayList.java:1596)
Caused by: java.lang.IllegalAccessException: static final field has no write access: com.alibaba.nacos.common.remote.client.RpcClientFactory.CLIENT_MAP/java.util.Map/putStatic, from class java.lang.Object (module java.base)
	at java.base/java.lang.invoke.MemberName.makeAccessException(MemberName.java:894)
	at java.base/java.lang.invoke.MethodHandles$Lookup.unreflectField(MethodHandles.java:3597)
	at java.base/java.lang.invoke.MethodHandles$Lookup.unreflectSetter(MethodHandles.java:3588)
	at java.base/java.lang.invoke.MethodHandleImpl$1.unreflectField(MethodHandleImpl.java:1632)
	at java.base/jdk.internal.reflect.MethodHandleAccessorFactory.newFieldAccessor(MethodHandleAccessorFactory.java:145)
	... 8 more

[ERROR] com.alibaba.nacos.common.remote.client.RpcClientFactoryTest.testDestroyClientWhenClientExistThenRemoveAndShutDownRpcClient -- Time elapsed: 0.002 s <<< ERROR!
java.lang.InternalError: java.lang.IllegalAccessException: static final field has no write access: com.alibaba.nacos.common.remote.client.RpcClientFactory.CLIENT_MAP/java.util.Map/putStatic, from class java.lang.Object (module java.base)
	at java.base/jdk.internal.reflect.MethodHandleAccessorFactory.newFieldAccessor(MethodHandleAccessorFactory.java:167)
	at java.base/jdk.internal.reflect.ReflectionFactory.newFieldAccessor(ReflectionFactory.java:145)
	at java.base/java.lang.reflect.Field.acquireOverrideFieldAccessor(Field.java:1200)
	at java.base/java.lang.reflect.Field.getOverrideFieldAccessor(Field.java:1169)
	at java.base/java.lang.reflect.Field.set(Field.java:836)
	at com.alibaba.nacos.common.remote.client.RpcClientFactoryTest.testDestroyClientWhenClientExistThenRemoveAndShutDownRpcClient(RpcClientFactoryTest.java:100)
	at java.base/java.lang.reflect.Method.invoke(Method.java:580)
	at java.base/java.util.ArrayList.forEach(ArrayList.java:1596)
	at java.base/java.util.ArrayList.forEach(ArrayList.java:1596)
	Suppressed: java.lang.InternalError: java.lang.IllegalAccessException: static final field has no write access: com.alibaba.nacos.common.remote.client.RpcClientFactory.CLIENT_MAP/java.util.Map/putStatic, from class java.lang.Object (module java.base)
		at java.base/jdk.internal.reflect.MethodHandleAccessorFactory.newFieldAccessor(MethodHandleAccessorFactory.java:167)
		at java.base/jdk.internal.reflect.ReflectionFactory.newFieldAccessor(ReflectionFactory.java:145)
		at java.base/java.lang.reflect.Field.acquireOverrideFieldAccessor(Field.java:1200)
		at java.base/java.lang.reflect.Field.getOverrideFieldAccessor(Field.java:1169)
		at java.base/java.lang.reflect.Field.set(Field.java:836)
		at com.alibaba.nacos.common.remote.client.RpcClientFactoryTest.tearDown(RpcClientFactoryTest.java:87)
		... 3 more
	Caused by: java.lang.IllegalAccessException: static final field has no write access: com.alibaba.nacos.common.remote.client.RpcClientFactory.CLIENT_MAP/java.util.Map/putStatic, from class java.lang.Object (module java.base)
		at java.base/java.lang.invoke.MemberName.makeAccessException(MemberName.java:894)
		at java.base/java.lang.invoke.MethodHandles$Lookup.unreflectField(MethodHandles.java:3597)
		at java.base/java.lang.invoke.MethodHandles$Lookup.unreflectSetter(MethodHandles.java:3588)
		at java.base/java.lang.invoke.MethodHandleImpl$1.unreflectField(MethodHandleImpl.java:1632)
		at java.base/jdk.internal.reflect.MethodHandleAccessorFactory.newFieldAccessor(MethodHandleAccessorFactory.java:145)
		... 8 more
Caused by: java.lang.IllegalAccessException: static final field has no write access: com.alibaba.nacos.common.remote.client.RpcClientFactory.CLIENT_MAP/java.util.Map/putStatic, from class java.lang.Object (module java.base)
	at java.base/java.lang.invoke.MemberName.makeAccessException(MemberName.java:894)
	at java.base/java.lang.invoke.MethodHandles$Lookup.unreflectField(MethodHandles.java:3597)
	at java.base/java.lang.invoke.MethodHandles$Lookup.unreflectSetter(MethodHandles.java:3588)
	at java.base/java.lang.invoke.MethodHandleImpl$1.unreflectField(MethodHandleImpl.java:1632)
	at java.base/jdk.internal.reflect.MethodHandleAccessorFactory.newFieldAccessor(MethodHandleAccessorFactory.java:145)
	... 8 more

[ERROR] com.alibaba.nacos.common.remote.client.RpcClientFactoryTest.testCreateClientWhenAlreadyCreatedThenNotCreateAgain -- Time elapsed: 0.001 s <<< ERROR!
java.lang.InternalError: java.lang.IllegalAccessException: static final field has no write access: com.alibaba.nacos.common.remote.client.RpcClientFactory.CLIENT_MAP/java.util.Map/putStatic, from class java.lang.Object (module java.base)
	at java.base/jdk.internal.reflect.MethodHandleAccessorFactory.newFieldAccessor(MethodHandleAccessorFactory.java:167)
	at java.base/jdk.internal.reflect.ReflectionFactory.newFieldAccessor(ReflectionFactory.java:145)
	at java.base/java.lang.reflect.Field.acquireOverrideFieldAccessor(Field.java:1200)
	at java.base/java.lang.reflect.Field.getOverrideFieldAccessor(Field.java:1169)
	at java.base/java.lang.reflect.Field.set(Field.java:836)
	at com.alibaba.nacos.common.remote.client.RpcClientFactoryTest.tearDown(RpcClientFactoryTest.java:87)
	at java.base/java.lang.reflect.Method.invoke(Method.java:580)
	at java.base/java.util.ArrayList.forEach(ArrayList.java:1596)
	at java.base/java.util.ArrayList.forEach(ArrayList.java:1596)
Caused by: java.lang.IllegalAccessException: static final field has no write access: com.alibaba.nacos.common.remote.client.RpcClientFactory.CLIENT_MAP/java.util.Map/putStatic, from class java.lang.Object (module java.base)
	at java.base/java.lang.invoke.MemberName.makeAccessException(MemberName.java:894)
	at java.base/java.lang.invoke.MethodHandles$Lookup.unreflectField(MethodHandles.java:3597)
	at java.base/java.lang.invoke.MethodHandles$Lookup.unreflectSetter(MethodHandles.java:3588)
	at java.base/java.lang.invoke.MethodHandleImpl$1.unreflectField(MethodHandleImpl.java:1632)
	at java.base/jdk.internal.reflect.MethodHandleAccessorFactory.newFieldAccessor(MethodHandleAccessorFactory.java:145)
	... 8 more

[ERROR] com.alibaba.nacos.common.remote.client.RpcClientFactoryTest.testCreateClientTsl -- Time elapsed: 0.002 s <<< FAILURE!
org.opentest4j.AssertionFailedError: expected: <{tls.enable=true, labelKey=labelValue}> but was: <{labelKey=labelValue, tls.enable=false}>
	at org.junit.jupiter.api.AssertionFailureBuilder.build(AssertionFailureBuilder.java:151)
	at org.junit.jupiter.api.AssertionFailureBuilder.buildAndThrow(AssertionFailureBuilder.java:132)
	at org.junit.jupiter.api.AssertEquals.failNotEqual(AssertEquals.java:197)
	at org.junit.jupiter.api.AssertEquals.assertEquals(AssertEquals.java:182)
	at org.junit.jupiter.api.AssertEquals.assertEquals(AssertEquals.java:177)
	at org.junit.jupiter.api.Assertions.assertEquals(Assertions.java:1145)
	at com.alibaba.nacos.common.remote.client.RpcClientFactoryTest.testCreateClientTsl(RpcClientFactoryTest.java:212)
	at java.base/java.lang.reflect.Method.invoke(Method.java:580)
	at java.base/java.util.ArrayList.forEach(ArrayList.java:1596)
	at java.base/java.util.ArrayList.forEach(ArrayList.java:1596)
	Suppressed: java.lang.InternalError: java.lang.IllegalAccessException: static final field has no write access: com.alibaba.nacos.common.remote.client.RpcClientFactory.CLIENT_MAP/java.util.Map/putStatic, from class java.lang.Object (module java.base)
		at java.base/jdk.internal.reflect.MethodHandleAccessorFactory.newFieldAccessor(MethodHandleAccessorFactory.java:167)
		at java.base/jdk.internal.reflect.ReflectionFactory.newFieldAccessor(ReflectionFactory.java:145)
		at java.base/java.lang.reflect.Field.acquireOverrideFieldAccessor(Field.java:1200)
		at java.base/java.lang.reflect.Field.getOverrideFieldAccessor(Field.java:1169)
		at java.base/java.lang.reflect.Field.set(Field.java:836)
		at com.alibaba.nacos.common.remote.client.RpcClientFactoryTest.tearDown(RpcClientFactoryTest.java:87)
		... 3 more
	Caused by: java.lang.IllegalAccessException: static final field has no write access: com.alibaba.nacos.common.remote.client.RpcClientFactory.CLIENT_MAP/java.util.Map/putStatic, from class java.lang.Object (module java.base)
		at java.base/java.lang.invoke.MemberName.makeAccessException(MemberName.java:894)
		at java.base/java.lang.invoke.MethodHandles$Lookup.unreflectField(MethodHandles.java:3597)
		at java.base/java.lang.invoke.MethodHandles$Lookup.unreflectSetter(MethodHandles.java:3588)
		at java.base/java.lang.invoke.MethodHandleImpl$1.unreflectField(MethodHandleImpl.java:1632)
		at java.base/jdk.internal.reflect.MethodHandleAccessorFactory.newFieldAccessor(MethodHandleAccessorFactory.java:145)
		... 8 more

[ERROR] com.alibaba.nacos.common.remote.client.RpcClientFactoryTest.testCreateClusterClientTsl -- Time elapsed: 0.001 s <<< FAILURE!
org.opentest4j.AssertionFailedError: expected: <{tls.enable=true, labelKey=labelValue}> but was: <{labelKey=labelValue, tls.enable=false}>
	at org.junit.jupiter.api.AssertionFailureBuilder.build(AssertionFailureBuilder.java:151)
	at org.junit.jupiter.api.AssertionFailureBuilder.buildAndThrow(AssertionFailureBuilder.java:132)
	at org.junit.jupiter.api.AssertEquals.failNotEqual(AssertEquals.java:197)
	at org.junit.jupiter.api.AssertEquals.assertEquals(AssertEquals.java:182)
	at org.junit.jupiter.api.AssertEquals.assertEquals(AssertEquals.java:177)
	at org.junit.jupiter.api.Assertions.assertEquals(Assertions.java:1145)
	at com.alibaba.nacos.common.remote.client.RpcClientFactoryTest.testCreateClusterClientTsl(RpcClientFactoryTest.java:199)
	at java.base/java.lang.reflect.Method.invoke(Method.java:580)
	at java.base/java.util.ArrayList.forEach(ArrayList.java:1596)
	at java.base/java.util.ArrayList.forEach(ArrayList.java:1596)
	Suppressed: java.lang.InternalError: java.lang.IllegalAccessException: static final field has no write access: com.alibaba.nacos.common.remote.client.RpcClientFactory.CLIENT_MAP/java.util.Map/putStatic, from class java.lang.Object (module java.base)
		at java.base/jdk.internal.reflect.MethodHandleAccessorFactory.newFieldAccessor(MethodHandleAccessorFactory.java:167)
		at java.base/jdk.internal.reflect.ReflectionFactory.newFieldAccessor(ReflectionFactory.java:145)
		at java.base/java.lang.reflect.Field.acquireOverrideFieldAccessor(Field.java:1200)
		at java.base/java.lang.reflect.Field.getOverrideFieldAccessor(Field.java:1169)
		at java.base/java.lang.reflect.Field.set(Field.java:836)
		at com.alibaba.nacos.common.remote.client.RpcClientFactoryTest.tearDown(RpcClientFactoryTest.java:87)
		... 3 more
	Caused by: java.lang.IllegalAccessException: static final field has no write access: com.alibaba.nacos.common.remote.client.RpcClientFactory.CLIENT_MAP/java.util.Map/putStatic, from class java.lang.Object (module java.base)
		at java.base/java.lang.invoke.MemberName.makeAccessException(MemberName.java:894)
		at java.base/java.lang.invoke.MethodHandles$Lookup.unreflectField(MethodHandles.java:3597)
		at java.base/java.lang.invoke.MethodHandles$Lookup.unreflectSetter(MethodHandles.java:3588)
		at java.base/java.lang.invoke.MethodHandleImpl$1.unreflectField(MethodHandleImpl.java:1632)
		at java.base/jdk.internal.reflect.MethodHandleAccessorFactory.newFieldAccessor(MethodHandleAccessorFactory.java:145)
		... 8 more

[ERROR] com.alibaba.nacos.common.remote.client.RpcClientFactoryTest.testGetClient -- Time elapsed: 0.002 s <<< ERROR!
java.lang.InternalError: java.lang.IllegalAccessException: static final field has no write access: com.alibaba.nacos.common.remote.client.RpcClientFactory.CLIENT_MAP/java.util.Map/putStatic, from class java.lang.Object (module java.base)
	at java.base/jdk.internal.reflect.MethodHandleAccessorFactory.newFieldAccessor(MethodHandleAccessorFactory.java:167)
	at java.base/jdk.internal.reflect.ReflectionFactory.newFieldAccessor(ReflectionFactory.java:145)
	at java.base/java.lang.reflect.Field.acquireOverrideFieldAccessor(Field.java:1200)
	at java.base/java.lang.reflect.Field.getOverrideFieldAccessor(Field.java:1169)
	at java.base/java.lang.reflect.Field.set(Field.java:836)
	at com.alibaba.nacos.common.remote.client.RpcClientFactoryTest.testGetClient(RpcClientFactoryTest.java:125)
	at java.base/java.lang.reflect.Method.invoke(Method.java:580)
	at java.base/java.util.ArrayList.forEach(ArrayList.java:1596)
	at java.base/java.util.ArrayList.forEach(ArrayList.java:1596)
	Suppressed: java.lang.InternalError: java.lang.IllegalAccessException: static final field has no write access: com.alibaba.nacos.common.remote.client.RpcClientFactory.CLIENT_MAP/java.util.Map/putStatic, from class java.lang.Object (module java.base)
		at java.base/jdk.internal.reflect.MethodHandleAccessorFactory.newFieldAccessor(MethodHandleAccessorFactory.java:167)
		at java.base/jdk.internal.reflect.ReflectionFactory.newFieldAccessor(ReflectionFactory.java:145)
		at java.base/java.lang.reflect.Field.acquireOverrideFieldAccessor(Field.java:1200)
		at java.base/java.lang.reflect.Field.getOverrideFieldAccessor(Field.java:1169)
		at java.base/java.lang.reflect.Field.set(Field.java:836)
		at com.alibaba.nacos.common.remote.client.RpcClientFactoryTest.tearDown(RpcClientFactoryTest.java:87)
		... 3 more
	Caused by: java.lang.IllegalAccessException: static final field has no write access: com.alibaba.nacos.common.remote.client.RpcClientFactory.CLIENT_MAP/java.util.Map/putStatic, from class java.lang.Object (module java.base)
		at java.base/java.lang.invoke.MemberName.makeAccessException(MemberName.java:894)
		at java.base/java.lang.invoke.MethodHandles$Lookup.unreflectField(MethodHandles.java:3597)
		at java.base/java.lang.invoke.MethodHandles$Lookup.unreflectSetter(MethodHandles.java:3588)
		at java.base/java.lang.invoke.MethodHandleImpl$1.unreflectField(MethodHandleImpl.java:1632)
		at java.base/jdk.internal.reflect.MethodHandleAccessorFactory.newFieldAccessor(MethodHandleAccessorFactory.java:145)
		... 8 more
Caused by: java.lang.IllegalAccessException: static final field has no write access: com.alibaba.nacos.common.remote.client.RpcClientFactory.CLIENT_MAP/java.util.Map/putStatic, from class java.lang.Object (module java.base)
	at java.base/java.lang.invoke.MemberName.makeAccessException(MemberName.java:894)
	at java.base/java.lang.invoke.MethodHandles$Lookup.unreflectField(MethodHandles.java:3597)
	at java.base/java.lang.invoke.MethodHandles$Lookup.unreflectSetter(MethodHandles.java:3588)
	at java.base/java.lang.invoke.MethodHandleImpl$1.unreflectField(MethodHandleImpl.java:1632)
	at java.base/jdk.internal.reflect.MethodHandleAccessorFactory.newFieldAccessor(MethodHandleAccessorFactory.java:145)
	... 8 more

[ERROR] com.alibaba.nacos.common.remote.client.RpcClientFactoryTest.testCreatedClusterClientWhenConnectionTypeNotMappingThenThrowException -- Time elapsed: 0.035 s <<< ERROR!
java.lang.InternalError: java.lang.IllegalAccessException: static final field has no write access: com.alibaba.nacos.common.remote.client.RpcClientFactory.CLIENT_MAP/java.util.Map/putStatic, from class java.lang.Object (module java.base)
	at java.base/jdk.internal.reflect.MethodHandleAccessorFactory.newFieldAccessor(MethodHandleAccessorFactory.java:167)
	at java.base/jdk.internal.reflect.ReflectionFactory.newFieldAccessor(ReflectionFactory.java:145)
	at java.base/java.lang.reflect.Field.acquireOverrideFieldAccessor(Field.java:1200)
	at java.base/java.lang.reflect.Field.getOverrideFieldAccessor(Field.java:1169)
	at java.base/java.lang.reflect.Field.set(Field.java:836)
	at com.alibaba.nacos.common.remote.client.RpcClientFactoryTest.tearDown(RpcClientFactoryTest.java:87)
	at java.base/java.lang.reflect.Method.invoke(Method.java:580)
	at java.base/java.util.ArrayList.forEach(ArrayList.java:1596)
	at java.base/java.util.ArrayList.forEach(ArrayList.java:1596)
Caused by: java.lang.IllegalAccessException: static final field has no write access: com.alibaba.nacos.common.remote.client.RpcClientFactory.CLIENT_MAP/java.util.Map/putStatic, from class java.lang.Object (module java.base)
	at java.base/java.lang.invoke.MemberName.makeAccessException(MemberName.java:894)
	at java.base/java.lang.invoke.MethodHandles$Lookup.unreflectField(MethodHandles.java:3597)
	at java.base/java.lang.invoke.MethodHandles$Lookup.unreflectSetter(MethodHandles.java:3588)
	at java.base/java.lang.invoke.MethodHandleImpl$1.unreflectField(MethodHandleImpl.java:1632)
	at java.base/jdk.internal.reflect.MethodHandleAccessorFactory.newFieldAccessor(MethodHandleAccessorFactory.java:145)
	... 8 more

[ERROR] com.alibaba.nacos.common.remote.client.RpcClientFactoryTest.testCreatedClientWhenConnectionTypeNotMappingThenThrowException -- Time elapsed: 0.003 s <<< ERROR!
java.lang.InternalError: java.lang.IllegalAccessException: static final field has no write access: com.alibaba.nacos.common.remote.client.RpcClientFactory.CLIENT_MAP/java.util.Map/putStatic, from class java.lang.Object (module java.base)
	at java.base/jdk.internal.reflect.MethodHandleAccessorFactory.newFieldAccessor(MethodHandleAccessorFactory.java:167)
	at java.base/jdk.internal.reflect.ReflectionFactory.newFieldAccessor(ReflectionFactory.java:145)
	at java.base/java.lang.reflect.Field.acquireOverrideFieldAccessor(Field.java:1200)
	at java.base/java.lang.reflect.Field.getOverrideFieldAccessor(Field.java:1169)
	at java.base/java.lang.reflect.Field.set(Field.java:836)
	at com.alibaba.nacos.common.remote.client.RpcClientFactoryTest.tearDown(RpcClientFactoryTest.java:87)
	at java.base/java.lang.reflect.Method.invoke(Method.java:580)
	at java.base/java.util.ArrayList.forEach(ArrayList.java:1596)
	at java.base/java.util.ArrayList.forEach(ArrayList.java:1596)
Caused by: java.lang.IllegalAccessException: static final field has no write access: com.alibaba.nacos.common.remote.client.RpcClientFactory.CLIENT_MAP/java.util.Map/putStatic, from class java.lang.Object (module java.base)
	at java.base/java.lang.invoke.MemberName.makeAccessException(MemberName.java:894)
	at java.base/java.lang.invoke.MethodHandles$Lookup.unreflectField(MethodHandles.java:3597)
	at java.base/java.lang.invoke.MethodHandles$Lookup.unreflectSetter(MethodHandles.java:3588)
	at java.base/java.lang.invoke.MethodHandleImpl$1.unreflectField(MethodHandleImpl.java:1632)
	at java.base/jdk.internal.reflect.MethodHandleAccessorFactory.newFieldAccessor(MethodHandleAccessorFactory.java:145)
	... 8 more

[ERROR] com.alibaba.nacos.common.remote.client.RpcClientFactoryTest.testCreateClusterClientWhenNotCreatedThenCreate -- Time elapsed: 0.003 s <<< ERROR!
java.lang.InternalError: java.lang.IllegalAccessException: static final field has no write access: com.alibaba.nacos.common.remote.client.RpcClientFactory.CLIENT_MAP/java.util.Map/putStatic, from class java.lang.Object (module java.base)
	at java.base/jdk.internal.reflect.MethodHandleAccessorFactory.newFieldAccessor(MethodHandleAccessorFactory.java:167)
	at java.base/jdk.internal.reflect.ReflectionFactory.newFieldAccessor(ReflectionFactory.java:145)
	at java.base/java.lang.reflect.Field.acquireOverrideFieldAccessor(Field.java:1200)
	at java.base/java.lang.reflect.Field.getOverrideFieldAccessor(Field.java:1169)
	at java.base/java.lang.reflect.Field.set(Field.java:836)
	at com.alibaba.nacos.common.remote.client.RpcClientFactoryTest.tearDown(RpcClientFactoryTest.java:87)
	at java.base/java.lang.reflect.Method.invoke(Method.java:580)
	at java.base/java.util.ArrayList.forEach(ArrayList.java:1596)
	at java.base/java.util.ArrayList.forEach(ArrayList.java:1596)
Caused by: java.lang.IllegalAccessException: static final field has no write access: com.alibaba.nacos.common.remote.client.RpcClientFactory.CLIENT_MAP/java.util.Map/putStatic, from class java.lang.Object (module java.base)
	at java.base/java.lang.invoke.MemberName.makeAccessException(MemberName.java:894)
	at java.base/java.lang.invoke.MethodHandles$Lookup.unreflectField(MethodHandles.java:3597)
	at java.base/java.lang.invoke.MethodHandles$Lookup.unreflectSetter(MethodHandles.java:3588)
	at java.base/java.lang.invoke.MethodHandleImpl$1.unreflectField(MethodHandleImpl.java:1632)
	at java.base/jdk.internal.reflect.MethodHandleAccessorFactory.newFieldAccessor(MethodHandleAccessorFactory.java:145)
	... 8 more

[ERROR] com.alibaba.nacos.common.remote.client.RpcClientFactoryTest.testCreateClusterClientWithProperties -- Time elapsed: 0.013 s <<< ERROR!
java.lang.ClassCastException: class com.alibaba.nacos.common.remote.client.grpc.GrpcSdkClient cannot be cast to class com.alibaba.nacos.common.remote.client.grpc.GrpcClusterClient (com.alibaba.nacos.common.remote.client.grpc.GrpcSdkClient and com.alibaba.nacos.common.remote.client.grpc.GrpcClusterClient are in unnamed module of loader 'app')
	at com.alibaba.nacos.common.remote.client.RpcClientFactoryTest.testCreateClusterClientWithProperties(RpcClientFactoryTest.java:242)
	at java.base/java.lang.reflect.Method.invoke(Method.java:580)
	at java.base/java.util.ArrayList.forEach(ArrayList.java:1596)
	at java.base/java.util.ArrayList.forEach(ArrayList.java:1596)
	Suppressed: java.lang.InternalError: java.lang.IllegalAccessException: static final field has no write access: com.alibaba.nacos.common.remote.client.RpcClientFactory.CLIENT_MAP/java.util.Map/putStatic, from class java.lang.Object (module java.base)
		at java.base/jdk.internal.reflect.MethodHandleAccessorFactory.newFieldAccessor(MethodHandleAccessorFactory.java:167)
		at java.base/jdk.internal.reflect.ReflectionFactory.newFieldAccessor(ReflectionFactory.java:145)
		at java.base/java.lang.reflect.Field.acquireOverrideFieldAccessor(Field.java:1200)
		at java.base/java.lang.reflect.Field.getOverrideFieldAccessor(Field.java:1169)
		at java.base/java.lang.reflect.Field.set(Field.java:836)
		at com.alibaba.nacos.common.remote.client.RpcClientFactoryTest.tearDown(RpcClientFactoryTest.java:87)
		... 3 more
	Caused by: java.lang.IllegalAccessException: static final field has no write access: com.alibaba.nacos.common.remote.client.RpcClientFactory.CLIENT_MAP/java.util.Map/putStatic, from class java.lang.Object (module java.base)
		at java.base/java.lang.invoke.MemberName.makeAccessException(MemberName.java:894)
		at java.base/java.lang.invoke.MethodHandles$Lookup.unreflectField(MethodHandles.java:3597)
		at java.base/java.lang.invoke.MethodHandles$Lookup.unreflectSetter(MethodHandles.java:3588)
		at java.base/java.lang.invoke.MethodHandleImpl$1.unreflectField(MethodHandleImpl.java:1632)
		at java.base/jdk.internal.reflect.MethodHandleAccessorFactory.newFieldAccessor(MethodHandleAccessorFactory.java:145)
		... 8 more

[INFO] Running com.alibaba.nacos.common.remote.client.grpc.GrpcSdkClientTest
[INFO] Tests run: 4, Failures: 0, Errors: 0, Skipped: 0, Time elapsed: 0.003 s -- in com.alibaba.nacos.common.remote.client.grpc.GrpcSdkClientTest
[INFO] Running com.alibaba.nacos.common.remote.client.grpc.GrpcConstantsTest
[INFO] Tests run: 1, Failures: 0, Errors: 0, Skipped: 0, Time elapsed: 0.006 s -- in com.alibaba.nacos.common.remote.client.grpc.GrpcConstantsTest
[INFO] Running com.alibaba.nacos.common.remote.client.grpc.GrpcClientTest
[INFO] Tests run: 20, Failures: 0, Errors: 0, Skipped: 0, Time elapsed: 0.797 s -- in com.alibaba.nacos.common.remote.client.grpc.GrpcClientTest
[INFO] Running com.alibaba.nacos.common.remote.client.grpc.GrpcClusterClientTest
[INFO] Tests run: 4, Failures: 0, Errors: 0, Skipped: 0, Time elapsed: 0.003 s -- in com.alibaba.nacos.common.remote.client.grpc.GrpcClusterClientTest
[INFO] Running com.alibaba.nacos.common.remote.client.grpc.DefaultGrpcClientConfigTest
[INFO] Tests run: 20, Failures: 0, Errors: 0, Skipped: 0, Time elapsed: 0.003 s -- in com.alibaba.nacos.common.remote.client.grpc.DefaultGrpcClientConfigTest
[INFO] Running com.alibaba.nacos.common.remote.client.grpc.GrpcUtilsTest
[INFO] Tests run: 5, Failures: 0, Errors: 0, Skipped: 0, Time elapsed: 0.189 s -- in com.alibaba.nacos.common.remote.client.grpc.GrpcUtilsTest
[INFO] Running com.alibaba.nacos.common.remote.client.grpc.GrpcClientTlsTest
[INFO] Tests run: 26, Failures: 0, Errors: 0, Skipped: 0, Time elapsed: 1.083 s -- in com.alibaba.nacos.common.remote.client.grpc.GrpcClientTlsTest
[INFO] Running com.alibaba.nacos.common.remote.client.grpc.GrpcConnectionTest
[INFO] Tests run: 16, Failures: 0, Errors: 0, Skipped: 0, Time elapsed: 0.109 s -- in com.alibaba.nacos.common.remote.client.grpc.GrpcConnectionTest
[INFO] Running com.alibaba.nacos.common.remote.client.RpcClientTest
[INFO] Tests run: 62, Failures: 0, Errors: 0, Skipped: 0, Time elapsed: 6.346 s -- in com.alibaba.nacos.common.remote.client.RpcClientTest
[INFO] Running com.alibaba.nacos.common.remote.client.RpcClientConfigFactoryTest
[INFO] Tests run: 3, Failures: 0, Errors: 0, Skipped: 0, Time elapsed: 0 s -- in com.alibaba.nacos.common.remote.client.RpcClientConfigFactoryTest
[INFO] Running com.alibaba.nacos.common.remote.client.ConnectionTest
[INFO] Tests run: 3, Failures: 0, Errors: 0, Skipped: 0, Time elapsed: 0 s -- in com.alibaba.nacos.common.remote.client.ConnectionTest
[INFO] Running com.alibaba.nacos.common.remote.client.RpcClusterClientTlsConfigTest
[INFO] Tests run: 10, Failures: 0, Errors: 0, Skipped: 0, Time elapsed: 0.001 s -- in com.alibaba.nacos.common.remote.client.RpcClusterClientTlsConfigTest
[INFO] Running com.alibaba.nacos.common.remote.client.RpcConstantsTest
[INFO] Tests run: 1, Failures: 0, Errors: 0, Skipped: 0, Time elapsed: 0.003 s -- in com.alibaba.nacos.common.remote.client.RpcConstantsTest
[INFO] Running com.alibaba.nacos.common.remote.client.RpcClientTlsConfigTest
[INFO] Tests run: 10, Failures: 0, Errors: 0, Skipped: 0, Time elapsed: 0.001 s -- in com.alibaba.nacos.common.remote.client.RpcClientTlsConfigTest
[INFO] 
[INFO] Results:
[INFO] 
[ERROR] Failures: 
[ERROR]   RpcClientFactoryTest.testCreateClientTsl:212 expected: <{tls.enable=true, labelKey=labelValue}> but was: <{labelKey=labelValue, tls.enable=false}>
[ERROR]   RpcClientFactoryTest.testCreateClusterClientTsl:199 expected: <{tls.enable=true, labelKey=labelValue}> but was: <{labelKey=labelValue, tls.enable=false}>
[ERROR]   RpcClientFactoryTest.testGetAllClientEntries:92 expected: <true> but was: <false>
[ERROR] Errors: 
[ERROR]   RpcClientFactoryTest.tearDown:87 » Internal java.lang.IllegalAccessException: static final field has no write access: com.alibaba.nacos.common.remote.client.RpcClientFactory.CLIENT_MAP/java.util.Map/putStatic, from class java.lang.Object (module java.base)
[ERROR]   RpcClientFactoryTest.tearDown:87 » Internal java.lang.IllegalAccessException: static final field has no write access: com.alibaba.nacos.common.remote.client.RpcClientFactory.CLIENT_MAP/java.util.Map/putStatic, from class java.lang.Object (module java.base)
[ERROR]   RpcClientFactoryTest.tearDown:87 » Internal java.lang.IllegalAccessException: static final field has no write access: com.alibaba.nacos.common.remote.client.RpcClientFactory.CLIENT_MAP/java.util.Map/putStatic, from class java.lang.Object (module java.base)
[ERROR]   RpcClientFactoryTest.tearDown:87 » Internal java.lang.IllegalAccessException: static final field has no write access: com.alibaba.nacos.common.remote.client.RpcClientFactory.CLIENT_MAP/java.util.Map/putStatic, from class java.lang.Object (module java.base)
[ERROR]   RpcClientFactoryTest.tearDown:87 » Internal java.lang.IllegalAccessException: static final field has no write access: com.alibaba.nacos.common.remote.client.RpcClientFactory.CLIENT_MAP/java.util.Map/putStatic, from class java.lang.Object (module java.base)
[ERROR]   RpcClientFactoryTest.testCreateClusterClientWithProperties:242 ClassCast class com.alibaba.nacos.common.remote.client.grpc.GrpcSdkClient cannot be cast to class com.alibaba.nacos.common.remote.client.grpc.GrpcClusterClient (com.alibaba.nacos.common.remote.client.grpc.GrpcSdkClient and com.alibaba.nacos.common.remote.client.grpc.GrpcClusterClient are in unnamed module of loader 'app')
[ERROR]   RpcClientFactoryTest.tearDown:87 » Internal java.lang.IllegalAccessException: static final field has no write access: com.alibaba.nacos.common.remote.client.RpcClientFactory.CLIENT_MAP/java.util.Map/putStatic, from class java.lang.Object (module java.base)
[ERROR]   RpcClientFactoryTest.tearDown:87 » Internal java.lang.IllegalAccessException: static final field has no write access: com.alibaba.nacos.common.remote.client.RpcClientFactory.CLIENT_MAP/java.util.Map/putStatic, from class java.lang.Object (module java.base)
[ERROR]   RpcClientFactoryTest.testDestroyClientWhenClientExistThenRemoveAndShutDownRpcClient:100 » Internal java.lang.IllegalAccessException: static final field has no write access: com.alibaba.nacos.common.remote.client.RpcClientFactory.CLIENT_MAP/java.util.Map/putStatic, from class java.lang.Object (module java.base)
[ERROR]   RpcClientFactoryTest.testDestroyClientWhenClientNotExistThenDoNothing:110 » Internal java.lang.IllegalAccessException: static final field has no write access: com.alibaba.nacos.common.remote.client.RpcClientFactory.CLIENT_MAP/java.util.Map/putStatic, from class java.lang.Object (module java.base)
[ERROR]   RpcClientFactoryTest.testGetClient:125 » Internal java.lang.IllegalAccessException: static final field has no write access: com.alibaba.nacos.common.remote.client.RpcClientFactory.CLIENT_MAP/java.util.Map/putStatic, from class java.lang.Object (module java.base)
[ERROR]   InternetAddressUtilTest.testLocalHostIp:210 » Internal java.lang.IllegalAccessException: static final field has no write access: com.alibaba.nacos.common.utils.InternetAddressUtil.PREFER_IPV6_ADDRESSES/boolean/putStatic, from class java.lang.Object (module java.base)
[INFO] 
[ERROR] Tests run: 778, Failures: 3, Errors: 12, Skipped: 0
[INFO] 
[ERROR] There are test failures.

Please refer to /Users/xinluo/sources/nacos/common/target/surefire-reports for the individual test results.
Please refer to dump files (if any exist) [date].dump, [date]-jvmRun[N].dump and [date].dumpstream.
[INFO] 
[INFO] --- jacoco-maven-plugin:0.8.13:report (default-report) @ nacos-common ---
[INFO] Loading execution data file /Users/xinluo/sources/nacos/common/target/coverage-reports/jacoco-unit.exec
[INFO] Analyzed bundle 'nacos-common 3.1.0-SNAPSHOT' with 186 classes
[INFO] 
[INFO] --- easyj-maven-plugin:1.1.5:simplify-pom (flatten-pom) @ nacos-common ---
[INFO] Create PomSimplifier by mode: auto
[INFO] The simplify mode is: JAR
[INFO] Do simplify by the POM simplifier: JarPomSimplifier
[INFO] 
[INFO] ==================================  start simplify  ==================================
[INFO] Remove Parent.
[INFO] Set GroupId from 'null' to 'com.alibaba.nacos'.
[INFO] Set Version from 'null' to '3.1.0-SNAPSHOT'.
[INFO] Set Name from 'nacos-common ${project.version}' to 'nacos-common 3.1.0-SNAPSHOT'.
[INFO] -------------------------------------------
[INFO] Copy project info from parent for the open source project:
[INFO]    Copy Licenses.
[INFO]    Copy Developers.
[INFO]    Copy Scm.
[INFO]    Copy Organization.
[INFO]    Copy IssueManagement.
[INFO] -------------------------------------------
[INFO] -------------------------------------------
[INFO] Reset dependencies: groupId, version, exclusions (Contains 8 dependencies)
[INFO]   Reset dependency: [org.slf4j:slf4j-api:null] -> [org.slf4j:slf4j-api:2.0.13]
[INFO]   Reset dependency: [commons-io:commons-io:null] -> [commons-io:commons-io:2.14.0]
[INFO]   Reset dependency: [org.apache.httpcomponents.client5:httpclient5:null] -> [org.apache.httpcomponents.client5:httpclient5:5.4.4]
[INFO]   Reset dependency: [${project.groupId}:nacos-api:null] -> [com.alibaba.nacos:nacos-api:3.1.0-SNAPSHOT]
[INFO]   Reset dependency: [com.fasterxml.jackson.core:jackson-core:null] -> [com.fasterxml.jackson.core:jackson-core:2.18.4.1]
[INFO]   Reset dependency: [com.fasterxml.jackson.core:jackson-databind:null] -> [com.fasterxml.jackson.core:jackson-databind:2.18.4]
[INFO]   Remove dependency by scope=test: [commons-logging:commons-logging:1.2:test]
[INFO]   Remove dependency by scope=test: [com.mysql:mysql-connector-j:8.2.0:test]
[INFO] Remaining 6 dependencies.
[INFO] -------------------------------------------
[INFO] Remove Properties.
[INFO] Remove Build.
[INFO] -------------------------------------------
[INFO] Optimize Dependencies: (6)
[INFO]  - Optimize with 'replaceVariable'
[INFO] ==================================   end  simplify  ==================================
[INFO] 
[INFO] Create the POM file '.flattened-pom.xml'.
[INFO] Set the POM file '.flattened-pom.xml' to the project object.
[INFO] 
[INFO] --- maven-jar-plugin:3.2.2:jar (default-jar) @ nacos-common ---
[INFO] Building jar: /Users/xinluo/sources/nacos/common/target/nacos-common-3.1.0-SNAPSHOT.jar
[INFO] 
[INFO] --- maven-javadoc-plugin:2.10.4:jar (attach-javadocs) @ nacos-common ---
[INFO] Skipping javadoc generation
[INFO] 
[INFO] >>> maven-source-plugin:3.0.1:jar (attach-sources) > generate-sources @ nacos-common >>>
[INFO] 
[INFO] --- maven-enforcer-plugin:3.5.0:enforce (enforce-ban-circular-dependencies) @ nacos-common ---
[INFO] Rule 0: org.codehaus.mojo.extraenforcer.dependencies.BanCircularDependencies passed
[INFO] 
[INFO] --- maven-checkstyle-plugin:3.1.2:check (validate) @ nacos-common ---
[WARNING] Old version of checkstyle detected. Consider updating to >= v8.30
[WARNING] For more information see: https://maven.apache.org/plugins/maven-checkstyle-plugin/examples/upgrading-checkstyle.html
[INFO] 开始检查……
检查完成。
[INFO] You have 0 Checkstyle violations.
[INFO] 
[INFO] --- jacoco-maven-plugin:0.8.13:prepare-agent (default-prepare-agent) @ nacos-common ---
[INFO] argLine set to -javaagent:/var/root/.m2/repository/org/jacoco/org.jacoco.agent/0.8.13/org.jacoco.agent-0.8.13-runtime.jar=destfile=/Users/xinluo/sources/nacos/common/target/coverage-reports/jacoco-unit.exec,append=true,excludes=**/grpc/auto/**:**/packagescan/classreading/**:**/packagescan/resource/**:**/packagescan/util/**,output=file
[INFO] 
[INFO] --- build-helper-maven-plugin:3.2.0:add-source (add-source) @ nacos-common ---
[INFO] Source directory: /Users/xinluo/sources/nacos/common/target/generated-sources/protobuf/java added.
[INFO] 
[INFO] <<< maven-source-plugin:3.0.1:jar (attach-sources) < generate-sources @ nacos-common <<<
[INFO] 
[INFO] 
[INFO] --- maven-source-plugin:3.0.1:jar (attach-sources) @ nacos-common ---
[INFO] Building jar: /Users/xinluo/sources/nacos/common/target/nacos-common-3.1.0-SNAPSHOT-sources.jar
[INFO] 
[INFO] >>> maven-pmd-plugin:3.16.0:check (default) > :pmd @ nacos-common >>>
[INFO] 
[INFO] --- maven-pmd-plugin:3.16.0:pmd (pmd) @ nacos-common ---
[WARNING] Unable to locate Source XRef to link to - DISABLED
[WARNING] Unable to locate Source XRef to link to - DISABLED
[INFO] PMD version: 6.42.0
[WARNING] Rule /Users/xinluo/sources/nacos/common/target/pmd/rulesets/ali-comment.xml/CommentsMustBeJavadocFormatRule does not mention attribute language='java', please mention it explicitly to be compatible with PMD 7
[WARNING] Rule /Users/xinluo/sources/nacos/common/target/pmd/rulesets/ali-comment.xml/AbstractMethodOrInterfaceMethodMustUseJavadocRule does not mention attribute language='java', please mention it explicitly to be compatible with PMD 7
[WARNING] Rule /Users/xinluo/sources/nacos/common/target/pmd/rulesets/ali-comment.xml/ClassMustHaveAuthorRule does not mention attribute language='java', please mention it explicitly to be compatible with PMD 7
[WARNING] Rule /Users/xinluo/sources/nacos/common/target/pmd/rulesets/ali-comment.xml/EnumConstantsMustHaveCommentRule does not mention attribute language='java', please mention it explicitly to be compatible with PMD 7
[WARNING] Rule /Users/xinluo/sources/nacos/common/target/pmd/rulesets/ali-comment.xml/AvoidCommentBehindStatementRule does not mention attribute language='java', please mention it explicitly to be compatible with PMD 7
[WARNING] Rule /Users/xinluo/sources/nacos/common/target/pmd/rulesets/ali-comment.xml/RemoveCommentedCodeRule does not mention attribute language='java', please mention it explicitly to be compatible with PMD 7
[WARNING] Rule /Users/xinluo/sources/nacos/common/target/pmd/rulesets/ali-constant.xml/UpperEllRule does not mention attribute language='java', please mention it explicitly to be compatible with PMD 7
[WARNING] Rule /Users/xinluo/sources/nacos/common/target/pmd/rulesets/ali-constant.xml/UndefineMagicConstantRule does not mention attribute language='java', please mention it explicitly to be compatible with PMD 7
[WARNING] Rule /Users/xinluo/sources/nacos/common/target/pmd/rulesets/ali-set.xml/ClassCastExceptionWithToArrayRule does not mention attribute language='java', please mention it explicitly to be compatible with PMD 7
[WARNING] Rule /Users/xinluo/sources/nacos/common/target/pmd/rulesets/ali-set.xml/UnsupportedExceptionWithModifyAsListRule does not mention attribute language='java', please mention it explicitly to be compatible with PMD 7
[WARNING] Rule /Users/xinluo/sources/nacos/common/target/pmd/rulesets/ali-set.xml/ClassCastExceptionWithSubListToArrayListRule does not mention attribute language='java', please mention it explicitly to be compatible with PMD 7
[WARNING] Rule /Users/xinluo/sources/nacos/common/target/pmd/rulesets/ali-set.xml/ConcurrentExceptionWithModifyOriginSubListRule does not mention attribute language='java', please mention it explicitly to be compatible with PMD 7
[WARNING] Rule /Users/xinluo/sources/nacos/common/target/pmd/rulesets/ali-set.xml/DontModifyInForeachCircleRule does not mention attribute language='java', please mention it explicitly to be compatible with PMD 7
[WARNING] Rule /Users/xinluo/sources/nacos/common/target/pmd/rulesets/ali-set.xml/CollectionInitShouldAssignCapacityRule does not mention attribute language='java', please mention it explicitly to be compatible with PMD 7
[WARNING] Use of deprecated attribute 'ClassOrInterfaceDeclaration/@Image' by XPath rule 'BooleanPropertyShouldNotStartWithIsRule' (in ruleset 'AlibabaJavaNaming'), please use @SimpleName instead
[WARNING] Use of deprecated attribute 'FieldDeclaration/@Array' by XPath rule 'ArrayNamingShouldHaveBracketRule' (in ruleset 'AlibabaJavaNaming')
[WARNING] Use of deprecated attribute 'LocalVariableDeclaration/@Array' by XPath rule 'ArrayNamingShouldHaveBracketRule' (in ruleset 'AlibabaJavaNaming')
[WARNING] Use of deprecated attribute 'ReferenceType/@Array' by XPath rule 'ArrayNamingShouldHaveBracketRule' (in ruleset 'AlibabaJavaNaming')
[WARNING] Use of deprecated attribute 'ConditionalExpression/@Ternary' by XPath rule 'AvoidComplexConditionRule' (in ruleset 'AlibabaJavaFlowControl')
[WARNING] Use of deprecated attribute 'AdditiveExpression/@Image' in a findChildNodesWithXPath navigation, please use @Operator instead
java.lang.RuntimeException: Use of deprecated attribute 'AdditiveExpression/@Image' in a findChildNodesWithXPath navigation, please use @Operator instead
    at net.sourceforge.pmd.lang.ast.xpath.internal.DeprecatedAttrLogger$AdhocLoggerImpl.recordUsageOf (DeprecatedAttrLogger.java:113)
    at net.sourceforge.pmd.lang.ast.xpath.internal.ContextualizedNavigator.getAttributeStringValue (ContextualizedNavigator.java:24)
    at org.jaxen.function.StringFunction.evaluate (StringFunction.java:278)
    at org.jaxen.expr.DefaultEqualityExpr.evaluateObjectObject (DefaultEqualityExpr.java:152)
    at org.jaxen.expr.DefaultEqualityExpr.evaluateSetSet (DefaultEqualityExpr.java:126)
    at org.jaxen.expr.DefaultEqualityExpr.evaluate (DefaultEqualityExpr.java:97)
    at org.jaxen.expr.DefaultAndExpr.evaluate (DefaultAndExpr.java:82)
    at org.jaxen.expr.DefaultPredicate.evaluate (DefaultPredicate.java:95)
    at org.jaxen.expr.PredicateSet.applyPredicate (PredicateSet.java:269)
    at org.jaxen.expr.PredicateSet.evaluatePredicates (PredicateSet.java:244)
    at org.jaxen.expr.DefaultNameStep.evaluate (DefaultNameStep.java:291)
    at org.jaxen.expr.DefaultLocationPath.evaluate (DefaultLocationPath.java:140)
    at org.jaxen.expr.DefaultXPathExpr.asList (DefaultXPathExpr.java:102)
    at org.jaxen.BaseXPath.selectNodesForContext (BaseXPath.java:677)
    at org.jaxen.BaseXPath.selectNodes (BaseXPath.java:216)
    at net.sourceforge.pmd.lang.ast.AbstractNode.findChildNodesWithXPath (AbstractNode.java:528)
    at com.alibaba.p3c.pmd.lang.java.rule.oop.StringConcatRule.checkStringConcat (StringConcatRule.java:76)
    at com.alibaba.p3c.pmd.lang.java.rule.oop.StringConcatRule.visit (StringConcatRule.java:51)
    at net.sourceforge.pmd.lang.java.ast.ASTForStatement.jjtAccept (ASTForStatement.java:39)
    at net.sourceforge.pmd.lang.java.rule.AbstractJavaRule.visit (AbstractJavaRule.java:222)
    at net.sourceforge.pmd.lang.java.rule.AbstractJavaRule.visit (AbstractJavaRule.java:659)
    at net.sourceforge.pmd.lang.java.ast.ASTStatement.jjtAccept (ASTStatement.java:25)
    at net.sourceforge.pmd.lang.java.rule.AbstractJavaRule.visit (AbstractJavaRule.java:222)
    at net.sourceforge.pmd.lang.java.rule.AbstractJavaRule.visit (AbstractJavaRule.java:674)
    at net.sourceforge.pmd.lang.java.ast.ASTBlockStatement.jjtAccept (ASTBlockStatement.java:25)
    at net.sourceforge.pmd.lang.java.rule.AbstractJavaRule.visit (AbstractJavaRule.java:222)
    at net.sourceforge.pmd.lang.java.rule.AbstractJavaRule.visit (AbstractJavaRule.java:669)
    at net.sourceforge.pmd.lang.java.ast.ASTBlock.jjtAccept (ASTBlock.java:27)
    at net.sourceforge.pmd.lang.java.rule.AbstractJavaRule.visit (AbstractJavaRule.java:222)
    at net.sourceforge.pmd.lang.java.rule.AbstractJavaRule.visit (AbstractJavaRule.java:659)
    at net.sourceforge.pmd.lang.java.ast.ASTStatement.jjtAccept (ASTStatement.java:25)
    at net.sourceforge.pmd.lang.java.rule.AbstractJavaRule.visit (AbstractJavaRule.java:222)
    at net.sourceforge.pmd.lang.java.rule.AbstractJavaRule.visit (AbstractJavaRule.java:704)
    at net.sourceforge.pmd.lang.java.ast.ASTIfStatement.jjtAccept (ASTIfStatement.java:93)
    at net.sourceforge.pmd.lang.java.rule.AbstractJavaRule.visit (AbstractJavaRule.java:222)
    at net.sourceforge.pmd.lang.java.rule.AbstractJavaRule.visit (AbstractJavaRule.java:659)
    at net.sourceforge.pmd.lang.java.ast.ASTStatement.jjtAccept (ASTStatement.java:25)
    at net.sourceforge.pmd.lang.java.rule.AbstractJavaRule.visit (AbstractJavaRule.java:222)
    at net.sourceforge.pmd.lang.java.rule.AbstractJavaRule.visit (AbstractJavaRule.java:674)
    at net.sourceforge.pmd.lang.java.ast.ASTBlockStatement.jjtAccept (ASTBlockStatement.java:25)
    at net.sourceforge.pmd.lang.java.rule.AbstractJavaRule.visit (AbstractJavaRule.java:222)
    at net.sourceforge.pmd.lang.java.rule.AbstractJavaRule.visit (AbstractJavaRule.java:669)
    at net.sourceforge.pmd.lang.java.ast.ASTBlock.jjtAccept (ASTBlock.java:27)
    at net.sourceforge.pmd.lang.java.rule.AbstractJavaRule.visit (AbstractJavaRule.java:222)
    at net.sourceforge.pmd.lang.java.rule.AbstractJavaRule.visit (AbstractJavaRule.java:449)
    at net.sourceforge.pmd.lang.java.ast.ASTMethodDeclaration.jjtAccept (ASTMethodDeclaration.java:37)
    at net.sourceforge.pmd.lang.java.rule.AbstractJavaRule.visit (AbstractJavaRule.java:222)
    at net.sourceforge.pmd.lang.java.rule.AbstractJavaRule.visit (AbstractJavaRule.java:269)
    at net.sourceforge.pmd.lang.java.ast.ASTClassOrInterfaceBodyDeclaration.jjtAccept (ASTClassOrInterfaceBodyDeclaration.java:44)
    at net.sourceforge.pmd.lang.java.rule.AbstractJavaRule.visit (AbstractJavaRule.java:222)
    at net.sourceforge.pmd.lang.java.rule.AbstractJavaRule.visit (AbstractJavaRule.java:264)
    at net.sourceforge.pmd.lang.java.ast.ASTClassOrInterfaceBody.jjtAccept (ASTClassOrInterfaceBody.java:35)
    at net.sourceforge.pmd.lang.java.rule.AbstractJavaRule.visit (AbstractJavaRule.java:222)
    at net.sourceforge.pmd.lang.java.rule.AbstractJavaRule.visit (AbstractJavaRule.java:234)
    at net.sourceforge.pmd.lang.java.ast.ASTClassOrInterfaceDeclaration.jjtAccept (ASTClassOrInterfaceDeclaration.java:55)
    at net.sourceforge.pmd.lang.java.rule.AbstractJavaRule.visit (AbstractJavaRule.java:222)
    at net.sourceforge.pmd.lang.java.rule.AbstractJavaRule.visit (AbstractJavaRule.java:419)
    at net.sourceforge.pmd.lang.java.ast.ASTTypeDeclaration.jjtAccept (ASTTypeDeclaration.java:39)
    at net.sourceforge.pmd.lang.java.rule.AbstractJavaRule.visit (AbstractJavaRule.java:222)
    at net.sourceforge.pmd.lang.java.rule.AbstractJavaRule.visit (AbstractJavaRule.java:394)
    at com.alibaba.p3c.pmd.lang.java.rule.AbstractAliRule.visit (AbstractAliRule.java:60)
    at net.sourceforge.pmd.lang.java.ast.ASTCompilationUnit.jjtAccept (ASTCompilationUnit.java:44)
    at net.sourceforge.pmd.lang.java.rule.AbstractJavaRule.visitAll (AbstractJavaRule.java:164)
    at net.sourceforge.pmd.lang.java.rule.AbstractJavaRule.apply (AbstractJavaRule.java:158)
    at net.sourceforge.pmd.RuleSet.apply (RuleSet.java:659)
    at net.sourceforge.pmd.RuleSets.apply (RuleSets.java:163)
    at net.sourceforge.pmd.SourceCodeProcessor.processSource (SourceCodeProcessor.java:209)
    at net.sourceforge.pmd.SourceCodeProcessor.processSourceCodeWithoutCache (SourceCodeProcessor.java:118)
    at net.sourceforge.pmd.SourceCodeProcessor.processSourceCode (SourceCodeProcessor.java:100)
    at net.sourceforge.pmd.SourceCodeProcessor.processSourceCode (SourceCodeProcessor.java:62)
    at net.sourceforge.pmd.processor.PmdRunnable.call (PmdRunnable.java:85)
    at net.sourceforge.pmd.processor.PmdRunnable.call (PmdRunnable.java:29)
    at java.util.concurrent.FutureTask.run (FutureTask.java:317)
    at java.util.concurrent.Executors$RunnableAdapter.call (Executors.java:572)
    at java.util.concurrent.FutureTask.run (FutureTask.java:317)
    at java.util.concurrent.ThreadPoolExecutor.runWorker (ThreadPoolExecutor.java:1144)
    at java.util.concurrent.ThreadPoolExecutor$Worker.run (ThreadPoolExecutor.java:642)
    at java.lang.Thread.run (Thread.java:1583)
[WARNING] Use of deprecated attribute 'AdditiveExpression/@Image' in a findChildNodesWithXPath navigation, please use @Operator instead
java.lang.RuntimeException: Use of deprecated attribute 'AdditiveExpression/@Image' in a findChildNodesWithXPath navigation, please use @Operator instead
    at net.sourceforge.pmd.lang.ast.xpath.internal.DeprecatedAttrLogger$AdhocLoggerImpl.recordUsageOf (DeprecatedAttrLogger.java:113)
    at net.sourceforge.pmd.lang.ast.xpath.internal.ContextualizedNavigator.getAttributeStringValue (ContextualizedNavigator.java:24)
    at org.jaxen.function.StringFunction.evaluate (StringFunction.java:278)
    at org.jaxen.expr.DefaultEqualityExpr.evaluateObjectObject (DefaultEqualityExpr.java:152)
    at org.jaxen.expr.DefaultEqualityExpr.evaluateSetSet (DefaultEqualityExpr.java:126)
    at org.jaxen.expr.DefaultEqualityExpr.evaluate (DefaultEqualityExpr.java:97)
    at org.jaxen.expr.DefaultAndExpr.evaluate (DefaultAndExpr.java:82)
    at org.jaxen.expr.DefaultPredicate.evaluate (DefaultPredicate.java:95)
    at org.jaxen.expr.PredicateSet.applyPredicate (PredicateSet.java:269)
    at org.jaxen.expr.PredicateSet.evaluatePredicates (PredicateSet.java:244)
    at org.jaxen.expr.DefaultNameStep.evaluate (DefaultNameStep.java:291)
    at org.jaxen.expr.DefaultLocationPath.evaluate (DefaultLocationPath.java:140)
    at org.jaxen.expr.DefaultXPathExpr.asList (DefaultXPathExpr.java:102)
    at org.jaxen.BaseXPath.selectNodesForContext (BaseXPath.java:677)
    at org.jaxen.BaseXPath.selectNodes (BaseXPath.java:216)
    at net.sourceforge.pmd.lang.ast.AbstractNode.findChildNodesWithXPath (AbstractNode.java:528)
    at com.alibaba.p3c.pmd.lang.java.rule.oop.StringConcatRule.checkStringConcat (StringConcatRule.java:76)
    at com.alibaba.p3c.pmd.lang.java.rule.oop.StringConcatRule.visit (StringConcatRule.java:51)
    at net.sourceforge.pmd.lang.java.ast.ASTForStatement.jjtAccept (ASTForStatement.java:39)
    at net.sourceforge.pmd.lang.java.rule.AbstractJavaRule.visit (AbstractJavaRule.java:222)
    at net.sourceforge.pmd.lang.java.rule.AbstractJavaRule.visit (AbstractJavaRule.java:659)
    at net.sourceforge.pmd.lang.java.ast.ASTStatement.jjtAccept (ASTStatement.java:25)
    at net.sourceforge.pmd.lang.java.rule.AbstractJavaRule.visit (AbstractJavaRule.java:222)
    at net.sourceforge.pmd.lang.java.rule.AbstractJavaRule.visit (AbstractJavaRule.java:674)
    at net.sourceforge.pmd.lang.java.ast.ASTBlockStatement.jjtAccept (ASTBlockStatement.java:25)
    at net.sourceforge.pmd.lang.java.rule.AbstractJavaRule.visit (AbstractJavaRule.java:222)
    at net.sourceforge.pmd.lang.java.rule.AbstractJavaRule.visit (AbstractJavaRule.java:669)
    at net.sourceforge.pmd.lang.java.ast.ASTBlock.jjtAccept (ASTBlock.java:27)
    at net.sourceforge.pmd.lang.java.rule.AbstractJavaRule.visit (AbstractJavaRule.java:222)
    at net.sourceforge.pmd.lang.java.rule.AbstractJavaRule.visit (AbstractJavaRule.java:449)
    at net.sourceforge.pmd.lang.java.ast.ASTMethodDeclaration.jjtAccept (ASTMethodDeclaration.java:37)
    at net.sourceforge.pmd.lang.java.rule.AbstractJavaRule.visit (AbstractJavaRule.java:222)
    at net.sourceforge.pmd.lang.java.rule.AbstractJavaRule.visit (AbstractJavaRule.java:269)
    at net.sourceforge.pmd.lang.java.ast.ASTClassOrInterfaceBodyDeclaration.jjtAccept (ASTClassOrInterfaceBodyDeclaration.java:44)
    at net.sourceforge.pmd.lang.java.rule.AbstractJavaRule.visit (AbstractJavaRule.java:222)
    at net.sourceforge.pmd.lang.java.rule.AbstractJavaRule.visit (AbstractJavaRule.java:264)
    at net.sourceforge.pmd.lang.java.ast.ASTClassOrInterfaceBody.jjtAccept (ASTClassOrInterfaceBody.java:35)
    at net.sourceforge.pmd.lang.java.rule.AbstractJavaRule.visit (AbstractJavaRule.java:222)
    at net.sourceforge.pmd.lang.java.rule.AbstractJavaRule.visit (AbstractJavaRule.java:234)
    at net.sourceforge.pmd.lang.java.ast.ASTClassOrInterfaceDeclaration.jjtAccept (ASTClassOrInterfaceDeclaration.java:55)
    at net.sourceforge.pmd.lang.java.rule.AbstractJavaRule.visit (AbstractJavaRule.java:222)
    at net.sourceforge.pmd.lang.java.rule.AbstractJavaRule.visit (AbstractJavaRule.java:419)
    at net.sourceforge.pmd.lang.java.ast.ASTTypeDeclaration.jjtAccept (ASTTypeDeclaration.java:39)
    at net.sourceforge.pmd.lang.java.rule.AbstractJavaRule.visit (AbstractJavaRule.java:222)
    at net.sourceforge.pmd.lang.java.rule.AbstractJavaRule.visit (AbstractJavaRule.java:394)
    at com.alibaba.p3c.pmd.lang.java.rule.AbstractAliRule.visit (AbstractAliRule.java:60)
    at net.sourceforge.pmd.lang.java.ast.ASTCompilationUnit.jjtAccept (ASTCompilationUnit.java:44)
    at net.sourceforge.pmd.lang.java.rule.AbstractJavaRule.visitAll (AbstractJavaRule.java:164)
    at net.sourceforge.pmd.lang.java.rule.AbstractJavaRule.apply (AbstractJavaRule.java:158)
    at net.sourceforge.pmd.RuleSet.apply (RuleSet.java:659)
    at net.sourceforge.pmd.RuleSets.apply (RuleSets.java:163)
    at net.sourceforge.pmd.SourceCodeProcessor.processSource (SourceCodeProcessor.java:209)
    at net.sourceforge.pmd.SourceCodeProcessor.processSourceCodeWithoutCache (SourceCodeProcessor.java:118)
    at net.sourceforge.pmd.SourceCodeProcessor.processSourceCode (SourceCodeProcessor.java:100)
    at net.sourceforge.pmd.SourceCodeProcessor.processSourceCode (SourceCodeProcessor.java:62)
    at net.sourceforge.pmd.processor.PmdRunnable.call (PmdRunnable.java:85)
    at net.sourceforge.pmd.processor.PmdRunnable.call (PmdRunnable.java:29)
    at java.util.concurrent.FutureTask.run (FutureTask.java:317)
    at java.util.concurrent.Executors$RunnableAdapter.call (Executors.java:572)
    at java.util.concurrent.FutureTask.run (FutureTask.java:317)
    at java.util.concurrent.ThreadPoolExecutor.runWorker (ThreadPoolExecutor.java:1144)
    at java.util.concurrent.ThreadPoolExecutor$Worker.run (ThreadPoolExecutor.java:642)
    at java.lang.Thread.run (Thread.java:1583)
[WARNING] Use of deprecated attribute 'AdditiveExpression/@Image' in a findChildNodesWithXPath navigation, please use @Operator instead
java.lang.RuntimeException: Use of deprecated attribute 'AdditiveExpression/@Image' in a findChildNodesWithXPath navigation, please use @Operator instead
    at net.sourceforge.pmd.lang.ast.xpath.internal.DeprecatedAttrLogger$AdhocLoggerImpl.recordUsageOf (DeprecatedAttrLogger.java:113)
    at net.sourceforge.pmd.lang.ast.xpath.internal.ContextualizedNavigator.getAttributeStringValue (ContextualizedNavigator.java:24)
    at org.jaxen.function.StringFunction.evaluate (StringFunction.java:278)
    at org.jaxen.expr.DefaultEqualityExpr.evaluateObjectObject (DefaultEqualityExpr.java:152)
    at org.jaxen.expr.DefaultEqualityExpr.evaluateSetSet (DefaultEqualityExpr.java:126)
    at org.jaxen.expr.DefaultEqualityExpr.evaluate (DefaultEqualityExpr.java:97)
    at org.jaxen.expr.DefaultAndExpr.evaluate (DefaultAndExpr.java:82)
    at org.jaxen.expr.DefaultPredicate.evaluate (DefaultPredicate.java:95)
    at org.jaxen.expr.PredicateSet.applyPredicate (PredicateSet.java:269)
    at org.jaxen.expr.PredicateSet.evaluatePredicates (PredicateSet.java:244)
    at org.jaxen.expr.DefaultNameStep.evaluate (DefaultNameStep.java:291)
    at org.jaxen.expr.DefaultLocationPath.evaluate (DefaultLocationPath.java:140)
    at org.jaxen.expr.DefaultXPathExpr.asList (DefaultXPathExpr.java:102)
    at org.jaxen.BaseXPath.selectNodesForContext (BaseXPath.java:677)
    at org.jaxen.BaseXPath.selectNodes (BaseXPath.java:216)
    at net.sourceforge.pmd.lang.ast.AbstractNode.findChildNodesWithXPath (AbstractNode.java:528)
    at com.alibaba.p3c.pmd.lang.java.rule.oop.StringConcatRule.checkStringConcat (StringConcatRule.java:76)
    at com.alibaba.p3c.pmd.lang.java.rule.oop.StringConcatRule.visit (StringConcatRule.java:51)
    at net.sourceforge.pmd.lang.java.ast.ASTForStatement.jjtAccept (ASTForStatement.java:39)
    at net.sourceforge.pmd.lang.java.rule.AbstractJavaRule.visit (AbstractJavaRule.java:222)
    at net.sourceforge.pmd.lang.java.rule.AbstractJavaRule.visit (AbstractJavaRule.java:659)
    at net.sourceforge.pmd.lang.java.ast.ASTStatement.jjtAccept (ASTStatement.java:25)
    at net.sourceforge.pmd.lang.java.rule.AbstractJavaRule.visit (AbstractJavaRule.java:222)
    at net.sourceforge.pmd.lang.java.rule.AbstractJavaRule.visit (AbstractJavaRule.java:674)
    at net.sourceforge.pmd.lang.java.ast.ASTBlockStatement.jjtAccept (ASTBlockStatement.java:25)
    at net.sourceforge.pmd.lang.java.rule.AbstractJavaRule.visit (AbstractJavaRule.java:222)
    at net.sourceforge.pmd.lang.java.rule.AbstractJavaRule.visit (AbstractJavaRule.java:669)
    at net.sourceforge.pmd.lang.java.ast.ASTBlock.jjtAccept (ASTBlock.java:27)
    at net.sourceforge.pmd.lang.java.rule.AbstractJavaRule.visit (AbstractJavaRule.java:222)
    at net.sourceforge.pmd.lang.java.rule.AbstractJavaRule.visit (AbstractJavaRule.java:449)
    at net.sourceforge.pmd.lang.java.ast.ASTMethodDeclaration.jjtAccept (ASTMethodDeclaration.java:37)
    at net.sourceforge.pmd.lang.java.rule.AbstractJavaRule.visit (AbstractJavaRule.java:222)
    at net.sourceforge.pmd.lang.java.rule.AbstractJavaRule.visit (AbstractJavaRule.java:269)
    at net.sourceforge.pmd.lang.java.ast.ASTClassOrInterfaceBodyDeclaration.jjtAccept (ASTClassOrInterfaceBodyDeclaration.java:44)
    at net.sourceforge.pmd.lang.java.rule.AbstractJavaRule.visit (AbstractJavaRule.java:222)
    at net.sourceforge.pmd.lang.java.rule.AbstractJavaRule.visit (AbstractJavaRule.java:264)
    at net.sourceforge.pmd.lang.java.ast.ASTClassOrInterfaceBody.jjtAccept (ASTClassOrInterfaceBody.java:35)
    at net.sourceforge.pmd.lang.java.rule.AbstractJavaRule.visit (AbstractJavaRule.java:222)
    at net.sourceforge.pmd.lang.java.rule.AbstractJavaRule.visit (AbstractJavaRule.java:234)
    at net.sourceforge.pmd.lang.java.ast.ASTClassOrInterfaceDeclaration.jjtAccept (ASTClassOrInterfaceDeclaration.java:55)
    at net.sourceforge.pmd.lang.java.rule.AbstractJavaRule.visit (AbstractJavaRule.java:222)
    at net.sourceforge.pmd.lang.java.rule.AbstractJavaRule.visit (AbstractJavaRule.java:419)
    at net.sourceforge.pmd.lang.java.ast.ASTTypeDeclaration.jjtAccept (ASTTypeDeclaration.java:39)
    at net.sourceforge.pmd.lang.java.rule.AbstractJavaRule.visit (AbstractJavaRule.java:222)
    at net.sourceforge.pmd.lang.java.rule.AbstractJavaRule.visit (AbstractJavaRule.java:394)
    at com.alibaba.p3c.pmd.lang.java.rule.AbstractAliRule.visit (AbstractAliRule.java:60)
    at net.sourceforge.pmd.lang.java.ast.ASTCompilationUnit.jjtAccept (ASTCompilationUnit.java:44)
    at net.sourceforge.pmd.lang.java.rule.AbstractJavaRule.visitAll (AbstractJavaRule.java:164)
    at net.sourceforge.pmd.lang.java.rule.AbstractJavaRule.apply (AbstractJavaRule.java:158)
    at net.sourceforge.pmd.RuleSet.apply (RuleSet.java:659)
    at net.sourceforge.pmd.RuleSets.apply (RuleSets.java:163)
    at net.sourceforge.pmd.SourceCodeProcessor.processSource (SourceCodeProcessor.java:209)
    at net.sourceforge.pmd.SourceCodeProcessor.processSourceCodeWithoutCache (SourceCodeProcessor.java:118)
    at net.sourceforge.pmd.SourceCodeProcessor.processSourceCode (SourceCodeProcessor.java:100)
    at net.sourceforge.pmd.SourceCodeProcessor.processSourceCode (SourceCodeProcessor.java:62)
    at net.sourceforge.pmd.processor.PmdRunnable.call (PmdRunnable.java:85)
    at net.sourceforge.pmd.processor.PmdRunnable.call (PmdRunnable.java:29)
    at java.util.concurrent.FutureTask.run (FutureTask.java:317)
    at java.util.concurrent.Executors$RunnableAdapter.call (Executors.java:572)
    at java.util.concurrent.FutureTask.run (FutureTask.java:317)
    at java.util.concurrent.ThreadPoolExecutor.runWorker (ThreadPoolExecutor.java:1144)
    at java.util.concurrent.ThreadPoolExecutor$Worker.run (ThreadPoolExecutor.java:642)
    at java.lang.Thread.run (Thread.java:1583)
[WARNING] Use of deprecated attribute 'AdditiveExpression/@Image' in a findChildNodesWithXPath navigation, please use @Operator instead
java.lang.RuntimeException: Use of deprecated attribute 'AdditiveExpression/@Image' in a findChildNodesWithXPath navigation, please use @Operator instead
    at net.sourceforge.pmd.lang.ast.xpath.internal.DeprecatedAttrLogger$AdhocLoggerImpl.recordUsageOf (DeprecatedAttrLogger.java:113)
    at net.sourceforge.pmd.lang.ast.xpath.internal.ContextualizedNavigator.getAttributeStringValue (ContextualizedNavigator.java:24)
    at org.jaxen.function.StringFunction.evaluate (StringFunction.java:278)
    at org.jaxen.expr.DefaultEqualityExpr.evaluateObjectObject (DefaultEqualityExpr.java:152)
    at org.jaxen.expr.DefaultEqualityExpr.evaluateSetSet (DefaultEqualityExpr.java:126)
    at org.jaxen.expr.DefaultEqualityExpr.evaluate (DefaultEqualityExpr.java:97)
    at org.jaxen.expr.DefaultAndExpr.evaluate (DefaultAndExpr.java:82)
    at org.jaxen.expr.DefaultPredicate.evaluate (DefaultPredicate.java:95)
    at org.jaxen.expr.PredicateSet.applyPredicate (PredicateSet.java:269)
    at org.jaxen.expr.PredicateSet.evaluatePredicates (PredicateSet.java:244)
    at org.jaxen.expr.DefaultNameStep.evaluate (DefaultNameStep.java:291)
    at org.jaxen.expr.DefaultLocationPath.evaluate (DefaultLocationPath.java:140)
    at org.jaxen.expr.DefaultXPathExpr.asList (DefaultXPathExpr.java:102)
    at org.jaxen.BaseXPath.selectNodesForContext (BaseXPath.java:677)
    at org.jaxen.BaseXPath.selectNodes (BaseXPath.java:216)
    at net.sourceforge.pmd.lang.ast.AbstractNode.findChildNodesWithXPath (AbstractNode.java:528)
    at com.alibaba.p3c.pmd.lang.java.rule.oop.StringConcatRule.checkStringConcat (StringConcatRule.java:76)
    at com.alibaba.p3c.pmd.lang.java.rule.oop.StringConcatRule.visit (StringConcatRule.java:51)
    at net.sourceforge.pmd.lang.java.ast.ASTForStatement.jjtAccept (ASTForStatement.java:39)
    at net.sourceforge.pmd.lang.java.rule.AbstractJavaRule.visit (AbstractJavaRule.java:222)
    at net.sourceforge.pmd.lang.java.rule.AbstractJavaRule.visit (AbstractJavaRule.java:659)
    at net.sourceforge.pmd.lang.java.ast.ASTStatement.jjtAccept (ASTStatement.java:25)
    at net.sourceforge.pmd.lang.java.rule.AbstractJavaRule.visit (AbstractJavaRule.java:222)
    at net.sourceforge.pmd.lang.java.rule.AbstractJavaRule.visit (AbstractJavaRule.java:674)
    at net.sourceforge.pmd.lang.java.ast.ASTBlockStatement.jjtAccept (ASTBlockStatement.java:25)
    at net.sourceforge.pmd.lang.java.rule.AbstractJavaRule.visit (AbstractJavaRule.java:222)
    at net.sourceforge.pmd.lang.java.rule.AbstractJavaRule.visit (AbstractJavaRule.java:669)
    at net.sourceforge.pmd.lang.java.ast.ASTBlock.jjtAccept (ASTBlock.java:27)
    at net.sourceforge.pmd.lang.java.rule.AbstractJavaRule.visit (AbstractJavaRule.java:222)
    at net.sourceforge.pmd.lang.java.rule.AbstractJavaRule.visit (AbstractJavaRule.java:449)
    at net.sourceforge.pmd.lang.java.ast.ASTMethodDeclaration.jjtAccept (ASTMethodDeclaration.java:37)
    at net.sourceforge.pmd.lang.java.rule.AbstractJavaRule.visit (AbstractJavaRule.java:222)
    at net.sourceforge.pmd.lang.java.rule.AbstractJavaRule.visit (AbstractJavaRule.java:269)
    at net.sourceforge.pmd.lang.java.ast.ASTClassOrInterfaceBodyDeclaration.jjtAccept (ASTClassOrInterfaceBodyDeclaration.java:44)
    at net.sourceforge.pmd.lang.java.rule.AbstractJavaRule.visit (AbstractJavaRule.java:222)
    at net.sourceforge.pmd.lang.java.rule.AbstractJavaRule.visit (AbstractJavaRule.java:264)
    at net.sourceforge.pmd.lang.java.ast.ASTClassOrInterfaceBody.jjtAccept (ASTClassOrInterfaceBody.java:35)
    at net.sourceforge.pmd.lang.java.rule.AbstractJavaRule.visit (AbstractJavaRule.java:222)
    at net.sourceforge.pmd.lang.java.rule.AbstractJavaRule.visit (AbstractJavaRule.java:234)
    at net.sourceforge.pmd.lang.java.ast.ASTClassOrInterfaceDeclaration.jjtAccept (ASTClassOrInterfaceDeclaration.java:55)
    at net.sourceforge.pmd.lang.java.rule.AbstractJavaRule.visit (AbstractJavaRule.java:222)
    at net.sourceforge.pmd.lang.java.rule.AbstractJavaRule.visit (AbstractJavaRule.java:419)
    at net.sourceforge.pmd.lang.java.ast.ASTTypeDeclaration.jjtAccept (ASTTypeDeclaration.java:39)
    at net.sourceforge.pmd.lang.java.rule.AbstractJavaRule.visit (AbstractJavaRule.java:222)
    at net.sourceforge.pmd.lang.java.rule.AbstractJavaRule.visit (AbstractJavaRule.java:394)
    at com.alibaba.p3c.pmd.lang.java.rule.AbstractAliRule.visit (AbstractAliRule.java:60)
    at net.sourceforge.pmd.lang.java.ast.ASTCompilationUnit.jjtAccept (ASTCompilationUnit.java:44)
    at net.sourceforge.pmd.lang.java.rule.AbstractJavaRule.visitAll (AbstractJavaRule.java:164)
    at net.sourceforge.pmd.lang.java.rule.AbstractJavaRule.apply (AbstractJavaRule.java:158)
    at net.sourceforge.pmd.RuleSet.apply (RuleSet.java:659)
    at net.sourceforge.pmd.RuleSets.apply (RuleSets.java:163)
    at net.sourceforge.pmd.SourceCodeProcessor.processSource (SourceCodeProcessor.java:209)
    at net.sourceforge.pmd.SourceCodeProcessor.processSourceCodeWithoutCache (SourceCodeProcessor.java:118)
    at net.sourceforge.pmd.SourceCodeProcessor.processSourceCode (SourceCodeProcessor.java:100)
    at net.sourceforge.pmd.SourceCodeProcessor.processSourceCode (SourceCodeProcessor.java:62)
    at net.sourceforge.pmd.processor.PmdRunnable.call (PmdRunnable.java:85)
    at net.sourceforge.pmd.processor.PmdRunnable.call (PmdRunnable.java:29)
    at java.util.concurrent.FutureTask.run (FutureTask.java:317)
    at java.util.concurrent.Executors$RunnableAdapter.call (Executors.java:572)
    at java.util.concurrent.FutureTask.run (FutureTask.java:317)
    at java.util.concurrent.ThreadPoolExecutor.runWorker (ThreadPoolExecutor.java:1144)
    at java.util.concurrent.ThreadPoolExecutor$Worker.run (ThreadPoolExecutor.java:642)
    at java.lang.Thread.run (Thread.java:1583)
[WARNING] Use of deprecated attribute 'AdditiveExpression/@Image' in a findChildNodesWithXPath navigation, please use @Operator instead
java.lang.RuntimeException: Use of deprecated attribute 'AdditiveExpression/@Image' in a findChildNodesWithXPath navigation, please use @Operator instead
    at net.sourceforge.pmd.lang.ast.xpath.internal.DeprecatedAttrLogger$AdhocLoggerImpl.recordUsageOf (DeprecatedAttrLogger.java:113)
    at net.sourceforge.pmd.lang.ast.xpath.internal.ContextualizedNavigator.getAttributeStringValue (ContextualizedNavigator.java:24)
    at org.jaxen.function.StringFunction.evaluate (StringFunction.java:278)
    at org.jaxen.expr.DefaultEqualityExpr.evaluateObjectObject (DefaultEqualityExpr.java:152)
    at org.jaxen.expr.DefaultEqualityExpr.evaluateSetSet (DefaultEqualityExpr.java:126)
    at org.jaxen.expr.DefaultEqualityExpr.evaluate (DefaultEqualityExpr.java:97)
    at org.jaxen.expr.DefaultAndExpr.evaluate (DefaultAndExpr.java:82)
    at org.jaxen.expr.DefaultPredicate.evaluate (DefaultPredicate.java:95)
    at org.jaxen.expr.PredicateSet.applyPredicate (PredicateSet.java:269)
    at org.jaxen.expr.PredicateSet.evaluatePredicates (PredicateSet.java:244)
    at org.jaxen.expr.DefaultNameStep.evaluate (DefaultNameStep.java:215)
    at org.jaxen.expr.DefaultLocationPath.evaluate (DefaultLocationPath.java:140)
    at org.jaxen.expr.DefaultXPathExpr.asList (DefaultXPathExpr.java:102)
    at org.jaxen.BaseXPath.selectNodesForContext (BaseXPath.java:677)
    at org.jaxen.BaseXPath.selectNodes (BaseXPath.java:216)
    at net.sourceforge.pmd.lang.ast.AbstractNode.findChildNodesWithXPath (AbstractNode.java:528)
    at com.alibaba.p3c.pmd.lang.java.rule.oop.StringConcatRule.checkStringConcat (StringConcatRule.java:76)
    at com.alibaba.p3c.pmd.lang.java.rule.oop.StringConcatRule.visit (StringConcatRule.java:57)
    at net.sourceforge.pmd.lang.java.ast.ASTWhileStatement.jjtAccept (ASTWhileStatement.java:66)
    at net.sourceforge.pmd.lang.java.rule.AbstractJavaRule.visit (AbstractJavaRule.java:222)
    at net.sourceforge.pmd.lang.java.rule.AbstractJavaRule.visit (AbstractJavaRule.java:659)
    at net.sourceforge.pmd.lang.java.ast.ASTStatement.jjtAccept (ASTStatement.java:25)
    at net.sourceforge.pmd.lang.java.rule.AbstractJavaRule.visit (AbstractJavaRule.java:222)
    at net.sourceforge.pmd.lang.java.rule.AbstractJavaRule.visit (AbstractJavaRule.java:674)
    at net.sourceforge.pmd.lang.java.ast.ASTBlockStatement.jjtAccept (ASTBlockStatement.java:25)
    at net.sourceforge.pmd.lang.java.rule.AbstractJavaRule.visit (AbstractJavaRule.java:222)
    at net.sourceforge.pmd.lang.java.rule.AbstractJavaRule.visit (AbstractJavaRule.java:669)
    at net.sourceforge.pmd.lang.java.ast.ASTBlock.jjtAccept (ASTBlock.java:27)
    at net.sourceforge.pmd.lang.java.rule.AbstractJavaRule.visit (AbstractJavaRule.java:222)
    at net.sourceforge.pmd.lang.java.rule.AbstractJavaRule.visit (AbstractJavaRule.java:659)
    at net.sourceforge.pmd.lang.java.ast.ASTStatement.jjtAccept (ASTStatement.java:25)
    at net.sourceforge.pmd.lang.java.rule.AbstractJavaRule.visit (AbstractJavaRule.java:222)
    at net.sourceforge.pmd.lang.java.rule.AbstractJavaRule.visit (AbstractJavaRule.java:704)
    at net.sourceforge.pmd.lang.java.ast.ASTIfStatement.jjtAccept (ASTIfStatement.java:93)
    at net.sourceforge.pmd.lang.java.rule.AbstractJavaRule.visit (AbstractJavaRule.java:222)
    at net.sourceforge.pmd.lang.java.rule.AbstractJavaRule.visit (AbstractJavaRule.java:659)
    at net.sourceforge.pmd.lang.java.ast.ASTStatement.jjtAccept (ASTStatement.java:25)
    at net.sourceforge.pmd.lang.java.rule.AbstractJavaRule.visit (AbstractJavaRule.java:222)
    at net.sourceforge.pmd.lang.java.rule.AbstractJavaRule.visit (AbstractJavaRule.java:674)
    at net.sourceforge.pmd.lang.java.ast.ASTBlockStatement.jjtAccept (ASTBlockStatement.java:25)
    at net.sourceforge.pmd.lang.java.rule.AbstractJavaRule.visit (AbstractJavaRule.java:222)
    at net.sourceforge.pmd.lang.java.rule.AbstractJavaRule.visit (AbstractJavaRule.java:669)
    at net.sourceforge.pmd.lang.java.ast.ASTBlock.jjtAccept (ASTBlock.java:27)
    at net.sourceforge.pmd.lang.java.rule.AbstractJavaRule.visit (AbstractJavaRule.java:222)
    at net.sourceforge.pmd.lang.java.rule.AbstractJavaRule.visit (AbstractJavaRule.java:449)
    at net.sourceforge.pmd.lang.java.ast.ASTMethodDeclaration.jjtAccept (ASTMethodDeclaration.java:37)
    at net.sourceforge.pmd.lang.java.rule.AbstractJavaRule.visit (AbstractJavaRule.java:222)
    at net.sourceforge.pmd.lang.java.rule.AbstractJavaRule.visit (AbstractJavaRule.java:269)
    at net.sourceforge.pmd.lang.java.ast.ASTClassOrInterfaceBodyDeclaration.jjtAccept (ASTClassOrInterfaceBodyDeclaration.java:44)
    at net.sourceforge.pmd.lang.java.rule.AbstractJavaRule.visit (AbstractJavaRule.java:222)
    at net.sourceforge.pmd.lang.java.rule.AbstractJavaRule.visit (AbstractJavaRule.java:264)
    at net.sourceforge.pmd.lang.java.ast.ASTClassOrInterfaceBody.jjtAccept (ASTClassOrInterfaceBody.java:35)
    at net.sourceforge.pmd.lang.java.rule.AbstractJavaRule.visit (AbstractJavaRule.java:222)
    at net.sourceforge.pmd.lang.java.rule.AbstractJavaRule.visit (AbstractJavaRule.java:234)
    at net.sourceforge.pmd.lang.java.ast.ASTClassOrInterfaceDeclaration.jjtAccept (ASTClassOrInterfaceDeclaration.java:55)
    at net.sourceforge.pmd.lang.java.rule.AbstractJavaRule.visit (AbstractJavaRule.java:222)
    at net.sourceforge.pmd.lang.java.rule.AbstractJavaRule.visit (AbstractJavaRule.java:419)
    at net.sourceforge.pmd.lang.java.ast.ASTTypeDeclaration.jjtAccept (ASTTypeDeclaration.java:39)
    at net.sourceforge.pmd.lang.java.rule.AbstractJavaRule.visit (AbstractJavaRule.java:222)
    at net.sourceforge.pmd.lang.java.rule.AbstractJavaRule.visit (AbstractJavaRule.java:394)
    at com.alibaba.p3c.pmd.lang.java.rule.AbstractAliRule.visit (AbstractAliRule.java:60)
    at net.sourceforge.pmd.lang.java.ast.ASTCompilationUnit.jjtAccept (ASTCompilationUnit.java:44)
    at net.sourceforge.pmd.lang.java.rule.AbstractJavaRule.visitAll (AbstractJavaRule.java:164)
    at net.sourceforge.pmd.lang.java.rule.AbstractJavaRule.apply (AbstractJavaRule.java:158)
    at net.sourceforge.pmd.RuleSet.apply (RuleSet.java:659)
    at net.sourceforge.pmd.RuleSets.apply (RuleSets.java:163)
    at net.sourceforge.pmd.SourceCodeProcessor.processSource (SourceCodeProcessor.java:209)
    at net.sourceforge.pmd.SourceCodeProcessor.processSourceCodeWithoutCache (SourceCodeProcessor.java:118)
    at net.sourceforge.pmd.SourceCodeProcessor.processSourceCode (SourceCodeProcessor.java:100)
    at net.sourceforge.pmd.SourceCodeProcessor.processSourceCode (SourceCodeProcessor.java:62)
    at net.sourceforge.pmd.processor.PmdRunnable.call (PmdRunnable.java:85)
    at net.sourceforge.pmd.processor.PmdRunnable.call (PmdRunnable.java:29)
    at java.util.concurrent.FutureTask.run (FutureTask.java:317)
    at java.util.concurrent.Executors$RunnableAdapter.call (Executors.java:572)
    at java.util.concurrent.FutureTask.run (FutureTask.java:317)
    at java.util.concurrent.ThreadPoolExecutor.runWorker (ThreadPoolExecutor.java:1144)
    at java.util.concurrent.ThreadPoolExecutor$Worker.run (ThreadPoolExecutor.java:642)
    at java.lang.Thread.run (Thread.java:1583)
[WARNING] Use of deprecated attribute 'AdditiveExpression/@Image' in a findChildNodesWithXPath navigation, please use @Operator instead
java.lang.RuntimeException: Use of deprecated attribute 'AdditiveExpression/@Image' in a findChildNodesWithXPath navigation, please use @Operator instead
    at net.sourceforge.pmd.lang.ast.xpath.internal.DeprecatedAttrLogger$AdhocLoggerImpl.recordUsageOf (DeprecatedAttrLogger.java:113)
    at net.sourceforge.pmd.lang.ast.xpath.internal.ContextualizedNavigator.getAttributeStringValue (ContextualizedNavigator.java:24)
    at org.jaxen.function.StringFunction.evaluate (StringFunction.java:278)
    at org.jaxen.expr.DefaultEqualityExpr.evaluateObjectObject (DefaultEqualityExpr.java:152)
    at org.jaxen.expr.DefaultEqualityExpr.evaluateSetSet (DefaultEqualityExpr.java:126)
    at org.jaxen.expr.DefaultEqualityExpr.evaluate (DefaultEqualityExpr.java:97)
    at org.jaxen.expr.DefaultAndExpr.evaluate (DefaultAndExpr.java:82)
    at org.jaxen.expr.DefaultPredicate.evaluate (DefaultPredicate.java:95)
    at org.jaxen.expr.PredicateSet.applyPredicate (PredicateSet.java:269)
    at org.jaxen.expr.PredicateSet.evaluatePredicates (PredicateSet.java:244)
    at org.jaxen.expr.DefaultNameStep.evaluate (DefaultNameStep.java:291)
    at org.jaxen.expr.DefaultLocationPath.evaluate (DefaultLocationPath.java:140)
    at org.jaxen.expr.DefaultXPathExpr.asList (DefaultXPathExpr.java:102)
    at org.jaxen.BaseXPath.selectNodesForContext (BaseXPath.java:677)
    at org.jaxen.BaseXPath.selectNodes (BaseXPath.java:216)
    at net.sourceforge.pmd.lang.ast.AbstractNode.findChildNodesWithXPath (AbstractNode.java:528)
    at com.alibaba.p3c.pmd.lang.java.rule.oop.StringConcatRule.checkStringConcat (StringConcatRule.java:76)
    at com.alibaba.p3c.pmd.lang.java.rule.oop.StringConcatRule.visit (StringConcatRule.java:57)
    at net.sourceforge.pmd.lang.java.ast.ASTWhileStatement.jjtAccept (ASTWhileStatement.java:66)
    at net.sourceforge.pmd.lang.java.rule.AbstractJavaRule.visit (AbstractJavaRule.java:222)
    at net.sourceforge.pmd.lang.java.rule.AbstractJavaRule.visit (AbstractJavaRule.java:659)
    at net.sourceforge.pmd.lang.java.ast.ASTStatement.jjtAccept (ASTStatement.java:25)
    at net.sourceforge.pmd.lang.java.rule.AbstractJavaRule.visit (AbstractJavaRule.java:222)
    at net.sourceforge.pmd.lang.java.rule.AbstractJavaRule.visit (AbstractJavaRule.java:674)
    at net.sourceforge.pmd.lang.java.ast.ASTBlockStatement.jjtAccept (ASTBlockStatement.java:25)
    at net.sourceforge.pmd.lang.java.rule.AbstractJavaRule.visit (AbstractJavaRule.java:222)
    at net.sourceforge.pmd.lang.java.rule.AbstractJavaRule.visit (AbstractJavaRule.java:669)
    at net.sourceforge.pmd.lang.java.ast.ASTBlock.jjtAccept (ASTBlock.java:27)
    at net.sourceforge.pmd.lang.java.rule.AbstractJavaRule.visit (AbstractJavaRule.java:222)
    at net.sourceforge.pmd.lang.java.rule.AbstractJavaRule.visit (AbstractJavaRule.java:449)
    at net.sourceforge.pmd.lang.java.ast.ASTMethodDeclaration.jjtAccept (ASTMethodDeclaration.java:37)
    at net.sourceforge.pmd.lang.java.rule.AbstractJavaRule.visit (AbstractJavaRule.java:222)
    at net.sourceforge.pmd.lang.java.rule.AbstractJavaRule.visit (AbstractJavaRule.java:269)
    at net.sourceforge.pmd.lang.java.ast.ASTClassOrInterfaceBodyDeclaration.jjtAccept (ASTClassOrInterfaceBodyDeclaration.java:44)
    at net.sourceforge.pmd.lang.java.rule.AbstractJavaRule.visit (AbstractJavaRule.java:222)
    at net.sourceforge.pmd.lang.java.rule.AbstractJavaRule.visit (AbstractJavaRule.java:264)
    at net.sourceforge.pmd.lang.java.ast.ASTClassOrInterfaceBody.jjtAccept (ASTClassOrInterfaceBody.java:35)
    at net.sourceforge.pmd.lang.java.rule.AbstractJavaRule.visit (AbstractJavaRule.java:222)
    at net.sourceforge.pmd.lang.java.rule.AbstractJavaRule.visit (AbstractJavaRule.java:234)
    at net.sourceforge.pmd.lang.java.ast.ASTClassOrInterfaceDeclaration.jjtAccept (ASTClassOrInterfaceDeclaration.java:55)
    at net.sourceforge.pmd.lang.java.rule.AbstractJavaRule.visit (AbstractJavaRule.java:222)
    at net.sourceforge.pmd.lang.java.rule.AbstractJavaRule.visit (AbstractJavaRule.java:419)
    at net.sourceforge.pmd.lang.java.ast.ASTTypeDeclaration.jjtAccept (ASTTypeDeclaration.java:39)
    at net.sourceforge.pmd.lang.java.rule.AbstractJavaRule.visit (AbstractJavaRule.java:222)
    at net.sourceforge.pmd.lang.java.rule.AbstractJavaRule.visit (AbstractJavaRule.java:394)
    at com.alibaba.p3c.pmd.lang.java.rule.AbstractAliRule.visit (AbstractAliRule.java:60)
    at net.sourceforge.pmd.lang.java.ast.ASTCompilationUnit.jjtAccept (ASTCompilationUnit.java:44)
    at net.sourceforge.pmd.lang.java.rule.AbstractJavaRule.visitAll (AbstractJavaRule.java:164)
    at net.sourceforge.pmd.lang.java.rule.AbstractJavaRule.apply (AbstractJavaRule.java:158)
    at net.sourceforge.pmd.RuleSet.apply (RuleSet.java:659)
    at net.sourceforge.pmd.RuleSets.apply (RuleSets.java:163)
    at net.sourceforge.pmd.SourceCodeProcessor.processSource (SourceCodeProcessor.java:209)
    at net.sourceforge.pmd.SourceCodeProcessor.processSourceCodeWithoutCache (SourceCodeProcessor.java:118)
    at net.sourceforge.pmd.SourceCodeProcessor.processSourceCode (SourceCodeProcessor.java:100)
    at net.sourceforge.pmd.SourceCodeProcessor.processSourceCode (SourceCodeProcessor.java:62)
    at net.sourceforge.pmd.processor.PmdRunnable.call (PmdRunnable.java:85)
    at net.sourceforge.pmd.processor.PmdRunnable.call (PmdRunnable.java:29)
    at java.util.concurrent.FutureTask.run (FutureTask.java:317)
    at java.util.concurrent.Executors$RunnableAdapter.call (Executors.java:572)
    at java.util.concurrent.FutureTask.run (FutureTask.java:317)
    at java.util.concurrent.ThreadPoolExecutor.runWorker (ThreadPoolExecutor.java:1144)
    at java.util.concurrent.ThreadPoolExecutor$Worker.run (ThreadPoolExecutor.java:642)
    at java.lang.Thread.run (Thread.java:1583)
[INFO] 
[INFO] <<< maven-pmd-plugin:3.16.0:check (default) < :pmd @ nacos-common <<<
[INFO] 
[INFO] 
[INFO] --- maven-pmd-plugin:3.16.0:check (default) @ nacos-common ---
[INFO] PMD version: 6.42.0
[INFO] 
[INFO] 
[INFO] --- apache-rat-plugin:0.12:check (default) @ nacos-common ---
[INFO] Enabled default license matchers.
[INFO] Will parse SCM ignores for exclusions...
[INFO] Finished adding exclusions from SCM ignore files.
[INFO] 61 implicit excludes (use -debug for more details).
[INFO] Exclude: .editorconfig
[INFO] Exclude: .travis.yml
[INFO] Exclude: codecov.yml
[INFO] Exclude: CONTRIBUTING.md
[INFO] Exclude: CODE_OF_CONDUCT.md
[INFO] Exclude: CHANGELOG.md
[INFO] Exclude: style/codeStyle.md
[INFO] Exclude: REPORTING-BUGS.md
[INFO] Exclude: README.md
[INFO] Exclude: .github/**/*
[INFO] Exclude: doc/*
[INFO] Exclude: derby.log
[INFO] Exclude: logs/*
[INFO] Exclude: src/main/resources/static/**
[INFO] Exclude: **/istio/model/**
[INFO] Exclude: **/consistency/entity/**
[INFO] Exclude: **/*.txt
[INFO] Exclude: **/*.factories
[INFO] Exclude: /console-ui/**
[INFO] Exclude: **/gogo.proto
[INFO] Exclude: **/any.proto
[INFO] Exclude: src/main/java/com/alibaba/nacos/common/packagescan/classreading/**
[INFO] Exclude: .flattened-pom.xml
[INFO] Exclude: **/announcement*.conf
[INFO] Exclude: **/console-guide.conf
[INFO] Exclude: **/reflect-config.json
[INFO] Exclude: **/resource-config.json
[INFO] Exclude: **/proxy-config.json
[INFO] Exclude: **/jni-config.json
[INFO] Exclude: **/predefined-classes-config.json
[INFO] Exclude: **/serialization-config.json
[INFO] Exclude: **/filter-config.json
[INFO] Exclude: **/disk_cache_test/**
[INFO] Exclude: **/failover_test/**
[INFO] Exclude: lefthook.yml
[INFO] Exclude: .vscode/**
[INFO] 349 resources included (use -debug for more details)
[INFO] Rat check: Summary over all files. Unapproved: 0, unknown: 0, generated: 0, approved: 348 licenses.
[INFO] 
[INFO] --- maven-install-plugin:2.4:install (default-install) @ nacos-common ---
[INFO] Installing /Users/xinluo/sources/nacos/common/target/nacos-common-3.1.0-SNAPSHOT.jar to /var/root/.m2/repository/com/alibaba/nacos/nacos-common/3.1.0-SNAPSHOT/nacos-common-3.1.0-SNAPSHOT.jar
[INFO] Installing /Users/xinluo/sources/nacos/common/.flattened-pom.xml to /var/root/.m2/repository/com/alibaba/nacos/nacos-common/3.1.0-SNAPSHOT/nacos-common-3.1.0-SNAPSHOT.pom
[INFO] Installing /Users/xinluo/sources/nacos/common/target/nacos-common-3.1.0-SNAPSHOT-sources.jar to /var/root/.m2/repository/com/alibaba/nacos/nacos-common/3.1.0-SNAPSHOT/nacos-common-3.1.0-SNAPSHOT-sources.jar
[INFO] 
[INFO] ----------------< com.alibaba.nacos:nacos-consistency >-----------------
[INFO] Building nacos-consistency 3.1.0-SNAPSHOT 3.1.0-SNAPSHOT          [4/45]
[INFO] --------------------------------[ jar ]---------------------------------
[INFO] 
[INFO] --- maven-clean-plugin:2.5:clean (default-clean) @ nacos-consistency ---
[INFO] Deleting /Users/xinluo/sources/nacos/consistency/target
[INFO] 
[INFO] --- easyj-maven-plugin:1.1.5:clean-simplify-pom (clean-flattened-pom) @ nacos-consistency ---
[INFO] Deleting /Users/xinluo/sources/nacos/consistency/.flattened-pom.xml
[INFO] 
[INFO] --- maven-enforcer-plugin:3.5.0:enforce (enforce-ban-circular-dependencies) @ nacos-consistency ---
[INFO] Rule 0: org.codehaus.mojo.extraenforcer.dependencies.BanCircularDependencies passed
[INFO] 
[INFO] --- maven-checkstyle-plugin:3.1.2:check (validate) @ nacos-consistency ---
[WARNING] Old version of checkstyle detected. Consider updating to >= v8.30
[WARNING] For more information see: https://maven.apache.org/plugins/maven-checkstyle-plugin/examples/upgrading-checkstyle.html
[INFO] 开始检查……
检查完成。
[INFO] You have 0 Checkstyle violations.
[INFO] 
[INFO] --- jacoco-maven-plugin:0.8.13:prepare-agent (default-prepare-agent) @ nacos-consistency ---
[INFO] argLine set to -javaagent:/var/root/.m2/repository/org/jacoco/org.jacoco.agent/0.8.13/org.jacoco.agent-0.8.13-runtime.jar=destfile=/Users/xinluo/sources/nacos/consistency/target/coverage-reports/jacoco-unit.exec,append=true,excludes=**/grpc/auto/**:**/packagescan/classreading/**:**/packagescan/resource/**:**/packagescan/util/**,output=file
[INFO] 
[INFO] --- build-helper-maven-plugin:3.2.0:add-source (add-source) @ nacos-consistency ---
[INFO] Source directory: /Users/xinluo/sources/nacos/consistency/target/generated-sources/protobuf/java added.
[INFO] 
[INFO] --- protobuf-maven-plugin:0.6.1:compile (default) @ nacos-consistency ---
[INFO] Compiling 2 proto file(s) to /Users/xinluo/sources/nacos/consistency/target/generated-sources/protobuf/java
[INFO] 
[INFO] --- protobuf-maven-plugin:0.6.1:compile-custom (default) @ nacos-consistency ---
[INFO] Compiling 2 proto file(s) to /Users/xinluo/sources/nacos/consistency/target/generated-sources/protobuf/grpc-java
[INFO] 
[INFO] --- maven-resources-plugin:3.0.2:resources (default-resources) @ nacos-consistency ---
[INFO] Using 'UTF-8' encoding to copy filtered resources.
[INFO] Copying 1 resource
[INFO] Copying 2 resources
[INFO] Copying 2 resources
[INFO] 
[INFO] --- maven-compiler-plugin:3.5.1:compile (default-compile) @ nacos-consistency ---
[INFO] Changes detected - recompiling the module!
[INFO] Compiling 35 source files to /Users/xinluo/sources/nacos/consistency/target/classes
[WARNING] 未与 -source 17 一起设置系统模块路径
[INFO] /Users/xinluo/sources/nacos/consistency/src/main/java/com/alibaba/nacos/consistency/Serializer.java: 某些输入文件使用了未经检查或不安全的操作。
[INFO] /Users/xinluo/sources/nacos/consistency/src/main/java/com/alibaba/nacos/consistency/Serializer.java: 有关详细信息, 请使用 -Xlint:unchecked 重新编译。
[INFO] 
[INFO] --- maven-resources-plugin:3.0.2:testResources (default-testResources) @ nacos-consistency ---
[INFO] Using 'UTF-8' encoding to copy filtered resources.
[INFO] skip non existing resourceDirectory /Users/xinluo/sources/nacos/consistency/src/test/resources
[INFO] 
[INFO] --- maven-compiler-plugin:3.5.1:testCompile (default-testCompile) @ nacos-consistency ---
[INFO] Changes detected - recompiling the module!
[INFO] Compiling 8 source files to /Users/xinluo/sources/nacos/consistency/target/test-classes
[WARNING] 未与 -source 17 一起设置系统模块路径
[INFO] /Users/xinluo/sources/nacos/consistency/src/test/java/com/alibaba/nacos/consistency/SerializeFactoryTest.java: /Users/xinluo/sources/nacos/consistency/src/test/java/com/alibaba/nacos/consistency/SerializeFactoryTest.java使用了未经检查或不安全的操作。
[INFO] /Users/xinluo/sources/nacos/consistency/src/test/java/com/alibaba/nacos/consistency/SerializeFactoryTest.java: 有关详细信息, 请使用 -Xlint:unchecked 重新编译。
[INFO] 
[INFO] --- maven-surefire-plugin:3.2.5:test (default-test) @ nacos-consistency ---
[INFO] Surefire report directory: /Users/xinluo/sources/nacos/consistency/target/surefire-reports
[INFO] Using auto detected provider org.apache.maven.surefire.junitplatform.JUnitPlatformProvider
[INFO] 
[INFO] -------------------------------------------------------
[INFO]  T E S T S
[INFO] -------------------------------------------------------
[INFO] Running com.alibaba.nacos.consistency.snapshot.WriterTest
[INFO] Tests run: 1, Failures: 0, Errors: 0, Skipped: 0, Time elapsed: 0.027 s -- in com.alibaba.nacos.consistency.snapshot.WriterTest
[INFO] Running com.alibaba.nacos.consistency.snapshot.ReaderTest
[INFO] Tests run: 1, Failures: 0, Errors: 0, Skipped: 0, Time elapsed: 0.001 s -- in com.alibaba.nacos.consistency.snapshot.ReaderTest
[INFO] Running com.alibaba.nacos.consistency.snapshot.LocalFileMetaTest
[INFO] Tests run: 1, Failures: 0, Errors: 0, Skipped: 0, Time elapsed: 0.001 s -- in com.alibaba.nacos.consistency.snapshot.LocalFileMetaTest
[INFO] Running com.alibaba.nacos.consistency.ProtoMessageUtilTest
[INFO] Tests run: 7, Failures: 0, Errors: 0, Skipped: 0, Time elapsed: 0.145 s -- in com.alibaba.nacos.consistency.ProtoMessageUtilTest
[INFO] Running com.alibaba.nacos.consistency.SerializeFactoryTest
[0, 1, 2, 3]
{0=0, 1=1, 2=2, 3=3}
[0, 1, 2, 3]
[INFO] Tests run: 4, Failures: 0, Errors: 0, Skipped: 0, Time elapsed: 0.032 s -- in com.alibaba.nacos.consistency.SerializeFactoryTest
[INFO] Running com.alibaba.nacos.consistency.serialize.HessianSerializerTest
[INFO] Tests run: 3, Failures: 0, Errors: 0, Skipped: 0, Time elapsed: 0.012 s -- in com.alibaba.nacos.consistency.serialize.HessianSerializerTest
[INFO] Running com.alibaba.nacos.consistency.serialize.JacksonSerializerTest
[INFO] Tests run: 2, Failures: 0, Errors: 0, Skipped: 0, Time elapsed: 0.148 s -- in com.alibaba.nacos.consistency.serialize.JacksonSerializerTest
[INFO] Running com.alibaba.nacos.consistency.ProtocolMetaDataTest
Mon Sep 15 17:49:58 CST 2025
Mon Sep 15 17:49:58 CST 2025
[INFO] Tests run: 1, Failures: 0, Errors: 0, Skipped: 0, Time elapsed: 0.041 s -- in com.alibaba.nacos.consistency.ProtocolMetaDataTest
[INFO] 
[INFO] Results:
[INFO] 
[INFO] Tests run: 20, Failures: 0, Errors: 0, Skipped: 0
[INFO] 
[INFO] 
[INFO] --- jacoco-maven-plugin:0.8.13:report (default-report) @ nacos-consistency ---
[INFO] Loading execution data file /Users/xinluo/sources/nacos/consistency/target/coverage-reports/jacoco-unit.exec
[INFO] Analyzed bundle 'nacos-consistency 3.1.0-SNAPSHOT' with 40 classes
[INFO] 
[INFO] --- easyj-maven-plugin:1.1.5:simplify-pom (flatten-pom) @ nacos-consistency ---
[INFO] Create PomSimplifier by mode: auto
[INFO] The simplify mode is: JAR
[INFO] Do simplify by the POM simplifier: JarPomSimplifier
[INFO] 
[INFO] ==================================  start simplify  ==================================
[INFO] Remove Parent.
[INFO] Set GroupId from 'null' to 'com.alibaba.nacos'.
[INFO] Set Version from 'null' to '3.1.0-SNAPSHOT'.
[INFO] Set Name from 'nacos-consistency ${project.version}' to 'nacos-consistency 3.1.0-SNAPSHOT'.
[WARNING] The '<description>' is required when uploading OSSRH. Please set a value immediately.
[INFO] -------------------------------------------
[INFO] Copy project info from parent for the open source project:
[INFO]    Copy Licenses.
[INFO]    Copy Developers.
[INFO]    Copy Scm.
[INFO]    Copy Organization.
[INFO]    Copy IssueManagement.
[INFO] -------------------------------------------
[INFO] -------------------------------------------
[INFO] Reset dependencies: groupId, version, exclusions (Contains 3 dependencies)
[INFO]   Reset dependency: [${project.groupId}:nacos-common:null] -> [com.alibaba.nacos:nacos-common:3.1.0-SNAPSHOT]
[INFO]   Reset dependency: [com.caucho:hessian:null] -> [com.caucho:hessian:4.0.63]
[INFO]   Reset dependency: [com.google.protobuf:protobuf-java:null] -> [com.google.protobuf:protobuf-java:3.25.5]
[INFO] Remaining 3 dependencies.
[INFO] -------------------------------------------
[INFO] Remove Build.
[INFO] -------------------------------------------
[INFO] Optimize Dependencies: (3)
[INFO]  - Optimize with 'replaceVariable'
[INFO] ==================================   end  simplify  ==================================
[INFO] 
[INFO] Create the POM file '.flattened-pom.xml'.
[INFO] Set the POM file '.flattened-pom.xml' to the project object.
[INFO] 
[INFO] --- maven-jar-plugin:3.2.2:jar (default-jar) @ nacos-consistency ---
[INFO] Building jar: /Users/xinluo/sources/nacos/consistency/target/nacos-consistency-3.1.0-SNAPSHOT.jar
[INFO] 
[INFO] --- maven-javadoc-plugin:2.10.4:jar (attach-javadocs) @ nacos-consistency ---
[INFO] Skipping javadoc generation
[INFO] 
[INFO] >>> maven-source-plugin:3.0.1:jar (attach-sources) > generate-sources @ nacos-consistency >>>
[INFO] 
[INFO] --- maven-enforcer-plugin:3.5.0:enforce (enforce-ban-circular-dependencies) @ nacos-consistency ---
[INFO] Rule 0: org.codehaus.mojo.extraenforcer.dependencies.BanCircularDependencies passed
[INFO] 
[INFO] --- maven-checkstyle-plugin:3.1.2:check (validate) @ nacos-consistency ---
[WARNING] Old version of checkstyle detected. Consider updating to >= v8.30
[WARNING] For more information see: https://maven.apache.org/plugins/maven-checkstyle-plugin/examples/upgrading-checkstyle.html
[INFO] 开始检查……
检查完成。
[INFO] You have 0 Checkstyle violations.
[INFO] 
[INFO] --- jacoco-maven-plugin:0.8.13:prepare-agent (default-prepare-agent) @ nacos-consistency ---
[INFO] argLine set to -javaagent:/var/root/.m2/repository/org/jacoco/org.jacoco.agent/0.8.13/org.jacoco.agent-0.8.13-runtime.jar=destfile=/Users/xinluo/sources/nacos/consistency/target/coverage-reports/jacoco-unit.exec,append=true,excludes=**/grpc/auto/**:**/packagescan/classreading/**:**/packagescan/resource/**:**/packagescan/util/**,output=file
[INFO] 
[INFO] --- build-helper-maven-plugin:3.2.0:add-source (add-source) @ nacos-consistency ---
[INFO] Source directory: /Users/xinluo/sources/nacos/consistency/target/generated-sources/protobuf/java added.
[INFO] 
[INFO] --- protobuf-maven-plugin:0.6.1:compile (default) @ nacos-consistency ---
[INFO] Compiling 2 proto file(s) to /Users/xinluo/sources/nacos/consistency/target/generated-sources/protobuf/java
[INFO] 
[INFO] --- protobuf-maven-plugin:0.6.1:compile-custom (default) @ nacos-consistency ---
[INFO] Compiling 2 proto file(s) to /Users/xinluo/sources/nacos/consistency/target/generated-sources/protobuf/grpc-java
[INFO] 
[INFO] <<< maven-source-plugin:3.0.1:jar (attach-sources) < generate-sources @ nacos-consistency <<<
[INFO] 
[INFO] 
[INFO] --- maven-source-plugin:3.0.1:jar (attach-sources) @ nacos-consistency ---
[INFO] Building jar: /Users/xinluo/sources/nacos/consistency/target/nacos-consistency-3.1.0-SNAPSHOT-sources.jar
[INFO] 
[INFO] >>> maven-pmd-plugin:3.16.0:check (default) > :pmd @ nacos-consistency >>>
[INFO] 
[INFO] --- maven-pmd-plugin:3.16.0:pmd (pmd) @ nacos-consistency ---
[WARNING] Unable to locate Source XRef to link to - DISABLED
[WARNING] Unable to locate Source XRef to link to - DISABLED
[WARNING] Unable to locate Source XRef to link to - DISABLED
[WARNING] Unable to locate Source XRef to link to - DISABLED
[INFO] PMD version: 6.42.0
[WARNING] Rule /Users/xinluo/sources/nacos/consistency/target/pmd/rulesets/ali-comment.xml/CommentsMustBeJavadocFormatRule does not mention attribute language='java', please mention it explicitly to be compatible with PMD 7
[WARNING] Rule /Users/xinluo/sources/nacos/consistency/target/pmd/rulesets/ali-comment.xml/CommentsMustBeJavadocFormatRule does not mention attribute language='java', please mention it explicitly to be compatible with PMD 7
[WARNING] Rule /Users/xinluo/sources/nacos/consistency/target/pmd/rulesets/ali-comment.xml/AbstractMethodOrInterfaceMethodMustUseJavadocRule does not mention attribute language='java', please mention it explicitly to be compatible with PMD 7
[WARNING] Rule /Users/xinluo/sources/nacos/consistency/target/pmd/rulesets/ali-comment.xml/AbstractMethodOrInterfaceMethodMustUseJavadocRule does not mention attribute language='java', please mention it explicitly to be compatible with PMD 7
[WARNING] Rule /Users/xinluo/sources/nacos/consistency/target/pmd/rulesets/ali-comment.xml/ClassMustHaveAuthorRule does not mention attribute language='java', please mention it explicitly to be compatible with PMD 7
[WARNING] Rule /Users/xinluo/sources/nacos/consistency/target/pmd/rulesets/ali-comment.xml/ClassMustHaveAuthorRule does not mention attribute language='java', please mention it explicitly to be compatible with PMD 7
[WARNING] Rule /Users/xinluo/sources/nacos/consistency/target/pmd/rulesets/ali-comment.xml/EnumConstantsMustHaveCommentRule does not mention attribute language='java', please mention it explicitly to be compatible with PMD 7
[WARNING] Rule /Users/xinluo/sources/nacos/consistency/target/pmd/rulesets/ali-comment.xml/EnumConstantsMustHaveCommentRule does not mention attribute language='java', please mention it explicitly to be compatible with PMD 7
[WARNING] Rule /Users/xinluo/sources/nacos/consistency/target/pmd/rulesets/ali-comment.xml/AvoidCommentBehindStatementRule does not mention attribute language='java', please mention it explicitly to be compatible with PMD 7
[WARNING] Rule /Users/xinluo/sources/nacos/consistency/target/pmd/rulesets/ali-comment.xml/AvoidCommentBehindStatementRule does not mention attribute language='java', please mention it explicitly to be compatible with PMD 7
[WARNING] Rule /Users/xinluo/sources/nacos/consistency/target/pmd/rulesets/ali-comment.xml/RemoveCommentedCodeRule does not mention attribute language='java', please mention it explicitly to be compatible with PMD 7
[WARNING] Rule /Users/xinluo/sources/nacos/consistency/target/pmd/rulesets/ali-comment.xml/RemoveCommentedCodeRule does not mention attribute language='java', please mention it explicitly to be compatible with PMD 7
[WARNING] Rule /Users/xinluo/sources/nacos/consistency/target/pmd/rulesets/ali-constant.xml/UpperEllRule does not mention attribute language='java', please mention it explicitly to be compatible with PMD 7
[WARNING] Rule /Users/xinluo/sources/nacos/consistency/target/pmd/rulesets/ali-constant.xml/UpperEllRule does not mention attribute language='java', please mention it explicitly to be compatible with PMD 7
[WARNING] Rule /Users/xinluo/sources/nacos/consistency/target/pmd/rulesets/ali-constant.xml/UndefineMagicConstantRule does not mention attribute language='java', please mention it explicitly to be compatible with PMD 7
[WARNING] Rule /Users/xinluo/sources/nacos/consistency/target/pmd/rulesets/ali-constant.xml/UndefineMagicConstantRule does not mention attribute language='java', please mention it explicitly to be compatible with PMD 7
[WARNING] Rule /Users/xinluo/sources/nacos/consistency/target/pmd/rulesets/ali-set.xml/ClassCastExceptionWithToArrayRule does not mention attribute language='java', please mention it explicitly to be compatible with PMD 7
[WARNING] Rule /Users/xinluo/sources/nacos/consistency/target/pmd/rulesets/ali-set.xml/ClassCastExceptionWithToArrayRule does not mention attribute language='java', please mention it explicitly to be compatible with PMD 7
[WARNING] Rule /Users/xinluo/sources/nacos/consistency/target/pmd/rulesets/ali-set.xml/UnsupportedExceptionWithModifyAsListRule does not mention attribute language='java', please mention it explicitly to be compatible with PMD 7
[WARNING] Rule /Users/xinluo/sources/nacos/consistency/target/pmd/rulesets/ali-set.xml/UnsupportedExceptionWithModifyAsListRule does not mention attribute language='java', please mention it explicitly to be compatible with PMD 7
[WARNING] Rule /Users/xinluo/sources/nacos/consistency/target/pmd/rulesets/ali-set.xml/ClassCastExceptionWithSubListToArrayListRule does not mention attribute language='java', please mention it explicitly to be compatible with PMD 7
[WARNING] Rule /Users/xinluo/sources/nacos/consistency/target/pmd/rulesets/ali-set.xml/ClassCastExceptionWithSubListToArrayListRule does not mention attribute language='java', please mention it explicitly to be compatible with PMD 7
[WARNING] Rule /Users/xinluo/sources/nacos/consistency/target/pmd/rulesets/ali-set.xml/ConcurrentExceptionWithModifyOriginSubListRule does not mention attribute language='java', please mention it explicitly to be compatible with PMD 7
[WARNING] Rule /Users/xinluo/sources/nacos/consistency/target/pmd/rulesets/ali-set.xml/ConcurrentExceptionWithModifyOriginSubListRule does not mention attribute language='java', please mention it explicitly to be compatible with PMD 7
[WARNING] Rule /Users/xinluo/sources/nacos/consistency/target/pmd/rulesets/ali-set.xml/DontModifyInForeachCircleRule does not mention attribute language='java', please mention it explicitly to be compatible with PMD 7
[WARNING] Rule /Users/xinluo/sources/nacos/consistency/target/pmd/rulesets/ali-set.xml/DontModifyInForeachCircleRule does not mention attribute language='java', please mention it explicitly to be compatible with PMD 7
[WARNING] Rule /Users/xinluo/sources/nacos/consistency/target/pmd/rulesets/ali-set.xml/CollectionInitShouldAssignCapacityRule does not mention attribute language='java', please mention it explicitly to be compatible with PMD 7
[WARNING] Rule /Users/xinluo/sources/nacos/consistency/target/pmd/rulesets/ali-set.xml/CollectionInitShouldAssignCapacityRule does not mention attribute language='java', please mention it explicitly to be compatible with PMD 7
[WARNING] Use of deprecated attribute 'ClassOrInterfaceDeclaration/@Image' by XPath rule 'BooleanPropertyShouldNotStartWithIsRule' (in ruleset 'AlibabaJavaNaming'), please use @SimpleName instead
[WARNING] Use of deprecated attribute 'ClassOrInterfaceDeclaration/@Image' by XPath rule 'BooleanPropertyShouldNotStartWithIsRule' (in ruleset 'AlibabaJavaNaming'), please use @SimpleName instead
[WARNING] Use of deprecated attribute 'FieldDeclaration/@Array' by XPath rule 'ArrayNamingShouldHaveBracketRule' (in ruleset 'AlibabaJavaNaming')
[WARNING] Use of deprecated attribute 'FieldDeclaration/@Array' by XPath rule 'ArrayNamingShouldHaveBracketRule' (in ruleset 'AlibabaJavaNaming')
[WARNING] Use of deprecated attribute 'LocalVariableDeclaration/@Array' by XPath rule 'ArrayNamingShouldHaveBracketRule' (in ruleset 'AlibabaJavaNaming')
[WARNING] Use of deprecated attribute 'LocalVariableDeclaration/@Array' by XPath rule 'ArrayNamingShouldHaveBracketRule' (in ruleset 'AlibabaJavaNaming')
[INFO] 
[INFO] <<< maven-pmd-plugin:3.16.0:check (default) < :pmd @ nacos-consistency <<<
[INFO] 
[INFO] 
[INFO] --- maven-pmd-plugin:3.16.0:check (default) @ nacos-consistency ---
[INFO] PMD version: 6.42.0
[INFO] 
[INFO] 
[INFO] --- apache-rat-plugin:0.12:check (default) @ nacos-consistency ---
[INFO] Enabled default license matchers.
[INFO] Will parse SCM ignores for exclusions...
[INFO] Finished adding exclusions from SCM ignore files.
[INFO] 61 implicit excludes (use -debug for more details).
[INFO] Exclude: .editorconfig
[INFO] Exclude: .travis.yml
[INFO] Exclude: codecov.yml
[INFO] Exclude: CONTRIBUTING.md
[INFO] Exclude: CODE_OF_CONDUCT.md
[INFO] Exclude: CHANGELOG.md
[INFO] Exclude: style/codeStyle.md
[INFO] Exclude: REPORTING-BUGS.md
[INFO] Exclude: README.md
[INFO] Exclude: .github/**/*
[INFO] Exclude: doc/*
[INFO] Exclude: derby.log
[INFO] Exclude: logs/*
[INFO] Exclude: src/main/resources/static/**
[INFO] Exclude: **/istio/model/**
[INFO] Exclude: **/consistency/entity/**
[INFO] Exclude: **/*.txt
[INFO] Exclude: **/*.factories
[INFO] Exclude: /console-ui/**
[INFO] Exclude: **/gogo.proto
[INFO] Exclude: **/any.proto
[INFO] Exclude: src/main/java/com/alibaba/nacos/common/packagescan/classreading/**
[INFO] Exclude: .flattened-pom.xml
[INFO] Exclude: **/announcement*.conf
[INFO] Exclude: **/console-guide.conf
[INFO] Exclude: **/reflect-config.json
[INFO] Exclude: **/resource-config.json
[INFO] Exclude: **/proxy-config.json
[INFO] Exclude: **/jni-config.json
[INFO] Exclude: **/predefined-classes-config.json
[INFO] Exclude: **/serialization-config.json
[INFO] Exclude: **/filter-config.json
[INFO] Exclude: **/disk_cache_test/**
[INFO] Exclude: **/failover_test/**
[INFO] Exclude: lefthook.yml
[INFO] Exclude: .vscode/**
[INFO] 35 resources included (use -debug for more details)
[INFO] Rat check: Summary over all files. Unapproved: 0, unknown: 0, generated: 0, approved: 35 licenses.
[INFO] 
[INFO] --- maven-install-plugin:2.4:install (default-install) @ nacos-consistency ---
[INFO] Installing /Users/xinluo/sources/nacos/consistency/target/nacos-consistency-3.1.0-SNAPSHOT.jar to /var/root/.m2/repository/com/alibaba/nacos/nacos-consistency/3.1.0-SNAPSHOT/nacos-consistency-3.1.0-SNAPSHOT.jar
[INFO] Installing /Users/xinluo/sources/nacos/consistency/.flattened-pom.xml to /var/root/.m2/repository/com/alibaba/nacos/nacos-consistency/3.1.0-SNAPSHOT/nacos-consistency-3.1.0-SNAPSHOT.pom
[INFO] Installing /Users/xinluo/sources/nacos/consistency/target/nacos-consistency-3.1.0-SNAPSHOT-sources.jar to /var/root/.m2/repository/com/alibaba/nacos/nacos-consistency/3.1.0-SNAPSHOT/nacos-consistency-3.1.0-SNAPSHOT-sources.jar
[INFO] 
[INFO] -------------------< com.alibaba.nacos:nacos-plugin >-------------------
[INFO] Building nacos-plugin 3.1.0-SNAPSHOT 3.1.0-SNAPSHOT               [5/45]
[INFO] --------------------------------[ pom ]---------------------------------
[INFO] 
[INFO] --- maven-clean-plugin:2.5:clean (default-clean) @ nacos-plugin ---
[INFO] Deleting /Users/xinluo/sources/nacos/plugin/target
[INFO] 
[INFO] --- easyj-maven-plugin:1.1.5:clean-simplify-pom (clean-flattened-pom) @ nacos-plugin ---
[INFO] Deleting /Users/xinluo/sources/nacos/plugin/.flattened-pom.xml
[INFO] 
[INFO] --- maven-enforcer-plugin:3.5.0:enforce (enforce-ban-circular-dependencies) @ nacos-plugin ---
[INFO] Rule 0: org.codehaus.mojo.extraenforcer.dependencies.BanCircularDependencies passed
[INFO] 
[INFO] --- maven-checkstyle-plugin:3.1.2:check (validate) @ nacos-plugin ---
[WARNING] Old version of checkstyle detected. Consider updating to >= v8.30
[WARNING] For more information see: https://maven.apache.org/plugins/maven-checkstyle-plugin/examples/upgrading-checkstyle.html
[INFO] 开始检查……
检查完成。
[INFO] You have 0 Checkstyle violations.
[INFO] 
[INFO] --- jacoco-maven-plugin:0.8.13:prepare-agent (default-prepare-agent) @ nacos-plugin ---
[INFO] argLine set to -javaagent:/var/root/.m2/repository/org/jacoco/org.jacoco.agent/0.8.13/org.jacoco.agent-0.8.13-runtime.jar=destfile=/Users/xinluo/sources/nacos/plugin/target/coverage-reports/jacoco-unit.exec,append=true,excludes=**/grpc/auto/**:**/packagescan/classreading/**:**/packagescan/resource/**:**/packagescan/util/**,output=file
[INFO] 
[INFO] --- build-helper-maven-plugin:3.2.0:add-source (add-source) @ nacos-plugin ---
[INFO] Source directory: /Users/xinluo/sources/nacos/plugin/target/generated-sources/protobuf/java added.
[INFO] 
[INFO] --- jacoco-maven-plugin:0.8.13:report (default-report) @ nacos-plugin ---
[INFO] Skipping JaCoCo execution due to missing execution data file.
[INFO] 
[INFO] --- easyj-maven-plugin:1.1.5:simplify-pom (flatten-pom) @ nacos-plugin ---
[INFO] Create PomSimplifier by mode: auto
[INFO] The simplify mode is: POM
[INFO] Do simplify by the POM simplifier: PomSimplifier
[INFO] 
[INFO] ==================================  start simplify  ==================================
[INFO] Remove Parent RelativePath.
[INFO] Set Name from 'nacos-plugin ${project.version}' to 'nacos-plugin 3.1.0-SNAPSHOT'.
[WARNING] The '<description>' is required when uploading OSSRH. Please set a value immediately.
[INFO] Remove Modules.
[INFO] Set parent version from '${revision}' to '3.1.0-SNAPSHOT'.
[INFO] ==================================   end  simplify  ==================================
[INFO] 
[INFO] Create the POM file '.flattened-pom.xml'.
[INFO] Set the POM file '.flattened-pom.xml' to the project object.
[INFO] 
[INFO] --- maven-javadoc-plugin:2.10.4:jar (attach-javadocs) @ nacos-plugin ---
[INFO] Skipping javadoc generation
[INFO] 
[INFO] >>> maven-source-plugin:3.0.1:jar (attach-sources) > generate-sources @ nacos-plugin >>>
[INFO] 
[INFO] --- maven-enforcer-plugin:3.5.0:enforce (enforce-ban-circular-dependencies) @ nacos-plugin ---
[INFO] Rule 0: org.codehaus.mojo.extraenforcer.dependencies.BanCircularDependencies passed
[INFO] 
[INFO] --- maven-checkstyle-plugin:3.1.2:check (validate) @ nacos-plugin ---
[WARNING] Old version of checkstyle detected. Consider updating to >= v8.30
[WARNING] For more information see: https://maven.apache.org/plugins/maven-checkstyle-plugin/examples/upgrading-checkstyle.html
[INFO] 开始检查……
检查完成。
[INFO] You have 0 Checkstyle violations.
[INFO] 
[INFO] --- jacoco-maven-plugin:0.8.13:prepare-agent (default-prepare-agent) @ nacos-plugin ---
[INFO] argLine set to -javaagent:/var/root/.m2/repository/org/jacoco/org.jacoco.agent/0.8.13/org.jacoco.agent-0.8.13-runtime.jar=destfile=/Users/xinluo/sources/nacos/plugin/target/coverage-reports/jacoco-unit.exec,append=true,excludes=**/grpc/auto/**:**/packagescan/classreading/**:**/packagescan/resource/**:**/packagescan/util/**,output=file
[INFO] 
[INFO] --- build-helper-maven-plugin:3.2.0:add-source (add-source) @ nacos-plugin ---
[INFO] Source directory: /Users/xinluo/sources/nacos/plugin/target/generated-sources/protobuf/java added.
[INFO] 
[INFO] <<< maven-source-plugin:3.0.1:jar (attach-sources) < generate-sources @ nacos-plugin <<<
[INFO] 
[INFO] 
[INFO] --- maven-source-plugin:3.0.1:jar (attach-sources) @ nacos-plugin ---
[INFO] 
[INFO] >>> maven-pmd-plugin:3.16.0:check (default) > :pmd @ nacos-plugin >>>
[INFO] 
[INFO] --- maven-pmd-plugin:3.16.0:pmd (pmd) @ nacos-plugin ---
[INFO] 
[INFO] <<< maven-pmd-plugin:3.16.0:check (default) < :pmd @ nacos-plugin <<<
[INFO] 
[INFO] 
[INFO] --- maven-pmd-plugin:3.16.0:check (default) @ nacos-plugin ---
[INFO] 
[INFO] --- apache-rat-plugin:0.12:check (default) @ nacos-plugin ---
[INFO] Enabled default license matchers.
[INFO] Will parse SCM ignores for exclusions...
[INFO] Finished adding exclusions from SCM ignore files.
[INFO] 68 implicit excludes (use -debug for more details).
[INFO] Exclude: .editorconfig
[INFO] Exclude: .travis.yml
[INFO] Exclude: codecov.yml
[INFO] Exclude: CONTRIBUTING.md
[INFO] Exclude: CODE_OF_CONDUCT.md
[INFO] Exclude: CHANGELOG.md
[INFO] Exclude: style/codeStyle.md
[INFO] Exclude: REPORTING-BUGS.md
[INFO] Exclude: README.md
[INFO] Exclude: .github/**/*
[INFO] Exclude: doc/*
[INFO] Exclude: derby.log
[INFO] Exclude: logs/*
[INFO] Exclude: src/main/resources/static/**
[INFO] Exclude: **/istio/model/**
[INFO] Exclude: **/consistency/entity/**
[INFO] Exclude: **/*.txt
[INFO] Exclude: **/*.factories
[INFO] Exclude: /console-ui/**
[INFO] Exclude: **/gogo.proto
[INFO] Exclude: **/any.proto
[INFO] Exclude: src/main/java/com/alibaba/nacos/common/packagescan/classreading/**
[INFO] Exclude: .flattened-pom.xml
[INFO] Exclude: **/announcement*.conf
[INFO] Exclude: **/console-guide.conf
[INFO] Exclude: **/reflect-config.json
[INFO] Exclude: **/resource-config.json
[INFO] Exclude: **/proxy-config.json
[INFO] Exclude: **/jni-config.json
[INFO] Exclude: **/predefined-classes-config.json
[INFO] Exclude: **/serialization-config.json
[INFO] Exclude: **/filter-config.json
[INFO] Exclude: **/disk_cache_test/**
[INFO] Exclude: **/failover_test/**
[INFO] Exclude: lefthook.yml
[INFO] Exclude: .vscode/**
[INFO] 1 resources included (use -debug for more details)
[INFO] Rat check: Summary over all files. Unapproved: 0, unknown: 0, generated: 0, approved: 1 licenses.
[INFO] 
[INFO] --- maven-install-plugin:2.4:install (default-install) @ nacos-plugin ---
[INFO] Installing /Users/xinluo/sources/nacos/plugin/.flattened-pom.xml to /var/root/.m2/repository/com/alibaba/nacos/nacos-plugin/3.1.0-SNAPSHOT/nacos-plugin-3.1.0-SNAPSHOT.pom
[INFO] 
[INFO] -------------< com.alibaba.nacos:nacos-datasource-plugin >--------------
[INFO] Building nacos-datasource-plugin 3.1.0-SNAPSHOT 3.1.0-SNAPSHOT    [6/45]
[INFO] --------------------------------[ jar ]---------------------------------
[INFO] 
[INFO] --- maven-clean-plugin:2.5:clean (default-clean) @ nacos-datasource-plugin ---
[INFO] Deleting /Users/xinluo/sources/nacos/plugin/datasource/target
[INFO] 
[INFO] --- easyj-maven-plugin:1.1.5:clean-simplify-pom (clean-flattened-pom) @ nacos-datasource-plugin ---
[INFO] Deleting /Users/xinluo/sources/nacos/plugin/datasource/.flattened-pom.xml
[INFO] 
[INFO] --- maven-enforcer-plugin:3.5.0:enforce (enforce-ban-circular-dependencies) @ nacos-datasource-plugin ---
[INFO] Rule 0: org.codehaus.mojo.extraenforcer.dependencies.BanCircularDependencies passed
[INFO] 
[INFO] --- maven-checkstyle-plugin:3.1.2:check (validate) @ nacos-datasource-plugin ---
[WARNING] Old version of checkstyle detected. Consider updating to >= v8.30
[WARNING] For more information see: https://maven.apache.org/plugins/maven-checkstyle-plugin/examples/upgrading-checkstyle.html
[INFO] 开始检查……
检查完成。
[INFO] You have 0 Checkstyle violations.
[INFO] 
[INFO] --- jacoco-maven-plugin:0.8.13:prepare-agent (default-prepare-agent) @ nacos-datasource-plugin ---
[INFO] argLine set to -javaagent:/var/root/.m2/repository/org/jacoco/org.jacoco.agent/0.8.13/org.jacoco.agent-0.8.13-runtime.jar=destfile=/Users/xinluo/sources/nacos/plugin/datasource/target/coverage-reports/jacoco-unit.exec,append=true,excludes=**/grpc/auto/**:**/packagescan/classreading/**:**/packagescan/resource/**:**/packagescan/util/**,output=file
[INFO] 
[INFO] --- build-helper-maven-plugin:3.2.0:add-source (add-source) @ nacos-datasource-plugin ---
[INFO] Source directory: /Users/xinluo/sources/nacos/plugin/datasource/target/generated-sources/protobuf/java added.
[INFO] 
[INFO] --- maven-resources-plugin:3.0.2:resources (default-resources) @ nacos-datasource-plugin ---
[INFO] Using 'UTF-8' encoding to copy filtered resources.
[INFO] Copying 1 resource
[INFO] 
[INFO] --- maven-compiler-plugin:3.5.1:compile (default-compile) @ nacos-datasource-plugin ---
[INFO] Changes detected - recompiling the module!
[INFO] Compiling 46 source files to /Users/xinluo/sources/nacos/plugin/datasource/target/classes
[WARNING] 未与 -source 17 一起设置系统模块路径
[INFO] /Users/xinluo/sources/nacos/plugin/datasource/src/main/java/com/alibaba/nacos/plugin/datasource/mapper/ConfigInfoMapper.java: 某些输入文件使用了未经检查或不安全的操作。
[INFO] /Users/xinluo/sources/nacos/plugin/datasource/src/main/java/com/alibaba/nacos/plugin/datasource/mapper/ConfigInfoMapper.java: 有关详细信息, 请使用 -Xlint:unchecked 重新编译。
[INFO] 
[INFO] --- maven-resources-plugin:3.0.2:testResources (default-testResources) @ nacos-datasource-plugin ---
[INFO] Using 'UTF-8' encoding to copy filtered resources.
[INFO] skip non existing resourceDirectory /Users/xinluo/sources/nacos/plugin/datasource/src/test/resources
[INFO] 
[INFO] --- maven-compiler-plugin:3.5.1:testCompile (default-testCompile) @ nacos-datasource-plugin ---
[INFO] Changes detected - recompiling the module!
[INFO] Compiling 23 source files to /Users/xinluo/sources/nacos/plugin/datasource/target/test-classes
[WARNING] 未与 -source 17 一起设置系统模块路径
[INFO] /Users/xinluo/sources/nacos/plugin/datasource/src/test/java/com/alibaba/nacos/plugin/datasource/MapperManagerTest.java: /Users/xinluo/sources/nacos/plugin/datasource/src/test/java/com/alibaba/nacos/plugin/datasource/MapperManagerTest.java使用了未经检查或不安全的操作。
[INFO] /Users/xinluo/sources/nacos/plugin/datasource/src/test/java/com/alibaba/nacos/plugin/datasource/MapperManagerTest.java: 有关详细信息, 请使用 -Xlint:unchecked 重新编译。
[INFO] 
[INFO] --- maven-surefire-plugin:3.2.5:test (default-test) @ nacos-datasource-plugin ---
[INFO] Surefire report directory: /Users/xinluo/sources/nacos/plugin/datasource/target/surefire-reports
[INFO] Using auto detected provider org.apache.maven.surefire.junitplatform.JUnitPlatformProvider
[INFO] 
[INFO] -------------------------------------------------------
[INFO]  T E S T S
[INFO] -------------------------------------------------------
[INFO] Running com.alibaba.nacos.plugin.datasource.MapperManagerTest
[INFO] Tests run: 5, Failures: 0, Errors: 0, Skipped: 0, Time elapsed: 0.085 s -- in com.alibaba.nacos.plugin.datasource.MapperManagerTest
[INFO] Running com.alibaba.nacos.plugin.datasource.impl.derby.ConfigInfoTagMapperByDerbyTest
[INFO] Tests run: 4, Failures: 0, Errors: 0, Skipped: 0, Time elapsed: 0.027 s -- in com.alibaba.nacos.plugin.datasource.impl.derby.ConfigInfoTagMapperByDerbyTest
[INFO] Running com.alibaba.nacos.plugin.datasource.impl.derby.TenantCapacityMapperByDerbyTest
[INFO] Tests run: 9, Failures: 0, Errors: 0, Skipped: 0, Time elapsed: 0.006 s -- in com.alibaba.nacos.plugin.datasource.impl.derby.TenantCapacityMapperByDerbyTest
[INFO] Running com.alibaba.nacos.plugin.datasource.impl.derby.ConfigInfoMapperByDerbyTest
[INFO] Tests run: 28, Failures: 0, Errors: 0, Skipped: 0, Time elapsed: 0.043 s -- in com.alibaba.nacos.plugin.datasource.impl.derby.ConfigInfoMapperByDerbyTest
[INFO] Running com.alibaba.nacos.plugin.datasource.impl.derby.TenantInfoMapperByDerbyTest
[INFO] Tests run: 2, Failures: 0, Errors: 0, Skipped: 0, Time elapsed: 0.001 s -- in com.alibaba.nacos.plugin.datasource.impl.derby.TenantInfoMapperByDerbyTest
[INFO] Running com.alibaba.nacos.plugin.datasource.impl.derby.GroupCapacityMapperByDerbyTest
[INFO] Tests run: 11, Failures: 0, Errors: 0, Skipped: 0, Time elapsed: 0.006 s -- in com.alibaba.nacos.plugin.datasource.impl.derby.GroupCapacityMapperByDerbyTest
[INFO] Running com.alibaba.nacos.plugin.datasource.impl.derby.ConfigInfoTagsRelationMapperByDerbyTest
[INFO] Tests run: 6, Failures: 0, Errors: 0, Skipped: 0, Time elapsed: 0.003 s -- in com.alibaba.nacos.plugin.datasource.impl.derby.ConfigInfoTagsRelationMapperByDerbyTest
[INFO] Running com.alibaba.nacos.plugin.datasource.impl.derby.ConfigInfoBetaMapperByDerbyTest
[INFO] Tests run: 4, Failures: 0, Errors: 0, Skipped: 0, Time elapsed: 0.004 s -- in com.alibaba.nacos.plugin.datasource.impl.derby.ConfigInfoBetaMapperByDerbyTest
[INFO] Running com.alibaba.nacos.plugin.datasource.impl.derby.HistoryConfigInfoMapperByDerbyTest
[INFO] Tests run: 7, Failures: 0, Errors: 0, Skipped: 0, Time elapsed: 0.003 s -- in com.alibaba.nacos.plugin.datasource.impl.derby.HistoryConfigInfoMapperByDerbyTest
[INFO] Running com.alibaba.nacos.plugin.datasource.impl.mysql.ConfigInfoMapperByMySqlTest
[INFO] Tests run: 28, Failures: 0, Errors: 0, Skipped: 0, Time elapsed: 0.015 s -- in com.alibaba.nacos.plugin.datasource.impl.mysql.ConfigInfoMapperByMySqlTest
[INFO] Running com.alibaba.nacos.plugin.datasource.impl.mysql.ConfigInfoTagMapperByMySqlTest
[INFO] Tests run: 4, Failures: 0, Errors: 0, Skipped: 0, Time elapsed: 0.002 s -- in com.alibaba.nacos.plugin.datasource.impl.mysql.ConfigInfoTagMapperByMySqlTest
[INFO] Running com.alibaba.nacos.plugin.datasource.impl.mysql.TenantCapacityMapperByMySqlTest
[INFO] Tests run: 9, Failures: 0, Errors: 0, Skipped: 0, Time elapsed: 0.004 s -- in com.alibaba.nacos.plugin.datasource.impl.mysql.TenantCapacityMapperByMySqlTest
[INFO] Running com.alibaba.nacos.plugin.datasource.impl.mysql.TenantInfoMapperByMySqlTest
[INFO] Tests run: 2, Failures: 0, Errors: 0, Skipped: 0, Time elapsed: 0.003 s -- in com.alibaba.nacos.plugin.datasource.impl.mysql.TenantInfoMapperByMySqlTest
[INFO] Running com.alibaba.nacos.plugin.datasource.impl.mysql.ConfigTagsRelationMapperByMySqlTest
[INFO] Tests run: 7, Failures: 0, Errors: 0, Skipped: 0, Time elapsed: 0.003 s -- in com.alibaba.nacos.plugin.datasource.impl.mysql.ConfigTagsRelationMapperByMySqlTest
[INFO] Running com.alibaba.nacos.plugin.datasource.impl.mysql.HistoryConfigInfoMapperByMySqlTest
[INFO] Tests run: 7, Failures: 0, Errors: 0, Skipped: 0, Time elapsed: 0.003 s -- in com.alibaba.nacos.plugin.datasource.impl.mysql.HistoryConfigInfoMapperByMySqlTest
[INFO] Running com.alibaba.nacos.plugin.datasource.impl.mysql.ConfigInfoBetaMapperByMySqlTest
[INFO] Tests run: 4, Failures: 0, Errors: 0, Skipped: 0, Time elapsed: 0.002 s -- in com.alibaba.nacos.plugin.datasource.impl.mysql.ConfigInfoBetaMapperByMySqlTest
[INFO] Running com.alibaba.nacos.plugin.datasource.impl.mysql.GroupCapacityMapperByMysqlTest
[INFO] Tests run: 11, Failures: 0, Errors: 0, Skipped: 0, Time elapsed: 0.003 s -- in com.alibaba.nacos.plugin.datasource.impl.mysql.GroupCapacityMapperByMysqlTest
[INFO] Running com.alibaba.nacos.plugin.datasource.proxy.MapperProxyTest
[INFO] Tests run: 1, Failures: 0, Errors: 0, Skipped: 0, Time elapsed: 0.188 s -- in com.alibaba.nacos.plugin.datasource.proxy.MapperProxyTest
[INFO] Running com.alibaba.nacos.plugin.datasource.enums.derby.TrustedDerbyFunctionEnumTest
[INFO] Tests run: 2, Failures: 0, Errors: 0, Skipped: 0, Time elapsed: 0.001 s -- in com.alibaba.nacos.plugin.datasource.enums.derby.TrustedDerbyFunctionEnumTest
[INFO] Running com.alibaba.nacos.plugin.datasource.enums.mysql.TrustedMysqlFunctionEnumTest
[INFO] Tests run: 2, Failures: 0, Errors: 0, Skipped: 0, Time elapsed: 0.001 s -- in com.alibaba.nacos.plugin.datasource.enums.mysql.TrustedMysqlFunctionEnumTest
[INFO] Running com.alibaba.nacos.plugin.datasource.mapper.AbstractMapperTest
[INFO] Tests run: 12, Failures: 0, Errors: 0, Skipped: 0, Time elapsed: 0.005 s -- in com.alibaba.nacos.plugin.datasource.mapper.AbstractMapperTest
[INFO] 
[INFO] Results:
[INFO] 
[INFO] Tests run: 165, Failures: 0, Errors: 0, Skipped: 0
[INFO] 
[INFO] 
[INFO] --- jacoco-maven-plugin:0.8.13:report (default-report) @ nacos-datasource-plugin ---
[INFO] Loading execution data file /Users/xinluo/sources/nacos/plugin/datasource/target/coverage-reports/jacoco-unit.exec
[INFO] Analyzed bundle 'nacos-datasource-plugin 3.1.0-SNAPSHOT' with 45 classes
[INFO] 
[INFO] --- easyj-maven-plugin:1.1.5:simplify-pom (flatten-pom) @ nacos-datasource-plugin ---
[INFO] Create PomSimplifier by mode: auto
[INFO] The simplify mode is: JAR
[INFO] Do simplify by the POM simplifier: JarPomSimplifier
[INFO] 
[INFO] ==================================  start simplify  ==================================
[INFO] Remove Parent.
[INFO] Set GroupId from 'null' to 'com.alibaba.nacos'.
[INFO] Set Version from 'null' to '3.1.0-SNAPSHOT'.
[INFO] Set Name from 'nacos-datasource-plugin ${project.version}' to 'nacos-datasource-plugin 3.1.0-SNAPSHOT'.
[INFO] -------------------------------------------
[INFO] Copy project info from parent for the open source project:
[INFO]    Copy Licenses.
[INFO]    Copy Developers.
[INFO]    Copy Scm.
[INFO]    Copy Organization.
[INFO]    Copy IssueManagement.
[INFO] -------------------------------------------
[INFO] -------------------------------------------
[INFO] Reset dependencies: groupId, version, exclusions (Contains 1 dependencies)
[INFO]   Remove dependency by scope=provided: [com.alibaba.nacos:nacos-common:3.1.0-SNAPSHOT:provided]
[INFO] Remaining 0 dependencies.
[INFO] -------------------------------------------
[INFO] ==================================   end  simplify  ==================================
[INFO] 
[INFO] Create the POM file '.flattened-pom.xml'.
[INFO] Set the POM file '.flattened-pom.xml' to the project object.
[INFO] 
[INFO] --- maven-jar-plugin:3.2.2:jar (default-jar) @ nacos-datasource-plugin ---
[INFO] Building jar: /Users/xinluo/sources/nacos/plugin/datasource/target/nacos-datasource-plugin-3.1.0-SNAPSHOT.jar
[INFO] 
[INFO] --- maven-javadoc-plugin:2.10.4:jar (attach-javadocs) @ nacos-datasource-plugin ---
[INFO] Skipping javadoc generation
[INFO] 
[INFO] >>> maven-source-plugin:3.0.1:jar (attach-sources) > generate-sources @ nacos-datasource-plugin >>>
[INFO] 
[INFO] --- maven-enforcer-plugin:3.5.0:enforce (enforce-ban-circular-dependencies) @ nacos-datasource-plugin ---
[INFO] Rule 0: org.codehaus.mojo.extraenforcer.dependencies.BanCircularDependencies passed
[INFO] 
[INFO] --- maven-checkstyle-plugin:3.1.2:check (validate) @ nacos-datasource-plugin ---
[WARNING] Old version of checkstyle detected. Consider updating to >= v8.30
[WARNING] For more information see: https://maven.apache.org/plugins/maven-checkstyle-plugin/examples/upgrading-checkstyle.html
[INFO] 开始检查……
检查完成。
[INFO] You have 0 Checkstyle violations.
[INFO] 
[INFO] --- jacoco-maven-plugin:0.8.13:prepare-agent (default-prepare-agent) @ nacos-datasource-plugin ---
[INFO] argLine set to -javaagent:/var/root/.m2/repository/org/jacoco/org.jacoco.agent/0.8.13/org.jacoco.agent-0.8.13-runtime.jar=destfile=/Users/xinluo/sources/nacos/plugin/datasource/target/coverage-reports/jacoco-unit.exec,append=true,excludes=**/grpc/auto/**:**/packagescan/classreading/**:**/packagescan/resource/**:**/packagescan/util/**,output=file
[INFO] 
[INFO] --- build-helper-maven-plugin:3.2.0:add-source (add-source) @ nacos-datasource-plugin ---
[INFO] Source directory: /Users/xinluo/sources/nacos/plugin/datasource/target/generated-sources/protobuf/java added.
[INFO] 
[INFO] <<< maven-source-plugin:3.0.1:jar (attach-sources) < generate-sources @ nacos-datasource-plugin <<<
[INFO] 
[INFO] 
[INFO] --- maven-source-plugin:3.0.1:jar (attach-sources) @ nacos-datasource-plugin ---
[INFO] Building jar: /Users/xinluo/sources/nacos/plugin/datasource/target/nacos-datasource-plugin-3.1.0-SNAPSHOT-sources.jar
[INFO] 
[INFO] >>> maven-pmd-plugin:3.16.0:check (default) > :pmd @ nacos-datasource-plugin >>>
[INFO] 
[INFO] --- maven-pmd-plugin:3.16.0:pmd (pmd) @ nacos-datasource-plugin ---
[WARNING] Unable to locate Source XRef to link to - DISABLED
[WARNING] Unable to locate Source XRef to link to - DISABLED
[INFO] PMD version: 6.42.0
[WARNING] Rule /Users/xinluo/sources/nacos/plugin/datasource/target/pmd/rulesets/ali-comment.xml/CommentsMustBeJavadocFormatRule does not mention attribute language='java', please mention it explicitly to be compatible with PMD 7
[WARNING] Rule /Users/xinluo/sources/nacos/plugin/datasource/target/pmd/rulesets/ali-comment.xml/CommentsMustBeJavadocFormatRule does not mention attribute language='java', please mention it explicitly to be compatible with PMD 7
[WARNING] Rule /Users/xinluo/sources/nacos/plugin/datasource/target/pmd/rulesets/ali-comment.xml/AbstractMethodOrInterfaceMethodMustUseJavadocRule does not mention attribute language='java', please mention it explicitly to be compatible with PMD 7
[WARNING] Rule /Users/xinluo/sources/nacos/plugin/datasource/target/pmd/rulesets/ali-comment.xml/AbstractMethodOrInterfaceMethodMustUseJavadocRule does not mention attribute language='java', please mention it explicitly to be compatible with PMD 7
[WARNING] Rule /Users/xinluo/sources/nacos/plugin/datasource/target/pmd/rulesets/ali-comment.xml/ClassMustHaveAuthorRule does not mention attribute language='java', please mention it explicitly to be compatible with PMD 7
[WARNING] Rule /Users/xinluo/sources/nacos/plugin/datasource/target/pmd/rulesets/ali-comment.xml/ClassMustHaveAuthorRule does not mention attribute language='java', please mention it explicitly to be compatible with PMD 7
[WARNING] Rule /Users/xinluo/sources/nacos/plugin/datasource/target/pmd/rulesets/ali-comment.xml/EnumConstantsMustHaveCommentRule does not mention attribute language='java', please mention it explicitly to be compatible with PMD 7
[WARNING] Rule /Users/xinluo/sources/nacos/plugin/datasource/target/pmd/rulesets/ali-comment.xml/EnumConstantsMustHaveCommentRule does not mention attribute language='java', please mention it explicitly to be compatible with PMD 7
[WARNING] Rule /Users/xinluo/sources/nacos/plugin/datasource/target/pmd/rulesets/ali-comment.xml/AvoidCommentBehindStatementRule does not mention attribute language='java', please mention it explicitly to be compatible with PMD 7
[WARNING] Rule /Users/xinluo/sources/nacos/plugin/datasource/target/pmd/rulesets/ali-comment.xml/AvoidCommentBehindStatementRule does not mention attribute language='java', please mention it explicitly to be compatible with PMD 7
[WARNING] Rule /Users/xinluo/sources/nacos/plugin/datasource/target/pmd/rulesets/ali-comment.xml/RemoveCommentedCodeRule does not mention attribute language='java', please mention it explicitly to be compatible with PMD 7
[WARNING] Rule /Users/xinluo/sources/nacos/plugin/datasource/target/pmd/rulesets/ali-comment.xml/RemoveCommentedCodeRule does not mention attribute language='java', please mention it explicitly to be compatible with PMD 7
[WARNING] Rule /Users/xinluo/sources/nacos/plugin/datasource/target/pmd/rulesets/ali-constant.xml/UpperEllRule does not mention attribute language='java', please mention it explicitly to be compatible with PMD 7
[WARNING] Rule /Users/xinluo/sources/nacos/plugin/datasource/target/pmd/rulesets/ali-constant.xml/UpperEllRule does not mention attribute language='java', please mention it explicitly to be compatible with PMD 7
[WARNING] Rule /Users/xinluo/sources/nacos/plugin/datasource/target/pmd/rulesets/ali-constant.xml/UndefineMagicConstantRule does not mention attribute language='java', please mention it explicitly to be compatible with PMD 7
[WARNING] Rule /Users/xinluo/sources/nacos/plugin/datasource/target/pmd/rulesets/ali-constant.xml/UndefineMagicConstantRule does not mention attribute language='java', please mention it explicitly to be compatible with PMD 7
[WARNING] Rule /Users/xinluo/sources/nacos/plugin/datasource/target/pmd/rulesets/ali-set.xml/ClassCastExceptionWithToArrayRule does not mention attribute language='java', please mention it explicitly to be compatible with PMD 7
[WARNING] Rule /Users/xinluo/sources/nacos/plugin/datasource/target/pmd/rulesets/ali-set.xml/ClassCastExceptionWithToArrayRule does not mention attribute language='java', please mention it explicitly to be compatible with PMD 7
[WARNING] Rule /Users/xinluo/sources/nacos/plugin/datasource/target/pmd/rulesets/ali-set.xml/UnsupportedExceptionWithModifyAsListRule does not mention attribute language='java', please mention it explicitly to be compatible with PMD 7
[WARNING] Rule /Users/xinluo/sources/nacos/plugin/datasource/target/pmd/rulesets/ali-set.xml/UnsupportedExceptionWithModifyAsListRule does not mention attribute language='java', please mention it explicitly to be compatible with PMD 7
[WARNING] Rule /Users/xinluo/sources/nacos/plugin/datasource/target/pmd/rulesets/ali-set.xml/ClassCastExceptionWithSubListToArrayListRule does not mention attribute language='java', please mention it explicitly to be compatible with PMD 7
[WARNING] Rule /Users/xinluo/sources/nacos/plugin/datasource/target/pmd/rulesets/ali-set.xml/ClassCastExceptionWithSubListToArrayListRule does not mention attribute language='java', please mention it explicitly to be compatible with PMD 7
[WARNING] Rule /Users/xinluo/sources/nacos/plugin/datasource/target/pmd/rulesets/ali-set.xml/ConcurrentExceptionWithModifyOriginSubListRule does not mention attribute language='java', please mention it explicitly to be compatible with PMD 7
[WARNING] Rule /Users/xinluo/sources/nacos/plugin/datasource/target/pmd/rulesets/ali-set.xml/ConcurrentExceptionWithModifyOriginSubListRule does not mention attribute language='java', please mention it explicitly to be compatible with PMD 7
[WARNING] Rule /Users/xinluo/sources/nacos/plugin/datasource/target/pmd/rulesets/ali-set.xml/DontModifyInForeachCircleRule does not mention attribute language='java', please mention it explicitly to be compatible with PMD 7
[WARNING] Rule /Users/xinluo/sources/nacos/plugin/datasource/target/pmd/rulesets/ali-set.xml/DontModifyInForeachCircleRule does not mention attribute language='java', please mention it explicitly to be compatible with PMD 7
[WARNING] Rule /Users/xinluo/sources/nacos/plugin/datasource/target/pmd/rulesets/ali-set.xml/CollectionInitShouldAssignCapacityRule does not mention attribute language='java', please mention it explicitly to be compatible with PMD 7
[WARNING] Rule /Users/xinluo/sources/nacos/plugin/datasource/target/pmd/rulesets/ali-set.xml/CollectionInitShouldAssignCapacityRule does not mention attribute language='java', please mention it explicitly to be compatible with PMD 7
[WARNING] Use of deprecated attribute 'ClassOrInterfaceDeclaration/@Image' by XPath rule 'BooleanPropertyShouldNotStartWithIsRule' (in ruleset 'AlibabaJavaNaming'), please use @SimpleName instead
[WARNING] Use of deprecated attribute 'ClassOrInterfaceDeclaration/@Image' by XPath rule 'BooleanPropertyShouldNotStartWithIsRule' (in ruleset 'AlibabaJavaNaming'), please use @SimpleName instead
[WARNING] Use of deprecated attribute 'FieldDeclaration/@Array' by XPath rule 'ArrayNamingShouldHaveBracketRule' (in ruleset 'AlibabaJavaNaming')
[WARNING] Use of deprecated attribute 'FieldDeclaration/@Array' by XPath rule 'ArrayNamingShouldHaveBracketRule' (in ruleset 'AlibabaJavaNaming')
[WARNING] Use of deprecated attribute 'LocalVariableDeclaration/@Array' by XPath rule 'ArrayNamingShouldHaveBracketRule' (in ruleset 'AlibabaJavaNaming')
[WARNING] Use of deprecated attribute 'LocalVariableDeclaration/@Array' by XPath rule 'ArrayNamingShouldHaveBracketRule' (in ruleset 'AlibabaJavaNaming')
[WARNING] Use of deprecated attribute 'ReferenceType/@Array' by XPath rule 'ArrayNamingShouldHaveBracketRule' (in ruleset 'AlibabaJavaNaming')
[WARNING] Use of deprecated attribute 'ReferenceType/@Array' by XPath rule 'ArrayNamingShouldHaveBracketRule' (in ruleset 'AlibabaJavaNaming')
[WARNING] Use of deprecated attribute 'ConditionalExpression/@Ternary' by XPath rule 'AvoidComplexConditionRule' (in ruleset 'AlibabaJavaFlowControl')
[WARNING] Use of deprecated attribute 'ConditionalExpression/@Ternary' by XPath rule 'AvoidComplexConditionRule' (in ruleset 'AlibabaJavaFlowControl')
[INFO] 
[INFO] <<< maven-pmd-plugin:3.16.0:check (default) < :pmd @ nacos-datasource-plugin <<<
[INFO] 
[INFO] 
[INFO] --- maven-pmd-plugin:3.16.0:check (default) @ nacos-datasource-plugin ---
[INFO] PMD version: 6.42.0
[INFO] 
[INFO] 
[INFO] --- apache-rat-plugin:0.12:check (default) @ nacos-datasource-plugin ---
[INFO] Enabled default license matchers.
[INFO] Will parse SCM ignores for exclusions...
[INFO] Finished adding exclusions from SCM ignore files.
[INFO] 61 implicit excludes (use -debug for more details).
[INFO] Exclude: .editorconfig
[INFO] Exclude: .travis.yml
[INFO] Exclude: codecov.yml
[INFO] Exclude: CONTRIBUTING.md
[INFO] Exclude: CODE_OF_CONDUCT.md
[INFO] Exclude: CHANGELOG.md
[INFO] Exclude: style/codeStyle.md
[INFO] Exclude: REPORTING-BUGS.md
[INFO] Exclude: README.md
[INFO] Exclude: .github/**/*
[INFO] Exclude: doc/*
[INFO] Exclude: derby.log
[INFO] Exclude: logs/*
[INFO] Exclude: src/main/resources/static/**
[INFO] Exclude: **/istio/model/**
[INFO] Exclude: **/consistency/entity/**
[INFO] Exclude: **/*.txt
[INFO] Exclude: **/*.factories
[INFO] Exclude: /console-ui/**
[INFO] Exclude: **/gogo.proto
[INFO] Exclude: **/any.proto
[INFO] Exclude: src/main/java/com/alibaba/nacos/common/packagescan/classreading/**
[INFO] Exclude: .flattened-pom.xml
[INFO] Exclude: **/announcement*.conf
[INFO] Exclude: **/console-guide.conf
[INFO] Exclude: **/reflect-config.json
[INFO] Exclude: **/resource-config.json
[INFO] Exclude: **/proxy-config.json
[INFO] Exclude: **/jni-config.json
[INFO] Exclude: **/predefined-classes-config.json
[INFO] Exclude: **/serialization-config.json
[INFO] Exclude: **/filter-config.json
[INFO] Exclude: **/disk_cache_test/**
[INFO] Exclude: **/failover_test/**
[INFO] Exclude: lefthook.yml
[INFO] Exclude: .vscode/**
[INFO] 71 resources included (use -debug for more details)
[INFO] Rat check: Summary over all files. Unapproved: 0, unknown: 0, generated: 0, approved: 71 licenses.
[INFO] 
[INFO] --- maven-install-plugin:2.4:install (default-install) @ nacos-datasource-plugin ---
[INFO] Installing /Users/xinluo/sources/nacos/plugin/datasource/target/nacos-datasource-plugin-3.1.0-SNAPSHOT.jar to /var/root/.m2/repository/com/alibaba/nacos/nacos-datasource-plugin/3.1.0-SNAPSHOT/nacos-datasource-plugin-3.1.0-SNAPSHOT.jar
[INFO] Installing /Users/xinluo/sources/nacos/plugin/datasource/.flattened-pom.xml to /var/root/.m2/repository/com/alibaba/nacos/nacos-datasource-plugin/3.1.0-SNAPSHOT/nacos-datasource-plugin-3.1.0-SNAPSHOT.pom
[INFO] Installing /Users/xinluo/sources/nacos/plugin/datasource/target/nacos-datasource-plugin-3.1.0-SNAPSHOT-sources.jar to /var/root/.m2/repository/com/alibaba/nacos/nacos-datasource-plugin/3.1.0-SNAPSHOT/nacos-datasource-plugin-3.1.0-SNAPSHOT-sources.jar
[INFO] 
[INFO] ---------< com.alibaba.nacos:nacos-custom-environment-plugin >----------
[INFO] Building nacos-custom-environment-plugin 3.1.0-SNAPSHOT 3.1.0-SNAPSHOT [7/45]
[INFO] --------------------------------[ jar ]---------------------------------
[INFO] 
[INFO] --- maven-clean-plugin:2.5:clean (default-clean) @ nacos-custom-environment-plugin ---
[INFO] Deleting /Users/xinluo/sources/nacos/plugin/environment/target
[INFO] 
[INFO] --- easyj-maven-plugin:1.1.5:clean-simplify-pom (clean-flattened-pom) @ nacos-custom-environment-plugin ---
[INFO] Deleting /Users/xinluo/sources/nacos/plugin/environment/.flattened-pom.xml
[INFO] 
[INFO] --- maven-enforcer-plugin:3.5.0:enforce (enforce-ban-circular-dependencies) @ nacos-custom-environment-plugin ---
[INFO] Rule 0: org.codehaus.mojo.extraenforcer.dependencies.BanCircularDependencies passed
[INFO] 
[INFO] --- maven-checkstyle-plugin:3.1.2:check (validate) @ nacos-custom-environment-plugin ---
[WARNING] Old version of checkstyle detected. Consider updating to >= v8.30
[WARNING] For more information see: https://maven.apache.org/plugins/maven-checkstyle-plugin/examples/upgrading-checkstyle.html
[INFO] 开始检查……
检查完成。
[INFO] You have 0 Checkstyle violations.
[INFO] 
[INFO] --- jacoco-maven-plugin:0.8.13:prepare-agent (default-prepare-agent) @ nacos-custom-environment-plugin ---
[INFO] argLine set to -javaagent:/var/root/.m2/repository/org/jacoco/org.jacoco.agent/0.8.13/org.jacoco.agent-0.8.13-runtime.jar=destfile=/Users/xinluo/sources/nacos/plugin/environment/target/coverage-reports/jacoco-unit.exec,append=true,excludes=**/grpc/auto/**:**/packagescan/classreading/**:**/packagescan/resource/**:**/packagescan/util/**,output=file
[INFO] 
[INFO] --- build-helper-maven-plugin:3.2.0:add-source (add-source) @ nacos-custom-environment-plugin ---
[INFO] Source directory: /Users/xinluo/sources/nacos/plugin/environment/target/generated-sources/protobuf/java added.
[INFO] 
[INFO] --- maven-resources-plugin:3.0.2:resources (default-resources) @ nacos-custom-environment-plugin ---
[INFO] Using 'UTF-8' encoding to copy filtered resources.
[INFO] skip non existing resourceDirectory /Users/xinluo/sources/nacos/plugin/environment/src/main/resources
[INFO] 
[INFO] --- maven-compiler-plugin:3.5.1:compile (default-compile) @ nacos-custom-environment-plugin ---
[INFO] Changes detected - recompiling the module!
[INFO] Compiling 2 source files to /Users/xinluo/sources/nacos/plugin/environment/target/classes
[WARNING] 未与 -source 17 一起设置系统模块路径
[INFO] 
[INFO] --- maven-resources-plugin:3.0.2:testResources (default-testResources) @ nacos-custom-environment-plugin ---
[INFO] Using 'UTF-8' encoding to copy filtered resources.
[INFO] skip non existing resourceDirectory /Users/xinluo/sources/nacos/plugin/environment/src/test/resources
[INFO] 
[INFO] --- maven-compiler-plugin:3.5.1:testCompile (default-testCompile) @ nacos-custom-environment-plugin ---
[INFO] Changes detected - recompiling the module!
[INFO] Compiling 1 source file to /Users/xinluo/sources/nacos/plugin/environment/target/test-classes
[WARNING] 未与 -source 17 一起设置系统模块路径
[INFO] 
[INFO] --- maven-surefire-plugin:3.2.5:test (default-test) @ nacos-custom-environment-plugin ---
[INFO] Surefire report directory: /Users/xinluo/sources/nacos/plugin/environment/target/surefire-reports
[INFO] Using auto detected provider org.apache.maven.surefire.junitplatform.JUnitPlatformProvider
[INFO] 
[INFO] -------------------------------------------------------
[INFO]  T E S T S
[INFO] -------------------------------------------------------
[INFO] Running com.alibaba.nacos.plugin.environment.CustomEnvironmentPluginManagerTest
[INFO] Tests run: 2, Failures: 0, Errors: 0, Skipped: 0, Time elapsed: 0.037 s -- in com.alibaba.nacos.plugin.environment.CustomEnvironmentPluginManagerTest
[INFO] 
[INFO] Results:
[INFO] 
[INFO] Tests run: 2, Failures: 0, Errors: 0, Skipped: 0
[INFO] 
[INFO] 
[INFO] --- jacoco-maven-plugin:0.8.13:report (default-report) @ nacos-custom-environment-plugin ---
[INFO] Loading execution data file /Users/xinluo/sources/nacos/plugin/environment/target/coverage-reports/jacoco-unit.exec
[INFO] Analyzed bundle 'nacos-custom-environment-plugin 3.1.0-SNAPSHOT' with 1 classes
[INFO] 
[INFO] --- easyj-maven-plugin:1.1.5:simplify-pom (flatten-pom) @ nacos-custom-environment-plugin ---
[INFO] Create PomSimplifier by mode: auto
[INFO] The simplify mode is: JAR
[INFO] Do simplify by the POM simplifier: JarPomSimplifier
[INFO] 
[INFO] ==================================  start simplify  ==================================
[INFO] Remove Parent.
[INFO] Set GroupId from 'null' to 'com.alibaba.nacos'.
[INFO] Set Version from 'null' to '3.1.0-SNAPSHOT'.
[INFO] Set Name from 'nacos-custom-environment-plugin ${project.version}' to 'nacos-custom-environment-plugin 3.1.0-SNAPSHOT'.
[INFO] -------------------------------------------
[INFO] Copy project info from parent for the open source project:
[INFO]    Copy Licenses.
[INFO]    Copy Developers.
[INFO]    Copy Scm.
[INFO]    Copy Organization.
[INFO]    Copy IssueManagement.
[INFO] -------------------------------------------
[INFO] -------------------------------------------
[INFO] Reset dependencies: groupId, version, exclusions (Contains 1 dependencies)
[INFO]   Remove dependency by scope=provided: [com.alibaba.nacos:nacos-common:3.1.0-SNAPSHOT:provided]
[INFO] Remaining 0 dependencies.
[INFO] -------------------------------------------
[INFO] ==================================   end  simplify  ==================================
[INFO] 
[INFO] Create the POM file '.flattened-pom.xml'.
[INFO] Set the POM file '.flattened-pom.xml' to the project object.
[INFO] 
[INFO] --- maven-jar-plugin:3.2.2:jar (default-jar) @ nacos-custom-environment-plugin ---
[INFO] Building jar: /Users/xinluo/sources/nacos/plugin/environment/target/nacos-custom-environment-plugin-3.1.0-SNAPSHOT.jar
[INFO] 
[INFO] --- maven-javadoc-plugin:2.10.4:jar (attach-javadocs) @ nacos-custom-environment-plugin ---
[INFO] Skipping javadoc generation
[INFO] 
[INFO] >>> maven-source-plugin:3.0.1:jar (attach-sources) > generate-sources @ nacos-custom-environment-plugin >>>
[INFO] 
[INFO] --- maven-enforcer-plugin:3.5.0:enforce (enforce-ban-circular-dependencies) @ nacos-custom-environment-plugin ---
[INFO] Rule 0: org.codehaus.mojo.extraenforcer.dependencies.BanCircularDependencies passed
[INFO] 
[INFO] --- maven-checkstyle-plugin:3.1.2:check (validate) @ nacos-custom-environment-plugin ---
[WARNING] Old version of checkstyle detected. Consider updating to >= v8.30
[WARNING] For more information see: https://maven.apache.org/plugins/maven-checkstyle-plugin/examples/upgrading-checkstyle.html
[INFO] 开始检查……
检查完成。
[INFO] You have 0 Checkstyle violations.
[INFO] 
[INFO] --- jacoco-maven-plugin:0.8.13:prepare-agent (default-prepare-agent) @ nacos-custom-environment-plugin ---
[INFO] argLine set to -javaagent:/var/root/.m2/repository/org/jacoco/org.jacoco.agent/0.8.13/org.jacoco.agent-0.8.13-runtime.jar=destfile=/Users/xinluo/sources/nacos/plugin/environment/target/coverage-reports/jacoco-unit.exec,append=true,excludes=**/grpc/auto/**:**/packagescan/classreading/**:**/packagescan/resource/**:**/packagescan/util/**,output=file
[INFO] 
[INFO] --- build-helper-maven-plugin:3.2.0:add-source (add-source) @ nacos-custom-environment-plugin ---
[INFO] Source directory: /Users/xinluo/sources/nacos/plugin/environment/target/generated-sources/protobuf/java added.
[INFO] 
[INFO] <<< maven-source-plugin:3.0.1:jar (attach-sources) < generate-sources @ nacos-custom-environment-plugin <<<
[INFO] 
[INFO] 
[INFO] --- maven-source-plugin:3.0.1:jar (attach-sources) @ nacos-custom-environment-plugin ---
[INFO] Building jar: /Users/xinluo/sources/nacos/plugin/environment/target/nacos-custom-environment-plugin-3.1.0-SNAPSHOT-sources.jar
[INFO] 
[INFO] >>> maven-pmd-plugin:3.16.0:check (default) > :pmd @ nacos-custom-environment-plugin >>>
[INFO] 
[INFO] --- maven-pmd-plugin:3.16.0:pmd (pmd) @ nacos-custom-environment-plugin ---
[WARNING] Unable to locate Source XRef to link to - DISABLED
[WARNING] Unable to locate Source XRef to link to - DISABLED
[INFO] PMD version: 6.42.0
[WARNING] Rule /Users/xinluo/sources/nacos/plugin/environment/target/pmd/rulesets/ali-comment.xml/CommentsMustBeJavadocFormatRule does not mention attribute language='java', please mention it explicitly to be compatible with PMD 7
[WARNING] Rule /Users/xinluo/sources/nacos/plugin/environment/target/pmd/rulesets/ali-comment.xml/CommentsMustBeJavadocFormatRule does not mention attribute language='java', please mention it explicitly to be compatible with PMD 7
[WARNING] Rule /Users/xinluo/sources/nacos/plugin/environment/target/pmd/rulesets/ali-comment.xml/AbstractMethodOrInterfaceMethodMustUseJavadocRule does not mention attribute language='java', please mention it explicitly to be compatible with PMD 7
[WARNING] Rule /Users/xinluo/sources/nacos/plugin/environment/target/pmd/rulesets/ali-comment.xml/AbstractMethodOrInterfaceMethodMustUseJavadocRule does not mention attribute language='java', please mention it explicitly to be compatible with PMD 7
[WARNING] Rule /Users/xinluo/sources/nacos/plugin/environment/target/pmd/rulesets/ali-comment.xml/ClassMustHaveAuthorRule does not mention attribute language='java', please mention it explicitly to be compatible with PMD 7
[WARNING] Rule /Users/xinluo/sources/nacos/plugin/environment/target/pmd/rulesets/ali-comment.xml/ClassMustHaveAuthorRule does not mention attribute language='java', please mention it explicitly to be compatible with PMD 7
[WARNING] Rule /Users/xinluo/sources/nacos/plugin/environment/target/pmd/rulesets/ali-comment.xml/EnumConstantsMustHaveCommentRule does not mention attribute language='java', please mention it explicitly to be compatible with PMD 7
[WARNING] Rule /Users/xinluo/sources/nacos/plugin/environment/target/pmd/rulesets/ali-comment.xml/EnumConstantsMustHaveCommentRule does not mention attribute language='java', please mention it explicitly to be compatible with PMD 7
[WARNING] Rule /Users/xinluo/sources/nacos/plugin/environment/target/pmd/rulesets/ali-comment.xml/AvoidCommentBehindStatementRule does not mention attribute language='java', please mention it explicitly to be compatible with PMD 7
[WARNING] Rule /Users/xinluo/sources/nacos/plugin/environment/target/pmd/rulesets/ali-comment.xml/AvoidCommentBehindStatementRule does not mention attribute language='java', please mention it explicitly to be compatible with PMD 7
[WARNING] Rule /Users/xinluo/sources/nacos/plugin/environment/target/pmd/rulesets/ali-comment.xml/RemoveCommentedCodeRule does not mention attribute language='java', please mention it explicitly to be compatible with PMD 7
[WARNING] Rule /Users/xinluo/sources/nacos/plugin/environment/target/pmd/rulesets/ali-comment.xml/RemoveCommentedCodeRule does not mention attribute language='java', please mention it explicitly to be compatible with PMD 7
[WARNING] Rule /Users/xinluo/sources/nacos/plugin/environment/target/pmd/rulesets/ali-constant.xml/UpperEllRule does not mention attribute language='java', please mention it explicitly to be compatible with PMD 7
[WARNING] Rule /Users/xinluo/sources/nacos/plugin/environment/target/pmd/rulesets/ali-constant.xml/UpperEllRule does not mention attribute language='java', please mention it explicitly to be compatible with PMD 7
[WARNING] Rule /Users/xinluo/sources/nacos/plugin/environment/target/pmd/rulesets/ali-constant.xml/UndefineMagicConstantRule does not mention attribute language='java', please mention it explicitly to be compatible with PMD 7
[WARNING] Rule /Users/xinluo/sources/nacos/plugin/environment/target/pmd/rulesets/ali-constant.xml/UndefineMagicConstantRule does not mention attribute language='java', please mention it explicitly to be compatible with PMD 7
[WARNING] Rule /Users/xinluo/sources/nacos/plugin/environment/target/pmd/rulesets/ali-set.xml/ClassCastExceptionWithToArrayRule does not mention attribute language='java', please mention it explicitly to be compatible with PMD 7
[WARNING] Rule /Users/xinluo/sources/nacos/plugin/environment/target/pmd/rulesets/ali-set.xml/ClassCastExceptionWithToArrayRule does not mention attribute language='java', please mention it explicitly to be compatible with PMD 7
[WARNING] Rule /Users/xinluo/sources/nacos/plugin/environment/target/pmd/rulesets/ali-set.xml/UnsupportedExceptionWithModifyAsListRule does not mention attribute language='java', please mention it explicitly to be compatible with PMD 7
[WARNING] Rule /Users/xinluo/sources/nacos/plugin/environment/target/pmd/rulesets/ali-set.xml/UnsupportedExceptionWithModifyAsListRule does not mention attribute language='java', please mention it explicitly to be compatible with PMD 7
[WARNING] Rule /Users/xinluo/sources/nacos/plugin/environment/target/pmd/rulesets/ali-set.xml/ClassCastExceptionWithSubListToArrayListRule does not mention attribute language='java', please mention it explicitly to be compatible with PMD 7
[WARNING] Rule /Users/xinluo/sources/nacos/plugin/environment/target/pmd/rulesets/ali-set.xml/ClassCastExceptionWithSubListToArrayListRule does not mention attribute language='java', please mention it explicitly to be compatible with PMD 7
[WARNING] Rule /Users/xinluo/sources/nacos/plugin/environment/target/pmd/rulesets/ali-set.xml/ConcurrentExceptionWithModifyOriginSubListRule does not mention attribute language='java', please mention it explicitly to be compatible with PMD 7
[WARNING] Rule /Users/xinluo/sources/nacos/plugin/environment/target/pmd/rulesets/ali-set.xml/ConcurrentExceptionWithModifyOriginSubListRule does not mention attribute language='java', please mention it explicitly to be compatible with PMD 7
[WARNING] Rule /Users/xinluo/sources/nacos/plugin/environment/target/pmd/rulesets/ali-set.xml/DontModifyInForeachCircleRule does not mention attribute language='java', please mention it explicitly to be compatible with PMD 7
[WARNING] Rule /Users/xinluo/sources/nacos/plugin/environment/target/pmd/rulesets/ali-set.xml/DontModifyInForeachCircleRule does not mention attribute language='java', please mention it explicitly to be compatible with PMD 7
[WARNING] Rule /Users/xinluo/sources/nacos/plugin/environment/target/pmd/rulesets/ali-set.xml/CollectionInitShouldAssignCapacityRule does not mention attribute language='java', please mention it explicitly to be compatible with PMD 7
[WARNING] Rule /Users/xinluo/sources/nacos/plugin/environment/target/pmd/rulesets/ali-set.xml/CollectionInitShouldAssignCapacityRule does not mention attribute language='java', please mention it explicitly to be compatible with PMD 7
[WARNING] Use of deprecated attribute 'ClassOrInterfaceDeclaration/@Image' by XPath rule 'BooleanPropertyShouldNotStartWithIsRule' (in ruleset 'AlibabaJavaNaming'), please use @SimpleName instead
[WARNING] Use of deprecated attribute 'ClassOrInterfaceDeclaration/@Image' by XPath rule 'BooleanPropertyShouldNotStartWithIsRule' (in ruleset 'AlibabaJavaNaming'), please use @SimpleName instead
[WARNING] Use of deprecated attribute 'FieldDeclaration/@Array' by XPath rule 'ArrayNamingShouldHaveBracketRule' (in ruleset 'AlibabaJavaNaming')
[WARNING] Use of deprecated attribute 'FieldDeclaration/@Array' by XPath rule 'ArrayNamingShouldHaveBracketRule' (in ruleset 'AlibabaJavaNaming')
[WARNING] Use of deprecated attribute 'LocalVariableDeclaration/@Array' by XPath rule 'ArrayNamingShouldHaveBracketRule' (in ruleset 'AlibabaJavaNaming')
[WARNING] Use of deprecated attribute 'LocalVariableDeclaration/@Array' by XPath rule 'ArrayNamingShouldHaveBracketRule' (in ruleset 'AlibabaJavaNaming')
[INFO] 
[INFO] <<< maven-pmd-plugin:3.16.0:check (default) < :pmd @ nacos-custom-environment-plugin <<<
[INFO] 
[INFO] 
[INFO] --- maven-pmd-plugin:3.16.0:check (default) @ nacos-custom-environment-plugin ---
[INFO] PMD version: 6.42.0
[INFO] 
[INFO] 
[INFO] --- apache-rat-plugin:0.12:check (default) @ nacos-custom-environment-plugin ---
[INFO] Enabled default license matchers.
[INFO] Will parse SCM ignores for exclusions...
[INFO] Finished adding exclusions from SCM ignore files.
[INFO] 61 implicit excludes (use -debug for more details).
[INFO] Exclude: .editorconfig
[INFO] Exclude: .travis.yml
[INFO] Exclude: codecov.yml
[INFO] Exclude: CONTRIBUTING.md
[INFO] Exclude: CODE_OF_CONDUCT.md
[INFO] Exclude: CHANGELOG.md
[INFO] Exclude: style/codeStyle.md
[INFO] Exclude: REPORTING-BUGS.md
[INFO] Exclude: README.md
[INFO] Exclude: .github/**/*
[INFO] Exclude: doc/*
[INFO] Exclude: derby.log
[INFO] Exclude: logs/*
[INFO] Exclude: src/main/resources/static/**
[INFO] Exclude: **/istio/model/**
[INFO] Exclude: **/consistency/entity/**
[INFO] Exclude: **/*.txt
[INFO] Exclude: **/*.factories
[INFO] Exclude: /console-ui/**
[INFO] Exclude: **/gogo.proto
[INFO] Exclude: **/any.proto
[INFO] Exclude: src/main/java/com/alibaba/nacos/common/packagescan/classreading/**
[INFO] Exclude: .flattened-pom.xml
[INFO] Exclude: **/announcement*.conf
[INFO] Exclude: **/console-guide.conf
[INFO] Exclude: **/reflect-config.json
[INFO] Exclude: **/resource-config.json
[INFO] Exclude: **/proxy-config.json
[INFO] Exclude: **/jni-config.json
[INFO] Exclude: **/predefined-classes-config.json
[INFO] Exclude: **/serialization-config.json
[INFO] Exclude: **/filter-config.json
[INFO] Exclude: **/disk_cache_test/**
[INFO] Exclude: **/failover_test/**
[INFO] Exclude: lefthook.yml
[INFO] Exclude: .vscode/**
[INFO] 4 resources included (use -debug for more details)
[INFO] Rat check: Summary over all files. Unapproved: 0, unknown: 0, generated: 0, approved: 4 licenses.
[INFO] 
[INFO] --- maven-install-plugin:2.4:install (default-install) @ nacos-custom-environment-plugin ---
[INFO] Installing /Users/xinluo/sources/nacos/plugin/environment/target/nacos-custom-environment-plugin-3.1.0-SNAPSHOT.jar to /var/root/.m2/repository/com/alibaba/nacos/nacos-custom-environment-plugin/3.1.0-SNAPSHOT/nacos-custom-environment-plugin-3.1.0-SNAPSHOT.jar
[INFO] Installing /Users/xinluo/sources/nacos/plugin/environment/.flattened-pom.xml to /var/root/.m2/repository/com/alibaba/nacos/nacos-custom-environment-plugin/3.1.0-SNAPSHOT/nacos-custom-environment-plugin-3.1.0-SNAPSHOT.pom
[INFO] Installing /Users/xinluo/sources/nacos/plugin/environment/target/nacos-custom-environment-plugin-3.1.0-SNAPSHOT-sources.jar to /var/root/.m2/repository/com/alibaba/nacos/nacos-custom-environment-plugin/3.1.0-SNAPSHOT/nacos-custom-environment-plugin-3.1.0-SNAPSHOT-sources.jar
[INFO] 
[INFO] --------------------< com.alibaba.nacos:nacos-sys >---------------------
[INFO] Building nacos-sys 3.1.0-SNAPSHOT 3.1.0-SNAPSHOT                  [8/45]
[INFO] --------------------------------[ jar ]---------------------------------
[INFO] 
[INFO] --- maven-clean-plugin:2.5:clean (default-clean) @ nacos-sys ---
[INFO] Deleting /Users/xinluo/sources/nacos/sys/target
[INFO] 
[INFO] --- easyj-maven-plugin:1.1.5:clean-simplify-pom (clean-flattened-pom) @ nacos-sys ---
[INFO] Deleting /Users/xinluo/sources/nacos/sys/.flattened-pom.xml
[INFO] 
[INFO] --- maven-enforcer-plugin:3.5.0:enforce (enforce-ban-circular-dependencies) @ nacos-sys ---
[INFO] Rule 0: org.codehaus.mojo.extraenforcer.dependencies.BanCircularDependencies passed
[INFO] 
[INFO] --- maven-checkstyle-plugin:3.1.2:check (validate) @ nacos-sys ---
[WARNING] Old version of checkstyle detected. Consider updating to >= v8.30
[WARNING] For more information see: https://maven.apache.org/plugins/maven-checkstyle-plugin/examples/upgrading-checkstyle.html
[INFO] 开始检查……
检查完成。
[INFO] You have 0 Checkstyle violations.
[INFO] 
[INFO] --- jacoco-maven-plugin:0.8.13:prepare-agent (default-prepare-agent) @ nacos-sys ---
[INFO] argLine set to -javaagent:/var/root/.m2/repository/org/jacoco/org.jacoco.agent/0.8.13/org.jacoco.agent-0.8.13-runtime.jar=destfile=/Users/xinluo/sources/nacos/sys/target/coverage-reports/jacoco-unit.exec,append=true,excludes=**/grpc/auto/**:**/packagescan/classreading/**:**/packagescan/resource/**:**/packagescan/util/**,output=file
[INFO] 
[INFO] --- build-helper-maven-plugin:3.2.0:add-source (add-source) @ nacos-sys ---
[INFO] Source directory: /Users/xinluo/sources/nacos/sys/target/generated-sources/protobuf/java added.
[INFO] 
[INFO] --- maven-resources-plugin:3.0.2:resources (default-resources) @ nacos-sys ---
[INFO] Using 'UTF-8' encoding to copy filtered resources.
[INFO] Copying 3 resources
[INFO] 
[INFO] --- maven-compiler-plugin:3.5.1:compile (default-compile) @ nacos-sys ---
[INFO] Changes detected - recompiling the module!
[INFO] Compiling 25 source files to /Users/xinluo/sources/nacos/sys/target/classes
[WARNING] 未与 -source 17 一起设置系统模块路径
[WARNING] /Users/xinluo/sources/nacos/sys/src/main/java/com/alibaba/nacos/sys/utils/DiskUtils.java:[480,47] org.apache.commons.io.output.NullOutputStream中的NULL_OUTPUT_STREAM已过时
[WARNING] /Users/xinluo/sources/nacos/sys/src/main/java/com/alibaba/nacos/sys/utils/DiskUtils.java:[502,47] org.apache.commons.io.output.NullOutputStream中的NULL_OUTPUT_STREAM已过时
[INFO] /Users/xinluo/sources/nacos/sys/src/main/java/com/alibaba/nacos/sys/module/ModuleState.java: 某些输入文件使用了未经检查或不安全的操作。
[INFO] /Users/xinluo/sources/nacos/sys/src/main/java/com/alibaba/nacos/sys/module/ModuleState.java: 有关详细信息, 请使用 -Xlint:unchecked 重新编译。
[INFO] 
[INFO] --- maven-resources-plugin:3.0.2:testResources (default-testResources) @ nacos-sys ---
[INFO] Using 'UTF-8' encoding to copy filtered resources.
[INFO] Copying 13 resources
[INFO] 
[INFO] --- maven-compiler-plugin:3.5.1:testCompile (default-testCompile) @ nacos-sys ---
[INFO] Changes detected - recompiling the module!
[INFO] Compiling 23 source files to /Users/xinluo/sources/nacos/sys/target/test-classes
[WARNING] 未与 -source 17 一起设置系统模块路径
[INFO] /Users/xinluo/sources/nacos/sys/src/test/java/com/alibaba/nacos/sys/file/WatchFileCenterTest.java: 某些输入文件使用了未经检查或不安全的操作。
[INFO] /Users/xinluo/sources/nacos/sys/src/test/java/com/alibaba/nacos/sys/file/WatchFileCenterTest.java: 有关详细信息, 请使用 -Xlint:unchecked 重新编译。
[INFO] 
[INFO] --- maven-surefire-plugin:3.2.5:test (default-test) @ nacos-sys ---
[INFO] Surefire report directory: /Users/xinluo/sources/nacos/sys/target/surefire-reports
[INFO] Using auto detected provider org.apache.maven.surefire.junitplatform.JUnitPlatformProvider
[INFO] 
[INFO] -------------------------------------------------------
[INFO]  T E S T S
[INFO] -------------------------------------------------------
[INFO] Running com.alibaba.nacos.sys.file.WatchFileCenterTest
FileChangeEvent{paths='/var/root/watch_file_change_test', context=modify_file_much}
test_modify_file_0
FileChangeEvent{paths='/var/root/watch_file_change_test', context=modify_file_much}
test_modify_file_1
FileChangeEvent{paths='/var/root/watch_file_change_test', context=modify_file_much}
test_modify_file_2
[INFO] Tests run: 9, Failures: 0, Errors: 0, Skipped: 0, Time elapsed: 64.19 s -- in com.alibaba.nacos.sys.file.WatchFileCenterTest
[INFO] Running com.alibaba.nacos.sys.module.ModuleStateHolderTest
[INFO] Tests run: 7, Failures: 0, Errors: 0, Skipped: 0, Time elapsed: 0.046 s -- in com.alibaba.nacos.sys.module.ModuleStateHolderTest
[INFO] Running com.alibaba.nacos.sys.utils.TimerContextTest
[INFO] Tests run: 9, Failures: 0, Errors: 0, Skipped: 0, Time elapsed: 0.145 s -- in com.alibaba.nacos.sys.utils.TimerContextTest
[INFO] Running com.alibaba.nacos.sys.utils.MethodUtilTest
[INFO] Tests run: 2, Failures: 0, Errors: 0, Skipped: 0, Time elapsed: 0.003 s -- in com.alibaba.nacos.sys.utils.MethodUtilTest
[INFO] Running com.alibaba.nacos.sys.utils.PropertiesUtilTest

  .   ____          _            __ _ _
 /\\ / ___'_ __ _ _(_)_ __  __ _ \ \ \ \
( ( )\___ | '_ | '_| | '_ \/ _` | \ \ \ \
 \\/  ___)| |_)| | | | | || (_| |  ) ) ) )
  '  |____| .__|_| |_|_| |_\__, | / / / /
 =========|_|==============|___/=/_/_/_/

 :: Spring Boot ::                (v3.4.9)

[INFO] Tests run: 3, Failures: 0, Errors: 0, Skipped: 0, Time elapsed: 0.449 s -- in com.alibaba.nacos.sys.utils.PropertiesUtilTest
[INFO] Running com.alibaba.nacos.sys.utils.DiskUtilsZipTest
[INFO] Tests run: 2, Failures: 0, Errors: 0, Skipped: 0, Time elapsed: 0.027 s -- in com.alibaba.nacos.sys.utils.DiskUtilsZipTest
[INFO] Running com.alibaba.nacos.sys.utils.DiskUtilsTest
[INFO] Tests run: 40, Failures: 0, Errors: 0, Skipped: 0, Time elapsed: 0.060 s -- in com.alibaba.nacos.sys.utils.DiskUtilsTest
[INFO] Running com.alibaba.nacos.sys.utils.InetUtilsTest
[INFO] Tests run: 8, Failures: 0, Errors: 0, Skipped: 0, Time elapsed: 0.377 s -- in com.alibaba.nacos.sys.utils.InetUtilsTest
[INFO] Running com.alibaba.nacos.sys.utils.ApplicationUtilsTest
[INFO] Tests run: 15, Failures: 0, Errors: 0, Skipped: 0, Time elapsed: 0.110 s -- in com.alibaba.nacos.sys.utils.ApplicationUtilsTest
[INFO] Running com.alibaba.nacos.sys.env.OperatingSystemBeanManagerTest
[INFO] Tests run: 7, Failures: 0, Errors: 0, Skipped: 0, Time elapsed: 0.006 s -- in com.alibaba.nacos.sys.env.OperatingSystemBeanManagerTest
[INFO] Running com.alibaba.nacos.sys.env.OriginTrackedPropertiesLoaderTest
[INFO] Tests run: 39, Failures: 0, Errors: 0, Skipped: 0, Time elapsed: 0.026 s -- in com.alibaba.nacos.sys.env.OriginTrackedPropertiesLoaderTest
[INFO] Running com.alibaba.nacos.sys.env.EnvUtilTest
[INFO] Tests run: 36, Failures: 0, Errors: 0, Skipped: 0, Time elapsed: 0.080 s -- in com.alibaba.nacos.sys.env.EnvUtilTest
[INFO] Running com.alibaba.nacos.sys.env.NacosDuplicateSpringBeanPostProcessorTest
[INFO] Tests run: 4, Failures: 0, Errors: 0, Skipped: 0, Time elapsed: 0.087 s -- in com.alibaba.nacos.sys.env.NacosDuplicateSpringBeanPostProcessorTest
[INFO] Running com.alibaba.nacos.sys.env.EnvModuleStateBuilderTest
[INFO] Tests run: 1, Failures: 0, Errors: 0, Skipped: 0, Time elapsed: 0 s -- in com.alibaba.nacos.sys.env.EnvModuleStateBuilderTest
[INFO] Running com.alibaba.nacos.sys.env.EnvUtilWithConfigTest

  .   ____          _            __ _ _
 /\\ / ___'_ __ _ _(_)_ __  __ _ \ \ \ \
( ( )\___ | '_ | '_| | '_ \/ _` | \ \ \ \
 \\/  ___)| |_)| | | | | || (_| |  ) ) ) )
  '  |____| .__|_| |_|_| |_\__, | / / / /
 =========|_|==============|___/=/_/_/_/

 :: Spring Boot ::                (v3.4.9)

[INFO] Tests run: 3, Failures: 0, Errors: 0, Skipped: 0, Time elapsed: 0.021 s -- in com.alibaba.nacos.sys.env.EnvUtilWithConfigTest
[INFO] Running com.alibaba.nacos.sys.env.NacosDuplicateConfigurationBeanPostProcessorTest
[INFO] Tests run: 4, Failures: 0, Errors: 0, Skipped: 0, Time elapsed: 0.022 s -- in com.alibaba.nacos.sys.env.NacosDuplicateConfigurationBeanPostProcessorTest
[INFO] Running com.alibaba.nacos.sys.env.EnvUtilWithoutConfigTest

  .   ____          _            __ _ _
 /\\ / ___'_ __ _ _(_)_ __  __ _ \ \ \ \
( ( )\___ | '_ | '_| | '_ \/ _` | \ \ \ \
 \\/  ___)| |_)| | | | | || (_| |  ) ) ) )
  '  |____| .__|_| |_|_| |_\__, | / / / /
 =========|_|==============|___/=/_/_/_/

 :: Spring Boot ::                (v3.4.9)

[INFO] Tests run: 3, Failures: 0, Errors: 0, Skipped: 0, Time elapsed: 0.019 s -- in com.alibaba.nacos.sys.env.EnvUtilWithoutConfigTest
[INFO] Running com.alibaba.nacos.sys.filter.NacosTypeExcludeFilterTest
[INFO] Tests run: 4, Failures: 0, Errors: 0, Skipped: 0, Time elapsed: 0.071 s -- in com.alibaba.nacos.sys.filter.NacosTypeExcludeFilterTest
[INFO] 
[INFO] Results:
[INFO] 
[INFO] Tests run: 196, Failures: 0, Errors: 0, Skipped: 0
[INFO] 
[INFO] 
[INFO] --- jacoco-maven-plugin:0.8.13:report (default-report) @ nacos-sys ---
[INFO] Loading execution data file /Users/xinluo/sources/nacos/sys/target/coverage-reports/jacoco-unit.exec
[INFO] Analyzed bundle 'nacos-sys 3.1.0-SNAPSHOT' with 28 classes
[INFO] 
[INFO] --- easyj-maven-plugin:1.1.5:simplify-pom (flatten-pom) @ nacos-sys ---
[INFO] Create PomSimplifier by mode: auto
[INFO] The simplify mode is: JAR
[INFO] Do simplify by the POM simplifier: JarPomSimplifier
[INFO] 
[INFO] ==================================  start simplify  ==================================
[INFO] Remove Parent.
[INFO] Set GroupId from 'null' to 'com.alibaba.nacos'.
[INFO] Set Version from 'null' to '3.1.0-SNAPSHOT'.
[INFO] Set Name from 'nacos-sys ${project.version}' to 'nacos-sys 3.1.0-SNAPSHOT'.
[WARNING] The '<description>' is required when uploading OSSRH. Please set a value immediately.
[INFO] -------------------------------------------
[INFO] Copy project info from parent for the open source project:
[INFO]    Copy Licenses.
[INFO]    Copy Developers.
[INFO]    Copy Scm.
[INFO]    Copy Organization.
[INFO]    Copy IssueManagement.
[INFO] -------------------------------------------
[INFO] -------------------------------------------
[INFO] Reset dependencies: groupId, version, exclusions (Contains 5 dependencies)
[INFO]   Reset dependency: [${project.groupId}:nacos-common:null] -> [com.alibaba.nacos:nacos-common:3.1.0-SNAPSHOT]
[INFO]   Reset dependency: [org.springframework.boot:spring-boot-starter:null] -> [org.springframework.boot:spring-boot-starter:3.4.9]
[INFO]   Remove dependency by scope=test: [org.springframework:spring-test:6.2.10:test]
[INFO]   Remove dependency by scope=test: [org.springframework.boot:spring-boot-test:3.4.9:test]
[INFO]   Reset dependency: [com.alibaba.nacos:nacos-custom-environment-plugin:null] -> [com.alibaba.nacos:nacos-custom-environment-plugin:3.1.0-SNAPSHOT]
[INFO] Remaining 3 dependencies.
[INFO] -------------------------------------------
[INFO] -------------------------------------------
[INFO] Optimize Dependencies: (3)
[INFO]  - Optimize with 'replaceVariable'
[INFO] ==================================   end  simplify  ==================================
[INFO] 
[INFO] Create the POM file '.flattened-pom.xml'.
[INFO] Set the POM file '.flattened-pom.xml' to the project object.
[INFO] 
[INFO] --- maven-jar-plugin:3.2.2:jar (default-jar) @ nacos-sys ---
[INFO] Building jar: /Users/xinluo/sources/nacos/sys/target/nacos-sys-3.1.0-SNAPSHOT.jar
[INFO] 
[INFO] --- maven-javadoc-plugin:2.10.4:jar (attach-javadocs) @ nacos-sys ---
[INFO] Skipping javadoc generation
[INFO] 
[INFO] >>> maven-source-plugin:3.0.1:jar (attach-sources) > generate-sources @ nacos-sys >>>
[INFO] 
[INFO] --- maven-enforcer-plugin:3.5.0:enforce (enforce-ban-circular-dependencies) @ nacos-sys ---
[INFO] Rule 0: org.codehaus.mojo.extraenforcer.dependencies.BanCircularDependencies passed
[INFO] 
[INFO] --- maven-checkstyle-plugin:3.1.2:check (validate) @ nacos-sys ---
[WARNING] Old version of checkstyle detected. Consider updating to >= v8.30
[WARNING] For more information see: https://maven.apache.org/plugins/maven-checkstyle-plugin/examples/upgrading-checkstyle.html
[INFO] 开始检查……
检查完成。
[INFO] You have 0 Checkstyle violations.
[INFO] 
[INFO] --- jacoco-maven-plugin:0.8.13:prepare-agent (default-prepare-agent) @ nacos-sys ---
[INFO] argLine set to -javaagent:/var/root/.m2/repository/org/jacoco/org.jacoco.agent/0.8.13/org.jacoco.agent-0.8.13-runtime.jar=destfile=/Users/xinluo/sources/nacos/sys/target/coverage-reports/jacoco-unit.exec,append=true,excludes=**/grpc/auto/**:**/packagescan/classreading/**:**/packagescan/resource/**:**/packagescan/util/**,output=file
[INFO] 
[INFO] --- build-helper-maven-plugin:3.2.0:add-source (add-source) @ nacos-sys ---
[INFO] Source directory: /Users/xinluo/sources/nacos/sys/target/generated-sources/protobuf/java added.
[INFO] 
[INFO] <<< maven-source-plugin:3.0.1:jar (attach-sources) < generate-sources @ nacos-sys <<<
[INFO] 
[INFO] 
[INFO] --- maven-source-plugin:3.0.1:jar (attach-sources) @ nacos-sys ---
[INFO] Building jar: /Users/xinluo/sources/nacos/sys/target/nacos-sys-3.1.0-SNAPSHOT-sources.jar
[INFO] 
[INFO] >>> maven-pmd-plugin:3.16.0:check (default) > :pmd @ nacos-sys >>>
[INFO] 
[INFO] --- maven-pmd-plugin:3.16.0:pmd (pmd) @ nacos-sys ---
[WARNING] Unable to locate Source XRef to link to - DISABLED
[WARNING] Unable to locate Source XRef to link to - DISABLED
[INFO] PMD version: 6.42.0
[WARNING] Rule /Users/xinluo/sources/nacos/sys/target/pmd/rulesets/ali-comment.xml/CommentsMustBeJavadocFormatRule does not mention attribute language='java', please mention it explicitly to be compatible with PMD 7
[WARNING] Rule /Users/xinluo/sources/nacos/sys/target/pmd/rulesets/ali-comment.xml/CommentsMustBeJavadocFormatRule does not mention attribute language='java', please mention it explicitly to be compatible with PMD 7
[WARNING] Rule /Users/xinluo/sources/nacos/sys/target/pmd/rulesets/ali-comment.xml/AbstractMethodOrInterfaceMethodMustUseJavadocRule does not mention attribute language='java', please mention it explicitly to be compatible with PMD 7
[WARNING] Rule /Users/xinluo/sources/nacos/sys/target/pmd/rulesets/ali-comment.xml/AbstractMethodOrInterfaceMethodMustUseJavadocRule does not mention attribute language='java', please mention it explicitly to be compatible with PMD 7
[WARNING] Rule /Users/xinluo/sources/nacos/sys/target/pmd/rulesets/ali-comment.xml/ClassMustHaveAuthorRule does not mention attribute language='java', please mention it explicitly to be compatible with PMD 7
[WARNING] Rule /Users/xinluo/sources/nacos/sys/target/pmd/rulesets/ali-comment.xml/ClassMustHaveAuthorRule does not mention attribute language='java', please mention it explicitly to be compatible with PMD 7
[WARNING] Rule /Users/xinluo/sources/nacos/sys/target/pmd/rulesets/ali-comment.xml/EnumConstantsMustHaveCommentRule does not mention attribute language='java', please mention it explicitly to be compatible with PMD 7
[WARNING] Rule /Users/xinluo/sources/nacos/sys/target/pmd/rulesets/ali-comment.xml/EnumConstantsMustHaveCommentRule does not mention attribute language='java', please mention it explicitly to be compatible with PMD 7
[WARNING] Rule /Users/xinluo/sources/nacos/sys/target/pmd/rulesets/ali-comment.xml/AvoidCommentBehindStatementRule does not mention attribute language='java', please mention it explicitly to be compatible with PMD 7
[WARNING] Rule /Users/xinluo/sources/nacos/sys/target/pmd/rulesets/ali-comment.xml/AvoidCommentBehindStatementRule does not mention attribute language='java', please mention it explicitly to be compatible with PMD 7
[WARNING] Rule /Users/xinluo/sources/nacos/sys/target/pmd/rulesets/ali-comment.xml/RemoveCommentedCodeRule does not mention attribute language='java', please mention it explicitly to be compatible with PMD 7
[WARNING] Rule /Users/xinluo/sources/nacos/sys/target/pmd/rulesets/ali-comment.xml/RemoveCommentedCodeRule does not mention attribute language='java', please mention it explicitly to be compatible with PMD 7
[WARNING] Rule /Users/xinluo/sources/nacos/sys/target/pmd/rulesets/ali-constant.xml/UpperEllRule does not mention attribute language='java', please mention it explicitly to be compatible with PMD 7
[WARNING] Rule /Users/xinluo/sources/nacos/sys/target/pmd/rulesets/ali-constant.xml/UpperEllRule does not mention attribute language='java', please mention it explicitly to be compatible with PMD 7
[WARNING] Rule /Users/xinluo/sources/nacos/sys/target/pmd/rulesets/ali-constant.xml/UndefineMagicConstantRule does not mention attribute language='java', please mention it explicitly to be compatible with PMD 7
[WARNING] Rule /Users/xinluo/sources/nacos/sys/target/pmd/rulesets/ali-constant.xml/UndefineMagicConstantRule does not mention attribute language='java', please mention it explicitly to be compatible with PMD 7
[WARNING] Rule /Users/xinluo/sources/nacos/sys/target/pmd/rulesets/ali-set.xml/ClassCastExceptionWithToArrayRule does not mention attribute language='java', please mention it explicitly to be compatible with PMD 7
[WARNING] Rule /Users/xinluo/sources/nacos/sys/target/pmd/rulesets/ali-set.xml/ClassCastExceptionWithToArrayRule does not mention attribute language='java', please mention it explicitly to be compatible with PMD 7
[WARNING] Rule /Users/xinluo/sources/nacos/sys/target/pmd/rulesets/ali-set.xml/UnsupportedExceptionWithModifyAsListRule does not mention attribute language='java', please mention it explicitly to be compatible with PMD 7
[WARNING] Rule /Users/xinluo/sources/nacos/sys/target/pmd/rulesets/ali-set.xml/UnsupportedExceptionWithModifyAsListRule does not mention attribute language='java', please mention it explicitly to be compatible with PMD 7
[WARNING] Rule /Users/xinluo/sources/nacos/sys/target/pmd/rulesets/ali-set.xml/ClassCastExceptionWithSubListToArrayListRule does not mention attribute language='java', please mention it explicitly to be compatible with PMD 7
[WARNING] Rule /Users/xinluo/sources/nacos/sys/target/pmd/rulesets/ali-set.xml/ClassCastExceptionWithSubListToArrayListRule does not mention attribute language='java', please mention it explicitly to be compatible with PMD 7
[WARNING] Rule /Users/xinluo/sources/nacos/sys/target/pmd/rulesets/ali-set.xml/ConcurrentExceptionWithModifyOriginSubListRule does not mention attribute language='java', please mention it explicitly to be compatible with PMD 7
[WARNING] Rule /Users/xinluo/sources/nacos/sys/target/pmd/rulesets/ali-set.xml/ConcurrentExceptionWithModifyOriginSubListRule does not mention attribute language='java', please mention it explicitly to be compatible with PMD 7
[WARNING] Rule /Users/xinluo/sources/nacos/sys/target/pmd/rulesets/ali-set.xml/DontModifyInForeachCircleRule does not mention attribute language='java', please mention it explicitly to be compatible with PMD 7
[WARNING] Rule /Users/xinluo/sources/nacos/sys/target/pmd/rulesets/ali-set.xml/DontModifyInForeachCircleRule does not mention attribute language='java', please mention it explicitly to be compatible with PMD 7
[WARNING] Rule /Users/xinluo/sources/nacos/sys/target/pmd/rulesets/ali-set.xml/CollectionInitShouldAssignCapacityRule does not mention attribute language='java', please mention it explicitly to be compatible with PMD 7
[WARNING] Rule /Users/xinluo/sources/nacos/sys/target/pmd/rulesets/ali-set.xml/CollectionInitShouldAssignCapacityRule does not mention attribute language='java', please mention it explicitly to be compatible with PMD 7
[WARNING] Use of deprecated attribute 'FieldDeclaration/@Array' by XPath rule 'ArrayNamingShouldHaveBracketRule' (in ruleset 'AlibabaJavaNaming')
[WARNING] Use of deprecated attribute 'FieldDeclaration/@Array' by XPath rule 'ArrayNamingShouldHaveBracketRule' (in ruleset 'AlibabaJavaNaming')
[WARNING] Use of deprecated attribute 'ClassOrInterfaceDeclaration/@Image' by XPath rule 'BooleanPropertyShouldNotStartWithIsRule' (in ruleset 'AlibabaJavaNaming'), please use @SimpleName instead
[WARNING] Use of deprecated attribute 'ClassOrInterfaceDeclaration/@Image' by XPath rule 'BooleanPropertyShouldNotStartWithIsRule' (in ruleset 'AlibabaJavaNaming'), please use @SimpleName instead
[WARNING] Use of deprecated attribute 'LocalVariableDeclaration/@Array' by XPath rule 'ArrayNamingShouldHaveBracketRule' (in ruleset 'AlibabaJavaNaming')
[WARNING] Use of deprecated attribute 'LocalVariableDeclaration/@Array' by XPath rule 'ArrayNamingShouldHaveBracketRule' (in ruleset 'AlibabaJavaNaming')
[WARNING] Use of deprecated attribute 'ConditionalExpression/@Ternary' by XPath rule 'AvoidComplexConditionRule' (in ruleset 'AlibabaJavaFlowControl')
[WARNING] Use of deprecated attribute 'ConditionalExpression/@Ternary' by XPath rule 'AvoidComplexConditionRule' (in ruleset 'AlibabaJavaFlowControl')
[WARNING] Use of deprecated attribute 'ReferenceType/@Array' by XPath rule 'ArrayNamingShouldHaveBracketRule' (in ruleset 'AlibabaJavaNaming')
[WARNING] Use of deprecated attribute 'ReferenceType/@Array' by XPath rule 'ArrayNamingShouldHaveBracketRule' (in ruleset 'AlibabaJavaNaming')
[WARNING] Use of deprecated attribute 'AdditiveExpression/@Image' in a findChildNodesWithXPath navigation, please use @Operator instead
java.lang.RuntimeException: Use of deprecated attribute 'AdditiveExpression/@Image' in a findChildNodesWithXPath navigation, please use @Operator instead
    at net.sourceforge.pmd.lang.ast.xpath.internal.DeprecatedAttrLogger$AdhocLoggerImpl.recordUsageOf (DeprecatedAttrLogger.java:113)
    at net.sourceforge.pmd.lang.ast.xpath.internal.ContextualizedNavigator.getAttributeStringValue (ContextualizedNavigator.java:24)
    at org.jaxen.function.StringFunction.evaluate (StringFunction.java:278)
    at org.jaxen.expr.DefaultEqualityExpr.evaluateObjectObject (DefaultEqualityExpr.java:152)
    at org.jaxen.expr.DefaultEqualityExpr.evaluateSetSet (DefaultEqualityExpr.java:126)
    at org.jaxen.expr.DefaultEqualityExpr.evaluate (DefaultEqualityExpr.java:97)
    at org.jaxen.expr.DefaultAndExpr.evaluate (DefaultAndExpr.java:82)
    at org.jaxen.expr.DefaultPredicate.evaluate (DefaultPredicate.java:95)
    at org.jaxen.expr.PredicateSet.applyPredicate (PredicateSet.java:269)
    at org.jaxen.expr.PredicateSet.evaluatePredicates (PredicateSet.java:244)
    at org.jaxen.expr.DefaultNameStep.evaluate (DefaultNameStep.java:291)
    at org.jaxen.expr.DefaultLocationPath.evaluate (DefaultLocationPath.java:140)
    at org.jaxen.expr.DefaultXPathExpr.asList (DefaultXPathExpr.java:102)
    at org.jaxen.BaseXPath.selectNodesForContext (BaseXPath.java:677)
    at org.jaxen.BaseXPath.selectNodes (BaseXPath.java:216)
    at net.sourceforge.pmd.lang.ast.AbstractNode.findChildNodesWithXPath (AbstractNode.java:528)
    at com.alibaba.p3c.pmd.lang.java.rule.oop.StringConcatRule.checkStringConcat (StringConcatRule.java:76)
    at com.alibaba.p3c.pmd.lang.java.rule.oop.StringConcatRule.visit (StringConcatRule.java:51)
    at net.sourceforge.pmd.lang.java.ast.ASTForStatement.jjtAccept (ASTForStatement.java:39)
    at net.sourceforge.pmd.lang.java.rule.AbstractJavaRule.visit (AbstractJavaRule.java:222)
    at net.sourceforge.pmd.lang.java.rule.AbstractJavaRule.visit (AbstractJavaRule.java:659)
    at net.sourceforge.pmd.lang.java.ast.ASTStatement.jjtAccept (ASTStatement.java:25)
    at net.sourceforge.pmd.lang.java.rule.AbstractJavaRule.visit (AbstractJavaRule.java:222)
    at net.sourceforge.pmd.lang.java.rule.AbstractJavaRule.visit (AbstractJavaRule.java:674)
    at net.sourceforge.pmd.lang.java.ast.ASTBlockStatement.jjtAccept (ASTBlockStatement.java:25)
    at net.sourceforge.pmd.lang.java.rule.AbstractJavaRule.visit (AbstractJavaRule.java:222)
    at net.sourceforge.pmd.lang.java.rule.AbstractJavaRule.visit (AbstractJavaRule.java:669)
    at net.sourceforge.pmd.lang.java.ast.ASTBlock.jjtAccept (ASTBlock.java:27)
    at net.sourceforge.pmd.lang.java.rule.AbstractJavaRule.visit (AbstractJavaRule.java:222)
    at net.sourceforge.pmd.lang.java.rule.AbstractJavaRule.visit (AbstractJavaRule.java:449)
    at net.sourceforge.pmd.lang.java.ast.ASTMethodDeclaration.jjtAccept (ASTMethodDeclaration.java:37)
    at net.sourceforge.pmd.lang.java.rule.AbstractJavaRule.visit (AbstractJavaRule.java:222)
    at net.sourceforge.pmd.lang.java.rule.AbstractJavaRule.visit (AbstractJavaRule.java:269)
    at net.sourceforge.pmd.lang.java.ast.ASTClassOrInterfaceBodyDeclaration.jjtAccept (ASTClassOrInterfaceBodyDeclaration.java:44)
    at net.sourceforge.pmd.lang.java.rule.AbstractJavaRule.visit (AbstractJavaRule.java:222)
    at net.sourceforge.pmd.lang.java.rule.AbstractJavaRule.visit (AbstractJavaRule.java:264)
    at net.sourceforge.pmd.lang.java.ast.ASTClassOrInterfaceBody.jjtAccept (ASTClassOrInterfaceBody.java:35)
    at net.sourceforge.pmd.lang.java.rule.AbstractJavaRule.visit (AbstractJavaRule.java:222)
    at net.sourceforge.pmd.lang.java.rule.AbstractJavaRule.visit (AbstractJavaRule.java:234)
    at net.sourceforge.pmd.lang.java.ast.ASTClassOrInterfaceDeclaration.jjtAccept (ASTClassOrInterfaceDeclaration.java:55)
    at net.sourceforge.pmd.lang.java.rule.AbstractJavaRule.visit (AbstractJavaRule.java:222)
    at net.sourceforge.pmd.lang.java.rule.AbstractJavaRule.visit (AbstractJavaRule.java:269)
    at net.sourceforge.pmd.lang.java.ast.ASTClassOrInterfaceBodyDeclaration.jjtAccept (ASTClassOrInterfaceBodyDeclaration.java:44)
    at net.sourceforge.pmd.lang.java.rule.AbstractJavaRule.visit (AbstractJavaRule.java:222)
    at net.sourceforge.pmd.lang.java.rule.AbstractJavaRule.visit (AbstractJavaRule.java:264)
    at net.sourceforge.pmd.lang.java.ast.ASTClassOrInterfaceBody.jjtAccept (ASTClassOrInterfaceBody.java:35)
    at net.sourceforge.pmd.lang.java.rule.AbstractJavaRule.visit (AbstractJavaRule.java:222)
    at net.sourceforge.pmd.lang.java.rule.AbstractJavaRule.visit (AbstractJavaRule.java:234)
    at net.sourceforge.pmd.lang.java.ast.ASTClassOrInterfaceDeclaration.jjtAccept (ASTClassOrInterfaceDeclaration.java:55)
    at net.sourceforge.pmd.lang.java.rule.AbstractJavaRule.visit (AbstractJavaRule.java:222)
    at net.sourceforge.pmd.lang.java.rule.AbstractJavaRule.visit (AbstractJavaRule.java:419)
    at net.sourceforge.pmd.lang.java.ast.ASTTypeDeclaration.jjtAccept (ASTTypeDeclaration.java:39)
    at net.sourceforge.pmd.lang.java.rule.AbstractJavaRule.visit (AbstractJavaRule.java:222)
    at net.sourceforge.pmd.lang.java.rule.AbstractJavaRule.visit (AbstractJavaRule.java:394)
    at com.alibaba.p3c.pmd.lang.java.rule.AbstractAliRule.visit (AbstractAliRule.java:60)
    at net.sourceforge.pmd.lang.java.ast.ASTCompilationUnit.jjtAccept (ASTCompilationUnit.java:44)
    at net.sourceforge.pmd.lang.java.rule.AbstractJavaRule.visitAll (AbstractJavaRule.java:164)
    at net.sourceforge.pmd.lang.java.rule.AbstractJavaRule.apply (AbstractJavaRule.java:158)
    at net.sourceforge.pmd.RuleSet.apply (RuleSet.java:659)
    at net.sourceforge.pmd.RuleSets.apply (RuleSets.java:163)
    at net.sourceforge.pmd.SourceCodeProcessor.processSource (SourceCodeProcessor.java:209)
    at net.sourceforge.pmd.SourceCodeProcessor.processSourceCodeWithoutCache (SourceCodeProcessor.java:118)
    at net.sourceforge.pmd.SourceCodeProcessor.processSourceCode (SourceCodeProcessor.java:100)
    at net.sourceforge.pmd.SourceCodeProcessor.processSourceCode (SourceCodeProcessor.java:62)
    at net.sourceforge.pmd.processor.PmdRunnable.call (PmdRunnable.java:85)
    at net.sourceforge.pmd.processor.PmdRunnable.call (PmdRunnable.java:29)
    at java.util.concurrent.FutureTask.run (FutureTask.java:317)
    at java.util.concurrent.Executors$RunnableAdapter.call (Executors.java:572)
    at java.util.concurrent.FutureTask.run (FutureTask.java:317)
    at java.util.concurrent.ThreadPoolExecutor.runWorker (ThreadPoolExecutor.java:1144)
    at java.util.concurrent.ThreadPoolExecutor$Worker.run (ThreadPoolExecutor.java:642)
    at java.lang.Thread.run (Thread.java:1583)
[WARNING] Use of deprecated attribute 'AdditiveExpression/@Image' in a findChildNodesWithXPath navigation, please use @Operator instead
java.lang.RuntimeException: Use of deprecated attribute 'AdditiveExpression/@Image' in a findChildNodesWithXPath navigation, please use @Operator instead
    at net.sourceforge.pmd.lang.ast.xpath.internal.DeprecatedAttrLogger$AdhocLoggerImpl.recordUsageOf (DeprecatedAttrLogger.java:113)
    at net.sourceforge.pmd.lang.ast.xpath.internal.ContextualizedNavigator.getAttributeStringValue (ContextualizedNavigator.java:24)
    at org.jaxen.function.StringFunction.evaluate (StringFunction.java:278)
    at org.jaxen.expr.DefaultEqualityExpr.evaluateObjectObject (DefaultEqualityExpr.java:152)
    at org.jaxen.expr.DefaultEqualityExpr.evaluateSetSet (DefaultEqualityExpr.java:126)
    at org.jaxen.expr.DefaultEqualityExpr.evaluate (DefaultEqualityExpr.java:97)
    at org.jaxen.expr.DefaultAndExpr.evaluate (DefaultAndExpr.java:82)
    at org.jaxen.expr.DefaultPredicate.evaluate (DefaultPredicate.java:95)
    at org.jaxen.expr.PredicateSet.applyPredicate (PredicateSet.java:269)
    at org.jaxen.expr.PredicateSet.evaluatePredicates (PredicateSet.java:244)
    at org.jaxen.expr.DefaultNameStep.evaluate (DefaultNameStep.java:291)
    at org.jaxen.expr.DefaultLocationPath.evaluate (DefaultLocationPath.java:140)
    at org.jaxen.expr.DefaultXPathExpr.asList (DefaultXPathExpr.java:102)
    at org.jaxen.BaseXPath.selectNodesForContext (BaseXPath.java:677)
    at org.jaxen.BaseXPath.selectNodes (BaseXPath.java:216)
    at net.sourceforge.pmd.lang.ast.AbstractNode.findChildNodesWithXPath (AbstractNode.java:528)
    at com.alibaba.p3c.pmd.lang.java.rule.oop.StringConcatRule.checkStringConcat (StringConcatRule.java:76)
    at com.alibaba.p3c.pmd.lang.java.rule.oop.StringConcatRule.visit (StringConcatRule.java:51)
    at net.sourceforge.pmd.lang.java.ast.ASTForStatement.jjtAccept (ASTForStatement.java:39)
    at net.sourceforge.pmd.lang.java.rule.AbstractJavaRule.visit (AbstractJavaRule.java:222)
    at net.sourceforge.pmd.lang.java.rule.AbstractJavaRule.visit (AbstractJavaRule.java:659)
    at net.sourceforge.pmd.lang.java.ast.ASTStatement.jjtAccept (ASTStatement.java:25)
    at net.sourceforge.pmd.lang.java.rule.AbstractJavaRule.visit (AbstractJavaRule.java:222)
    at net.sourceforge.pmd.lang.java.rule.AbstractJavaRule.visit (AbstractJavaRule.java:674)
    at net.sourceforge.pmd.lang.java.ast.ASTBlockStatement.jjtAccept (ASTBlockStatement.java:25)
    at net.sourceforge.pmd.lang.java.rule.AbstractJavaRule.visit (AbstractJavaRule.java:222)
    at net.sourceforge.pmd.lang.java.rule.AbstractJavaRule.visit (AbstractJavaRule.java:669)
    at net.sourceforge.pmd.lang.java.ast.ASTBlock.jjtAccept (ASTBlock.java:27)
    at net.sourceforge.pmd.lang.java.rule.AbstractJavaRule.visit (AbstractJavaRule.java:222)
    at net.sourceforge.pmd.lang.java.rule.AbstractJavaRule.visit (AbstractJavaRule.java:449)
    at net.sourceforge.pmd.lang.java.ast.ASTMethodDeclaration.jjtAccept (ASTMethodDeclaration.java:37)
    at net.sourceforge.pmd.lang.java.rule.AbstractJavaRule.visit (AbstractJavaRule.java:222)
    at net.sourceforge.pmd.lang.java.rule.AbstractJavaRule.visit (AbstractJavaRule.java:269)
    at net.sourceforge.pmd.lang.java.ast.ASTClassOrInterfaceBodyDeclaration.jjtAccept (ASTClassOrInterfaceBodyDeclaration.java:44)
    at net.sourceforge.pmd.lang.java.rule.AbstractJavaRule.visit (AbstractJavaRule.java:222)
    at net.sourceforge.pmd.lang.java.rule.AbstractJavaRule.visit (AbstractJavaRule.java:264)
    at net.sourceforge.pmd.lang.java.ast.ASTClassOrInterfaceBody.jjtAccept (ASTClassOrInterfaceBody.java:35)
    at net.sourceforge.pmd.lang.java.rule.AbstractJavaRule.visit (AbstractJavaRule.java:222)
    at net.sourceforge.pmd.lang.java.rule.AbstractJavaRule.visit (AbstractJavaRule.java:234)
    at net.sourceforge.pmd.lang.java.ast.ASTClassOrInterfaceDeclaration.jjtAccept (ASTClassOrInterfaceDeclaration.java:55)
    at net.sourceforge.pmd.lang.java.rule.AbstractJavaRule.visit (AbstractJavaRule.java:222)
    at net.sourceforge.pmd.lang.java.rule.AbstractJavaRule.visit (AbstractJavaRule.java:269)
    at net.sourceforge.pmd.lang.java.ast.ASTClassOrInterfaceBodyDeclaration.jjtAccept (ASTClassOrInterfaceBodyDeclaration.java:44)
    at net.sourceforge.pmd.lang.java.rule.AbstractJavaRule.visit (AbstractJavaRule.java:222)
    at net.sourceforge.pmd.lang.java.rule.AbstractJavaRule.visit (AbstractJavaRule.java:264)
    at net.sourceforge.pmd.lang.java.ast.ASTClassOrInterfaceBody.jjtAccept (ASTClassOrInterfaceBody.java:35)
    at net.sourceforge.pmd.lang.java.rule.AbstractJavaRule.visit (AbstractJavaRule.java:222)
    at net.sourceforge.pmd.lang.java.rule.AbstractJavaRule.visit (AbstractJavaRule.java:234)
    at net.sourceforge.pmd.lang.java.ast.ASTClassOrInterfaceDeclaration.jjtAccept (ASTClassOrInterfaceDeclaration.java:55)
    at net.sourceforge.pmd.lang.java.rule.AbstractJavaRule.visit (AbstractJavaRule.java:222)
    at net.sourceforge.pmd.lang.java.rule.AbstractJavaRule.visit (AbstractJavaRule.java:419)
    at net.sourceforge.pmd.lang.java.ast.ASTTypeDeclaration.jjtAccept (ASTTypeDeclaration.java:39)
    at net.sourceforge.pmd.lang.java.rule.AbstractJavaRule.visit (AbstractJavaRule.java:222)
    at net.sourceforge.pmd.lang.java.rule.AbstractJavaRule.visit (AbstractJavaRule.java:394)
    at com.alibaba.p3c.pmd.lang.java.rule.AbstractAliRule.visit (AbstractAliRule.java:60)
    at net.sourceforge.pmd.lang.java.ast.ASTCompilationUnit.jjtAccept (ASTCompilationUnit.java:44)
    at net.sourceforge.pmd.lang.java.rule.AbstractJavaRule.visitAll (AbstractJavaRule.java:164)
    at net.sourceforge.pmd.lang.java.rule.AbstractJavaRule.apply (AbstractJavaRule.java:158)
    at net.sourceforge.pmd.RuleSet.apply (RuleSet.java:659)
    at net.sourceforge.pmd.RuleSets.apply (RuleSets.java:163)
    at net.sourceforge.pmd.SourceCodeProcessor.processSource (SourceCodeProcessor.java:209)
    at net.sourceforge.pmd.SourceCodeProcessor.processSourceCodeWithoutCache (SourceCodeProcessor.java:118)
    at net.sourceforge.pmd.SourceCodeProcessor.processSourceCode (SourceCodeProcessor.java:100)
    at net.sourceforge.pmd.SourceCodeProcessor.processSourceCode (SourceCodeProcessor.java:62)
    at net.sourceforge.pmd.processor.PmdRunnable.call (PmdRunnable.java:85)
    at net.sourceforge.pmd.processor.PmdRunnable.call (PmdRunnable.java:29)
    at java.util.concurrent.FutureTask.run (FutureTask.java:317)
    at java.util.concurrent.Executors$RunnableAdapter.call (Executors.java:572)
    at java.util.concurrent.FutureTask.run (FutureTask.java:317)
    at java.util.concurrent.ThreadPoolExecutor.runWorker (ThreadPoolExecutor.java:1144)
    at java.util.concurrent.ThreadPoolExecutor$Worker.run (ThreadPoolExecutor.java:642)
    at java.lang.Thread.run (Thread.java:1583)
[WARNING] Use of deprecated attribute 'AdditiveExpression/@Image' in a findChildNodesWithXPath navigation, please use @Operator instead
java.lang.RuntimeException: Use of deprecated attribute 'AdditiveExpression/@Image' in a findChildNodesWithXPath navigation, please use @Operator instead
    at net.sourceforge.pmd.lang.ast.xpath.internal.DeprecatedAttrLogger$AdhocLoggerImpl.recordUsageOf (DeprecatedAttrLogger.java:113)
    at net.sourceforge.pmd.lang.ast.xpath.internal.ContextualizedNavigator.getAttributeStringValue (ContextualizedNavigator.java:24)
    at org.jaxen.function.StringFunction.evaluate (StringFunction.java:278)
    at org.jaxen.expr.DefaultEqualityExpr.evaluateObjectObject (DefaultEqualityExpr.java:152)
    at org.jaxen.expr.DefaultEqualityExpr.evaluateSetSet (DefaultEqualityExpr.java:126)
    at org.jaxen.expr.DefaultEqualityExpr.evaluate (DefaultEqualityExpr.java:97)
    at org.jaxen.expr.DefaultAndExpr.evaluate (DefaultAndExpr.java:82)
    at org.jaxen.expr.DefaultPredicate.evaluate (DefaultPredicate.java:95)
    at org.jaxen.expr.PredicateSet.applyPredicate (PredicateSet.java:269)
    at org.jaxen.expr.PredicateSet.evaluatePredicates (PredicateSet.java:244)
    at org.jaxen.expr.DefaultNameStep.evaluate (DefaultNameStep.java:291)
    at org.jaxen.expr.DefaultLocationPath.evaluate (DefaultLocationPath.java:140)
    at org.jaxen.expr.DefaultXPathExpr.asList (DefaultXPathExpr.java:102)
    at org.jaxen.BaseXPath.selectNodesForContext (BaseXPath.java:677)
    at org.jaxen.BaseXPath.selectNodes (BaseXPath.java:216)
    at net.sourceforge.pmd.lang.ast.AbstractNode.findChildNodesWithXPath (AbstractNode.java:528)
    at com.alibaba.p3c.pmd.lang.java.rule.oop.StringConcatRule.checkStringConcat (StringConcatRule.java:76)
    at com.alibaba.p3c.pmd.lang.java.rule.oop.StringConcatRule.visit (StringConcatRule.java:51)
    at net.sourceforge.pmd.lang.java.ast.ASTForStatement.jjtAccept (ASTForStatement.java:39)
    at net.sourceforge.pmd.lang.java.rule.AbstractJavaRule.visit (AbstractJavaRule.java:222)
    at net.sourceforge.pmd.lang.java.rule.AbstractJavaRule.visit (AbstractJavaRule.java:659)
    at net.sourceforge.pmd.lang.java.ast.ASTStatement.jjtAccept (ASTStatement.java:25)
    at net.sourceforge.pmd.lang.java.rule.AbstractJavaRule.visit (AbstractJavaRule.java:222)
    at net.sourceforge.pmd.lang.java.rule.AbstractJavaRule.visit (AbstractJavaRule.java:674)
    at net.sourceforge.pmd.lang.java.ast.ASTBlockStatement.jjtAccept (ASTBlockStatement.java:25)
    at net.sourceforge.pmd.lang.java.rule.AbstractJavaRule.visit (AbstractJavaRule.java:222)
    at net.sourceforge.pmd.lang.java.rule.AbstractJavaRule.visit (AbstractJavaRule.java:669)
    at net.sourceforge.pmd.lang.java.ast.ASTBlock.jjtAccept (ASTBlock.java:27)
    at net.sourceforge.pmd.lang.java.rule.AbstractJavaRule.visit (AbstractJavaRule.java:222)
    at net.sourceforge.pmd.lang.java.rule.AbstractJavaRule.visit (AbstractJavaRule.java:449)
    at net.sourceforge.pmd.lang.java.ast.ASTMethodDeclaration.jjtAccept (ASTMethodDeclaration.java:37)
    at net.sourceforge.pmd.lang.java.rule.AbstractJavaRule.visit (AbstractJavaRule.java:222)
    at net.sourceforge.pmd.lang.java.rule.AbstractJavaRule.visit (AbstractJavaRule.java:269)
    at net.sourceforge.pmd.lang.java.ast.ASTClassOrInterfaceBodyDeclaration.jjtAccept (ASTClassOrInterfaceBodyDeclaration.java:44)
    at net.sourceforge.pmd.lang.java.rule.AbstractJavaRule.visit (AbstractJavaRule.java:222)
    at net.sourceforge.pmd.lang.java.rule.AbstractJavaRule.visit (AbstractJavaRule.java:264)
    at net.sourceforge.pmd.lang.java.ast.ASTClassOrInterfaceBody.jjtAccept (ASTClassOrInterfaceBody.java:35)
    at net.sourceforge.pmd.lang.java.rule.AbstractJavaRule.visit (AbstractJavaRule.java:222)
    at net.sourceforge.pmd.lang.java.rule.AbstractJavaRule.visit (AbstractJavaRule.java:234)
    at net.sourceforge.pmd.lang.java.ast.ASTClassOrInterfaceDeclaration.jjtAccept (ASTClassOrInterfaceDeclaration.java:55)
    at net.sourceforge.pmd.lang.java.rule.AbstractJavaRule.visit (AbstractJavaRule.java:222)
    at net.sourceforge.pmd.lang.java.rule.AbstractJavaRule.visit (AbstractJavaRule.java:269)
    at net.sourceforge.pmd.lang.java.ast.ASTClassOrInterfaceBodyDeclaration.jjtAccept (ASTClassOrInterfaceBodyDeclaration.java:44)
    at net.sourceforge.pmd.lang.java.rule.AbstractJavaRule.visit (AbstractJavaRule.java:222)
    at net.sourceforge.pmd.lang.java.rule.AbstractJavaRule.visit (AbstractJavaRule.java:264)
    at net.sourceforge.pmd.lang.java.ast.ASTClassOrInterfaceBody.jjtAccept (ASTClassOrInterfaceBody.java:35)
    at net.sourceforge.pmd.lang.java.rule.AbstractJavaRule.visit (AbstractJavaRule.java:222)
    at net.sourceforge.pmd.lang.java.rule.AbstractJavaRule.visit (AbstractJavaRule.java:234)
    at net.sourceforge.pmd.lang.java.ast.ASTClassOrInterfaceDeclaration.jjtAccept (ASTClassOrInterfaceDeclaration.java:55)
    at net.sourceforge.pmd.lang.java.rule.AbstractJavaRule.visit (AbstractJavaRule.java:222)
    at net.sourceforge.pmd.lang.java.rule.AbstractJavaRule.visit (AbstractJavaRule.java:419)
    at net.sourceforge.pmd.lang.java.ast.ASTTypeDeclaration.jjtAccept (ASTTypeDeclaration.java:39)
    at net.sourceforge.pmd.lang.java.rule.AbstractJavaRule.visit (AbstractJavaRule.java:222)
    at net.sourceforge.pmd.lang.java.rule.AbstractJavaRule.visit (AbstractJavaRule.java:394)
    at com.alibaba.p3c.pmd.lang.java.rule.AbstractAliRule.visit (AbstractAliRule.java:60)
    at net.sourceforge.pmd.lang.java.ast.ASTCompilationUnit.jjtAccept (ASTCompilationUnit.java:44)
    at net.sourceforge.pmd.lang.java.rule.AbstractJavaRule.visitAll (AbstractJavaRule.java:164)
    at net.sourceforge.pmd.lang.java.rule.AbstractJavaRule.apply (AbstractJavaRule.java:158)
    at net.sourceforge.pmd.RuleSet.apply (RuleSet.java:659)
    at net.sourceforge.pmd.RuleSets.apply (RuleSets.java:163)
    at net.sourceforge.pmd.SourceCodeProcessor.processSource (SourceCodeProcessor.java:209)
    at net.sourceforge.pmd.SourceCodeProcessor.processSourceCodeWithoutCache (SourceCodeProcessor.java:118)
    at net.sourceforge.pmd.SourceCodeProcessor.processSourceCode (SourceCodeProcessor.java:100)
    at net.sourceforge.pmd.SourceCodeProcessor.processSourceCode (SourceCodeProcessor.java:62)
    at net.sourceforge.pmd.processor.PmdRunnable.call (PmdRunnable.java:85)
    at net.sourceforge.pmd.processor.PmdRunnable.call (PmdRunnable.java:29)
    at java.util.concurrent.FutureTask.run (FutureTask.java:317)
    at java.util.concurrent.Executors$RunnableAdapter.call (Executors.java:572)
    at java.util.concurrent.FutureTask.run (FutureTask.java:317)
    at java.util.concurrent.ThreadPoolExecutor.runWorker (ThreadPoolExecutor.java:1144)
    at java.util.concurrent.ThreadPoolExecutor$Worker.run (ThreadPoolExecutor.java:642)
    at java.lang.Thread.run (Thread.java:1583)
[WARNING] Use of deprecated attribute 'AdditiveExpression/@Image' in a findChildNodesWithXPath navigation, please use @Operator instead
java.lang.RuntimeException: Use of deprecated attribute 'AdditiveExpression/@Image' in a findChildNodesWithXPath navigation, please use @Operator instead
    at net.sourceforge.pmd.lang.ast.xpath.internal.DeprecatedAttrLogger$AdhocLoggerImpl.recordUsageOf (DeprecatedAttrLogger.java:113)
    at net.sourceforge.pmd.lang.ast.xpath.internal.ContextualizedNavigator.getAttributeStringValue (ContextualizedNavigator.java:24)
    at org.jaxen.function.StringFunction.evaluate (StringFunction.java:278)
    at org.jaxen.expr.DefaultEqualityExpr.evaluateObjectObject (DefaultEqualityExpr.java:152)
    at org.jaxen.expr.DefaultEqualityExpr.evaluateSetSet (DefaultEqualityExpr.java:126)
    at org.jaxen.expr.DefaultEqualityExpr.evaluate (DefaultEqualityExpr.java:97)
    at org.jaxen.expr.DefaultAndExpr.evaluate (DefaultAndExpr.java:82)
    at org.jaxen.expr.DefaultPredicate.evaluate (DefaultPredicate.java:95)
    at org.jaxen.expr.PredicateSet.applyPredicate (PredicateSet.java:269)
    at org.jaxen.expr.PredicateSet.evaluatePredicates (PredicateSet.java:244)
    at org.jaxen.expr.DefaultNameStep.evaluate (DefaultNameStep.java:291)
    at org.jaxen.expr.DefaultLocationPath.evaluate (DefaultLocationPath.java:140)
    at org.jaxen.expr.DefaultXPathExpr.asList (DefaultXPathExpr.java:102)
    at org.jaxen.BaseXPath.selectNodesForContext (BaseXPath.java:677)
    at org.jaxen.BaseXPath.selectNodes (BaseXPath.java:216)
    at net.sourceforge.pmd.lang.ast.AbstractNode.findChildNodesWithXPath (AbstractNode.java:528)
    at com.alibaba.p3c.pmd.lang.java.rule.oop.StringConcatRule.checkStringConcat (StringConcatRule.java:76)
    at com.alibaba.p3c.pmd.lang.java.rule.oop.StringConcatRule.visit (StringConcatRule.java:51)
    at net.sourceforge.pmd.lang.java.ast.ASTForStatement.jjtAccept (ASTForStatement.java:39)
    at net.sourceforge.pmd.lang.java.rule.AbstractJavaRule.visit (AbstractJavaRule.java:222)
    at net.sourceforge.pmd.lang.java.rule.AbstractJavaRule.visit (AbstractJavaRule.java:659)
    at net.sourceforge.pmd.lang.java.ast.ASTStatement.jjtAccept (ASTStatement.java:25)
    at net.sourceforge.pmd.lang.java.rule.AbstractJavaRule.visit (AbstractJavaRule.java:222)
    at net.sourceforge.pmd.lang.java.rule.AbstractJavaRule.visit (AbstractJavaRule.java:674)
    at net.sourceforge.pmd.lang.java.ast.ASTBlockStatement.jjtAccept (ASTBlockStatement.java:25)
    at net.sourceforge.pmd.lang.java.rule.AbstractJavaRule.visit (AbstractJavaRule.java:222)
    at net.sourceforge.pmd.lang.java.rule.AbstractJavaRule.visit (AbstractJavaRule.java:669)
    at net.sourceforge.pmd.lang.java.ast.ASTBlock.jjtAccept (ASTBlock.java:27)
    at net.sourceforge.pmd.lang.java.rule.AbstractJavaRule.visit (AbstractJavaRule.java:222)
    at net.sourceforge.pmd.lang.java.rule.AbstractJavaRule.visit (AbstractJavaRule.java:449)
    at net.sourceforge.pmd.lang.java.ast.ASTMethodDeclaration.jjtAccept (ASTMethodDeclaration.java:37)
    at net.sourceforge.pmd.lang.java.rule.AbstractJavaRule.visit (AbstractJavaRule.java:222)
    at net.sourceforge.pmd.lang.java.rule.AbstractJavaRule.visit (AbstractJavaRule.java:269)
    at net.sourceforge.pmd.lang.java.ast.ASTClassOrInterfaceBodyDeclaration.jjtAccept (ASTClassOrInterfaceBodyDeclaration.java:44)
    at net.sourceforge.pmd.lang.java.rule.AbstractJavaRule.visit (AbstractJavaRule.java:222)
    at net.sourceforge.pmd.lang.java.rule.AbstractJavaRule.visit (AbstractJavaRule.java:264)
    at net.sourceforge.pmd.lang.java.ast.ASTClassOrInterfaceBody.jjtAccept (ASTClassOrInterfaceBody.java:35)
    at net.sourceforge.pmd.lang.java.rule.AbstractJavaRule.visit (AbstractJavaRule.java:222)
    at net.sourceforge.pmd.lang.java.rule.AbstractJavaRule.visit (AbstractJavaRule.java:234)
    at net.sourceforge.pmd.lang.java.ast.ASTClassOrInterfaceDeclaration.jjtAccept (ASTClassOrInterfaceDeclaration.java:55)
    at net.sourceforge.pmd.lang.java.rule.AbstractJavaRule.visit (AbstractJavaRule.java:222)
    at net.sourceforge.pmd.lang.java.rule.AbstractJavaRule.visit (AbstractJavaRule.java:269)
    at net.sourceforge.pmd.lang.java.ast.ASTClassOrInterfaceBodyDeclaration.jjtAccept (ASTClassOrInterfaceBodyDeclaration.java:44)
    at net.sourceforge.pmd.lang.java.rule.AbstractJavaRule.visit (AbstractJavaRule.java:222)
    at net.sourceforge.pmd.lang.java.rule.AbstractJavaRule.visit (AbstractJavaRule.java:264)
    at net.sourceforge.pmd.lang.java.ast.ASTClassOrInterfaceBody.jjtAccept (ASTClassOrInterfaceBody.java:35)
    at net.sourceforge.pmd.lang.java.rule.AbstractJavaRule.visit (AbstractJavaRule.java:222)
    at net.sourceforge.pmd.lang.java.rule.AbstractJavaRule.visit (AbstractJavaRule.java:234)
    at net.sourceforge.pmd.lang.java.ast.ASTClassOrInterfaceDeclaration.jjtAccept (ASTClassOrInterfaceDeclaration.java:55)
    at net.sourceforge.pmd.lang.java.rule.AbstractJavaRule.visit (AbstractJavaRule.java:222)
    at net.sourceforge.pmd.lang.java.rule.AbstractJavaRule.visit (AbstractJavaRule.java:419)
    at net.sourceforge.pmd.lang.java.ast.ASTTypeDeclaration.jjtAccept (ASTTypeDeclaration.java:39)
    at net.sourceforge.pmd.lang.java.rule.AbstractJavaRule.visit (AbstractJavaRule.java:222)
    at net.sourceforge.pmd.lang.java.rule.AbstractJavaRule.visit (AbstractJavaRule.java:394)
    at com.alibaba.p3c.pmd.lang.java.rule.AbstractAliRule.visit (AbstractAliRule.java:60)
    at net.sourceforge.pmd.lang.java.ast.ASTCompilationUnit.jjtAccept (ASTCompilationUnit.java:44)
    at net.sourceforge.pmd.lang.java.rule.AbstractJavaRule.visitAll (AbstractJavaRule.java:164)
    at net.sourceforge.pmd.lang.java.rule.AbstractJavaRule.apply (AbstractJavaRule.java:158)
    at net.sourceforge.pmd.RuleSet.apply (RuleSet.java:659)
    at net.sourceforge.pmd.RuleSets.apply (RuleSets.java:163)
    at net.sourceforge.pmd.SourceCodeProcessor.processSource (SourceCodeProcessor.java:209)
    at net.sourceforge.pmd.SourceCodeProcessor.processSourceCodeWithoutCache (SourceCodeProcessor.java:118)
    at net.sourceforge.pmd.SourceCodeProcessor.processSourceCode (SourceCodeProcessor.java:100)
    at net.sourceforge.pmd.SourceCodeProcessor.processSourceCode (SourceCodeProcessor.java:62)
    at net.sourceforge.pmd.processor.PmdRunnable.call (PmdRunnable.java:85)
    at net.sourceforge.pmd.processor.PmdRunnable.call (PmdRunnable.java:29)
    at java.util.concurrent.FutureTask.run (FutureTask.java:317)
    at java.util.concurrent.Executors$RunnableAdapter.call (Executors.java:572)
    at java.util.concurrent.FutureTask.run (FutureTask.java:317)
    at java.util.concurrent.ThreadPoolExecutor.runWorker (ThreadPoolExecutor.java:1144)
    at java.util.concurrent.ThreadPoolExecutor$Worker.run (ThreadPoolExecutor.java:642)
    at java.lang.Thread.run (Thread.java:1583)
[WARNING] Use of deprecated attribute 'AdditiveExpression/@Image' in a findChildNodesWithXPath navigation, please use @Operator instead
java.lang.RuntimeException: Use of deprecated attribute 'AdditiveExpression/@Image' in a findChildNodesWithXPath navigation, please use @Operator instead
    at net.sourceforge.pmd.lang.ast.xpath.internal.DeprecatedAttrLogger$AdhocLoggerImpl.recordUsageOf (DeprecatedAttrLogger.java:113)
    at net.sourceforge.pmd.lang.ast.xpath.internal.ContextualizedNavigator.getAttributeStringValue (ContextualizedNavigator.java:24)
    at org.jaxen.function.StringFunction.evaluate (StringFunction.java:278)
    at org.jaxen.expr.DefaultEqualityExpr.evaluateObjectObject (DefaultEqualityExpr.java:152)
    at org.jaxen.expr.DefaultEqualityExpr.evaluateSetSet (DefaultEqualityExpr.java:126)
    at org.jaxen.expr.DefaultEqualityExpr.evaluate (DefaultEqualityExpr.java:97)
    at org.jaxen.expr.DefaultAndExpr.evaluate (DefaultAndExpr.java:82)
    at org.jaxen.expr.DefaultPredicate.evaluate (DefaultPredicate.java:95)
    at org.jaxen.expr.PredicateSet.applyPredicate (PredicateSet.java:269)
    at org.jaxen.expr.PredicateSet.evaluatePredicates (PredicateSet.java:244)
    at org.jaxen.expr.DefaultNameStep.evaluate (DefaultNameStep.java:291)
    at org.jaxen.expr.DefaultLocationPath.evaluate (DefaultLocationPath.java:140)
    at org.jaxen.expr.DefaultXPathExpr.asList (DefaultXPathExpr.java:102)
    at org.jaxen.BaseXPath.selectNodesForContext (BaseXPath.java:677)
    at org.jaxen.BaseXPath.selectNodes (BaseXPath.java:216)
    at net.sourceforge.pmd.lang.ast.AbstractNode.findChildNodesWithXPath (AbstractNode.java:528)
    at com.alibaba.p3c.pmd.lang.java.rule.oop.StringConcatRule.checkStringConcat (StringConcatRule.java:76)
    at com.alibaba.p3c.pmd.lang.java.rule.oop.StringConcatRule.visit (StringConcatRule.java:51)
    at net.sourceforge.pmd.lang.java.ast.ASTForStatement.jjtAccept (ASTForStatement.java:39)
    at net.sourceforge.pmd.lang.java.rule.AbstractJavaRule.visit (AbstractJavaRule.java:222)
    at net.sourceforge.pmd.lang.java.rule.AbstractJavaRule.visit (AbstractJavaRule.java:659)
    at net.sourceforge.pmd.lang.java.ast.ASTStatement.jjtAccept (ASTStatement.java:25)
    at net.sourceforge.pmd.lang.java.rule.AbstractJavaRule.visit (AbstractJavaRule.java:222)
    at net.sourceforge.pmd.lang.java.rule.AbstractJavaRule.visit (AbstractJavaRule.java:674)
    at net.sourceforge.pmd.lang.java.ast.ASTBlockStatement.jjtAccept (ASTBlockStatement.java:25)
    at net.sourceforge.pmd.lang.java.rule.AbstractJavaRule.visit (AbstractJavaRule.java:222)
    at net.sourceforge.pmd.lang.java.rule.AbstractJavaRule.visit (AbstractJavaRule.java:669)
    at net.sourceforge.pmd.lang.java.ast.ASTBlock.jjtAccept (ASTBlock.java:27)
    at net.sourceforge.pmd.lang.java.rule.AbstractJavaRule.visit (AbstractJavaRule.java:222)
    at net.sourceforge.pmd.lang.java.rule.AbstractJavaRule.visit (AbstractJavaRule.java:449)
    at net.sourceforge.pmd.lang.java.ast.ASTMethodDeclaration.jjtAccept (ASTMethodDeclaration.java:37)
    at net.sourceforge.pmd.lang.java.rule.AbstractJavaRule.visit (AbstractJavaRule.java:222)
    at net.sourceforge.pmd.lang.java.rule.AbstractJavaRule.visit (AbstractJavaRule.java:269)
    at net.sourceforge.pmd.lang.java.ast.ASTClassOrInterfaceBodyDeclaration.jjtAccept (ASTClassOrInterfaceBodyDeclaration.java:44)
    at net.sourceforge.pmd.lang.java.rule.AbstractJavaRule.visit (AbstractJavaRule.java:222)
    at net.sourceforge.pmd.lang.java.rule.AbstractJavaRule.visit (AbstractJavaRule.java:264)
    at net.sourceforge.pmd.lang.java.ast.ASTClassOrInterfaceBody.jjtAccept (ASTClassOrInterfaceBody.java:35)
    at net.sourceforge.pmd.lang.java.rule.AbstractJavaRule.visit (AbstractJavaRule.java:222)
    at net.sourceforge.pmd.lang.java.rule.AbstractJavaRule.visit (AbstractJavaRule.java:234)
    at net.sourceforge.pmd.lang.java.ast.ASTClassOrInterfaceDeclaration.jjtAccept (ASTClassOrInterfaceDeclaration.java:55)
    at net.sourceforge.pmd.lang.java.rule.AbstractJavaRule.visit (AbstractJavaRule.java:222)
    at net.sourceforge.pmd.lang.java.rule.AbstractJavaRule.visit (AbstractJavaRule.java:269)
    at net.sourceforge.pmd.lang.java.ast.ASTClassOrInterfaceBodyDeclaration.jjtAccept (ASTClassOrInterfaceBodyDeclaration.java:44)
    at net.sourceforge.pmd.lang.java.rule.AbstractJavaRule.visit (AbstractJavaRule.java:222)
    at net.sourceforge.pmd.lang.java.rule.AbstractJavaRule.visit (AbstractJavaRule.java:264)
    at net.sourceforge.pmd.lang.java.ast.ASTClassOrInterfaceBody.jjtAccept (ASTClassOrInterfaceBody.java:35)
    at net.sourceforge.pmd.lang.java.rule.AbstractJavaRule.visit (AbstractJavaRule.java:222)
    at net.sourceforge.pmd.lang.java.rule.AbstractJavaRule.visit (AbstractJavaRule.java:234)
    at net.sourceforge.pmd.lang.java.ast.ASTClassOrInterfaceDeclaration.jjtAccept (ASTClassOrInterfaceDeclaration.java:55)
    at net.sourceforge.pmd.lang.java.rule.AbstractJavaRule.visit (AbstractJavaRule.java:222)
    at net.sourceforge.pmd.lang.java.rule.AbstractJavaRule.visit (AbstractJavaRule.java:419)
    at net.sourceforge.pmd.lang.java.ast.ASTTypeDeclaration.jjtAccept (ASTTypeDeclaration.java:39)
    at net.sourceforge.pmd.lang.java.rule.AbstractJavaRule.visit (AbstractJavaRule.java:222)
    at net.sourceforge.pmd.lang.java.rule.AbstractJavaRule.visit (AbstractJavaRule.java:394)
    at com.alibaba.p3c.pmd.lang.java.rule.AbstractAliRule.visit (AbstractAliRule.java:60)
    at net.sourceforge.pmd.lang.java.ast.ASTCompilationUnit.jjtAccept (ASTCompilationUnit.java:44)
    at net.sourceforge.pmd.lang.java.rule.AbstractJavaRule.visitAll (AbstractJavaRule.java:164)
    at net.sourceforge.pmd.lang.java.rule.AbstractJavaRule.apply (AbstractJavaRule.java:158)
    at net.sourceforge.pmd.RuleSet.apply (RuleSet.java:659)
    at net.sourceforge.pmd.RuleSets.apply (RuleSets.java:163)
    at net.sourceforge.pmd.SourceCodeProcessor.processSource (SourceCodeProcessor.java:209)
    at net.sourceforge.pmd.SourceCodeProcessor.processSourceCodeWithoutCache (SourceCodeProcessor.java:118)
    at net.sourceforge.pmd.SourceCodeProcessor.processSourceCode (SourceCodeProcessor.java:100)
    at net.sourceforge.pmd.SourceCodeProcessor.processSourceCode (SourceCodeProcessor.java:62)
    at net.sourceforge.pmd.processor.PmdRunnable.call (PmdRunnable.java:85)
    at net.sourceforge.pmd.processor.PmdRunnable.call (PmdRunnable.java:29)
    at java.util.concurrent.FutureTask.run (FutureTask.java:317)
    at java.util.concurrent.Executors$RunnableAdapter.call (Executors.java:572)
    at java.util.concurrent.FutureTask.run (FutureTask.java:317)
    at java.util.concurrent.ThreadPoolExecutor.runWorker (ThreadPoolExecutor.java:1144)
    at java.util.concurrent.ThreadPoolExecutor$Worker.run (ThreadPoolExecutor.java:642)
    at java.lang.Thread.run (Thread.java:1583)
[WARNING] Use of deprecated attribute 'AdditiveExpression/@Image' in a findChildNodesWithXPath navigation, please use @Operator instead
java.lang.RuntimeException: Use of deprecated attribute 'AdditiveExpression/@Image' in a findChildNodesWithXPath navigation, please use @Operator instead
    at net.sourceforge.pmd.lang.ast.xpath.internal.DeprecatedAttrLogger$AdhocLoggerImpl.recordUsageOf (DeprecatedAttrLogger.java:113)
    at net.sourceforge.pmd.lang.ast.xpath.internal.ContextualizedNavigator.getAttributeStringValue (ContextualizedNavigator.java:24)
    at org.jaxen.function.StringFunction.evaluate (StringFunction.java:278)
    at org.jaxen.expr.DefaultEqualityExpr.evaluateObjectObject (DefaultEqualityExpr.java:152)
    at org.jaxen.expr.DefaultEqualityExpr.evaluateSetSet (DefaultEqualityExpr.java:126)
    at org.jaxen.expr.DefaultEqualityExpr.evaluate (DefaultEqualityExpr.java:97)
    at org.jaxen.expr.DefaultAndExpr.evaluate (DefaultAndExpr.java:82)
    at org.jaxen.expr.DefaultPredicate.evaluate (DefaultPredicate.java:95)
    at org.jaxen.expr.PredicateSet.applyPredicate (PredicateSet.java:269)
    at org.jaxen.expr.PredicateSet.evaluatePredicates (PredicateSet.java:244)
    at org.jaxen.expr.DefaultNameStep.evaluate (DefaultNameStep.java:291)
    at org.jaxen.expr.DefaultLocationPath.evaluate (DefaultLocationPath.java:140)
    at org.jaxen.expr.DefaultXPathExpr.asList (DefaultXPathExpr.java:102)
    at org.jaxen.BaseXPath.selectNodesForContext (BaseXPath.java:677)
    at org.jaxen.BaseXPath.selectNodes (BaseXPath.java:216)
    at net.sourceforge.pmd.lang.ast.AbstractNode.findChildNodesWithXPath (AbstractNode.java:528)
    at com.alibaba.p3c.pmd.lang.java.rule.oop.StringConcatRule.checkStringConcat (StringConcatRule.java:76)
    at com.alibaba.p3c.pmd.lang.java.rule.oop.StringConcatRule.visit (StringConcatRule.java:51)
    at net.sourceforge.pmd.lang.java.ast.ASTForStatement.jjtAccept (ASTForStatement.java:39)
    at net.sourceforge.pmd.lang.java.rule.AbstractJavaRule.visit (AbstractJavaRule.java:222)
    at net.sourceforge.pmd.lang.java.rule.AbstractJavaRule.visit (AbstractJavaRule.java:659)
    at net.sourceforge.pmd.lang.java.ast.ASTStatement.jjtAccept (ASTStatement.java:25)
    at net.sourceforge.pmd.lang.java.rule.AbstractJavaRule.visit (AbstractJavaRule.java:222)
    at net.sourceforge.pmd.lang.java.rule.AbstractJavaRule.visit (AbstractJavaRule.java:674)
    at net.sourceforge.pmd.lang.java.ast.ASTBlockStatement.jjtAccept (ASTBlockStatement.java:25)
    at net.sourceforge.pmd.lang.java.rule.AbstractJavaRule.visit (AbstractJavaRule.java:222)
    at net.sourceforge.pmd.lang.java.rule.AbstractJavaRule.visit (AbstractJavaRule.java:669)
    at net.sourceforge.pmd.lang.java.ast.ASTBlock.jjtAccept (ASTBlock.java:27)
    at net.sourceforge.pmd.lang.java.rule.AbstractJavaRule.visit (AbstractJavaRule.java:222)
    at net.sourceforge.pmd.lang.java.rule.AbstractJavaRule.visit (AbstractJavaRule.java:449)
    at net.sourceforge.pmd.lang.java.ast.ASTMethodDeclaration.jjtAccept (ASTMethodDeclaration.java:37)
    at net.sourceforge.pmd.lang.java.rule.AbstractJavaRule.visit (AbstractJavaRule.java:222)
    at net.sourceforge.pmd.lang.java.rule.AbstractJavaRule.visit (AbstractJavaRule.java:269)
    at net.sourceforge.pmd.lang.java.ast.ASTClassOrInterfaceBodyDeclaration.jjtAccept (ASTClassOrInterfaceBodyDeclaration.java:44)
    at net.sourceforge.pmd.lang.java.rule.AbstractJavaRule.visit (AbstractJavaRule.java:222)
    at net.sourceforge.pmd.lang.java.rule.AbstractJavaRule.visit (AbstractJavaRule.java:264)
    at net.sourceforge.pmd.lang.java.ast.ASTClassOrInterfaceBody.jjtAccept (ASTClassOrInterfaceBody.java:35)
    at net.sourceforge.pmd.lang.java.rule.AbstractJavaRule.visit (AbstractJavaRule.java:222)
    at net.sourceforge.pmd.lang.java.rule.AbstractJavaRule.visit (AbstractJavaRule.java:234)
    at net.sourceforge.pmd.lang.java.ast.ASTClassOrInterfaceDeclaration.jjtAccept (ASTClassOrInterfaceDeclaration.java:55)
    at net.sourceforge.pmd.lang.java.rule.AbstractJavaRule.visit (AbstractJavaRule.java:222)
    at net.sourceforge.pmd.lang.java.rule.AbstractJavaRule.visit (AbstractJavaRule.java:269)
    at net.sourceforge.pmd.lang.java.ast.ASTClassOrInterfaceBodyDeclaration.jjtAccept (ASTClassOrInterfaceBodyDeclaration.java:44)
    at net.sourceforge.pmd.lang.java.rule.AbstractJavaRule.visit (AbstractJavaRule.java:222)
    at net.sourceforge.pmd.lang.java.rule.AbstractJavaRule.visit (AbstractJavaRule.java:264)
    at net.sourceforge.pmd.lang.java.ast.ASTClassOrInterfaceBody.jjtAccept (ASTClassOrInterfaceBody.java:35)
    at net.sourceforge.pmd.lang.java.rule.AbstractJavaRule.visit (AbstractJavaRule.java:222)
    at net.sourceforge.pmd.lang.java.rule.AbstractJavaRule.visit (AbstractJavaRule.java:234)
    at net.sourceforge.pmd.lang.java.ast.ASTClassOrInterfaceDeclaration.jjtAccept (ASTClassOrInterfaceDeclaration.java:55)
    at net.sourceforge.pmd.lang.java.rule.AbstractJavaRule.visit (AbstractJavaRule.java:222)
    at net.sourceforge.pmd.lang.java.rule.AbstractJavaRule.visit (AbstractJavaRule.java:419)
    at net.sourceforge.pmd.lang.java.ast.ASTTypeDeclaration.jjtAccept (ASTTypeDeclaration.java:39)
    at net.sourceforge.pmd.lang.java.rule.AbstractJavaRule.visit (AbstractJavaRule.java:222)
    at net.sourceforge.pmd.lang.java.rule.AbstractJavaRule.visit (AbstractJavaRule.java:394)
    at com.alibaba.p3c.pmd.lang.java.rule.AbstractAliRule.visit (AbstractAliRule.java:60)
    at net.sourceforge.pmd.lang.java.ast.ASTCompilationUnit.jjtAccept (ASTCompilationUnit.java:44)
    at net.sourceforge.pmd.lang.java.rule.AbstractJavaRule.visitAll (AbstractJavaRule.java:164)
    at net.sourceforge.pmd.lang.java.rule.AbstractJavaRule.apply (AbstractJavaRule.java:158)
    at net.sourceforge.pmd.RuleSet.apply (RuleSet.java:659)
    at net.sourceforge.pmd.RuleSets.apply (RuleSets.java:163)
    at net.sourceforge.pmd.SourceCodeProcessor.processSource (SourceCodeProcessor.java:209)
    at net.sourceforge.pmd.SourceCodeProcessor.processSourceCodeWithoutCache (SourceCodeProcessor.java:118)
    at net.sourceforge.pmd.SourceCodeProcessor.processSourceCode (SourceCodeProcessor.java:100)
    at net.sourceforge.pmd.SourceCodeProcessor.processSourceCode (SourceCodeProcessor.java:62)
    at net.sourceforge.pmd.processor.PmdRunnable.call (PmdRunnable.java:85)
    at net.sourceforge.pmd.processor.PmdRunnable.call (PmdRunnable.java:29)
    at java.util.concurrent.FutureTask.run (FutureTask.java:317)
    at java.util.concurrent.Executors$RunnableAdapter.call (Executors.java:572)
    at java.util.concurrent.FutureTask.run (FutureTask.java:317)
    at java.util.concurrent.ThreadPoolExecutor.runWorker (ThreadPoolExecutor.java:1144)
    at java.util.concurrent.ThreadPoolExecutor$Worker.run (ThreadPoolExecutor.java:642)
    at java.lang.Thread.run (Thread.java:1583)
[INFO] 
[INFO] <<< maven-pmd-plugin:3.16.0:check (default) < :pmd @ nacos-sys <<<
[INFO] 
[INFO] 
[INFO] --- maven-pmd-plugin:3.16.0:check (default) @ nacos-sys ---
[INFO] PMD version: 6.42.0
[INFO] 
[INFO] 
[INFO] --- apache-rat-plugin:0.12:check (default) @ nacos-sys ---
[INFO] Enabled default license matchers.
[INFO] Will parse SCM ignores for exclusions...
[INFO] Finished adding exclusions from SCM ignore files.
[INFO] 61 implicit excludes (use -debug for more details).
[INFO] Exclude: .editorconfig
[INFO] Exclude: .travis.yml
[INFO] Exclude: codecov.yml
[INFO] Exclude: CONTRIBUTING.md
[INFO] Exclude: CODE_OF_CONDUCT.md
[INFO] Exclude: CHANGELOG.md
[INFO] Exclude: style/codeStyle.md
[INFO] Exclude: REPORTING-BUGS.md
[INFO] Exclude: README.md
[INFO] Exclude: .github/**/*
[INFO] Exclude: doc/*
[INFO] Exclude: derby.log
[INFO] Exclude: logs/*
[INFO] Exclude: src/main/resources/static/**
[INFO] Exclude: **/istio/model/**
[INFO] Exclude: **/consistency/entity/**
[INFO] Exclude: **/*.txt
[INFO] Exclude: **/*.factories
[INFO] Exclude: /console-ui/**
[INFO] Exclude: **/gogo.proto
[INFO] Exclude: **/any.proto
[INFO] Exclude: src/main/java/com/alibaba/nacos/common/packagescan/classreading/**
[INFO] Exclude: .flattened-pom.xml
[INFO] Exclude: **/announcement*.conf
[INFO] Exclude: **/console-guide.conf
[INFO] Exclude: **/reflect-config.json
[INFO] Exclude: **/resource-config.json
[INFO] Exclude: **/proxy-config.json
[INFO] Exclude: **/jni-config.json
[INFO] Exclude: **/predefined-classes-config.json
[INFO] Exclude: **/serialization-config.json
[INFO] Exclude: **/filter-config.json
[INFO] Exclude: **/disk_cache_test/**
[INFO] Exclude: **/failover_test/**
[INFO] Exclude: lefthook.yml
[INFO] Exclude: .vscode/**
[INFO] 63 resources included (use -debug for more details)
[INFO] Rat check: Summary over all files. Unapproved: 0, unknown: 0, generated: 0, approved: 63 licenses.
[INFO] 
[INFO] --- maven-install-plugin:2.4:install (default-install) @ nacos-sys ---
[INFO] Installing /Users/xinluo/sources/nacos/sys/target/nacos-sys-3.1.0-SNAPSHOT.jar to /var/root/.m2/repository/com/alibaba/nacos/nacos-sys/3.1.0-SNAPSHOT/nacos-sys-3.1.0-SNAPSHOT.jar
[INFO] Installing /Users/xinluo/sources/nacos/sys/.flattened-pom.xml to /var/root/.m2/repository/com/alibaba/nacos/nacos-sys/3.1.0-SNAPSHOT/nacos-sys-3.1.0-SNAPSHOT.pom
[INFO] Installing /Users/xinluo/sources/nacos/sys/target/nacos-sys-3.1.0-SNAPSHOT-sources.jar to /var/root/.m2/repository/com/alibaba/nacos/nacos-sys/3.1.0-SNAPSHOT/nacos-sys-3.1.0-SNAPSHOT-sources.jar
[INFO] 
[INFO] ----------------< com.alibaba.nacos:nacos-persistence >-----------------
[INFO] Building nacos-persistence 3.1.0-SNAPSHOT 3.1.0-SNAPSHOT          [9/45]
[INFO] --------------------------------[ jar ]---------------------------------
[INFO] 
[INFO] --- maven-clean-plugin:2.5:clean (default-clean) @ nacos-persistence ---
[INFO] Deleting /Users/xinluo/sources/nacos/persistence/target
[INFO] 
[INFO] --- easyj-maven-plugin:1.1.5:clean-simplify-pom (clean-flattened-pom) @ nacos-persistence ---
[INFO] Deleting /Users/xinluo/sources/nacos/persistence/.flattened-pom.xml
[INFO] 
[INFO] --- maven-enforcer-plugin:3.5.0:enforce (enforce-ban-circular-dependencies) @ nacos-persistence ---
[INFO] Rule 0: org.codehaus.mojo.extraenforcer.dependencies.BanCircularDependencies passed
[INFO] 
[INFO] --- maven-checkstyle-plugin:3.1.2:check (validate) @ nacos-persistence ---
[WARNING] Old version of checkstyle detected. Consider updating to >= v8.30
[WARNING] For more information see: https://maven.apache.org/plugins/maven-checkstyle-plugin/examples/upgrading-checkstyle.html
[INFO] 开始检查……
检查完成。
[INFO] You have 0 Checkstyle violations.
[INFO] 
[INFO] --- jacoco-maven-plugin:0.8.13:prepare-agent (default-prepare-agent) @ nacos-persistence ---
[INFO] argLine set to -javaagent:/var/root/.m2/repository/org/jacoco/org.jacoco.agent/0.8.13/org.jacoco.agent-0.8.13-runtime.jar=destfile=/Users/xinluo/sources/nacos/persistence/target/coverage-reports/jacoco-unit.exec,append=true,excludes=**/grpc/auto/**:**/packagescan/classreading/**:**/packagescan/resource/**:**/packagescan/util/**,output=file
[INFO] 
[INFO] --- build-helper-maven-plugin:3.2.0:add-source (add-source) @ nacos-persistence ---
[INFO] Source directory: /Users/xinluo/sources/nacos/persistence/target/generated-sources/protobuf/java added.
[INFO] 
[INFO] --- maven-resources-plugin:3.0.2:resources (default-resources) @ nacos-persistence ---
[INFO] Using 'UTF-8' encoding to copy filtered resources.
[INFO] Copying 1 resource
[INFO] 
[INFO] --- maven-compiler-plugin:3.5.1:compile (default-compile) @ nacos-persistence ---
[INFO] Changes detected - recompiling the module!
[INFO] Compiling 36 source files to /Users/xinluo/sources/nacos/persistence/target/classes
[WARNING] 未与 -source 17 一起设置系统模块路径
[WARNING] /Users/xinluo/sources/nacos/persistence/src/main/java/com/alibaba/nacos/persistence/repository/embedded/operate/BaseDatabaseOperate.java:[85,32] org.springframework.jdbc.core.JdbcTemplate中的<T>queryForObject(java.lang.String,java.lang.Object[],java.lang.Class<T>)已过时
[WARNING] /Users/xinluo/sources/nacos/persistence/src/main/java/com/alibaba/nacos/persistence/repository/embedded/operate/BaseDatabaseOperate.java:[110,32] org.springframework.jdbc.core.JdbcTemplate中的<T>queryForObject(java.lang.String,java.lang.Object[],org.springframework.jdbc.core.RowMapper<T>)已过时
[WARNING] /Users/xinluo/sources/nacos/persistence/src/main/java/com/alibaba/nacos/persistence/repository/embedded/operate/BaseDatabaseOperate.java:[135,32] org.springframework.jdbc.core.JdbcTemplate中的<T>query(java.lang.String,java.lang.Object[],org.springframework.jdbc.core.RowMapper<T>)已过时
[WARNING] /Users/xinluo/sources/nacos/persistence/src/main/java/com/alibaba/nacos/persistence/repository/embedded/operate/BaseDatabaseOperate.java:[158,32] org.springframework.jdbc.core.JdbcTemplate中的<T>queryForList(java.lang.String,java.lang.Object[],java.lang.Class<T>)已过时
[WARNING] /Users/xinluo/sources/nacos/persistence/src/main/java/com/alibaba/nacos/persistence/repository/extrnal/ExternalStoragePaginationHelperImpl.java:[90,38] org.springframework.jdbc.core.JdbcTemplate中的<T>query(java.lang.String,java.lang.Object[],org.springframework.jdbc.core.RowMapper<T>)已过时
[WARNING] /Users/xinluo/sources/nacos/persistence/src/main/java/com/alibaba/nacos/persistence/repository/extrnal/ExternalStoragePaginationHelperImpl.java:[118,39] org.springframework.jdbc.core.JdbcTemplate中的<T>queryForObject(java.lang.String,java.lang.Object[],java.lang.Class<T>)已过时
[WARNING] /Users/xinluo/sources/nacos/persistence/src/main/java/com/alibaba/nacos/persistence/repository/extrnal/ExternalStoragePaginationHelperImpl.java:[141,38] org.springframework.jdbc.core.JdbcTemplate中的<T>query(java.lang.String,java.lang.Object[],org.springframework.jdbc.core.RowMapper<T>)已过时
[INFO] /Users/xinluo/sources/nacos/persistence/src/main/java/com/alibaba/nacos/persistence/repository/embedded/EmbeddedPaginationHelperImpl.java: 某些输入文件使用了未经检查或不安全的操作。
[INFO] /Users/xinluo/sources/nacos/persistence/src/main/java/com/alibaba/nacos/persistence/repository/embedded/EmbeddedPaginationHelperImpl.java: 有关详细信息, 请使用 -Xlint:unchecked 重新编译。
[INFO] 
[INFO] --- maven-resources-plugin:3.0.2:testResources (default-testResources) @ nacos-persistence ---
[INFO] Using 'UTF-8' encoding to copy filtered resources.
[INFO] Copying 4 resources
[INFO] 
[INFO] --- maven-compiler-plugin:3.5.1:testCompile (default-testCompile) @ nacos-persistence ---
[INFO] Changes detected - recompiling the module!
[INFO] Compiling 34 source files to /Users/xinluo/sources/nacos/persistence/target/test-classes
[WARNING] 未与 -source 17 一起设置系统模块路径
[WARNING] /Users/xinluo/sources/nacos/persistence/src/test/java/com/alibaba/nacos/persistence/repository/embedded/operate/StandaloneDatabaseOperateImplTest.java:[127,26] org.springframework.jdbc.core.JdbcTemplate中的<T>queryForObject(java.lang.String,java.lang.Object[],java.lang.Class<T>)已过时
[WARNING] /Users/xinluo/sources/nacos/persistence/src/test/java/com/alibaba/nacos/persistence/repository/embedded/operate/StandaloneDatabaseOperateImplTest.java:[129,26] org.springframework.jdbc.core.JdbcTemplate中的<T>queryForObject(java.lang.String,java.lang.Object[],java.lang.Class<T>)已过时
[WARNING] /Users/xinluo/sources/nacos/persistence/src/test/java/com/alibaba/nacos/persistence/repository/embedded/operate/StandaloneDatabaseOperateImplTest.java:[133,26] org.springframework.jdbc.core.JdbcTemplate中的<T>queryForObject(java.lang.String,java.lang.Object[],java.lang.Class<T>)已过时
[WARNING] /Users/xinluo/sources/nacos/persistence/src/test/java/com/alibaba/nacos/persistence/repository/embedded/operate/StandaloneDatabaseOperateImplTest.java:[137,26] org.springframework.jdbc.core.JdbcTemplate中的<T>queryForObject(java.lang.String,java.lang.Object[],java.lang.Class<T>)已过时
[WARNING] /Users/xinluo/sources/nacos/persistence/src/test/java/com/alibaba/nacos/persistence/repository/embedded/operate/StandaloneDatabaseOperateImplTest.java:[150,26] org.springframework.jdbc.core.JdbcTemplate中的<T>queryForObject(java.lang.String,java.lang.Object[],org.springframework.jdbc.core.RowMapper<T>)已过时
[WARNING] /Users/xinluo/sources/nacos/persistence/src/test/java/com/alibaba/nacos/persistence/repository/embedded/operate/StandaloneDatabaseOperateImplTest.java:[152,26] org.springframework.jdbc.core.JdbcTemplate中的<T>queryForObject(java.lang.String,java.lang.Object[],org.springframework.jdbc.core.RowMapper<T>)已过时
[WARNING] /Users/xinluo/sources/nacos/persistence/src/test/java/com/alibaba/nacos/persistence/repository/embedded/operate/StandaloneDatabaseOperateImplTest.java:[156,26] org.springframework.jdbc.core.JdbcTemplate中的<T>queryForObject(java.lang.String,java.lang.Object[],org.springframework.jdbc.core.RowMapper<T>)已过时
[WARNING] /Users/xinluo/sources/nacos/persistence/src/test/java/com/alibaba/nacos/persistence/repository/embedded/operate/StandaloneDatabaseOperateImplTest.java:[160,26] org.springframework.jdbc.core.JdbcTemplate中的<T>queryForObject(java.lang.String,java.lang.Object[],org.springframework.jdbc.core.RowMapper<T>)已过时
[WARNING] /Users/xinluo/sources/nacos/persistence/src/test/java/com/alibaba/nacos/persistence/repository/embedded/operate/StandaloneDatabaseOperateImplTest.java:[182,30] org.springframework.jdbc.core.JdbcTemplate中的<T>queryForObject(java.lang.String,java.lang.Object[],java.lang.Class<T>)已过时
[WARNING] /Users/xinluo/sources/nacos/persistence/src/test/java/com/alibaba/nacos/persistence/repository/embedded/operate/StandaloneDatabaseOperateImplTest.java:[194,30] org.springframework.jdbc.core.JdbcTemplate中的<T>queryForObject(java.lang.String,java.lang.Object[],org.springframework.jdbc.core.RowMapper<T>)已过时
[WARNING] /Users/xinluo/sources/nacos/persistence/src/test/java/com/alibaba/nacos/persistence/repository/embedded/operate/StandaloneDatabaseOperateImplTest.java:[209,26] org.springframework.jdbc.core.JdbcTemplate中的<T>query(java.lang.String,java.lang.Object[],org.springframework.jdbc.core.RowMapper<T>)已过时
[WARNING] /Users/xinluo/sources/nacos/persistence/src/test/java/com/alibaba/nacos/persistence/repository/embedded/operate/StandaloneDatabaseOperateImplTest.java:[211,26] org.springframework.jdbc.core.JdbcTemplate中的<T>query(java.lang.String,java.lang.Object[],org.springframework.jdbc.core.RowMapper<T>)已过时
[WARNING] /Users/xinluo/sources/nacos/persistence/src/test/java/com/alibaba/nacos/persistence/repository/embedded/operate/StandaloneDatabaseOperateImplTest.java:[215,26] org.springframework.jdbc.core.JdbcTemplate中的<T>query(java.lang.String,java.lang.Object[],org.springframework.jdbc.core.RowMapper<T>)已过时
[WARNING] /Users/xinluo/sources/nacos/persistence/src/test/java/com/alibaba/nacos/persistence/repository/embedded/operate/StandaloneDatabaseOperateImplTest.java:[258,26] org.springframework.jdbc.core.JdbcTemplate中的<T>queryForList(java.lang.String,java.lang.Object[],java.lang.Class<T>)已过时
[WARNING] /Users/xinluo/sources/nacos/persistence/src/test/java/com/alibaba/nacos/persistence/repository/embedded/operate/StandaloneDatabaseOperateImplTest.java:[260,26] org.springframework.jdbc.core.JdbcTemplate中的<T>queryForList(java.lang.String,java.lang.Object[],java.lang.Class<T>)已过时
[WARNING] /Users/xinluo/sources/nacos/persistence/src/test/java/com/alibaba/nacos/persistence/repository/embedded/operate/StandaloneDatabaseOperateImplTest.java:[264,26] org.springframework.jdbc.core.JdbcTemplate中的<T>queryForList(java.lang.String,java.lang.Object[],java.lang.Class<T>)已过时
[WARNING] /Users/xinluo/sources/nacos/persistence/src/test/java/com/alibaba/nacos/persistence/repository/embedded/operate/StandaloneDatabaseOperateImplTest.java:[267,26] org.springframework.jdbc.core.JdbcTemplate中的<T>queryForList(java.lang.String,java.lang.Object[],java.lang.Class<T>)已过时
[WARNING] /Users/xinluo/sources/nacos/persistence/src/test/java/com/alibaba/nacos/persistence/repository/embedded/operate/StandaloneDatabaseOperateImplTest.java:[320,30] org.springframework.jdbc.core.JdbcTemplate中的<T>query(java.lang.String,java.lang.Object[],org.springframework.jdbc.core.RowMapper<T>)已过时
[WARNING] /Users/xinluo/sources/nacos/persistence/src/test/java/com/alibaba/nacos/persistence/repository/extrnal/ExternalStoragePaginationHelperImplTest.java:[74,26] org.springframework.jdbc.core.JdbcTemplate中的<T>queryForObject(java.lang.String,java.lang.Object[],java.lang.Class<T>)已过时
[WARNING] /Users/xinluo/sources/nacos/persistence/src/test/java/com/alibaba/nacos/persistence/repository/extrnal/ExternalStoragePaginationHelperImplTest.java:[82,26] org.springframework.jdbc.core.JdbcTemplate中的<T>queryForObject(java.lang.String,java.lang.Object[],java.lang.Class<T>)已过时
[WARNING] /Users/xinluo/sources/nacos/persistence/src/test/java/com/alibaba/nacos/persistence/repository/extrnal/ExternalStoragePaginationHelperImplTest.java:[83,26] org.springframework.jdbc.core.JdbcTemplate中的<T>query(java.lang.String,java.lang.Object[],org.springframework.jdbc.core.RowMapper<T>)已过时
[WARNING] /Users/xinluo/sources/nacos/persistence/src/test/java/com/alibaba/nacos/persistence/repository/extrnal/ExternalStoragePaginationHelperImplTest.java:[95,26] org.springframework.jdbc.core.JdbcTemplate中的<T>queryForObject(java.lang.String,java.lang.Object[],java.lang.Class<T>)已过时
[WARNING] /Users/xinluo/sources/nacos/persistence/src/test/java/com/alibaba/nacos/persistence/repository/extrnal/ExternalStoragePaginationHelperImplTest.java:[96,26] org.springframework.jdbc.core.JdbcTemplate中的<T>query(java.lang.String,java.lang.Object[],org.springframework.jdbc.core.RowMapper<T>)已过时
[WARNING] /Users/xinluo/sources/nacos/persistence/src/test/java/com/alibaba/nacos/persistence/repository/extrnal/ExternalStoragePaginationHelperImplTest.java:[108,26] org.springframework.jdbc.core.JdbcTemplate中的<T>queryForObject(java.lang.String,java.lang.Object[],java.lang.Class<T>)已过时
[WARNING] /Users/xinluo/sources/nacos/persistence/src/test/java/com/alibaba/nacos/persistence/repository/extrnal/ExternalStoragePaginationHelperImplTest.java:[112,26] org.springframework.jdbc.core.JdbcTemplate中的<T>query(java.lang.String,java.lang.Object[],org.springframework.jdbc.core.RowMapper<T>)已过时
[WARNING] /Users/xinluo/sources/nacos/persistence/src/test/java/com/alibaba/nacos/persistence/repository/extrnal/ExternalStoragePaginationHelperImplTest.java:[123,26] org.springframework.jdbc.core.JdbcTemplate中的<T>queryForObject(java.lang.String,java.lang.Object[],java.lang.Class<T>)已过时
[WARNING] /Users/xinluo/sources/nacos/persistence/src/test/java/com/alibaba/nacos/persistence/repository/extrnal/ExternalStoragePaginationHelperImplTest.java:[124,26] org.springframework.jdbc.core.JdbcTemplate中的<T>query(java.lang.String,java.lang.Object[],org.springframework.jdbc.core.RowMapper<T>)已过时
[WARNING] /Users/xinluo/sources/nacos/persistence/src/test/java/com/alibaba/nacos/persistence/repository/extrnal/ExternalStoragePaginationHelperImplTest.java:[136,26] org.springframework.jdbc.core.JdbcTemplate中的<T>queryForObject(java.lang.String,java.lang.Object[],java.lang.Class<T>)已过时
[WARNING] /Users/xinluo/sources/nacos/persistence/src/test/java/com/alibaba/nacos/persistence/repository/extrnal/ExternalStoragePaginationHelperImplTest.java:[164,26] org.springframework.jdbc.core.JdbcTemplate中的<T>query(java.lang.String,java.lang.Object[],org.springframework.jdbc.core.RowMapper<T>)已过时
[WARNING] /Users/xinluo/sources/nacos/persistence/src/test/java/com/alibaba/nacos/persistence/repository/extrnal/ExternalStoragePaginationHelperImplTest.java:[177,26] org.springframework.jdbc.core.JdbcTemplate中的<T>query(java.lang.String,java.lang.Object[],org.springframework.jdbc.core.RowMapper<T>)已过时
[WARNING] /Users/xinluo/sources/nacos/persistence/src/test/java/com/alibaba/nacos/persistence/repository/extrnal/ExternalStoragePaginationHelperImplTest.java:[193,26] org.springframework.jdbc.core.JdbcTemplate中的<T>query(java.lang.String,java.lang.Object[],org.springframework.jdbc.core.RowMapper<T>)已过时
[WARNING] /Users/xinluo/sources/nacos/persistence/src/test/java/com/alibaba/nacos/persistence/repository/extrnal/ExternalStoragePaginationHelperImplTest.java:[205,26] org.springframework.jdbc.core.JdbcTemplate中的<T>query(java.lang.String,java.lang.Object[],org.springframework.jdbc.core.RowMapper<T>)已过时
[WARNING] /Users/xinluo/sources/nacos/persistence/src/test/java/com/alibaba/nacos/persistence/repository/extrnal/ExternalStoragePaginationHelperImplTest.java:[240,26] org.springframework.jdbc.core.JdbcTemplate中的<T>queryForObject(java.lang.String,java.lang.Object[],java.lang.Class<T>)已过时
[WARNING] /Users/xinluo/sources/nacos/persistence/src/test/java/com/alibaba/nacos/persistence/repository/extrnal/ExternalStoragePaginationHelperImplTest.java:[249,26] org.springframework.jdbc.core.JdbcTemplate中的<T>queryForObject(java.lang.String,java.lang.Object[],java.lang.Class<T>)已过时
[WARNING] /Users/xinluo/sources/nacos/persistence/src/test/java/com/alibaba/nacos/persistence/repository/extrnal/ExternalStoragePaginationHelperImplTest.java:[250,26] org.springframework.jdbc.core.JdbcTemplate中的<T>query(java.lang.String,java.lang.Object[],org.springframework.jdbc.core.RowMapper<T>)已过时
[WARNING] /Users/xinluo/sources/nacos/persistence/src/test/java/com/alibaba/nacos/persistence/repository/extrnal/ExternalStoragePaginationHelperImplTest.java:[263,26] org.springframework.jdbc.core.JdbcTemplate中的<T>queryForObject(java.lang.String,java.lang.Object[],java.lang.Class<T>)已过时
[WARNING] /Users/xinluo/sources/nacos/persistence/src/test/java/com/alibaba/nacos/persistence/repository/extrnal/ExternalStoragePaginationHelperImplTest.java:[264,26] org.springframework.jdbc.core.JdbcTemplate中的<T>query(java.lang.String,java.lang.Object[],org.springframework.jdbc.core.RowMapper<T>)已过时
[WARNING] /Users/xinluo/sources/nacos/persistence/src/test/java/com/alibaba/nacos/persistence/repository/extrnal/ExternalStoragePaginationHelperImplTest.java:[275,26] org.springframework.jdbc.core.JdbcTemplate中的<T>queryForObject(java.lang.String,java.lang.Object[],java.lang.Class<T>)已过时
[WARNING] /Users/xinluo/sources/nacos/persistence/src/test/java/com/alibaba/nacos/persistence/repository/extrnal/ExternalStoragePaginationHelperImplTest.java:[281,26] org.springframework.jdbc.core.JdbcTemplate中的<T>query(java.lang.String,java.lang.Object[],org.springframework.jdbc.core.RowMapper<T>)已过时
[WARNING] /Users/xinluo/sources/nacos/persistence/src/test/java/com/alibaba/nacos/persistence/repository/extrnal/ExternalStoragePaginationHelperImplTest.java:[293,26] org.springframework.jdbc.core.JdbcTemplate中的<T>queryForObject(java.lang.String,java.lang.Object[],java.lang.Class<T>)已过时
[WARNING] /Users/xinluo/sources/nacos/persistence/src/test/java/com/alibaba/nacos/persistence/repository/extrnal/ExternalStoragePaginationHelperImplTest.java:[294,26] org.springframework.jdbc.core.JdbcTemplate中的<T>query(java.lang.String,java.lang.Object[],org.springframework.jdbc.core.RowMapper<T>)已过时
[WARNING] /Users/xinluo/sources/nacos/persistence/src/test/java/com/alibaba/nacos/persistence/repository/extrnal/ExternalStoragePaginationHelperImplTest.java:[307,26] org.springframework.jdbc.core.JdbcTemplate中的<T>queryForObject(java.lang.String,java.lang.Object[],java.lang.Class<T>)已过时
[WARNING] /Users/xinluo/sources/nacos/persistence/src/test/java/com/alibaba/nacos/persistence/repository/extrnal/ExternalStoragePaginationHelperImplTest.java:[329,26] org.springframework.jdbc.core.JdbcTemplate中的<T>query(java.lang.String,java.lang.Object[],org.springframework.jdbc.core.RowMapper<T>)已过时
[WARNING] /Users/xinluo/sources/nacos/persistence/src/test/java/com/alibaba/nacos/persistence/datasource/mock/MockPreparedStatement.java:[131,17] java.sql.PreparedStatement中的setUnicodeStream(int,java.io.InputStream,int)已过时
[WARNING] /Users/xinluo/sources/nacos/persistence/src/test/java/com/alibaba/nacos/persistence/datasource/mock/MockResultSet.java:[210,24] java.sql.ResultSet中的getUnicodeStream(java.lang.String)已过时
[WARNING] /Users/xinluo/sources/nacos/persistence/src/test/java/com/alibaba/nacos/persistence/datasource/mock/MockResultSet.java:[180,23] java.sql.ResultSet中的getBigDecimal(java.lang.String,int)已过时
[WARNING] /Users/xinluo/sources/nacos/persistence/src/test/java/com/alibaba/nacos/persistence/datasource/mock/MockResultSet.java:[130,24] java.sql.ResultSet中的getUnicodeStream(int)已过时
[WARNING] /Users/xinluo/sources/nacos/persistence/src/test/java/com/alibaba/nacos/persistence/datasource/mock/MockResultSet.java:[100,23] java.sql.ResultSet中的getBigDecimal(int,int)已过时
[INFO] /Users/xinluo/sources/nacos/persistence/src/test/java/com/alibaba/nacos/persistence/repository/embedded/operate/StandaloneDatabaseOperateImplTest.java: 某些输入文件使用了未经检查或不安全的操作。
[INFO] /Users/xinluo/sources/nacos/persistence/src/test/java/com/alibaba/nacos/persistence/repository/embedded/operate/StandaloneDatabaseOperateImplTest.java: 有关详细信息, 请使用 -Xlint:unchecked 重新编译。
[INFO] 
[INFO] --- maven-surefire-plugin:3.2.5:test (default-test) @ nacos-persistence ---
[INFO] Surefire report directory: /Users/xinluo/sources/nacos/persistence/target/surefire-reports
[INFO] Using auto detected provider org.apache.maven.surefire.junitplatform.JUnitPlatformProvider
[INFO] 
[INFO] -------------------------------------------------------
[INFO]  T E S T S
[INFO] -------------------------------------------------------
[INFO] Running com.alibaba.nacos.persistence.datasource.StandaloneExternalStorageTest
[INFO] Tests run: 4, Failures: 0, Errors: 0, Skipped: 0, Time elapsed: 0.873 s -- in com.alibaba.nacos.persistence.datasource.StandaloneExternalStorageTest
[INFO] Running com.alibaba.nacos.persistence.datasource.ExternalDataSourceServiceImplTest
[INFO] Tests run: 16, Failures: 0, Errors: 0, Skipped: 0, Time elapsed: 0.610 s -- in com.alibaba.nacos.persistence.datasource.ExternalDataSourceServiceImplTest
[INFO] Running com.alibaba.nacos.persistence.datasource.ExternalDataSourcePropertiesTest
[INFO] Tests run: 6, Failures: 0, Errors: 0, Skipped: 0, Time elapsed: 0.015 s -- in com.alibaba.nacos.persistence.datasource.ExternalDataSourcePropertiesTest
[INFO] Running com.alibaba.nacos.persistence.datasource.DataSourcePoolPropertiesTest
[INFO] Tests run: 1, Failures: 0, Errors: 0, Skipped: 0, Time elapsed: 0.181 s -- in com.alibaba.nacos.persistence.datasource.DataSourcePoolPropertiesTest
[INFO] Running com.alibaba.nacos.persistence.datasource.ClusterExternalStorageTest
[INFO] Tests run: 4, Failures: 0, Errors: 0, Skipped: 0, Time elapsed: 0.005 s -- in com.alibaba.nacos.persistence.datasource.ClusterExternalStorageTest
[INFO] Running com.alibaba.nacos.persistence.datasource.DynamicDataSourceTest
[INFO] Tests run: 4, Failures: 0, Errors: 0, Skipped: 0, Time elapsed: 0.644 s -- in com.alibaba.nacos.persistence.datasource.DynamicDataSourceTest
[INFO] Running com.alibaba.nacos.persistence.datasource.LocalDataSourceServiceImplTest
[INFO] Tests run: 9, Failures: 0, Errors: 0, Skipped: 0, Time elapsed: 0.717 s -- in com.alibaba.nacos.persistence.datasource.LocalDataSourceServiceImplTest
[INFO] Running com.alibaba.nacos.persistence.configuration.DatasourceConfigurationTest
[INFO] Tests run: 8, Failures: 0, Errors: 0, Skipped: 0, Time elapsed: 0.063 s -- in com.alibaba.nacos.persistence.configuration.DatasourceConfigurationTest
[INFO] Running com.alibaba.nacos.persistence.configuration.condition.ConditionStandaloneEmbedStorageTest
[INFO] Tests run: 1, Failures: 0, Errors: 0, Skipped: 0, Time elapsed: 0.048 s -- in com.alibaba.nacos.persistence.configuration.condition.ConditionStandaloneEmbedStorageTest
[INFO] Running com.alibaba.nacos.persistence.configuration.condition.ConditionOnExternalStorageTest
[INFO] Tests run: 1, Failures: 0, Errors: 0, Skipped: 0, Time elapsed: 0.001 s -- in com.alibaba.nacos.persistence.configuration.condition.ConditionOnExternalStorageTest
[INFO] Running com.alibaba.nacos.persistence.configuration.condition.ConditionDistributedEmbedStorageTest
[INFO] Tests run: 1, Failures: 0, Errors: 0, Skipped: 0, Time elapsed: 0.002 s -- in com.alibaba.nacos.persistence.configuration.condition.ConditionDistributedEmbedStorageTest
[INFO] Running com.alibaba.nacos.persistence.configuration.condition.ConditionOnEmbeddedStorageTest
[INFO] Tests run: 1, Failures: 0, Errors: 0, Skipped: 0, Time elapsed: 0.001 s -- in com.alibaba.nacos.persistence.configuration.condition.ConditionOnEmbeddedStorageTest
[INFO] Running com.alibaba.nacos.persistence.repository.extrnal.ExternalStoragePaginationHelperImplTest
[INFO] Tests run: 24, Failures: 0, Errors: 0, Skipped: 0, Time elapsed: 0.042 s -- in com.alibaba.nacos.persistence.repository.extrnal.ExternalStoragePaginationHelperImplTest
[INFO] Running com.alibaba.nacos.persistence.repository.RowMapperManagerTest
[INFO] Tests run: 2, Failures: 0, Errors: 0, Skipped: 0, Time elapsed: 0.150 s -- in com.alibaba.nacos.persistence.repository.RowMapperManagerTest
[INFO] Running com.alibaba.nacos.persistence.repository.embedded.EmbeddedPaginationHelperImplTest
[INFO] Tests run: 24, Failures: 0, Errors: 0, Skipped: 0, Time elapsed: 0.042 s -- in com.alibaba.nacos.persistence.repository.embedded.EmbeddedPaginationHelperImplTest
[INFO] Running com.alibaba.nacos.persistence.repository.embedded.operate.StandaloneDatabaseOperateImplTest
[INFO] Tests run: 23, Failures: 0, Errors: 0, Skipped: 0, Time elapsed: 3.186 s -- in com.alibaba.nacos.persistence.repository.embedded.operate.StandaloneDatabaseOperateImplTest
[INFO] Running com.alibaba.nacos.persistence.repository.embedded.operate.DatabaseOperateTest
[INFO] Tests run: 1, Failures: 0, Errors: 0, Skipped: 0, Time elapsed: 0.009 s -- in com.alibaba.nacos.persistence.repository.embedded.operate.DatabaseOperateTest
[INFO] Running com.alibaba.nacos.persistence.repository.embedded.operate.BaseDatabaseOperateTest
[INFO] Tests run: 10, Failures: 0, Errors: 0, Skipped: 0, Time elapsed: 0.052 s -- in com.alibaba.nacos.persistence.repository.embedded.operate.BaseDatabaseOperateTest
[INFO] Running com.alibaba.nacos.persistence.repository.embedded.EmbeddedStorageContextHolderTest
[INFO] Tests run: 3, Failures: 0, Errors: 0, Skipped: 0, Time elapsed: 0.001 s -- in com.alibaba.nacos.persistence.repository.embedded.EmbeddedStorageContextHolderTest
[INFO] Running com.alibaba.nacos.persistence.repository.embedded.hook.EmbeddedApplyHookHolderTest
[INFO] Tests run: 1, Failures: 0, Errors: 0, Skipped: 0, Time elapsed: 0.002 s -- in com.alibaba.nacos.persistence.repository.embedded.hook.EmbeddedApplyHookHolderTest
[INFO] Running com.alibaba.nacos.persistence.repository.embedded.sql.limiter.SqlTypeLimiterTest
[INFO] Tests run: 10, Failures: 0, Errors: 0, Skipped: 0, Time elapsed: 0.004 s -- in com.alibaba.nacos.persistence.repository.embedded.sql.limiter.SqlTypeLimiterTest
[INFO] Running com.alibaba.nacos.persistence.repository.embedded.sql.ModifyRequestTest
[INFO] Tests run: 1, Failures: 0, Errors: 0, Skipped: 0, Time elapsed: 0.003 s -- in com.alibaba.nacos.persistence.repository.embedded.sql.ModifyRequestTest
[INFO] Running com.alibaba.nacos.persistence.repository.embedded.sql.SelectRequestTest
[INFO] Tests run: 1, Failures: 0, Errors: 0, Skipped: 0, Time elapsed: 0.002 s -- in com.alibaba.nacos.persistence.repository.embedded.sql.SelectRequestTest
[INFO] Running com.alibaba.nacos.persistence.utils.PersistenceExecutorTest
[INFO] Tests run: 3, Failures: 0, Errors: 0, Skipped: 0, Time elapsed: 0.434 s -- in com.alibaba.nacos.persistence.utils.PersistenceExecutorTest
[INFO] Running com.alibaba.nacos.persistence.utils.DerbyUtilsTest
[INFO] Tests run: 1, Failures: 0, Errors: 0, Skipped: 0, Time elapsed: 0.001 s -- in com.alibaba.nacos.persistence.utils.DerbyUtilsTest
[INFO] Running com.alibaba.nacos.persistence.utils.ConnectionCheckUtilTest
[INFO] Tests run: 2, Failures: 0, Errors: 0, Skipped: 0, Time elapsed: 0.043 s -- in com.alibaba.nacos.persistence.utils.ConnectionCheckUtilTest
[INFO] Running com.alibaba.nacos.persistence.model.event.EventTest
[INFO] Tests run: 3, Failures: 0, Errors: 0, Skipped: 0, Time elapsed: 0.216 s -- in com.alibaba.nacos.persistence.model.event.EventTest
[INFO] Running com.alibaba.nacos.persistence.exception.NJdbcExceptionTest
[INFO] Tests run: 5, Failures: 0, Errors: 0, Skipped: 0, Time elapsed: 0.001 s -- in com.alibaba.nacos.persistence.exception.NJdbcExceptionTest
[INFO] 
[INFO] Results:
[INFO] 
[INFO] Tests run: 170, Failures: 0, Errors: 0, Skipped: 0
[INFO] 
[INFO] 
[INFO] --- jacoco-maven-plugin:0.8.13:report (default-report) @ nacos-persistence ---
[INFO] Loading execution data file /Users/xinluo/sources/nacos/persistence/target/coverage-reports/jacoco-unit.exec
[INFO] Analyzed bundle 'nacos-persistence 3.1.0-SNAPSHOT' with 37 classes
[INFO] 
[INFO] --- easyj-maven-plugin:1.1.5:simplify-pom (flatten-pom) @ nacos-persistence ---
[INFO] Create PomSimplifier by mode: auto
[INFO] The simplify mode is: JAR
[INFO] Do simplify by the POM simplifier: JarPomSimplifier
[INFO] 
[INFO] ==================================  start simplify  ==================================
[INFO] Remove Parent.
[INFO] Set GroupId from 'null' to 'com.alibaba.nacos'.
[INFO] Set Version from 'null' to '3.1.0-SNAPSHOT'.
[INFO] Set Name from 'nacos-persistence ${project.version}' to 'nacos-persistence 3.1.0-SNAPSHOT'.
[WARNING] The '<description>' is required when uploading OSSRH. Please set a value immediately.
[INFO] -------------------------------------------
[INFO] Copy project info from parent for the open source project:
[INFO]    Copy Licenses.
[INFO]    Copy Developers.
[INFO]    Copy Scm.
[INFO]    Copy Organization.
[INFO]    Copy IssueManagement.
[INFO] -------------------------------------------
[INFO] -------------------------------------------
[INFO] Reset dependencies: groupId, version, exclusions (Contains 8 dependencies)
[INFO]   Reset dependency: [org.springframework.boot:spring-boot-starter-jdbc:null] -> [org.springframework.boot:spring-boot-starter-jdbc:3.4.9]
[INFO]   Reset dependency: [com.alibaba.nacos:nacos-datasource-plugin:null] -> [com.alibaba.nacos:nacos-datasource-plugin:3.1.0-SNAPSHOT]
[INFO]   Reset dependency: [com.alibaba.nacos:nacos-sys:null] -> [com.alibaba.nacos:nacos-sys:3.1.0-SNAPSHOT]
[INFO]   Reset dependency: [com.alibaba.nacos:nacos-consistency:null] -> [com.alibaba.nacos:nacos-consistency:3.1.0-SNAPSHOT]
[INFO]   Reset dependency: [io.micrometer:micrometer-core:null] -> [io.micrometer:micrometer-core:1.12.8]
[INFO]   Reset dependency: [com.mysql:mysql-connector-j:null] -> [com.mysql:mysql-connector-j:8.2.0]
[INFO]   Reset dependency: [org.apache.derby:derby:null] -> [org.apache.derby:derby:10.14.2.0]
[INFO]   Remove dependency by scope=test: [org.springframework:spring-test:6.2.10:test]
[INFO] Remaining 7 dependencies.
[INFO] -------------------------------------------
[INFO] -------------------------------------------
[INFO] Optimize Dependencies: (7)
[INFO]  - Optimize with 'replaceVariable'
[INFO] ==================================   end  simplify  ==================================
[INFO] 
[INFO] Create the POM file '.flattened-pom.xml'.
[INFO] Set the POM file '.flattened-pom.xml' to the project object.
[INFO] 
[INFO] --- maven-jar-plugin:3.2.2:jar (default-jar) @ nacos-persistence ---
[INFO] Building jar: /Users/xinluo/sources/nacos/persistence/target/nacos-persistence-3.1.0-SNAPSHOT.jar
[INFO] 
[INFO] --- maven-javadoc-plugin:2.10.4:jar (attach-javadocs) @ nacos-persistence ---
[INFO] Skipping javadoc generation
[INFO] 
[INFO] >>> maven-source-plugin:3.0.1:jar (attach-sources) > generate-sources @ nacos-persistence >>>
[INFO] 
[INFO] --- maven-enforcer-plugin:3.5.0:enforce (enforce-ban-circular-dependencies) @ nacos-persistence ---
[INFO] Rule 0: org.codehaus.mojo.extraenforcer.dependencies.BanCircularDependencies passed
[INFO] 
[INFO] --- maven-checkstyle-plugin:3.1.2:check (validate) @ nacos-persistence ---
[WARNING] Old version of checkstyle detected. Consider updating to >= v8.30
[WARNING] For more information see: https://maven.apache.org/plugins/maven-checkstyle-plugin/examples/upgrading-checkstyle.html
[INFO] 开始检查……
检查完成。
[INFO] You have 0 Checkstyle violations.
[INFO] 
[INFO] --- jacoco-maven-plugin:0.8.13:prepare-agent (default-prepare-agent) @ nacos-persistence ---
[INFO] argLine set to -javaagent:/var/root/.m2/repository/org/jacoco/org.jacoco.agent/0.8.13/org.jacoco.agent-0.8.13-runtime.jar=destfile=/Users/xinluo/sources/nacos/persistence/target/coverage-reports/jacoco-unit.exec,append=true,excludes=**/grpc/auto/**:**/packagescan/classreading/**:**/packagescan/resource/**:**/packagescan/util/**,output=file
[INFO] 
[INFO] --- build-helper-maven-plugin:3.2.0:add-source (add-source) @ nacos-persistence ---
[INFO] Source directory: /Users/xinluo/sources/nacos/persistence/target/generated-sources/protobuf/java added.
[INFO] 
[INFO] <<< maven-source-plugin:3.0.1:jar (attach-sources) < generate-sources @ nacos-persistence <<<
[INFO] 
[INFO] 
[INFO] --- maven-source-plugin:3.0.1:jar (attach-sources) @ nacos-persistence ---
[INFO] Building jar: /Users/xinluo/sources/nacos/persistence/target/nacos-persistence-3.1.0-SNAPSHOT-sources.jar
[INFO] 
[INFO] >>> maven-pmd-plugin:3.16.0:check (default) > :pmd @ nacos-persistence >>>
[INFO] 
[INFO] --- maven-pmd-plugin:3.16.0:pmd (pmd) @ nacos-persistence ---
[WARNING] Unable to locate Source XRef to link to - DISABLED
[WARNING] Unable to locate Source XRef to link to - DISABLED
[INFO] PMD version: 6.42.0
[WARNING] Rule /Users/xinluo/sources/nacos/persistence/target/pmd/rulesets/ali-comment.xml/CommentsMustBeJavadocFormatRule does not mention attribute language='java', please mention it explicitly to be compatible with PMD 7
[WARNING] Rule /Users/xinluo/sources/nacos/persistence/target/pmd/rulesets/ali-comment.xml/CommentsMustBeJavadocFormatRule does not mention attribute language='java', please mention it explicitly to be compatible with PMD 7
[WARNING] Rule /Users/xinluo/sources/nacos/persistence/target/pmd/rulesets/ali-comment.xml/AbstractMethodOrInterfaceMethodMustUseJavadocRule does not mention attribute language='java', please mention it explicitly to be compatible with PMD 7
[WARNING] Rule /Users/xinluo/sources/nacos/persistence/target/pmd/rulesets/ali-comment.xml/AbstractMethodOrInterfaceMethodMustUseJavadocRule does not mention attribute language='java', please mention it explicitly to be compatible with PMD 7
[WARNING] Rule /Users/xinluo/sources/nacos/persistence/target/pmd/rulesets/ali-comment.xml/ClassMustHaveAuthorRule does not mention attribute language='java', please mention it explicitly to be compatible with PMD 7
[WARNING] Rule /Users/xinluo/sources/nacos/persistence/target/pmd/rulesets/ali-comment.xml/ClassMustHaveAuthorRule does not mention attribute language='java', please mention it explicitly to be compatible with PMD 7
[WARNING] Rule /Users/xinluo/sources/nacos/persistence/target/pmd/rulesets/ali-comment.xml/EnumConstantsMustHaveCommentRule does not mention attribute language='java', please mention it explicitly to be compatible with PMD 7
[WARNING] Rule /Users/xinluo/sources/nacos/persistence/target/pmd/rulesets/ali-comment.xml/EnumConstantsMustHaveCommentRule does not mention attribute language='java', please mention it explicitly to be compatible with PMD 7
[WARNING] Rule /Users/xinluo/sources/nacos/persistence/target/pmd/rulesets/ali-comment.xml/AvoidCommentBehindStatementRule does not mention attribute language='java', please mention it explicitly to be compatible with PMD 7
[WARNING] Rule /Users/xinluo/sources/nacos/persistence/target/pmd/rulesets/ali-comment.xml/AvoidCommentBehindStatementRule does not mention attribute language='java', please mention it explicitly to be compatible with PMD 7
[WARNING] Rule /Users/xinluo/sources/nacos/persistence/target/pmd/rulesets/ali-comment.xml/RemoveCommentedCodeRule does not mention attribute language='java', please mention it explicitly to be compatible with PMD 7
[WARNING] Rule /Users/xinluo/sources/nacos/persistence/target/pmd/rulesets/ali-comment.xml/RemoveCommentedCodeRule does not mention attribute language='java', please mention it explicitly to be compatible with PMD 7
[WARNING] Rule /Users/xinluo/sources/nacos/persistence/target/pmd/rulesets/ali-constant.xml/UpperEllRule does not mention attribute language='java', please mention it explicitly to be compatible with PMD 7
[WARNING] Rule /Users/xinluo/sources/nacos/persistence/target/pmd/rulesets/ali-constant.xml/UpperEllRule does not mention attribute language='java', please mention it explicitly to be compatible with PMD 7
[WARNING] Rule /Users/xinluo/sources/nacos/persistence/target/pmd/rulesets/ali-constant.xml/UndefineMagicConstantRule does not mention attribute language='java', please mention it explicitly to be compatible with PMD 7
[WARNING] Rule /Users/xinluo/sources/nacos/persistence/target/pmd/rulesets/ali-constant.xml/UndefineMagicConstantRule does not mention attribute language='java', please mention it explicitly to be compatible with PMD 7
[WARNING] Rule /Users/xinluo/sources/nacos/persistence/target/pmd/rulesets/ali-set.xml/ClassCastExceptionWithToArrayRule does not mention attribute language='java', please mention it explicitly to be compatible with PMD 7
[WARNING] Rule /Users/xinluo/sources/nacos/persistence/target/pmd/rulesets/ali-set.xml/ClassCastExceptionWithToArrayRule does not mention attribute language='java', please mention it explicitly to be compatible with PMD 7
[WARNING] Rule /Users/xinluo/sources/nacos/persistence/target/pmd/rulesets/ali-set.xml/UnsupportedExceptionWithModifyAsListRule does not mention attribute language='java', please mention it explicitly to be compatible with PMD 7
[WARNING] Rule /Users/xinluo/sources/nacos/persistence/target/pmd/rulesets/ali-set.xml/UnsupportedExceptionWithModifyAsListRule does not mention attribute language='java', please mention it explicitly to be compatible with PMD 7
[WARNING] Rule /Users/xinluo/sources/nacos/persistence/target/pmd/rulesets/ali-set.xml/ClassCastExceptionWithSubListToArrayListRule does not mention attribute language='java', please mention it explicitly to be compatible with PMD 7
[WARNING] Rule /Users/xinluo/sources/nacos/persistence/target/pmd/rulesets/ali-set.xml/ClassCastExceptionWithSubListToArrayListRule does not mention attribute language='java', please mention it explicitly to be compatible with PMD 7
[WARNING] Rule /Users/xinluo/sources/nacos/persistence/target/pmd/rulesets/ali-set.xml/ConcurrentExceptionWithModifyOriginSubListRule does not mention attribute language='java', please mention it explicitly to be compatible with PMD 7
[WARNING] Rule /Users/xinluo/sources/nacos/persistence/target/pmd/rulesets/ali-set.xml/ConcurrentExceptionWithModifyOriginSubListRule does not mention attribute language='java', please mention it explicitly to be compatible with PMD 7
[WARNING] Rule /Users/xinluo/sources/nacos/persistence/target/pmd/rulesets/ali-set.xml/DontModifyInForeachCircleRule does not mention attribute language='java', please mention it explicitly to be compatible with PMD 7
[WARNING] Rule /Users/xinluo/sources/nacos/persistence/target/pmd/rulesets/ali-set.xml/DontModifyInForeachCircleRule does not mention attribute language='java', please mention it explicitly to be compatible with PMD 7
[WARNING] Rule /Users/xinluo/sources/nacos/persistence/target/pmd/rulesets/ali-set.xml/CollectionInitShouldAssignCapacityRule does not mention attribute language='java', please mention it explicitly to be compatible with PMD 7
[WARNING] Rule /Users/xinluo/sources/nacos/persistence/target/pmd/rulesets/ali-set.xml/CollectionInitShouldAssignCapacityRule does not mention attribute language='java', please mention it explicitly to be compatible with PMD 7
[WARNING] Use of deprecated attribute 'ClassOrInterfaceDeclaration/@Image' by XPath rule 'BooleanPropertyShouldNotStartWithIsRule' (in ruleset 'AlibabaJavaNaming'), please use @SimpleName instead
[WARNING] Use of deprecated attribute 'ClassOrInterfaceDeclaration/@Image' by XPath rule 'BooleanPropertyShouldNotStartWithIsRule' (in ruleset 'AlibabaJavaNaming'), please use @SimpleName instead
[WARNING] Use of deprecated attribute 'FieldDeclaration/@Array' by XPath rule 'ArrayNamingShouldHaveBracketRule' (in ruleset 'AlibabaJavaNaming')
[WARNING] Use of deprecated attribute 'FieldDeclaration/@Array' by XPath rule 'ArrayNamingShouldHaveBracketRule' (in ruleset 'AlibabaJavaNaming')
[WARNING] Use of deprecated attribute 'LocalVariableDeclaration/@Array' by XPath rule 'ArrayNamingShouldHaveBracketRule' (in ruleset 'AlibabaJavaNaming')
[WARNING] Use of deprecated attribute 'LocalVariableDeclaration/@Array' by XPath rule 'ArrayNamingShouldHaveBracketRule' (in ruleset 'AlibabaJavaNaming')
[WARNING] Use of deprecated attribute 'ReferenceType/@Array' by XPath rule 'ArrayNamingShouldHaveBracketRule' (in ruleset 'AlibabaJavaNaming')
[WARNING] Use of deprecated attribute 'ReferenceType/@Array' by XPath rule 'ArrayNamingShouldHaveBracketRule' (in ruleset 'AlibabaJavaNaming')
[WARNING] Use of deprecated attribute 'ClassOrInterfaceDeclaration/@Image' by XPath rule 'ServiceOrDaoClassShouldEndWithImplRule' (in ruleset 'AlibabaJavaNaming'), please use @SimpleName instead
[WARNING] Use of deprecated attribute 'ClassOrInterfaceDeclaration/@Image' by XPath rule 'ServiceOrDaoClassShouldEndWithImplRule' (in ruleset 'AlibabaJavaNaming'), please use @SimpleName instead
[WARNING] Use of deprecated attribute 'ConditionalExpression/@Ternary' by XPath rule 'AvoidComplexConditionRule' (in ruleset 'AlibabaJavaFlowControl')
[WARNING] Use of deprecated attribute 'ConditionalExpression/@Ternary' by XPath rule 'AvoidComplexConditionRule' (in ruleset 'AlibabaJavaFlowControl')
[INFO] 
[INFO] <<< maven-pmd-plugin:3.16.0:check (default) < :pmd @ nacos-persistence <<<
[INFO] 
[INFO] 
[INFO] --- maven-pmd-plugin:3.16.0:check (default) @ nacos-persistence ---
[INFO] PMD version: 6.42.0
[INFO] 
[INFO] 
[INFO] --- apache-rat-plugin:0.12:check (default) @ nacos-persistence ---
[INFO] Enabled default license matchers.
[INFO] Will parse SCM ignores for exclusions...
[INFO] Finished adding exclusions from SCM ignore files.
[INFO] 61 implicit excludes (use -debug for more details).
[INFO] Exclude: .editorconfig
[INFO] Exclude: .travis.yml
[INFO] Exclude: codecov.yml
[INFO] Exclude: CONTRIBUTING.md
[INFO] Exclude: CODE_OF_CONDUCT.md
[INFO] Exclude: CHANGELOG.md
[INFO] Exclude: style/codeStyle.md
[INFO] Exclude: REPORTING-BUGS.md
[INFO] Exclude: README.md
[INFO] Exclude: .github/**/*
[INFO] Exclude: doc/*
[INFO] Exclude: derby.log
[INFO] Exclude: logs/*
[INFO] Exclude: src/main/resources/static/**
[INFO] Exclude: **/istio/model/**
[INFO] Exclude: **/consistency/entity/**
[INFO] Exclude: **/*.txt
[INFO] Exclude: **/*.factories
[INFO] Exclude: /console-ui/**
[INFO] Exclude: **/gogo.proto
[INFO] Exclude: **/any.proto
[INFO] Exclude: src/main/java/com/alibaba/nacos/common/packagescan/classreading/**
[INFO] Exclude: .flattened-pom.xml
[INFO] Exclude: **/announcement*.conf
[INFO] Exclude: **/console-guide.conf
[INFO] Exclude: **/reflect-config.json
[INFO] Exclude: **/resource-config.json
[INFO] Exclude: **/proxy-config.json
[INFO] Exclude: **/jni-config.json
[INFO] Exclude: **/predefined-classes-config.json
[INFO] Exclude: **/serialization-config.json
[INFO] Exclude: **/filter-config.json
[INFO] Exclude: **/disk_cache_test/**
[INFO] Exclude: **/failover_test/**
[INFO] Exclude: lefthook.yml
[INFO] Exclude: .vscode/**
[INFO] 75 resources included (use -debug for more details)
[INFO] Rat check: Summary over all files. Unapproved: 0, unknown: 0, generated: 0, approved: 75 licenses.
[INFO] 
[INFO] --- maven-install-plugin:2.4:install (default-install) @ nacos-persistence ---
[INFO] Installing /Users/xinluo/sources/nacos/persistence/target/nacos-persistence-3.1.0-SNAPSHOT.jar to /var/root/.m2/repository/com/alibaba/nacos/nacos-persistence/3.1.0-SNAPSHOT/nacos-persistence-3.1.0-SNAPSHOT.jar
[INFO] Installing /Users/xinluo/sources/nacos/persistence/.flattened-pom.xml to /var/root/.m2/repository/com/alibaba/nacos/nacos-persistence/3.1.0-SNAPSHOT/nacos-persistence-3.1.0-SNAPSHOT.pom
[INFO] Installing /Users/xinluo/sources/nacos/persistence/target/nacos-persistence-3.1.0-SNAPSHOT-sources.jar to /var/root/.m2/repository/com/alibaba/nacos/nacos-persistence/3.1.0-SNAPSHOT/nacos-persistence-3.1.0-SNAPSHOT-sources.jar
[INFO] 
[INFO] ----------------< com.alibaba.nacos:nacos-auth-plugin >-----------------
[INFO] Building nacos-auth-plugin 3.1.0-SNAPSHOT 3.1.0-SNAPSHOT         [10/45]
[INFO] --------------------------------[ jar ]---------------------------------
[INFO] 
[INFO] --- maven-clean-plugin:2.5:clean (default-clean) @ nacos-auth-plugin ---
[INFO] Deleting /Users/xinluo/sources/nacos/plugin/auth/target
[INFO] 
[INFO] --- easyj-maven-plugin:1.1.5:clean-simplify-pom (clean-flattened-pom) @ nacos-auth-plugin ---
[INFO] Deleting /Users/xinluo/sources/nacos/plugin/auth/.flattened-pom.xml
[INFO] 
[INFO] --- maven-enforcer-plugin:3.5.0:enforce (enforce-ban-circular-dependencies) @ nacos-auth-plugin ---
[INFO] Rule 0: org.codehaus.mojo.extraenforcer.dependencies.BanCircularDependencies passed
[INFO] 
[INFO] --- maven-checkstyle-plugin:3.1.2:check (validate) @ nacos-auth-plugin ---
[WARNING] Old version of checkstyle detected. Consider updating to >= v8.30
[WARNING] For more information see: https://maven.apache.org/plugins/maven-checkstyle-plugin/examples/upgrading-checkstyle.html
[INFO] 开始检查……
检查完成。
[INFO] You have 0 Checkstyle violations.
[INFO] 
[INFO] --- jacoco-maven-plugin:0.8.13:prepare-agent (default-prepare-agent) @ nacos-auth-plugin ---
[INFO] argLine set to -javaagent:/var/root/.m2/repository/org/jacoco/org.jacoco.agent/0.8.13/org.jacoco.agent-0.8.13-runtime.jar=destfile=/Users/xinluo/sources/nacos/plugin/auth/target/coverage-reports/jacoco-unit.exec,append=true,excludes=**/grpc/auto/**:**/packagescan/classreading/**:**/packagescan/resource/**:**/packagescan/util/**,output=file
[INFO] 
[INFO] --- build-helper-maven-plugin:3.2.0:add-source (add-source) @ nacos-auth-plugin ---
[INFO] Source directory: /Users/xinluo/sources/nacos/plugin/auth/target/generated-sources/protobuf/java added.
[INFO] 
[INFO] --- maven-resources-plugin:3.0.2:resources (default-resources) @ nacos-auth-plugin ---
[INFO] Using 'UTF-8' encoding to copy filtered resources.
[INFO] skip non existing resourceDirectory /Users/xinluo/sources/nacos/plugin/auth/src/main/resources
[INFO] 
[INFO] --- maven-compiler-plugin:3.5.1:compile (default-compile) @ nacos-auth-plugin ---
[INFO] Changes detected - recompiling the module!
[INFO] Compiling 16 source files to /Users/xinluo/sources/nacos/plugin/auth/target/classes
[WARNING] 未与 -source 8 一起设置引导类路径
[WARNING] 源值 8 已过时，将在未来发行版中删除
[WARNING] 目标值 8 已过时，将在未来发行版中删除
[WARNING] 要隐藏有关已过时选项的警告, 请使用 -Xlint:-options。
[INFO] /Users/xinluo/sources/nacos/plugin/auth/src/main/java/com/alibaba/nacos/plugin/auth/api/IdentityContext.java: 某些输入文件使用了未经检查或不安全的操作。
[INFO] /Users/xinluo/sources/nacos/plugin/auth/src/main/java/com/alibaba/nacos/plugin/auth/api/IdentityContext.java: 有关详细信息, 请使用 -Xlint:unchecked 重新编译。
[INFO] 
[INFO] --- maven-resources-plugin:3.0.2:testResources (default-testResources) @ nacos-auth-plugin ---
[INFO] Using 'UTF-8' encoding to copy filtered resources.
[INFO] Copying 2 resources
[INFO] 
[INFO] --- maven-compiler-plugin:3.5.1:testCompile (default-testCompile) @ nacos-auth-plugin ---
[INFO] Changes detected - recompiling the module!
[INFO] Compiling 12 source files to /Users/xinluo/sources/nacos/plugin/auth/target/test-classes
[WARNING] 未与 -source 8 一起设置引导类路径
[WARNING] 源值 8 已过时，将在未来发行版中删除
[WARNING] 目标值 8 已过时，将在未来发行版中删除
[WARNING] 要隐藏有关已过时选项的警告, 请使用 -Xlint:-options。
[INFO] /Users/xinluo/sources/nacos/plugin/auth/src/test/java/com/alibaba/nacos/plugin/auth/spi/client/ClientAuthPluginManagerTest.java: 某些输入文件使用了未经检查或不安全的操作。
[INFO] /Users/xinluo/sources/nacos/plugin/auth/src/test/java/com/alibaba/nacos/plugin/auth/spi/client/ClientAuthPluginManagerTest.java: 有关详细信息, 请使用 -Xlint:unchecked 重新编译。
[INFO] 
[INFO] --- maven-surefire-plugin:3.2.5:test (default-test) @ nacos-auth-plugin ---
[INFO] Surefire report directory: /Users/xinluo/sources/nacos/plugin/auth/target/surefire-reports
[INFO] Using auto detected provider org.apache.maven.surefire.junitplatform.JUnitPlatformProvider
[INFO] 
[INFO] -------------------------------------------------------
[INFO]  T E S T S
[INFO] -------------------------------------------------------
[INFO] Running com.alibaba.nacos.plugin.auth.spi.server.AuthPluginManagerTest
[INFO] Tests run: 2, Failures: 0, Errors: 0, Skipped: 0, Time elapsed: 0.825 s -- in com.alibaba.nacos.plugin.auth.spi.server.AuthPluginManagerTest
[INFO] Running com.alibaba.nacos.plugin.auth.spi.client.ClientAuthPluginManagerTest
[INFO] Tests run: 2, Failures: 0, Errors: 0, Skipped: 0, Time elapsed: 0.156 s -- in com.alibaba.nacos.plugin.auth.spi.client.ClientAuthPluginManagerTest
[INFO] Running com.alibaba.nacos.plugin.auth.constant.ActionTypesTest
[INFO] Tests run: 2, Failures: 0, Errors: 0, Skipped: 0, Time elapsed: 0.005 s -- in com.alibaba.nacos.plugin.auth.constant.ActionTypesTest
[INFO] Running com.alibaba.nacos.plugin.auth.constant.ConstantsTest
[INFO] Tests run: 4, Failures: 0, Errors: 0, Skipped: 0, Time elapsed: 0.004 s -- in com.alibaba.nacos.plugin.auth.constant.ConstantsTest
[INFO] Running com.alibaba.nacos.plugin.auth.api.IdentityContextTest
[INFO] Tests run: 3, Failures: 0, Errors: 0, Skipped: 0, Time elapsed: 0.004 s -- in com.alibaba.nacos.plugin.auth.api.IdentityContextTest
[INFO] Running com.alibaba.nacos.plugin.auth.api.LoginIdentityContextTest
[INFO] Tests run: 2, Failures: 0, Errors: 0, Skipped: 0, Time elapsed: 0.001 s -- in com.alibaba.nacos.plugin.auth.api.LoginIdentityContextTest
[INFO] Running com.alibaba.nacos.plugin.auth.api.RequestResourceTest
[INFO] Tests run: 2, Failures: 0, Errors: 0, Skipped: 0, Time elapsed: 0.004 s -- in com.alibaba.nacos.plugin.auth.api.RequestResourceTest
[INFO] Running com.alibaba.nacos.plugin.auth.api.PermissionTest
[INFO] Tests run: 3, Failures: 0, Errors: 0, Skipped: 0, Time elapsed: 0.002 s -- in com.alibaba.nacos.plugin.auth.api.PermissionTest
[INFO] Running com.alibaba.nacos.plugin.auth.exception.AccessExceptionTest
[INFO] Tests run: 3, Failures: 0, Errors: 0, Skipped: 0, Time elapsed: 0.004 s -- in com.alibaba.nacos.plugin.auth.exception.AccessExceptionTest
[INFO] 
[INFO] Results:
[INFO] 
[INFO] Tests run: 23, Failures: 0, Errors: 0, Skipped: 0
[INFO] 
[INFO] 
[INFO] --- jacoco-maven-plugin:0.8.13:report (default-report) @ nacos-auth-plugin ---
[INFO] Loading execution data file /Users/xinluo/sources/nacos/plugin/auth/target/coverage-reports/jacoco-unit.exec
[INFO] Analyzed bundle 'nacos-auth-plugin 3.1.0-SNAPSHOT' with 20 classes
[INFO] 
[INFO] --- easyj-maven-plugin:1.1.5:simplify-pom (flatten-pom) @ nacos-auth-plugin ---
[INFO] Create PomSimplifier by mode: auto
[INFO] The simplify mode is: JAR
[INFO] Do simplify by the POM simplifier: JarPomSimplifier
[INFO] 
[INFO] ==================================  start simplify  ==================================
[INFO] Remove Parent.
[INFO] Set GroupId from 'null' to 'com.alibaba.nacos'.
[INFO] Set Version from 'null' to '3.1.0-SNAPSHOT'.
[INFO] Set Name from 'nacos-auth-plugin ${project.version}' to 'nacos-auth-plugin 3.1.0-SNAPSHOT'.
[INFO] -------------------------------------------
[INFO] Copy project info from parent for the open source project:
[INFO]    Copy Licenses.
[INFO]    Copy Developers.
[INFO]    Copy Scm.
[INFO]    Copy Organization.
[INFO]    Copy IssueManagement.
[INFO] -------------------------------------------
[INFO] -------------------------------------------
[INFO] Reset dependencies: groupId, version, exclusions (Contains 1 dependencies)
[INFO]   Remove dependency by scope=provided: [com.alibaba.nacos:nacos-common:3.1.0-SNAPSHOT:provided]
[INFO] Remaining 0 dependencies.
[INFO] -------------------------------------------
[INFO] Remove Properties.
[INFO] ==================================   end  simplify  ==================================
[INFO] 
[INFO] Create the POM file '.flattened-pom.xml'.
[INFO] Set the POM file '.flattened-pom.xml' to the project object.
[INFO] 
[INFO] --- maven-jar-plugin:3.2.2:jar (default-jar) @ nacos-auth-plugin ---
[INFO] Building jar: /Users/xinluo/sources/nacos/plugin/auth/target/nacos-auth-plugin-3.1.0-SNAPSHOT.jar
[INFO] 
[INFO] --- maven-javadoc-plugin:2.10.4:jar (attach-javadocs) @ nacos-auth-plugin ---
[INFO] Skipping javadoc generation
[INFO] 
[INFO] >>> maven-source-plugin:3.0.1:jar (attach-sources) > generate-sources @ nacos-auth-plugin >>>
[INFO] 
[INFO] --- maven-enforcer-plugin:3.5.0:enforce (enforce-ban-circular-dependencies) @ nacos-auth-plugin ---
[INFO] Rule 0: org.codehaus.mojo.extraenforcer.dependencies.BanCircularDependencies passed
[INFO] 
[INFO] --- maven-checkstyle-plugin:3.1.2:check (validate) @ nacos-auth-plugin ---
[WARNING] Old version of checkstyle detected. Consider updating to >= v8.30
[WARNING] For more information see: https://maven.apache.org/plugins/maven-checkstyle-plugin/examples/upgrading-checkstyle.html
[INFO] 开始检查……
检查完成。
[INFO] You have 0 Checkstyle violations.
[INFO] 
[INFO] --- jacoco-maven-plugin:0.8.13:prepare-agent (default-prepare-agent) @ nacos-auth-plugin ---
[INFO] argLine set to -javaagent:/var/root/.m2/repository/org/jacoco/org.jacoco.agent/0.8.13/org.jacoco.agent-0.8.13-runtime.jar=destfile=/Users/xinluo/sources/nacos/plugin/auth/target/coverage-reports/jacoco-unit.exec,append=true,excludes=**/grpc/auto/**:**/packagescan/classreading/**:**/packagescan/resource/**:**/packagescan/util/**,output=file
[INFO] 
[INFO] --- build-helper-maven-plugin:3.2.0:add-source (add-source) @ nacos-auth-plugin ---
[INFO] Source directory: /Users/xinluo/sources/nacos/plugin/auth/target/generated-sources/protobuf/java added.
[INFO] 
[INFO] <<< maven-source-plugin:3.0.1:jar (attach-sources) < generate-sources @ nacos-auth-plugin <<<
[INFO] 
[INFO] 
[INFO] --- maven-source-plugin:3.0.1:jar (attach-sources) @ nacos-auth-plugin ---
[INFO] Building jar: /Users/xinluo/sources/nacos/plugin/auth/target/nacos-auth-plugin-3.1.0-SNAPSHOT-sources.jar
[INFO] 
[INFO] >>> maven-pmd-plugin:3.16.0:check (default) > :pmd @ nacos-auth-plugin >>>
[INFO] 
[INFO] --- maven-pmd-plugin:3.16.0:pmd (pmd) @ nacos-auth-plugin ---
[WARNING] Unable to locate Source XRef to link to - DISABLED
[WARNING] Unable to locate Source XRef to link to - DISABLED
[INFO] PMD version: 6.42.0
[WARNING] Rule /Users/xinluo/sources/nacos/plugin/auth/target/pmd/rulesets/ali-comment.xml/CommentsMustBeJavadocFormatRule does not mention attribute language='java', please mention it explicitly to be compatible with PMD 7
[WARNING] Rule /Users/xinluo/sources/nacos/plugin/auth/target/pmd/rulesets/ali-comment.xml/CommentsMustBeJavadocFormatRule does not mention attribute language='java', please mention it explicitly to be compatible with PMD 7
[WARNING] Rule /Users/xinluo/sources/nacos/plugin/auth/target/pmd/rulesets/ali-comment.xml/AbstractMethodOrInterfaceMethodMustUseJavadocRule does not mention attribute language='java', please mention it explicitly to be compatible with PMD 7
[WARNING] Rule /Users/xinluo/sources/nacos/plugin/auth/target/pmd/rulesets/ali-comment.xml/AbstractMethodOrInterfaceMethodMustUseJavadocRule does not mention attribute language='java', please mention it explicitly to be compatible with PMD 7
[WARNING] Rule /Users/xinluo/sources/nacos/plugin/auth/target/pmd/rulesets/ali-comment.xml/ClassMustHaveAuthorRule does not mention attribute language='java', please mention it explicitly to be compatible with PMD 7
[WARNING] Rule /Users/xinluo/sources/nacos/plugin/auth/target/pmd/rulesets/ali-comment.xml/ClassMustHaveAuthorRule does not mention attribute language='java', please mention it explicitly to be compatible with PMD 7
[WARNING] Rule /Users/xinluo/sources/nacos/plugin/auth/target/pmd/rulesets/ali-comment.xml/EnumConstantsMustHaveCommentRule does not mention attribute language='java', please mention it explicitly to be compatible with PMD 7
[WARNING] Rule /Users/xinluo/sources/nacos/plugin/auth/target/pmd/rulesets/ali-comment.xml/EnumConstantsMustHaveCommentRule does not mention attribute language='java', please mention it explicitly to be compatible with PMD 7
[WARNING] Rule /Users/xinluo/sources/nacos/plugin/auth/target/pmd/rulesets/ali-comment.xml/AvoidCommentBehindStatementRule does not mention attribute language='java', please mention it explicitly to be compatible with PMD 7
[WARNING] Rule /Users/xinluo/sources/nacos/plugin/auth/target/pmd/rulesets/ali-comment.xml/AvoidCommentBehindStatementRule does not mention attribute language='java', please mention it explicitly to be compatible with PMD 7
[WARNING] Rule /Users/xinluo/sources/nacos/plugin/auth/target/pmd/rulesets/ali-comment.xml/RemoveCommentedCodeRule does not mention attribute language='java', please mention it explicitly to be compatible with PMD 7
[WARNING] Rule /Users/xinluo/sources/nacos/plugin/auth/target/pmd/rulesets/ali-comment.xml/RemoveCommentedCodeRule does not mention attribute language='java', please mention it explicitly to be compatible with PMD 7
[WARNING] Rule /Users/xinluo/sources/nacos/plugin/auth/target/pmd/rulesets/ali-constant.xml/UpperEllRule does not mention attribute language='java', please mention it explicitly to be compatible with PMD 7
[WARNING] Rule /Users/xinluo/sources/nacos/plugin/auth/target/pmd/rulesets/ali-constant.xml/UpperEllRule does not mention attribute language='java', please mention it explicitly to be compatible with PMD 7
[WARNING] Rule /Users/xinluo/sources/nacos/plugin/auth/target/pmd/rulesets/ali-constant.xml/UndefineMagicConstantRule does not mention attribute language='java', please mention it explicitly to be compatible with PMD 7
[WARNING] Rule /Users/xinluo/sources/nacos/plugin/auth/target/pmd/rulesets/ali-constant.xml/UndefineMagicConstantRule does not mention attribute language='java', please mention it explicitly to be compatible with PMD 7
[WARNING] Rule /Users/xinluo/sources/nacos/plugin/auth/target/pmd/rulesets/ali-set.xml/ClassCastExceptionWithToArrayRule does not mention attribute language='java', please mention it explicitly to be compatible with PMD 7
[WARNING] Rule /Users/xinluo/sources/nacos/plugin/auth/target/pmd/rulesets/ali-set.xml/ClassCastExceptionWithToArrayRule does not mention attribute language='java', please mention it explicitly to be compatible with PMD 7
[WARNING] Rule /Users/xinluo/sources/nacos/plugin/auth/target/pmd/rulesets/ali-set.xml/UnsupportedExceptionWithModifyAsListRule does not mention attribute language='java', please mention it explicitly to be compatible with PMD 7
[WARNING] Rule /Users/xinluo/sources/nacos/plugin/auth/target/pmd/rulesets/ali-set.xml/UnsupportedExceptionWithModifyAsListRule does not mention attribute language='java', please mention it explicitly to be compatible with PMD 7
[WARNING] Rule /Users/xinluo/sources/nacos/plugin/auth/target/pmd/rulesets/ali-set.xml/ClassCastExceptionWithSubListToArrayListRule does not mention attribute language='java', please mention it explicitly to be compatible with PMD 7
[WARNING] Rule /Users/xinluo/sources/nacos/plugin/auth/target/pmd/rulesets/ali-set.xml/ClassCastExceptionWithSubListToArrayListRule does not mention attribute language='java', please mention it explicitly to be compatible with PMD 7
[WARNING] Rule /Users/xinluo/sources/nacos/plugin/auth/target/pmd/rulesets/ali-set.xml/ConcurrentExceptionWithModifyOriginSubListRule does not mention attribute language='java', please mention it explicitly to be compatible with PMD 7
[WARNING] Rule /Users/xinluo/sources/nacos/plugin/auth/target/pmd/rulesets/ali-set.xml/ConcurrentExceptionWithModifyOriginSubListRule does not mention attribute language='java', please mention it explicitly to be compatible with PMD 7
[WARNING] Rule /Users/xinluo/sources/nacos/plugin/auth/target/pmd/rulesets/ali-set.xml/DontModifyInForeachCircleRule does not mention attribute language='java', please mention it explicitly to be compatible with PMD 7
[WARNING] Rule /Users/xinluo/sources/nacos/plugin/auth/target/pmd/rulesets/ali-set.xml/DontModifyInForeachCircleRule does not mention attribute language='java', please mention it explicitly to be compatible with PMD 7
[WARNING] Rule /Users/xinluo/sources/nacos/plugin/auth/target/pmd/rulesets/ali-set.xml/CollectionInitShouldAssignCapacityRule does not mention attribute language='java', please mention it explicitly to be compatible with PMD 7
[WARNING] Rule /Users/xinluo/sources/nacos/plugin/auth/target/pmd/rulesets/ali-set.xml/CollectionInitShouldAssignCapacityRule does not mention attribute language='java', please mention it explicitly to be compatible with PMD 7
[WARNING] Use of deprecated attribute 'ClassOrInterfaceDeclaration/@Image' by XPath rule 'BooleanPropertyShouldNotStartWithIsRule' (in ruleset 'AlibabaJavaNaming'), please use @SimpleName instead
[WARNING] Use of deprecated attribute 'ClassOrInterfaceDeclaration/@Image' by XPath rule 'BooleanPropertyShouldNotStartWithIsRule' (in ruleset 'AlibabaJavaNaming'), please use @SimpleName instead
[WARNING] Use of deprecated attribute 'FieldDeclaration/@Array' by XPath rule 'ArrayNamingShouldHaveBracketRule' (in ruleset 'AlibabaJavaNaming')
[WARNING] Use of deprecated attribute 'FieldDeclaration/@Array' by XPath rule 'ArrayNamingShouldHaveBracketRule' (in ruleset 'AlibabaJavaNaming')
[WARNING] Use of deprecated attribute 'LocalVariableDeclaration/@Array' by XPath rule 'ArrayNamingShouldHaveBracketRule' (in ruleset 'AlibabaJavaNaming')
[WARNING] Use of deprecated attribute 'LocalVariableDeclaration/@Array' by XPath rule 'ArrayNamingShouldHaveBracketRule' (in ruleset 'AlibabaJavaNaming')
[WARNING] Use of deprecated attribute 'ConditionalExpression/@Ternary' by XPath rule 'AvoidComplexConditionRule' (in ruleset 'AlibabaJavaFlowControl')
[WARNING] Use of deprecated attribute 'ConditionalExpression/@Ternary' by XPath rule 'AvoidComplexConditionRule' (in ruleset 'AlibabaJavaFlowControl')
[INFO] 
[INFO] <<< maven-pmd-plugin:3.16.0:check (default) < :pmd @ nacos-auth-plugin <<<
[INFO] 
[INFO] 
[INFO] --- maven-pmd-plugin:3.16.0:check (default) @ nacos-auth-plugin ---
[INFO] PMD version: 6.42.0
[INFO] 
[INFO] 
[INFO] --- apache-rat-plugin:0.12:check (default) @ nacos-auth-plugin ---
[INFO] Enabled default license matchers.
[INFO] Will parse SCM ignores for exclusions...
[INFO] Finished adding exclusions from SCM ignore files.
[INFO] 61 implicit excludes (use -debug for more details).
[INFO] Exclude: .editorconfig
[INFO] Exclude: .travis.yml
[INFO] Exclude: codecov.yml
[INFO] Exclude: CONTRIBUTING.md
[INFO] Exclude: CODE_OF_CONDUCT.md
[INFO] Exclude: CHANGELOG.md
[INFO] Exclude: style/codeStyle.md
[INFO] Exclude: REPORTING-BUGS.md
[INFO] Exclude: README.md
[INFO] Exclude: .github/**/*
[INFO] Exclude: doc/*
[INFO] Exclude: derby.log
[INFO] Exclude: logs/*
[INFO] Exclude: src/main/resources/static/**
[INFO] Exclude: **/istio/model/**
[INFO] Exclude: **/consistency/entity/**
[INFO] Exclude: **/*.txt
[INFO] Exclude: **/*.factories
[INFO] Exclude: /console-ui/**
[INFO] Exclude: **/gogo.proto
[INFO] Exclude: **/any.proto
[INFO] Exclude: src/main/java/com/alibaba/nacos/common/packagescan/classreading/**
[INFO] Exclude: .flattened-pom.xml
[INFO] Exclude: **/announcement*.conf
[INFO] Exclude: **/console-guide.conf
[INFO] Exclude: **/reflect-config.json
[INFO] Exclude: **/resource-config.json
[INFO] Exclude: **/proxy-config.json
[INFO] Exclude: **/jni-config.json
[INFO] Exclude: **/predefined-classes-config.json
[INFO] Exclude: **/serialization-config.json
[INFO] Exclude: **/filter-config.json
[INFO] Exclude: **/disk_cache_test/**
[INFO] Exclude: **/failover_test/**
[INFO] Exclude: lefthook.yml
[INFO] Exclude: .vscode/**
[INFO] 31 resources included (use -debug for more details)
[INFO] Rat check: Summary over all files. Unapproved: 0, unknown: 0, generated: 0, approved: 31 licenses.
[INFO] 
[INFO] --- maven-install-plugin:2.4:install (default-install) @ nacos-auth-plugin ---
[INFO] Installing /Users/xinluo/sources/nacos/plugin/auth/target/nacos-auth-plugin-3.1.0-SNAPSHOT.jar to /var/root/.m2/repository/com/alibaba/nacos/nacos-auth-plugin/3.1.0-SNAPSHOT/nacos-auth-plugin-3.1.0-SNAPSHOT.jar
[INFO] Installing /Users/xinluo/sources/nacos/plugin/auth/.flattened-pom.xml to /var/root/.m2/repository/com/alibaba/nacos/nacos-auth-plugin/3.1.0-SNAPSHOT/nacos-auth-plugin-3.1.0-SNAPSHOT.pom
[INFO] Installing /Users/xinluo/sources/nacos/plugin/auth/target/nacos-auth-plugin-3.1.0-SNAPSHOT-sources.jar to /var/root/.m2/repository/com/alibaba/nacos/nacos-auth-plugin/3.1.0-SNAPSHOT/nacos-auth-plugin-3.1.0-SNAPSHOT-sources.jar
[INFO] 
[INFO] --------------------< com.alibaba.nacos:nacos-auth >--------------------
[INFO] Building nacos-auth 3.1.0-SNAPSHOT 3.1.0-SNAPSHOT                [11/45]
[INFO] --------------------------------[ jar ]---------------------------------
[INFO] 
[INFO] --- maven-clean-plugin:2.5:clean (default-clean) @ nacos-auth ---
[INFO] Deleting /Users/xinluo/sources/nacos/auth/target
[INFO] 
[INFO] --- easyj-maven-plugin:1.1.5:clean-simplify-pom (clean-flattened-pom) @ nacos-auth ---
[INFO] Deleting /Users/xinluo/sources/nacos/auth/.flattened-pom.xml
[INFO] 
[INFO] --- maven-enforcer-plugin:3.5.0:enforce (enforce-ban-circular-dependencies) @ nacos-auth ---
[INFO] Rule 0: org.codehaus.mojo.extraenforcer.dependencies.BanCircularDependencies passed
[INFO] 
[INFO] --- maven-checkstyle-plugin:3.1.2:check (validate) @ nacos-auth ---
[WARNING] Old version of checkstyle detected. Consider updating to >= v8.30
[WARNING] For more information see: https://maven.apache.org/plugins/maven-checkstyle-plugin/examples/upgrading-checkstyle.html
[INFO] 开始检查……
检查完成。
[INFO] You have 0 Checkstyle violations.
[INFO] 
[INFO] --- jacoco-maven-plugin:0.8.13:prepare-agent (default-prepare-agent) @ nacos-auth ---
[INFO] argLine set to -javaagent:/var/root/.m2/repository/org/jacoco/org.jacoco.agent/0.8.13/org.jacoco.agent-0.8.13-runtime.jar=destfile=/Users/xinluo/sources/nacos/auth/target/coverage-reports/jacoco-unit.exec,append=true,excludes=**/grpc/auto/**:**/packagescan/classreading/**:**/packagescan/resource/**:**/packagescan/util/**,output=file
[INFO] 
[INFO] --- build-helper-maven-plugin:3.2.0:add-source (add-source) @ nacos-auth ---
[INFO] Source directory: /Users/xinluo/sources/nacos/auth/target/generated-sources/protobuf/java added.
[INFO] 
[INFO] --- maven-resources-plugin:3.0.2:resources (default-resources) @ nacos-auth ---
[INFO] Using 'UTF-8' encoding to copy filtered resources.
[INFO] skip non existing resourceDirectory /Users/xinluo/sources/nacos/auth/src/main/resources
[INFO] 
[INFO] --- maven-compiler-plugin:3.5.1:compile (default-compile) @ nacos-auth ---
[INFO] Changes detected - recompiling the module!
[INFO] Compiling 28 source files to /Users/xinluo/sources/nacos/auth/target/classes
[WARNING] 未与 -source 17 一起设置系统模块路径
[WARNING] /Users/xinluo/sources/nacos/auth/src/main/java/com/alibaba/nacos/auth/AbstractProtocolAuthService.java:[142,36] java.lang.Class中的newInstance()已过时
[INFO] /Users/xinluo/sources/nacos/auth/src/main/java/com/alibaba/nacos/auth/AbstractProtocolAuthService.java: /Users/xinluo/sources/nacos/auth/src/main/java/com/alibaba/nacos/auth/AbstractProtocolAuthService.java使用了未经检查或不安全的操作。
[INFO] /Users/xinluo/sources/nacos/auth/src/main/java/com/alibaba/nacos/auth/AbstractProtocolAuthService.java: 有关详细信息, 请使用 -Xlint:unchecked 重新编译。
[INFO] 
[INFO] --- maven-resources-plugin:3.0.2:testResources (default-testResources) @ nacos-auth ---
[INFO] Using 'UTF-8' encoding to copy filtered resources.
[INFO] Copying 1 resource
[INFO] 
[INFO] --- maven-compiler-plugin:3.5.1:testCompile (default-testCompile) @ nacos-auth ---
[INFO] Changes detected - recompiling the module!
[INFO] Compiling 12 source files to /Users/xinluo/sources/nacos/auth/target/test-classes
[WARNING] 未与 -source 17 一起设置系统模块路径
[INFO] /Users/xinluo/sources/nacos/auth/src/test/java/com/alibaba/nacos/auth/serveridentity/ServerIdentityCheckerHolderTest.java: 某些输入文件使用了未经检查或不安全的操作。
[INFO] /Users/xinluo/sources/nacos/auth/src/test/java/com/alibaba/nacos/auth/serveridentity/ServerIdentityCheckerHolderTest.java: 有关详细信息, 请使用 -Xlint:unchecked 重新编译。
[INFO] 
[INFO] --- maven-surefire-plugin:3.2.5:test (default-test) @ nacos-auth ---
[INFO] Surefire report directory: /Users/xinluo/sources/nacos/auth/target/surefire-reports
[INFO] Using auto detected provider org.apache.maven.surefire.junitplatform.JUnitPlatformProvider
[INFO] 
[INFO] -------------------------------------------------------
[INFO]  T E S T S
[INFO] -------------------------------------------------------
[INFO] Running com.alibaba.nacos.auth.context.GrpcIdentityContextBuilderTest
17:51:26.886 [main] INFO com.alibaba.nacos.plugin.auth.spi.server.AuthPluginManager -- [AuthPluginManager] Load AuthPluginService(class com.alibaba.nacos.auth.mock.MockAuthPluginService) AuthServiceName(test) successfully.
[INFO] Tests run: 2, Failures: 0, Errors: 0, Skipped: 0, Time elapsed: 1.045 s -- in com.alibaba.nacos.auth.context.GrpcIdentityContextBuilderTest
[INFO] Running com.alibaba.nacos.auth.context.HtppIdentityContextBuilderTest
[INFO] Tests run: 3, Failures: 0, Errors: 0, Skipped: 0, Time elapsed: 0.129 s -- in com.alibaba.nacos.auth.context.HtppIdentityContextBuilderTest
[INFO] Running com.alibaba.nacos.auth.config.NacosAuthConfigHolderTest
[INFO] Tests run: 3, Failures: 0, Errors: 0, Skipped: 0, Time elapsed: 0.045 s -- in com.alibaba.nacos.auth.config.NacosAuthConfigHolderTest
[INFO] Running com.alibaba.nacos.auth.HttpProtocolAuthServiceTest
17:51:27.127 [main] INFO com.alibaba.nacos.auth.serveridentity.ServerIdentityCheckerHolder -- Not found ServerIdentityChecker implementation from SPI, use default.
17:51:27.164 [main] WARN com.alibaba.nacos.auth -- Can't find auth plugin for type non-exist-plugin, please add plugin to classpath or set nacos.core.auth.enabled as false
17:51:27.180 [main] WARN com.alibaba.nacos.auth -- Can't find Http request resourceParser for type non-exist use specified resource parser
17:51:27.201 [main] WARN com.alibaba.nacos.auth -- Can't find Http request resourceParser for type non-exist use specified resource parser
17:51:27.202 [main] ERROR com.alibaba.nacos.auth -- Use specified resource parser com.alibaba.nacos.auth.mock.MockResourceParser parse resource failed.
com.alibaba.nacos.api.exception.runtime.NacosRuntimeException: null
	at com.alibaba.nacos.auth.mock.MockResourceParser.parse(MockResourceParser.java:28)
	at com.alibaba.nacos.auth.AbstractProtocolAuthService.useSpecifiedParserToParse(AbstractProtocolAuthService.java:142)
	at com.alibaba.nacos.auth.HttpProtocolAuthService.parseResource(HttpProtocolAuthService.java:70)
	at com.alibaba.nacos.auth.HttpProtocolAuthServiceTest.testParseResourceWithNonExistTypeException(HttpProtocolAuthServiceTest.java:101)
	at java.base/jdk.internal.reflect.DirectMethodHandleAccessor.invoke(DirectMethodHandleAccessor.java:103)
	at java.base/java.lang.reflect.Method.invoke(Method.java:580)
	at org.junit.platform.commons.util.ReflectionUtils.invokeMethod(ReflectionUtils.java:728)
	at org.junit.jupiter.engine.execution.MethodInvocation.proceed(MethodInvocation.java:60)
	at org.junit.jupiter.engine.execution.InvocationInterceptorChain$ValidatingInvocation.proceed(InvocationInterceptorChain.java:131)
	at org.junit.jupiter.engine.extension.TimeoutExtension.intercept(TimeoutExtension.java:156)
	at org.junit.jupiter.engine.extension.TimeoutExtension.interceptTestableMethod(TimeoutExtension.java:147)
	at org.junit.jupiter.engine.extension.TimeoutExtension.interceptTestMethod(TimeoutExtension.java:86)
	at org.junit.jupiter.engine.execution.InterceptingExecutableInvoker$ReflectiveInterceptorCall.lambda$ofVoidMethod$0(InterceptingExecutableInvoker.java:103)
	at org.junit.jupiter.engine.execution.InterceptingExecutableInvoker.lambda$invoke$0(InterceptingExecutableInvoker.java:93)
	at org.junit.jupiter.engine.execution.InvocationInterceptorChain$InterceptedInvocation.proceed(InvocationInterceptorChain.java:106)
	at org.junit.jupiter.engine.execution.InvocationInterceptorChain.proceed(InvocationInterceptorChain.java:64)
	at org.junit.jupiter.engine.execution.InvocationInterceptorChain.chainAndInvoke(InvocationInterceptorChain.java:45)
	at org.junit.jupiter.engine.execution.InvocationInterceptorChain.invoke(InvocationInterceptorChain.java:37)
	at org.junit.jupiter.engine.execution.InterceptingExecutableInvoker.invoke(InterceptingExecutableInvoker.java:92)
	at org.junit.jupiter.engine.execution.InterceptingExecutableInvoker.invoke(InterceptingExecutableInvoker.java:86)
	at org.junit.jupiter.engine.descriptor.TestMethodTestDescriptor.lambda$invokeTestMethod$7(TestMethodTestDescriptor.java:218)
	at org.junit.platform.engine.support.hierarchical.ThrowableCollector.execute(ThrowableCollector.java:73)
	at org.junit.jupiter.engine.descriptor.TestMethodTestDescriptor.invokeTestMethod(TestMethodTestDescriptor.java:214)
	at org.junit.jupiter.engine.descriptor.TestMethodTestDescriptor.execute(TestMethodTestDescriptor.java:139)
	at org.junit.jupiter.engine.descriptor.TestMethodTestDescriptor.execute(TestMethodTestDescriptor.java:69)
	at org.junit.platform.engine.support.hierarchical.NodeTestTask.lambda$executeRecursively$6(NodeTestTask.java:151)
	at org.junit.platform.engine.support.hierarchical.ThrowableCollector.execute(ThrowableCollector.java:73)
	at org.junit.platform.engine.support.hierarchical.NodeTestTask.lambda$executeRecursively$8(NodeTestTask.java:141)
	at org.junit.platform.engine.support.hierarchical.Node.around(Node.java:137)
	at org.junit.platform.engine.support.hierarchical.NodeTestTask.lambda$executeRecursively$9(NodeTestTask.java:139)
	at org.junit.platform.engine.support.hierarchical.ThrowableCollector.execute(ThrowableCollector.java:73)
	at org.junit.platform.engine.support.hierarchical.NodeTestTask.executeRecursively(NodeTestTask.java:138)
	at org.junit.platform.engine.support.hierarchical.NodeTestTask.execute(NodeTestTask.java:95)
	at java.base/java.util.ArrayList.forEach(ArrayList.java:1596)
	at org.junit.platform.engine.support.hierarchical.SameThreadHierarchicalTestExecutorService.invokeAll(SameThreadHierarchicalTestExecutorService.java:41)
	at org.junit.platform.engine.support.hierarchical.NodeTestTask.lambda$executeRecursively$6(NodeTestTask.java:155)
	at org.junit.platform.engine.support.hierarchical.ThrowableCollector.execute(ThrowableCollector.java:73)
	at org.junit.platform.engine.support.hierarchical.NodeTestTask.lambda$executeRecursively$8(NodeTestTask.java:141)
	at org.junit.platform.engine.support.hierarchical.Node.around(Node.java:137)
	at org.junit.platform.engine.support.hierarchical.NodeTestTask.lambda$executeRecursively$9(NodeTestTask.java:139)
	at org.junit.platform.engine.support.hierarchical.ThrowableCollector.execute(ThrowableCollector.java:73)
	at org.junit.platform.engine.support.hierarchical.NodeTestTask.executeRecursively(NodeTestTask.java:138)
	at org.junit.platform.engine.support.hierarchical.NodeTestTask.execute(NodeTestTask.java:95)
	at java.base/java.util.ArrayList.forEach(ArrayList.java:1596)
	at org.junit.platform.engine.support.hierarchical.SameThreadHierarchicalTestExecutorService.invokeAll(SameThreadHierarchicalTestExecutorService.java:41)
	at org.junit.platform.engine.support.hierarchical.NodeTestTask.lambda$executeRecursively$6(NodeTestTask.java:155)
	at org.junit.platform.engine.support.hierarchical.ThrowableCollector.execute(ThrowableCollector.java:73)
	at org.junit.platform.engine.support.hierarchical.NodeTestTask.lambda$executeRecursively$8(NodeTestTask.java:141)
	at org.junit.platform.engine.support.hierarchical.Node.around(Node.java:137)
	at org.junit.platform.engine.support.hierarchical.NodeTestTask.lambda$executeRecursively$9(NodeTestTask.java:139)
	at org.junit.platform.engine.support.hierarchical.ThrowableCollector.execute(ThrowableCollector.java:73)
	at org.junit.platform.engine.support.hierarchical.NodeTestTask.executeRecursively(NodeTestTask.java:138)
	at org.junit.platform.engine.support.hierarchical.NodeTestTask.execute(NodeTestTask.java:95)
	at org.junit.platform.engine.support.hierarchical.SameThreadHierarchicalTestExecutorService.submit(SameThreadHierarchicalTestExecutorService.java:35)
	at org.junit.platform.engine.support.hierarchical.HierarchicalTestExecutor.execute(HierarchicalTestExecutor.java:57)
	at org.junit.platform.engine.support.hierarchical.HierarchicalTestEngine.execute(HierarchicalTestEngine.java:54)
	at org.junit.platform.launcher.core.EngineExecutionOrchestrator.execute(EngineExecutionOrchestrator.java:198)
	at org.junit.platform.launcher.core.EngineExecutionOrchestrator.execute(EngineExecutionOrchestrator.java:169)
	at org.junit.platform.launcher.core.EngineExecutionOrchestrator.execute(EngineExecutionOrchestrator.java:93)
	at org.junit.platform.launcher.core.EngineExecutionOrchestrator.lambda$execute$0(EngineExecutionOrchestrator.java:58)
	at org.junit.platform.launcher.core.EngineExecutionOrchestrator.withInterceptedStreams(EngineExecutionOrchestrator.java:141)
	at org.junit.platform.launcher.core.EngineExecutionOrchestrator.execute(EngineExecutionOrchestrator.java:57)
	at org.junit.platform.launcher.core.DefaultLauncher.execute(DefaultLauncher.java:103)
	at org.junit.platform.launcher.core.DefaultLauncher.execute(DefaultLauncher.java:85)
	at org.junit.platform.launcher.core.DelegatingLauncher.execute(DelegatingLauncher.java:47)
	at org.apache.maven.surefire.junitplatform.LazyLauncher.execute(LazyLauncher.java:56)
	at org.apache.maven.surefire.junitplatform.JUnitPlatformProvider.execute(JUnitPlatformProvider.java:184)
	at org.apache.maven.surefire.junitplatform.JUnitPlatformProvider.invokeAllTests(JUnitPlatformProvider.java:148)
	at org.apache.maven.surefire.junitplatform.JUnitPlatformProvider.invoke(JUnitPlatformProvider.java:122)
	at org.apache.maven.surefire.booter.ForkedBooter.runSuitesInProcess(ForkedBooter.java:385)
	at org.apache.maven.surefire.booter.ForkedBooter.execute(ForkedBooter.java:162)
	at org.apache.maven.surefire.booter.ForkedBooter.run(ForkedBooter.java:507)
	at org.apache.maven.surefire.booter.ForkedBooter.main(ForkedBooter.java:495)
[INFO] Tests run: 16, Failures: 0, Errors: 0, Skipped: 0, Time elapsed: 0.093 s -- in com.alibaba.nacos.auth.HttpProtocolAuthServiceTest
[INFO] Running com.alibaba.nacos.auth.serveridentity.ServerIdentityCheckerHolderTest
17:51:27.221 [main] WARN com.alibaba.nacos.auth.serveridentity.ServerIdentityCheckerHolder -- Found ServerIdentityChecker implementation com.alibaba.nacos.auth.serveridentity.ServerIdentityCheckerHolderTest.MockChecker
17:51:27.221 [main] WARN com.alibaba.nacos.auth.serveridentity.ServerIdentityCheckerHolder -- Found ServerIdentityChecker implementation com.alibaba.nacos.auth.serveridentity.ServerIdentityCheckerHolderTest.MockChecker
17:51:27.221 [main] WARN com.alibaba.nacos.auth.serveridentity.ServerIdentityCheckerHolder -- Found more than one ServerIdentityChecker implementation from SPI, use the first one com.alibaba.nacos.auth.serveridentity.ServerIdentityCheckerHolderTest.MockChecker.
17:51:27.224 [main] INFO com.alibaba.nacos.auth.serveridentity.ServerIdentityCheckerHolder -- Found ServerIdentityChecker implementation java.lang.Class
[INFO] Tests run: 2, Failures: 0, Errors: 0, Skipped: 0, Time elapsed: 0.007 s -- in com.alibaba.nacos.auth.serveridentity.ServerIdentityCheckerHolderTest
[INFO] Running com.alibaba.nacos.auth.parser.grpc.NamingGrpcResourceParserTest
[INFO] Tests run: 8, Failures: 0, Errors: 0, Skipped: 0, Time elapsed: 0.017 s -- in com.alibaba.nacos.auth.parser.grpc.NamingGrpcResourceParserTest
[INFO] Running com.alibaba.nacos.auth.parser.grpc.ConfigGrpcResourceParserTest
[INFO] Tests run: 6, Failures: 0, Errors: 0, Skipped: 0, Time elapsed: 0.015 s -- in com.alibaba.nacos.auth.parser.grpc.ConfigGrpcResourceParserTest
[INFO] Running com.alibaba.nacos.auth.parser.http.ConfigHttpResourceParserTest
[INFO] Tests run: 12, Failures: 0, Errors: 0, Skipped: 0, Time elapsed: 0.028 s -- in com.alibaba.nacos.auth.parser.http.ConfigHttpResourceParserTest
[INFO] Running com.alibaba.nacos.auth.parser.http.NamingHttpResourceParserTest
[INFO] Tests run: 7, Failures: 0, Errors: 0, Skipped: 0, Time elapsed: 0.019 s -- in com.alibaba.nacos.auth.parser.http.NamingHttpResourceParserTest
[INFO] Running com.alibaba.nacos.auth.GrpcProtocolAuthServiceTest
17:51:27.355 [main] WARN com.alibaba.nacos.auth -- Can't find auth plugin for type non-exist-plugin, please add plugin to classpath or set nacos.core.auth.enabled as false
17:51:27.367 [main] WARN com.alibaba.nacos.auth -- Can't find Grpc request resourceParser for type non-exist
17:51:27.376 [main] WARN com.alibaba.nacos.auth -- Can't find Grpc request resourceParser for type non-exist
17:51:27.377 [main] ERROR com.alibaba.nacos.auth -- Use specified resource parser com.alibaba.nacos.auth.mock.MockResourceParser parse resource failed.
com.alibaba.nacos.api.exception.runtime.NacosRuntimeException: null
	at com.alibaba.nacos.auth.mock.MockResourceParser.parse(MockResourceParser.java:28)
	at com.alibaba.nacos.auth.AbstractProtocolAuthService.useSpecifiedParserToParse(AbstractProtocolAuthService.java:142)
	at com.alibaba.nacos.auth.GrpcProtocolAuthService.parseResource(GrpcProtocolAuthService.java:71)
	at com.alibaba.nacos.auth.GrpcProtocolAuthServiceTest.testParseResourceWithNonExistTypeException(GrpcProtocolAuthServiceTest.java:108)
	at java.base/jdk.internal.reflect.DirectMethodHandleAccessor.invoke(DirectMethodHandleAccessor.java:103)
	at java.base/java.lang.reflect.Method.invoke(Method.java:580)
	at org.junit.platform.commons.util.ReflectionUtils.invokeMethod(ReflectionUtils.java:728)
	at org.junit.jupiter.engine.execution.MethodInvocation.proceed(MethodInvocation.java:60)
	at org.junit.jupiter.engine.execution.InvocationInterceptorChain$ValidatingInvocation.proceed(InvocationInterceptorChain.java:131)
	at org.junit.jupiter.engine.extension.TimeoutExtension.intercept(TimeoutExtension.java:156)
	at org.junit.jupiter.engine.extension.TimeoutExtension.interceptTestableMethod(TimeoutExtension.java:147)
	at org.junit.jupiter.engine.extension.TimeoutExtension.interceptTestMethod(TimeoutExtension.java:86)
	at org.junit.jupiter.engine.execution.InterceptingExecutableInvoker$ReflectiveInterceptorCall.lambda$ofVoidMethod$0(InterceptingExecutableInvoker.java:103)
	at org.junit.jupiter.engine.execution.InterceptingExecutableInvoker.lambda$invoke$0(InterceptingExecutableInvoker.java:93)
	at org.junit.jupiter.engine.execution.InvocationInterceptorChain$InterceptedInvocation.proceed(InvocationInterceptorChain.java:106)
	at org.junit.jupiter.engine.execution.InvocationInterceptorChain.proceed(InvocationInterceptorChain.java:64)
	at org.junit.jupiter.engine.execution.InvocationInterceptorChain.chainAndInvoke(InvocationInterceptorChain.java:45)
	at org.junit.jupiter.engine.execution.InvocationInterceptorChain.invoke(InvocationInterceptorChain.java:37)
	at org.junit.jupiter.engine.execution.InterceptingExecutableInvoker.invoke(InterceptingExecutableInvoker.java:92)
	at org.junit.jupiter.engine.execution.InterceptingExecutableInvoker.invoke(InterceptingExecutableInvoker.java:86)
	at org.junit.jupiter.engine.descriptor.TestMethodTestDescriptor.lambda$invokeTestMethod$7(TestMethodTestDescriptor.java:218)
	at org.junit.platform.engine.support.hierarchical.ThrowableCollector.execute(ThrowableCollector.java:73)
	at org.junit.jupiter.engine.descriptor.TestMethodTestDescriptor.invokeTestMethod(TestMethodTestDescriptor.java:214)
	at org.junit.jupiter.engine.descriptor.TestMethodTestDescriptor.execute(TestMethodTestDescriptor.java:139)
	at org.junit.jupiter.engine.descriptor.TestMethodTestDescriptor.execute(TestMethodTestDescriptor.java:69)
	at org.junit.platform.engine.support.hierarchical.NodeTestTask.lambda$executeRecursively$6(NodeTestTask.java:151)
	at org.junit.platform.engine.support.hierarchical.ThrowableCollector.execute(ThrowableCollector.java:73)
	at org.junit.platform.engine.support.hierarchical.NodeTestTask.lambda$executeRecursively$8(NodeTestTask.java:141)
	at org.junit.platform.engine.support.hierarchical.Node.around(Node.java:137)
	at org.junit.platform.engine.support.hierarchical.NodeTestTask.lambda$executeRecursively$9(NodeTestTask.java:139)
	at org.junit.platform.engine.support.hierarchical.ThrowableCollector.execute(ThrowableCollector.java:73)
	at org.junit.platform.engine.support.hierarchical.NodeTestTask.executeRecursively(NodeTestTask.java:138)
	at org.junit.platform.engine.support.hierarchical.NodeTestTask.execute(NodeTestTask.java:95)
	at java.base/java.util.ArrayList.forEach(ArrayList.java:1596)
	at org.junit.platform.engine.support.hierarchical.SameThreadHierarchicalTestExecutorService.invokeAll(SameThreadHierarchicalTestExecutorService.java:41)
	at org.junit.platform.engine.support.hierarchical.NodeTestTask.lambda$executeRecursively$6(NodeTestTask.java:155)
	at org.junit.platform.engine.support.hierarchical.ThrowableCollector.execute(ThrowableCollector.java:73)
	at org.junit.platform.engine.support.hierarchical.NodeTestTask.lambda$executeRecursively$8(NodeTestTask.java:141)
	at org.junit.platform.engine.support.hierarchical.Node.around(Node.java:137)
	at org.junit.platform.engine.support.hierarchical.NodeTestTask.lambda$executeRecursively$9(NodeTestTask.java:139)
	at org.junit.platform.engine.support.hierarchical.ThrowableCollector.execute(ThrowableCollector.java:73)
	at org.junit.platform.engine.support.hierarchical.NodeTestTask.executeRecursively(NodeTestTask.java:138)
	at org.junit.platform.engine.support.hierarchical.NodeTestTask.execute(NodeTestTask.java:95)
	at java.base/java.util.ArrayList.forEach(ArrayList.java:1596)
	at org.junit.platform.engine.support.hierarchical.SameThreadHierarchicalTestExecutorService.invokeAll(SameThreadHierarchicalTestExecutorService.java:41)
	at org.junit.platform.engine.support.hierarchical.NodeTestTask.lambda$executeRecursively$6(NodeTestTask.java:155)
	at org.junit.platform.engine.support.hierarchical.ThrowableCollector.execute(ThrowableCollector.java:73)
	at org.junit.platform.engine.support.hierarchical.NodeTestTask.lambda$executeRecursively$8(NodeTestTask.java:141)
	at org.junit.platform.engine.support.hierarchical.Node.around(Node.java:137)
	at org.junit.platform.engine.support.hierarchical.NodeTestTask.lambda$executeRecursively$9(NodeTestTask.java:139)
	at org.junit.platform.engine.support.hierarchical.ThrowableCollector.execute(ThrowableCollector.java:73)
	at org.junit.platform.engine.support.hierarchical.NodeTestTask.executeRecursively(NodeTestTask.java:138)
	at org.junit.platform.engine.support.hierarchical.NodeTestTask.execute(NodeTestTask.java:95)
	at org.junit.platform.engine.support.hierarchical.SameThreadHierarchicalTestExecutorService.submit(SameThreadHierarchicalTestExecutorService.java:35)
	at org.junit.platform.engine.support.hierarchical.HierarchicalTestExecutor.execute(HierarchicalTestExecutor.java:57)
	at org.junit.platform.engine.support.hierarchical.HierarchicalTestEngine.execute(HierarchicalTestEngine.java:54)
	at org.junit.platform.launcher.core.EngineExecutionOrchestrator.execute(EngineExecutionOrchestrator.java:198)
	at org.junit.platform.launcher.core.EngineExecutionOrchestrator.execute(EngineExecutionOrchestrator.java:169)
	at org.junit.platform.launcher.core.EngineExecutionOrchestrator.execute(EngineExecutionOrchestrator.java:93)
	at org.junit.platform.launcher.core.EngineExecutionOrchestrator.lambda$execute$0(EngineExecutionOrchestrator.java:58)
	at org.junit.platform.launcher.core.EngineExecutionOrchestrator.withInterceptedStreams(EngineExecutionOrchestrator.java:141)
	at org.junit.platform.launcher.core.EngineExecutionOrchestrator.execute(EngineExecutionOrchestrator.java:57)
	at org.junit.platform.launcher.core.DefaultLauncher.execute(DefaultLauncher.java:103)
	at org.junit.platform.launcher.core.DefaultLauncher.execute(DefaultLauncher.java:85)
	at org.junit.platform.launcher.core.DelegatingLauncher.execute(DelegatingLauncher.java:47)
	at org.apache.maven.surefire.junitplatform.LazyLauncher.execute(LazyLauncher.java:56)
	at org.apache.maven.surefire.junitplatform.JUnitPlatformProvider.execute(JUnitPlatformProvider.java:184)
	at org.apache.maven.surefire.junitplatform.JUnitPlatformProvider.invokeAllTests(JUnitPlatformProvider.java:148)
	at org.apache.maven.surefire.junitplatform.JUnitPlatformProvider.invoke(JUnitPlatformProvider.java:122)
	at org.apache.maven.surefire.booter.ForkedBooter.runSuitesInProcess(ForkedBooter.java:385)
	at org.apache.maven.surefire.booter.ForkedBooter.execute(ForkedBooter.java:162)
	at org.apache.maven.surefire.booter.ForkedBooter.run(ForkedBooter.java:507)
	at org.apache.maven.surefire.booter.ForkedBooter.main(ForkedBooter.java:495)
[INFO] Tests run: 16, Failures: 0, Errors: 0, Skipped: 0, Time elapsed: 0.035 s -- in com.alibaba.nacos.auth.GrpcProtocolAuthServiceTest
[INFO] 
[INFO] Results:
[INFO] 
[INFO] Tests run: 75, Failures: 0, Errors: 0, Skipped: 0
[INFO] 
[INFO] 
[INFO] --- jacoco-maven-plugin:0.8.13:report (default-report) @ nacos-auth ---
[INFO] Loading execution data file /Users/xinluo/sources/nacos/auth/target/coverage-reports/jacoco-unit.exec
[INFO] Analyzed bundle 'nacos-auth 3.1.0-SNAPSHOT' with 23 classes
[INFO] 
[INFO] --- easyj-maven-plugin:1.1.5:simplify-pom (flatten-pom) @ nacos-auth ---
[INFO] Create PomSimplifier by mode: auto
[INFO] The simplify mode is: JAR
[INFO] Do simplify by the POM simplifier: JarPomSimplifier
[INFO] 
[INFO] ==================================  start simplify  ==================================
[INFO] Remove Parent.
[INFO] Set GroupId from 'null' to 'com.alibaba.nacos'.
[INFO] Set Version from 'null' to '3.1.0-SNAPSHOT'.
[INFO] Set Name from 'nacos-auth ${project.version}' to 'nacos-auth 3.1.0-SNAPSHOT'.
[WARNING] The '<description>' is required when uploading OSSRH. Please set a value immediately.
[INFO] -------------------------------------------
[INFO] Copy project info from parent for the open source project:
[INFO]    Copy Licenses.
[INFO]    Copy Developers.
[INFO]    Copy Scm.
[INFO]    Copy Organization.
[INFO]    Copy IssueManagement.
[INFO] -------------------------------------------
[INFO] -------------------------------------------
[INFO] Reset dependencies: groupId, version, exclusions (Contains 6 dependencies)
[INFO]   Reset dependency: [${project.groupId}:nacos-common:null] -> [com.alibaba.nacos:nacos-common:3.1.0-SNAPSHOT]
[INFO]   Reset dependency: [com.alibaba.nacos:nacos-auth-plugin:null] -> [com.alibaba.nacos:nacos-auth-plugin:3.1.0-SNAPSHOT]
[INFO]   Reset dependency: [${project.groupId}:nacos-sys:null] -> [com.alibaba.nacos:nacos-sys:3.1.0-SNAPSHOT]
[INFO]   Remove dependency by optional=true: [org.springframework.boot:spring-boot-starter:3.4.9:compile:true]
[INFO]   Remove dependency by scope=test: [org.springframework:spring-test:6.2.10:test]
[INFO]   Reset dependency: [org.apache.tomcat.embed:tomcat-embed-core:null] -> [org.apache.tomcat.embed:tomcat-embed-core:10.1.44]
[INFO] Remaining 4 dependencies.
[INFO] -------------------------------------------
[INFO] -------------------------------------------
[INFO] Optimize Dependencies: (4)
[INFO]  - Optimize with 'replaceVariable'
[INFO] ==================================   end  simplify  ==================================
[INFO] 
[INFO] Create the POM file '.flattened-pom.xml'.
[INFO] Set the POM file '.flattened-pom.xml' to the project object.
[INFO] 
[INFO] --- maven-jar-plugin:3.2.2:jar (default-jar) @ nacos-auth ---
[INFO] Building jar: /Users/xinluo/sources/nacos/auth/target/nacos-auth-3.1.0-SNAPSHOT.jar
[INFO] 
[INFO] --- maven-javadoc-plugin:2.10.4:jar (attach-javadocs) @ nacos-auth ---
[INFO] Skipping javadoc generation
[INFO] 
[INFO] >>> maven-source-plugin:3.0.1:jar (attach-sources) > generate-sources @ nacos-auth >>>
[INFO] 
[INFO] --- maven-enforcer-plugin:3.5.0:enforce (enforce-ban-circular-dependencies) @ nacos-auth ---
[INFO] Rule 0: org.codehaus.mojo.extraenforcer.dependencies.BanCircularDependencies passed
[INFO] 
[INFO] --- maven-checkstyle-plugin:3.1.2:check (validate) @ nacos-auth ---
[WARNING] Old version of checkstyle detected. Consider updating to >= v8.30
[WARNING] For more information see: https://maven.apache.org/plugins/maven-checkstyle-plugin/examples/upgrading-checkstyle.html
[INFO] 开始检查……
检查完成。
[INFO] You have 0 Checkstyle violations.
[INFO] 
[INFO] --- jacoco-maven-plugin:0.8.13:prepare-agent (default-prepare-agent) @ nacos-auth ---
[INFO] argLine set to -javaagent:/var/root/.m2/repository/org/jacoco/org.jacoco.agent/0.8.13/org.jacoco.agent-0.8.13-runtime.jar=destfile=/Users/xinluo/sources/nacos/auth/target/coverage-reports/jacoco-unit.exec,append=true,excludes=**/grpc/auto/**:**/packagescan/classreading/**:**/packagescan/resource/**:**/packagescan/util/**,output=file
[INFO] 
[INFO] --- build-helper-maven-plugin:3.2.0:add-source (add-source) @ nacos-auth ---
[INFO] Source directory: /Users/xinluo/sources/nacos/auth/target/generated-sources/protobuf/java added.
[INFO] 
[INFO] <<< maven-source-plugin:3.0.1:jar (attach-sources) < generate-sources @ nacos-auth <<<
[INFO] 
[INFO] 
[INFO] --- maven-source-plugin:3.0.1:jar (attach-sources) @ nacos-auth ---
[INFO] Building jar: /Users/xinluo/sources/nacos/auth/target/nacos-auth-3.1.0-SNAPSHOT-sources.jar
[INFO] 
[INFO] >>> maven-pmd-plugin:3.16.0:check (default) > :pmd @ nacos-auth >>>
[INFO] 
[INFO] --- maven-pmd-plugin:3.16.0:pmd (pmd) @ nacos-auth ---
[WARNING] Unable to locate Source XRef to link to - DISABLED
[WARNING] Unable to locate Source XRef to link to - DISABLED
[INFO] PMD version: 6.42.0
[WARNING] Rule /Users/xinluo/sources/nacos/auth/target/pmd/rulesets/ali-comment.xml/CommentsMustBeJavadocFormatRule does not mention attribute language='java', please mention it explicitly to be compatible with PMD 7
[WARNING] Rule /Users/xinluo/sources/nacos/auth/target/pmd/rulesets/ali-comment.xml/CommentsMustBeJavadocFormatRule does not mention attribute language='java', please mention it explicitly to be compatible with PMD 7
[WARNING] Rule /Users/xinluo/sources/nacos/auth/target/pmd/rulesets/ali-comment.xml/AbstractMethodOrInterfaceMethodMustUseJavadocRule does not mention attribute language='java', please mention it explicitly to be compatible with PMD 7
[WARNING] Rule /Users/xinluo/sources/nacos/auth/target/pmd/rulesets/ali-comment.xml/AbstractMethodOrInterfaceMethodMustUseJavadocRule does not mention attribute language='java', please mention it explicitly to be compatible with PMD 7
[WARNING] Rule /Users/xinluo/sources/nacos/auth/target/pmd/rulesets/ali-comment.xml/ClassMustHaveAuthorRule does not mention attribute language='java', please mention it explicitly to be compatible with PMD 7
[WARNING] Rule /Users/xinluo/sources/nacos/auth/target/pmd/rulesets/ali-comment.xml/ClassMustHaveAuthorRule does not mention attribute language='java', please mention it explicitly to be compatible with PMD 7
[WARNING] Rule /Users/xinluo/sources/nacos/auth/target/pmd/rulesets/ali-comment.xml/EnumConstantsMustHaveCommentRule does not mention attribute language='java', please mention it explicitly to be compatible with PMD 7
[WARNING] Rule /Users/xinluo/sources/nacos/auth/target/pmd/rulesets/ali-comment.xml/EnumConstantsMustHaveCommentRule does not mention attribute language='java', please mention it explicitly to be compatible with PMD 7
[WARNING] Rule /Users/xinluo/sources/nacos/auth/target/pmd/rulesets/ali-comment.xml/AvoidCommentBehindStatementRule does not mention attribute language='java', please mention it explicitly to be compatible with PMD 7
[WARNING] Rule /Users/xinluo/sources/nacos/auth/target/pmd/rulesets/ali-comment.xml/AvoidCommentBehindStatementRule does not mention attribute language='java', please mention it explicitly to be compatible with PMD 7
[WARNING] Rule /Users/xinluo/sources/nacos/auth/target/pmd/rulesets/ali-comment.xml/RemoveCommentedCodeRule does not mention attribute language='java', please mention it explicitly to be compatible with PMD 7
[WARNING] Rule /Users/xinluo/sources/nacos/auth/target/pmd/rulesets/ali-comment.xml/RemoveCommentedCodeRule does not mention attribute language='java', please mention it explicitly to be compatible with PMD 7
[WARNING] Rule /Users/xinluo/sources/nacos/auth/target/pmd/rulesets/ali-constant.xml/UpperEllRule does not mention attribute language='java', please mention it explicitly to be compatible with PMD 7
[WARNING] Rule /Users/xinluo/sources/nacos/auth/target/pmd/rulesets/ali-constant.xml/UpperEllRule does not mention attribute language='java', please mention it explicitly to be compatible with PMD 7
[WARNING] Rule /Users/xinluo/sources/nacos/auth/target/pmd/rulesets/ali-constant.xml/UndefineMagicConstantRule does not mention attribute language='java', please mention it explicitly to be compatible with PMD 7
[WARNING] Rule /Users/xinluo/sources/nacos/auth/target/pmd/rulesets/ali-constant.xml/UndefineMagicConstantRule does not mention attribute language='java', please mention it explicitly to be compatible with PMD 7
[WARNING] Rule /Users/xinluo/sources/nacos/auth/target/pmd/rulesets/ali-set.xml/ClassCastExceptionWithToArrayRule does not mention attribute language='java', please mention it explicitly to be compatible with PMD 7
[WARNING] Rule /Users/xinluo/sources/nacos/auth/target/pmd/rulesets/ali-set.xml/ClassCastExceptionWithToArrayRule does not mention attribute language='java', please mention it explicitly to be compatible with PMD 7
[WARNING] Rule /Users/xinluo/sources/nacos/auth/target/pmd/rulesets/ali-set.xml/UnsupportedExceptionWithModifyAsListRule does not mention attribute language='java', please mention it explicitly to be compatible with PMD 7
[WARNING] Rule /Users/xinluo/sources/nacos/auth/target/pmd/rulesets/ali-set.xml/UnsupportedExceptionWithModifyAsListRule does not mention attribute language='java', please mention it explicitly to be compatible with PMD 7
[WARNING] Rule /Users/xinluo/sources/nacos/auth/target/pmd/rulesets/ali-set.xml/ClassCastExceptionWithSubListToArrayListRule does not mention attribute language='java', please mention it explicitly to be compatible with PMD 7
[WARNING] Rule /Users/xinluo/sources/nacos/auth/target/pmd/rulesets/ali-set.xml/ClassCastExceptionWithSubListToArrayListRule does not mention attribute language='java', please mention it explicitly to be compatible with PMD 7
[WARNING] Rule /Users/xinluo/sources/nacos/auth/target/pmd/rulesets/ali-set.xml/ConcurrentExceptionWithModifyOriginSubListRule does not mention attribute language='java', please mention it explicitly to be compatible with PMD 7
[WARNING] Rule /Users/xinluo/sources/nacos/auth/target/pmd/rulesets/ali-set.xml/ConcurrentExceptionWithModifyOriginSubListRule does not mention attribute language='java', please mention it explicitly to be compatible with PMD 7
[WARNING] Rule /Users/xinluo/sources/nacos/auth/target/pmd/rulesets/ali-set.xml/DontModifyInForeachCircleRule does not mention attribute language='java', please mention it explicitly to be compatible with PMD 7
[WARNING] Rule /Users/xinluo/sources/nacos/auth/target/pmd/rulesets/ali-set.xml/DontModifyInForeachCircleRule does not mention attribute language='java', please mention it explicitly to be compatible with PMD 7
[WARNING] Rule /Users/xinluo/sources/nacos/auth/target/pmd/rulesets/ali-set.xml/CollectionInitShouldAssignCapacityRule does not mention attribute language='java', please mention it explicitly to be compatible with PMD 7
[WARNING] Rule /Users/xinluo/sources/nacos/auth/target/pmd/rulesets/ali-set.xml/CollectionInitShouldAssignCapacityRule does not mention attribute language='java', please mention it explicitly to be compatible with PMD 7
[WARNING] Use of deprecated attribute 'ClassOrInterfaceDeclaration/@Image' by XPath rule 'BooleanPropertyShouldNotStartWithIsRule' (in ruleset 'AlibabaJavaNaming'), please use @SimpleName instead
[WARNING] Use of deprecated attribute 'ClassOrInterfaceDeclaration/@Image' by XPath rule 'BooleanPropertyShouldNotStartWithIsRule' (in ruleset 'AlibabaJavaNaming'), please use @SimpleName instead
[WARNING] Use of deprecated attribute 'FieldDeclaration/@Array' by XPath rule 'ArrayNamingShouldHaveBracketRule' (in ruleset 'AlibabaJavaNaming')
[WARNING] Use of deprecated attribute 'FieldDeclaration/@Array' by XPath rule 'ArrayNamingShouldHaveBracketRule' (in ruleset 'AlibabaJavaNaming')
[WARNING] Use of deprecated attribute 'LocalVariableDeclaration/@Array' by XPath rule 'ArrayNamingShouldHaveBracketRule' (in ruleset 'AlibabaJavaNaming')
[WARNING] Use of deprecated attribute 'LocalVariableDeclaration/@Array' by XPath rule 'ArrayNamingShouldHaveBracketRule' (in ruleset 'AlibabaJavaNaming')
[WARNING] Use of deprecated attribute 'ConditionalExpression/@Ternary' by XPath rule 'AvoidComplexConditionRule' (in ruleset 'AlibabaJavaFlowControl')
[WARNING] Use of deprecated attribute 'ConditionalExpression/@Ternary' by XPath rule 'AvoidComplexConditionRule' (in ruleset 'AlibabaJavaFlowControl')
[INFO] 
[INFO] <<< maven-pmd-plugin:3.16.0:check (default) < :pmd @ nacos-auth <<<
[INFO] 
[INFO] 
[INFO] --- maven-pmd-plugin:3.16.0:check (default) @ nacos-auth ---
[INFO] PMD version: 6.42.0
[INFO] 
[INFO] 
[INFO] --- apache-rat-plugin:0.12:check (default) @ nacos-auth ---
[INFO] Enabled default license matchers.
[INFO] Will parse SCM ignores for exclusions...
[INFO] Finished adding exclusions from SCM ignore files.
[INFO] 61 implicit excludes (use -debug for more details).
[INFO] Exclude: .editorconfig
[INFO] Exclude: .travis.yml
[INFO] Exclude: codecov.yml
[INFO] Exclude: CONTRIBUTING.md
[INFO] Exclude: CODE_OF_CONDUCT.md
[INFO] Exclude: CHANGELOG.md
[INFO] Exclude: style/codeStyle.md
[INFO] Exclude: REPORTING-BUGS.md
[INFO] Exclude: README.md
[INFO] Exclude: .github/**/*
[INFO] Exclude: doc/*
[INFO] Exclude: derby.log
[INFO] Exclude: logs/*
[INFO] Exclude: src/main/resources/static/**
[INFO] Exclude: **/istio/model/**
[INFO] Exclude: **/consistency/entity/**
[INFO] Exclude: **/*.txt
[INFO] Exclude: **/*.factories
[INFO] Exclude: /console-ui/**
[INFO] Exclude: **/gogo.proto
[INFO] Exclude: **/any.proto
[INFO] Exclude: src/main/java/com/alibaba/nacos/common/packagescan/classreading/**
[INFO] Exclude: .flattened-pom.xml
[INFO] Exclude: **/announcement*.conf
[INFO] Exclude: **/console-guide.conf
[INFO] Exclude: **/reflect-config.json
[INFO] Exclude: **/resource-config.json
[INFO] Exclude: **/proxy-config.json
[INFO] Exclude: **/jni-config.json
[INFO] Exclude: **/predefined-classes-config.json
[INFO] Exclude: **/serialization-config.json
[INFO] Exclude: **/filter-config.json
[INFO] Exclude: **/disk_cache_test/**
[INFO] Exclude: **/failover_test/**
[INFO] Exclude: lefthook.yml
[INFO] Exclude: .vscode/**
[INFO] 42 resources included (use -debug for more details)
[INFO] Rat check: Summary over all files. Unapproved: 0, unknown: 0, generated: 0, approved: 42 licenses.
[INFO] 
[INFO] --- maven-install-plugin:2.4:install (default-install) @ nacos-auth ---
[INFO] Installing /Users/xinluo/sources/nacos/auth/target/nacos-auth-3.1.0-SNAPSHOT.jar to /var/root/.m2/repository/com/alibaba/nacos/nacos-auth/3.1.0-SNAPSHOT/nacos-auth-3.1.0-SNAPSHOT.jar
[INFO] Installing /Users/xinluo/sources/nacos/auth/.flattened-pom.xml to /var/root/.m2/repository/com/alibaba/nacos/nacos-auth/3.1.0-SNAPSHOT/nacos-auth-3.1.0-SNAPSHOT.pom
[INFO] Installing /Users/xinluo/sources/nacos/auth/target/nacos-auth-3.1.0-SNAPSHOT-sources.jar to /var/root/.m2/repository/com/alibaba/nacos/nacos-auth/3.1.0-SNAPSHOT/nacos-auth-3.1.0-SNAPSHOT-sources.jar
[INFO] 
[INFO] ----------------< com.alibaba.nacos:nacos-trace-plugin >----------------
[INFO] Building nacos-trace-plugin 3.1.0-SNAPSHOT 3.1.0-SNAPSHOT        [12/45]
[INFO] --------------------------------[ jar ]---------------------------------
[INFO] 
[INFO] --- maven-clean-plugin:2.5:clean (default-clean) @ nacos-trace-plugin ---
[INFO] Deleting /Users/xinluo/sources/nacos/plugin/trace/target
[INFO] 
[INFO] --- easyj-maven-plugin:1.1.5:clean-simplify-pom (clean-flattened-pom) @ nacos-trace-plugin ---
[INFO] Deleting /Users/xinluo/sources/nacos/plugin/trace/.flattened-pom.xml
[INFO] 
[INFO] --- maven-enforcer-plugin:3.5.0:enforce (enforce-ban-circular-dependencies) @ nacos-trace-plugin ---
[INFO] Rule 0: org.codehaus.mojo.extraenforcer.dependencies.BanCircularDependencies passed
[INFO] 
[INFO] --- maven-checkstyle-plugin:3.1.2:check (validate) @ nacos-trace-plugin ---
[WARNING] Old version of checkstyle detected. Consider updating to >= v8.30
[WARNING] For more information see: https://maven.apache.org/plugins/maven-checkstyle-plugin/examples/upgrading-checkstyle.html
[INFO] 开始检查……
检查完成。
[INFO] You have 0 Checkstyle violations.
[INFO] 
[INFO] --- jacoco-maven-plugin:0.8.13:prepare-agent (default-prepare-agent) @ nacos-trace-plugin ---
[INFO] argLine set to -javaagent:/var/root/.m2/repository/org/jacoco/org.jacoco.agent/0.8.13/org.jacoco.agent-0.8.13-runtime.jar=destfile=/Users/xinluo/sources/nacos/plugin/trace/target/coverage-reports/jacoco-unit.exec,append=true,excludes=**/grpc/auto/**:**/packagescan/classreading/**:**/packagescan/resource/**:**/packagescan/util/**,output=file
[INFO] 
[INFO] --- build-helper-maven-plugin:3.2.0:add-source (add-source) @ nacos-trace-plugin ---
[INFO] Source directory: /Users/xinluo/sources/nacos/plugin/trace/target/generated-sources/protobuf/java added.
[INFO] 
[INFO] --- maven-resources-plugin:3.0.2:resources (default-resources) @ nacos-trace-plugin ---
[INFO] Using 'UTF-8' encoding to copy filtered resources.
[INFO] skip non existing resourceDirectory /Users/xinluo/sources/nacos/plugin/trace/src/main/resources
[INFO] 
[INFO] --- maven-compiler-plugin:3.5.1:compile (default-compile) @ nacos-trace-plugin ---
[INFO] Changes detected - recompiling the module!
[INFO] Compiling 2 source files to /Users/xinluo/sources/nacos/plugin/trace/target/classes
[WARNING] 未与 -source 17 一起设置系统模块路径
[INFO] 
[INFO] --- maven-resources-plugin:3.0.2:testResources (default-testResources) @ nacos-trace-plugin ---
[INFO] Using 'UTF-8' encoding to copy filtered resources.
[INFO] Copying 1 resource
[INFO] 
[INFO] --- maven-compiler-plugin:3.5.1:testCompile (default-testCompile) @ nacos-trace-plugin ---
[INFO] Changes detected - recompiling the module!
[INFO] Compiling 2 source files to /Users/xinluo/sources/nacos/plugin/trace/target/test-classes
[WARNING] 未与 -source 17 一起设置系统模块路径
[INFO] 
[INFO] --- maven-surefire-plugin:3.2.5:test (default-test) @ nacos-trace-plugin ---
[INFO] Surefire report directory: /Users/xinluo/sources/nacos/plugin/trace/target/surefire-reports
[INFO] Using auto detected provider org.apache.maven.surefire.junitplatform.JUnitPlatformProvider
[INFO] 
[INFO] -------------------------------------------------------
[INFO]  T E S T S
[INFO] -------------------------------------------------------
[INFO] Running com.alibaba.nacos.plugin.trace.NacosTracePluginManagerTest
[INFO] Tests run: 1, Failures: 0, Errors: 0, Skipped: 0, Time elapsed: 0.030 s -- in com.alibaba.nacos.plugin.trace.NacosTracePluginManagerTest
[INFO] 
[INFO] Results:
[INFO] 
[INFO] Tests run: 1, Failures: 0, Errors: 0, Skipped: 0
[INFO] 
[INFO] 
[INFO] --- jacoco-maven-plugin:0.8.13:report (default-report) @ nacos-trace-plugin ---
[INFO] Loading execution data file /Users/xinluo/sources/nacos/plugin/trace/target/coverage-reports/jacoco-unit.exec
[INFO] Analyzed bundle 'nacos-trace-plugin 3.1.0-SNAPSHOT' with 2 classes
[INFO] 
[INFO] --- easyj-maven-plugin:1.1.5:simplify-pom (flatten-pom) @ nacos-trace-plugin ---
[INFO] Create PomSimplifier by mode: auto
[INFO] The simplify mode is: JAR
[INFO] Do simplify by the POM simplifier: JarPomSimplifier
[INFO] 
[INFO] ==================================  start simplify  ==================================
[INFO] Remove Parent.
[INFO] Set GroupId from 'null' to 'com.alibaba.nacos'.
[INFO] Set Version from 'null' to '3.1.0-SNAPSHOT'.
[INFO] Set Name from 'nacos-trace-plugin ${project.version}' to 'nacos-trace-plugin 3.1.0-SNAPSHOT'.
[INFO] -------------------------------------------
[INFO] Copy project info from parent for the open source project:
[INFO]    Copy Licenses.
[INFO]    Copy Developers.
[INFO]    Copy Scm.
[INFO]    Copy Organization.
[INFO]    Copy IssueManagement.
[INFO] -------------------------------------------
[INFO] -------------------------------------------
[INFO] Reset dependencies: groupId, version, exclusions (Contains 1 dependencies)
[INFO]   Remove dependency by scope=provided: [com.alibaba.nacos:nacos-common:3.1.0-SNAPSHOT:provided]
[INFO] Remaining 0 dependencies.
[INFO] -------------------------------------------
[INFO] ==================================   end  simplify  ==================================
[INFO] 
[INFO] Create the POM file '.flattened-pom.xml'.
[INFO] Set the POM file '.flattened-pom.xml' to the project object.
[INFO] 
[INFO] --- maven-jar-plugin:3.2.2:jar (default-jar) @ nacos-trace-plugin ---
[INFO] Building jar: /Users/xinluo/sources/nacos/plugin/trace/target/nacos-trace-plugin-3.1.0-SNAPSHOT.jar
[INFO] 
[INFO] --- maven-javadoc-plugin:2.10.4:jar (attach-javadocs) @ nacos-trace-plugin ---
[INFO] Skipping javadoc generation
[INFO] 
[INFO] >>> maven-source-plugin:3.0.1:jar (attach-sources) > generate-sources @ nacos-trace-plugin >>>
[INFO] 
[INFO] --- maven-enforcer-plugin:3.5.0:enforce (enforce-ban-circular-dependencies) @ nacos-trace-plugin ---
[INFO] Rule 0: org.codehaus.mojo.extraenforcer.dependencies.BanCircularDependencies passed
[INFO] 
[INFO] --- maven-checkstyle-plugin:3.1.2:check (validate) @ nacos-trace-plugin ---
[WARNING] Old version of checkstyle detected. Consider updating to >= v8.30
[WARNING] For more information see: https://maven.apache.org/plugins/maven-checkstyle-plugin/examples/upgrading-checkstyle.html
[INFO] 开始检查……
检查完成。
[INFO] You have 0 Checkstyle violations.
[INFO] 
[INFO] --- jacoco-maven-plugin:0.8.13:prepare-agent (default-prepare-agent) @ nacos-trace-plugin ---
[INFO] argLine set to -javaagent:/var/root/.m2/repository/org/jacoco/org.jacoco.agent/0.8.13/org.jacoco.agent-0.8.13-runtime.jar=destfile=/Users/xinluo/sources/nacos/plugin/trace/target/coverage-reports/jacoco-unit.exec,append=true,excludes=**/grpc/auto/**:**/packagescan/classreading/**:**/packagescan/resource/**:**/packagescan/util/**,output=file
[INFO] 
[INFO] --- build-helper-maven-plugin:3.2.0:add-source (add-source) @ nacos-trace-plugin ---
[INFO] Source directory: /Users/xinluo/sources/nacos/plugin/trace/target/generated-sources/protobuf/java added.
[INFO] 
[INFO] <<< maven-source-plugin:3.0.1:jar (attach-sources) < generate-sources @ nacos-trace-plugin <<<
[INFO] 
[INFO] 
[INFO] --- maven-source-plugin:3.0.1:jar (attach-sources) @ nacos-trace-plugin ---
[INFO] Building jar: /Users/xinluo/sources/nacos/plugin/trace/target/nacos-trace-plugin-3.1.0-SNAPSHOT-sources.jar
[INFO] 
[INFO] >>> maven-pmd-plugin:3.16.0:check (default) > :pmd @ nacos-trace-plugin >>>
[INFO] 
[INFO] --- maven-pmd-plugin:3.16.0:pmd (pmd) @ nacos-trace-plugin ---
[WARNING] Unable to locate Source XRef to link to - DISABLED
[WARNING] Unable to locate Source XRef to link to - DISABLED
[INFO] PMD version: 6.42.0
[WARNING] Rule /Users/xinluo/sources/nacos/plugin/trace/target/pmd/rulesets/ali-comment.xml/CommentsMustBeJavadocFormatRule does not mention attribute language='java', please mention it explicitly to be compatible with PMD 7
[WARNING] Rule /Users/xinluo/sources/nacos/plugin/trace/target/pmd/rulesets/ali-comment.xml/CommentsMustBeJavadocFormatRule does not mention attribute language='java', please mention it explicitly to be compatible with PMD 7
[WARNING] Rule /Users/xinluo/sources/nacos/plugin/trace/target/pmd/rulesets/ali-comment.xml/AbstractMethodOrInterfaceMethodMustUseJavadocRule does not mention attribute language='java', please mention it explicitly to be compatible with PMD 7
[WARNING] Rule /Users/xinluo/sources/nacos/plugin/trace/target/pmd/rulesets/ali-comment.xml/AbstractMethodOrInterfaceMethodMustUseJavadocRule does not mention attribute language='java', please mention it explicitly to be compatible with PMD 7
[WARNING] Rule /Users/xinluo/sources/nacos/plugin/trace/target/pmd/rulesets/ali-comment.xml/ClassMustHaveAuthorRule does not mention attribute language='java', please mention it explicitly to be compatible with PMD 7
[WARNING] Rule /Users/xinluo/sources/nacos/plugin/trace/target/pmd/rulesets/ali-comment.xml/ClassMustHaveAuthorRule does not mention attribute language='java', please mention it explicitly to be compatible with PMD 7
[WARNING] Rule /Users/xinluo/sources/nacos/plugin/trace/target/pmd/rulesets/ali-comment.xml/EnumConstantsMustHaveCommentRule does not mention attribute language='java', please mention it explicitly to be compatible with PMD 7
[WARNING] Rule /Users/xinluo/sources/nacos/plugin/trace/target/pmd/rulesets/ali-comment.xml/EnumConstantsMustHaveCommentRule does not mention attribute language='java', please mention it explicitly to be compatible with PMD 7
[WARNING] Rule /Users/xinluo/sources/nacos/plugin/trace/target/pmd/rulesets/ali-comment.xml/AvoidCommentBehindStatementRule does not mention attribute language='java', please mention it explicitly to be compatible with PMD 7
[WARNING] Rule /Users/xinluo/sources/nacos/plugin/trace/target/pmd/rulesets/ali-comment.xml/AvoidCommentBehindStatementRule does not mention attribute language='java', please mention it explicitly to be compatible with PMD 7
[WARNING] Rule /Users/xinluo/sources/nacos/plugin/trace/target/pmd/rulesets/ali-comment.xml/RemoveCommentedCodeRule does not mention attribute language='java', please mention it explicitly to be compatible with PMD 7
[WARNING] Rule /Users/xinluo/sources/nacos/plugin/trace/target/pmd/rulesets/ali-comment.xml/RemoveCommentedCodeRule does not mention attribute language='java', please mention it explicitly to be compatible with PMD 7
[WARNING] Rule /Users/xinluo/sources/nacos/plugin/trace/target/pmd/rulesets/ali-constant.xml/UpperEllRule does not mention attribute language='java', please mention it explicitly to be compatible with PMD 7
[WARNING] Rule /Users/xinluo/sources/nacos/plugin/trace/target/pmd/rulesets/ali-constant.xml/UpperEllRule does not mention attribute language='java', please mention it explicitly to be compatible with PMD 7
[WARNING] Rule /Users/xinluo/sources/nacos/plugin/trace/target/pmd/rulesets/ali-constant.xml/UndefineMagicConstantRule does not mention attribute language='java', please mention it explicitly to be compatible with PMD 7
[WARNING] Rule /Users/xinluo/sources/nacos/plugin/trace/target/pmd/rulesets/ali-constant.xml/UndefineMagicConstantRule does not mention attribute language='java', please mention it explicitly to be compatible with PMD 7
[WARNING] Rule /Users/xinluo/sources/nacos/plugin/trace/target/pmd/rulesets/ali-set.xml/ClassCastExceptionWithToArrayRule does not mention attribute language='java', please mention it explicitly to be compatible with PMD 7
[WARNING] Rule /Users/xinluo/sources/nacos/plugin/trace/target/pmd/rulesets/ali-set.xml/ClassCastExceptionWithToArrayRule does not mention attribute language='java', please mention it explicitly to be compatible with PMD 7
[WARNING] Rule /Users/xinluo/sources/nacos/plugin/trace/target/pmd/rulesets/ali-set.xml/UnsupportedExceptionWithModifyAsListRule does not mention attribute language='java', please mention it explicitly to be compatible with PMD 7
[WARNING] Rule /Users/xinluo/sources/nacos/plugin/trace/target/pmd/rulesets/ali-set.xml/UnsupportedExceptionWithModifyAsListRule does not mention attribute language='java', please mention it explicitly to be compatible with PMD 7
[WARNING] Rule /Users/xinluo/sources/nacos/plugin/trace/target/pmd/rulesets/ali-set.xml/ClassCastExceptionWithSubListToArrayListRule does not mention attribute language='java', please mention it explicitly to be compatible with PMD 7
[WARNING] Rule /Users/xinluo/sources/nacos/plugin/trace/target/pmd/rulesets/ali-set.xml/ClassCastExceptionWithSubListToArrayListRule does not mention attribute language='java', please mention it explicitly to be compatible with PMD 7
[WARNING] Rule /Users/xinluo/sources/nacos/plugin/trace/target/pmd/rulesets/ali-set.xml/ConcurrentExceptionWithModifyOriginSubListRule does not mention attribute language='java', please mention it explicitly to be compatible with PMD 7
[WARNING] Rule /Users/xinluo/sources/nacos/plugin/trace/target/pmd/rulesets/ali-set.xml/ConcurrentExceptionWithModifyOriginSubListRule does not mention attribute language='java', please mention it explicitly to be compatible with PMD 7
[WARNING] Rule /Users/xinluo/sources/nacos/plugin/trace/target/pmd/rulesets/ali-set.xml/DontModifyInForeachCircleRule does not mention attribute language='java', please mention it explicitly to be compatible with PMD 7
[WARNING] Rule /Users/xinluo/sources/nacos/plugin/trace/target/pmd/rulesets/ali-set.xml/DontModifyInForeachCircleRule does not mention attribute language='java', please mention it explicitly to be compatible with PMD 7
[WARNING] Rule /Users/xinluo/sources/nacos/plugin/trace/target/pmd/rulesets/ali-set.xml/CollectionInitShouldAssignCapacityRule does not mention attribute language='java', please mention it explicitly to be compatible with PMD 7
[WARNING] Rule /Users/xinluo/sources/nacos/plugin/trace/target/pmd/rulesets/ali-set.xml/CollectionInitShouldAssignCapacityRule does not mention attribute language='java', please mention it explicitly to be compatible with PMD 7
[WARNING] Use of deprecated attribute 'ClassOrInterfaceDeclaration/@Image' by XPath rule 'BooleanPropertyShouldNotStartWithIsRule' (in ruleset 'AlibabaJavaNaming'), please use @SimpleName instead
[WARNING] Use of deprecated attribute 'ClassOrInterfaceDeclaration/@Image' by XPath rule 'BooleanPropertyShouldNotStartWithIsRule' (in ruleset 'AlibabaJavaNaming'), please use @SimpleName instead
[WARNING] Use of deprecated attribute 'FieldDeclaration/@Array' by XPath rule 'ArrayNamingShouldHaveBracketRule' (in ruleset 'AlibabaJavaNaming')
[WARNING] Use of deprecated attribute 'FieldDeclaration/@Array' by XPath rule 'ArrayNamingShouldHaveBracketRule' (in ruleset 'AlibabaJavaNaming')
[WARNING] Use of deprecated attribute 'LocalVariableDeclaration/@Array' by XPath rule 'ArrayNamingShouldHaveBracketRule' (in ruleset 'AlibabaJavaNaming')
[WARNING] Use of deprecated attribute 'LocalVariableDeclaration/@Array' by XPath rule 'ArrayNamingShouldHaveBracketRule' (in ruleset 'AlibabaJavaNaming')
[INFO] 
[INFO] <<< maven-pmd-plugin:3.16.0:check (default) < :pmd @ nacos-trace-plugin <<<
[INFO] 
[INFO] 
[INFO] --- maven-pmd-plugin:3.16.0:check (default) @ nacos-trace-plugin ---
[INFO] PMD version: 6.42.0
[INFO] 
[INFO] 
[INFO] --- apache-rat-plugin:0.12:check (default) @ nacos-trace-plugin ---
[INFO] Enabled default license matchers.
[INFO] Will parse SCM ignores for exclusions...
[INFO] Finished adding exclusions from SCM ignore files.
[INFO] 61 implicit excludes (use -debug for more details).
[INFO] Exclude: .editorconfig
[INFO] Exclude: .travis.yml
[INFO] Exclude: codecov.yml
[INFO] Exclude: CONTRIBUTING.md
[INFO] Exclude: CODE_OF_CONDUCT.md
[INFO] Exclude: CHANGELOG.md
[INFO] Exclude: style/codeStyle.md
[INFO] Exclude: REPORTING-BUGS.md
[INFO] Exclude: README.md
[INFO] Exclude: .github/**/*
[INFO] Exclude: doc/*
[INFO] Exclude: derby.log
[INFO] Exclude: logs/*
[INFO] Exclude: src/main/resources/static/**
[INFO] Exclude: **/istio/model/**
[INFO] Exclude: **/consistency/entity/**
[INFO] Exclude: **/*.txt
[INFO] Exclude: **/*.factories
[INFO] Exclude: /console-ui/**
[INFO] Exclude: **/gogo.proto
[INFO] Exclude: **/any.proto
[INFO] Exclude: src/main/java/com/alibaba/nacos/common/packagescan/classreading/**
[INFO] Exclude: .flattened-pom.xml
[INFO] Exclude: **/announcement*.conf
[INFO] Exclude: **/console-guide.conf
[INFO] Exclude: **/reflect-config.json
[INFO] Exclude: **/resource-config.json
[INFO] Exclude: **/proxy-config.json
[INFO] Exclude: **/jni-config.json
[INFO] Exclude: **/predefined-classes-config.json
[INFO] Exclude: **/serialization-config.json
[INFO] Exclude: **/filter-config.json
[INFO] Exclude: **/disk_cache_test/**
[INFO] Exclude: **/failover_test/**
[INFO] Exclude: lefthook.yml
[INFO] Exclude: .vscode/**
[INFO] 6 resources included (use -debug for more details)
[INFO] Rat check: Summary over all files. Unapproved: 0, unknown: 0, generated: 0, approved: 6 licenses.
[INFO] 
[INFO] --- maven-install-plugin:2.4:install (default-install) @ nacos-trace-plugin ---
[INFO] Installing /Users/xinluo/sources/nacos/plugin/trace/target/nacos-trace-plugin-3.1.0-SNAPSHOT.jar to /var/root/.m2/repository/com/alibaba/nacos/nacos-trace-plugin/3.1.0-SNAPSHOT/nacos-trace-plugin-3.1.0-SNAPSHOT.jar
[INFO] Installing /Users/xinluo/sources/nacos/plugin/trace/.flattened-pom.xml to /var/root/.m2/repository/com/alibaba/nacos/nacos-trace-plugin/3.1.0-SNAPSHOT/nacos-trace-plugin-3.1.0-SNAPSHOT.pom
[INFO] Installing /Users/xinluo/sources/nacos/plugin/trace/target/nacos-trace-plugin-3.1.0-SNAPSHOT-sources.jar to /var/root/.m2/repository/com/alibaba/nacos/nacos-trace-plugin/3.1.0-SNAPSHOT/nacos-trace-plugin-3.1.0-SNAPSHOT-sources.jar
[INFO] 
[INFO] ---------------< com.alibaba.nacos:nacos-control-plugin >---------------
[INFO] Building nacos-control-plugin 3.1.0-SNAPSHOT 3.1.0-SNAPSHOT      [13/45]
[INFO] --------------------------------[ jar ]---------------------------------
[INFO] 
[INFO] --- maven-clean-plugin:2.5:clean (default-clean) @ nacos-control-plugin ---
[INFO] Deleting /Users/xinluo/sources/nacos/plugin/control/target
[INFO] 
[INFO] --- easyj-maven-plugin:1.1.5:clean-simplify-pom (clean-flattened-pom) @ nacos-control-plugin ---
[INFO] Deleting /Users/xinluo/sources/nacos/plugin/control/.flattened-pom.xml
[INFO] 
[INFO] --- maven-enforcer-plugin:3.5.0:enforce (enforce-ban-circular-dependencies) @ nacos-control-plugin ---
[INFO] Rule 0: org.codehaus.mojo.extraenforcer.dependencies.BanCircularDependencies passed
[INFO] 
[INFO] --- maven-checkstyle-plugin:3.1.2:check (validate) @ nacos-control-plugin ---
[WARNING] Old version of checkstyle detected. Consider updating to >= v8.30
[WARNING] For more information see: https://maven.apache.org/plugins/maven-checkstyle-plugin/examples/upgrading-checkstyle.html
[INFO] 开始检查……
检查完成。
[INFO] You have 0 Checkstyle violations.
[INFO] 
[INFO] --- jacoco-maven-plugin:0.8.13:prepare-agent (default-prepare-agent) @ nacos-control-plugin ---
[INFO] argLine set to -javaagent:/var/root/.m2/repository/org/jacoco/org.jacoco.agent/0.8.13/org.jacoco.agent-0.8.13-runtime.jar=destfile=/Users/xinluo/sources/nacos/plugin/control/target/coverage-reports/jacoco-unit.exec,append=true,excludes=**/grpc/auto/**:**/packagescan/classreading/**:**/packagescan/resource/**:**/packagescan/util/**,output=file
[INFO] 
[INFO] --- build-helper-maven-plugin:3.2.0:add-source (add-source) @ nacos-control-plugin ---
[INFO] Source directory: /Users/xinluo/sources/nacos/plugin/control/target/generated-sources/protobuf/java added.
[INFO] 
[INFO] --- maven-resources-plugin:3.0.2:resources (default-resources) @ nacos-control-plugin ---
[INFO] Using 'UTF-8' encoding to copy filtered resources.
[INFO] skip non existing resourceDirectory /Users/xinluo/sources/nacos/plugin/control/src/main/resources
[INFO] 
[INFO] --- maven-compiler-plugin:3.5.1:compile (default-compile) @ nacos-control-plugin ---
[INFO] Changes detected - recompiling the module!
[INFO] Compiling 49 source files to /Users/xinluo/sources/nacos/plugin/control/target/classes
[WARNING] 未与 -source 17 一起设置系统模块路径
[INFO] 
[INFO] --- maven-resources-plugin:3.0.2:testResources (default-testResources) @ nacos-control-plugin ---
[INFO] Using 'UTF-8' encoding to copy filtered resources.
[INFO] Copying 4 resources
[INFO] 
[INFO] --- maven-compiler-plugin:3.5.1:testCompile (default-testCompile) @ nacos-control-plugin ---
[INFO] Changes detected - recompiling the module!
[INFO] Compiling 10 source files to /Users/xinluo/sources/nacos/plugin/control/target/test-classes
[WARNING] 未与 -source 17 一起设置系统模块路径
[INFO] 
[INFO] --- maven-surefire-plugin:3.2.5:test (default-test) @ nacos-control-plugin ---
[INFO] Surefire report directory: /Users/xinluo/sources/nacos/plugin/control/target/surefire-reports
[INFO] Using auto detected provider org.apache.maven.surefire.junitplatform.JUnitPlatformProvider
[INFO] 
[INFO] -------------------------------------------------------
[INFO]  T E S T S
[INFO] -------------------------------------------------------
[INFO] Running com.alibaba.nacos.plugin.control.connection.DefaultConnectionControlManagerTest
[INFO] Tests run: 1, Failures: 0, Errors: 0, Skipped: 0, Time elapsed: 0.312 s -- in com.alibaba.nacos.plugin.control.connection.DefaultConnectionControlManagerTest
[INFO] Running com.alibaba.nacos.plugin.control.utils.EnvUtilsTest
[INFO] Tests run: 1, Failures: 0, Errors: 0, Skipped: 0, Time elapsed: 0.002 s -- in com.alibaba.nacos.plugin.control.utils.EnvUtilsTest
[INFO] Running com.alibaba.nacos.plugin.control.utils.DiskUtilsTest
[INFO] Tests run: 3, Failures: 0, Errors: 0, Skipped: 0, Time elapsed: 0.029 s -- in com.alibaba.nacos.plugin.control.utils.DiskUtilsTest
[INFO] Running com.alibaba.nacos.plugin.control.ControlManagerCenterTest
[ERROR] Tests run: 6, Failures: 0, Errors: 4, Skipped: 0, Time elapsed: 0.016 s <<< FAILURE! -- in com.alibaba.nacos.plugin.control.ControlManagerCenterTest
[ERROR] com.alibaba.nacos.plugin.control.ControlManagerCenterTest.testReloadConnectionControlRuleExternal -- Time elapsed: 0.005 s <<< ERROR!
java.lang.InternalError: java.lang.IllegalAccessException: static final field has no write access: com.alibaba.nacos.plugin.control.rule.storage.RuleStorageProxy.INSTANCE/com.alibaba.nacos.plugin.control.rule.storage.RuleStorageProxy/putStatic, from class java.lang.Object (module java.base)
	at java.base/jdk.internal.reflect.MethodHandleAccessorFactory.newFieldAccessor(MethodHandleAccessorFactory.java:167)
	at java.base/jdk.internal.reflect.ReflectionFactory.newFieldAccessor(ReflectionFactory.java:145)
	at java.base/java.lang.reflect.Field.acquireOverrideFieldAccessor(Field.java:1200)
	at java.base/java.lang.reflect.Field.getOverrideFieldAccessor(Field.java:1169)
	at java.base/java.lang.reflect.Field.set(Field.java:836)
	at com.alibaba.nacos.plugin.control.ControlManagerCenterTest.setStaticFinalField(ControlManagerCenterTest.java:82)
	at com.alibaba.nacos.plugin.control.ControlManagerCenterTest.resetRuleStorageProxy(ControlManagerCenterTest.java:62)
	at com.alibaba.nacos.plugin.control.ControlManagerCenterTest.testReloadConnectionControlRuleExternal(ControlManagerCenterTest.java:230)
	at java.base/java.lang.reflect.Method.invoke(Method.java:580)
	at java.base/java.util.ArrayList.forEach(ArrayList.java:1596)
	at java.base/java.util.ArrayList.forEach(ArrayList.java:1596)
Caused by: java.lang.IllegalAccessException: static final field has no write access: com.alibaba.nacos.plugin.control.rule.storage.RuleStorageProxy.INSTANCE/com.alibaba.nacos.plugin.control.rule.storage.RuleStorageProxy/putStatic, from class java.lang.Object (module java.base)
	at java.base/java.lang.invoke.MemberName.makeAccessException(MemberName.java:894)
	at java.base/java.lang.invoke.MethodHandles$Lookup.unreflectField(MethodHandles.java:3597)
	at java.base/java.lang.invoke.MethodHandles$Lookup.unreflectSetter(MethodHandles.java:3588)
	at java.base/java.lang.invoke.MethodHandleImpl$1.unreflectField(MethodHandleImpl.java:1632)
	at java.base/jdk.internal.reflect.MethodHandleAccessorFactory.newFieldAccessor(MethodHandleAccessorFactory.java:145)
	... 10 more

[ERROR] com.alibaba.nacos.plugin.control.ControlManagerCenterTest.testReloadConnectionControlRule -- Time elapsed: 0.001 s <<< ERROR!
java.lang.InternalError: java.lang.IllegalAccessException: static final field has no write access: com.alibaba.nacos.plugin.control.rule.storage.RuleStorageProxy.INSTANCE/com.alibaba.nacos.plugin.control.rule.storage.RuleStorageProxy/putStatic, from class java.lang.Object (module java.base)
	at java.base/jdk.internal.reflect.MethodHandleAccessorFactory.newFieldAccessor(MethodHandleAccessorFactory.java:167)
	at java.base/jdk.internal.reflect.ReflectionFactory.newFieldAccessor(ReflectionFactory.java:145)
	at java.base/java.lang.reflect.Field.acquireOverrideFieldAccessor(Field.java:1200)
	at java.base/java.lang.reflect.Field.getOverrideFieldAccessor(Field.java:1169)
	at java.base/java.lang.reflect.Field.set(Field.java:836)
	at com.alibaba.nacos.plugin.control.ControlManagerCenterTest.setStaticFinalField(ControlManagerCenterTest.java:82)
	at com.alibaba.nacos.plugin.control.ControlManagerCenterTest.resetRuleStorageProxy(ControlManagerCenterTest.java:62)
	at com.alibaba.nacos.plugin.control.ControlManagerCenterTest.testReloadConnectionControlRule(ControlManagerCenterTest.java:197)
	at java.base/java.lang.reflect.Method.invoke(Method.java:580)
	at java.base/java.util.ArrayList.forEach(ArrayList.java:1596)
	at java.base/java.util.ArrayList.forEach(ArrayList.java:1596)
Caused by: java.lang.IllegalAccessException: static final field has no write access: com.alibaba.nacos.plugin.control.rule.storage.RuleStorageProxy.INSTANCE/com.alibaba.nacos.plugin.control.rule.storage.RuleStorageProxy/putStatic, from class java.lang.Object (module java.base)
	at java.base/java.lang.invoke.MemberName.makeAccessException(MemberName.java:894)
	at java.base/java.lang.invoke.MethodHandles$Lookup.unreflectField(MethodHandles.java:3597)
	at java.base/java.lang.invoke.MethodHandles$Lookup.unreflectSetter(MethodHandles.java:3588)
	at java.base/java.lang.invoke.MethodHandleImpl$1.unreflectField(MethodHandleImpl.java:1632)
	at java.base/jdk.internal.reflect.MethodHandleAccessorFactory.newFieldAccessor(MethodHandleAccessorFactory.java:145)
	... 10 more

[ERROR] com.alibaba.nacos.plugin.control.ControlManagerCenterTest.testReloadTpsControlRuleExternal -- Time elapsed: 0.001 s <<< ERROR!
java.lang.InternalError: java.lang.IllegalAccessException: static final field has no write access: com.alibaba.nacos.plugin.control.rule.storage.RuleStorageProxy.INSTANCE/com.alibaba.nacos.plugin.control.rule.storage.RuleStorageProxy/putStatic, from class java.lang.Object (module java.base)
	at java.base/jdk.internal.reflect.MethodHandleAccessorFactory.newFieldAccessor(MethodHandleAccessorFactory.java:167)
	at java.base/jdk.internal.reflect.ReflectionFactory.newFieldAccessor(ReflectionFactory.java:145)
	at java.base/java.lang.reflect.Field.acquireOverrideFieldAccessor(Field.java:1200)
	at java.base/java.lang.reflect.Field.getOverrideFieldAccessor(Field.java:1169)
	at java.base/java.lang.reflect.Field.set(Field.java:836)
	at com.alibaba.nacos.plugin.control.ControlManagerCenterTest.setStaticFinalField(ControlManagerCenterTest.java:82)
	at com.alibaba.nacos.plugin.control.ControlManagerCenterTest.resetRuleStorageProxy(ControlManagerCenterTest.java:62)
	at com.alibaba.nacos.plugin.control.ControlManagerCenterTest.testReloadTpsControlRuleExternal(ControlManagerCenterTest.java:153)
	at java.base/java.lang.reflect.Method.invoke(Method.java:580)
	at java.base/java.util.ArrayList.forEach(ArrayList.java:1596)
	at java.base/java.util.ArrayList.forEach(ArrayList.java:1596)
Caused by: java.lang.IllegalAccessException: static final field has no write access: com.alibaba.nacos.plugin.control.rule.storage.RuleStorageProxy.INSTANCE/com.alibaba.nacos.plugin.control.rule.storage.RuleStorageProxy/putStatic, from class java.lang.Object (module java.base)
	at java.base/java.lang.invoke.MemberName.makeAccessException(MemberName.java:894)
	at java.base/java.lang.invoke.MethodHandles$Lookup.unreflectField(MethodHandles.java:3597)
	at java.base/java.lang.invoke.MethodHandles$Lookup.unreflectSetter(MethodHandles.java:3588)
	at java.base/java.lang.invoke.MethodHandleImpl$1.unreflectField(MethodHandleImpl.java:1632)
	at java.base/jdk.internal.reflect.MethodHandleAccessorFactory.newFieldAccessor(MethodHandleAccessorFactory.java:145)
	... 10 more

[ERROR] com.alibaba.nacos.plugin.control.ControlManagerCenterTest.testReloadTpsControlRule -- Time elapsed: 0.001 s <<< ERROR!
java.lang.InternalError: java.lang.IllegalAccessException: static final field has no write access: com.alibaba.nacos.plugin.control.rule.storage.RuleStorageProxy.INSTANCE/com.alibaba.nacos.plugin.control.rule.storage.RuleStorageProxy/putStatic, from class java.lang.Object (module java.base)
	at java.base/jdk.internal.reflect.MethodHandleAccessorFactory.newFieldAccessor(MethodHandleAccessorFactory.java:167)
	at java.base/jdk.internal.reflect.ReflectionFactory.newFieldAccessor(ReflectionFactory.java:145)
	at java.base/java.lang.reflect.Field.acquireOverrideFieldAccessor(Field.java:1200)
	at java.base/java.lang.reflect.Field.getOverrideFieldAccessor(Field.java:1169)
	at java.base/java.lang.reflect.Field.set(Field.java:836)
	at com.alibaba.nacos.plugin.control.ControlManagerCenterTest.setStaticFinalField(ControlManagerCenterTest.java:82)
	at com.alibaba.nacos.plugin.control.ControlManagerCenterTest.resetRuleStorageProxy(ControlManagerCenterTest.java:62)
	at com.alibaba.nacos.plugin.control.ControlManagerCenterTest.testReloadTpsControlRule(ControlManagerCenterTest.java:110)
	at java.base/java.lang.reflect.Method.invoke(Method.java:580)
	at java.base/java.util.ArrayList.forEach(ArrayList.java:1596)
	at java.base/java.util.ArrayList.forEach(ArrayList.java:1596)
Caused by: java.lang.IllegalAccessException: static final field has no write access: com.alibaba.nacos.plugin.control.rule.storage.RuleStorageProxy.INSTANCE/com.alibaba.nacos.plugin.control.rule.storage.RuleStorageProxy/putStatic, from class java.lang.Object (module java.base)
	at java.base/java.lang.invoke.MemberName.makeAccessException(MemberName.java:894)
	at java.base/java.lang.invoke.MethodHandles$Lookup.unreflectField(MethodHandles.java:3597)
	at java.base/java.lang.invoke.MethodHandles$Lookup.unreflectSetter(MethodHandles.java:3588)
	at java.base/java.lang.invoke.MethodHandleImpl$1.unreflectField(MethodHandleImpl.java:1632)
	at java.base/jdk.internal.reflect.MethodHandleAccessorFactory.newFieldAccessor(MethodHandleAccessorFactory.java:145)
	... 10 more

[INFO] Running com.alibaba.nacos.plugin.control.tps.DefaultNacosTpsBarrierTest
[INFO] Tests run: 1, Failures: 0, Errors: 0, Skipped: 0, Time elapsed: 0.009 s -- in com.alibaba.nacos.plugin.control.tps.DefaultNacosTpsBarrierTest
[INFO] 
[INFO] Results:
[INFO] 
[ERROR] Errors: 
[ERROR]   ControlManagerCenterTest.testReloadConnectionControlRule:197->resetRuleStorageProxy:62->setStaticFinalField:82 » Internal java.lang.IllegalAccessException: static final field has no write access: com.alibaba.nacos.plugin.control.rule.storage.RuleStorageProxy.INSTANCE/com.alibaba.nacos.plugin.control.rule.storage.RuleStorageProxy/putStatic, from class java.lang.Object (module java.base)
[ERROR]   ControlManagerCenterTest.testReloadConnectionControlRuleExternal:230->resetRuleStorageProxy:62->setStaticFinalField:82 » Internal java.lang.IllegalAccessException: static final field has no write access: com.alibaba.nacos.plugin.control.rule.storage.RuleStorageProxy.INSTANCE/com.alibaba.nacos.plugin.control.rule.storage.RuleStorageProxy/putStatic, from class java.lang.Object (module java.base)
[ERROR]   ControlManagerCenterTest.testReloadTpsControlRule:110->resetRuleStorageProxy:62->setStaticFinalField:82 » Internal java.lang.IllegalAccessException: static final field has no write access: com.alibaba.nacos.plugin.control.rule.storage.RuleStorageProxy.INSTANCE/com.alibaba.nacos.plugin.control.rule.storage.RuleStorageProxy/putStatic, from class java.lang.Object (module java.base)
[ERROR]   ControlManagerCenterTest.testReloadTpsControlRuleExternal:153->resetRuleStorageProxy:62->setStaticFinalField:82 » Internal java.lang.IllegalAccessException: static final field has no write access: com.alibaba.nacos.plugin.control.rule.storage.RuleStorageProxy.INSTANCE/com.alibaba.nacos.plugin.control.rule.storage.RuleStorageProxy/putStatic, from class java.lang.Object (module java.base)
[INFO] 
[ERROR] Tests run: 12, Failures: 0, Errors: 4, Skipped: 0
[INFO] 
[ERROR] 

Please refer to /Users/xinluo/sources/nacos/plugin/control/target/surefire-reports for the individual test results.
Please refer to dump files (if any exist) [date].dump, [date]-jvmRun[N].dump and [date].dumpstream.
[INFO] 
[INFO] --- jacoco-maven-plugin:0.8.13:report (default-report) @ nacos-control-plugin ---
[INFO] Loading execution data file /Users/xinluo/sources/nacos/plugin/control/target/coverage-reports/jacoco-unit.exec
[INFO] Analyzed bundle 'nacos-control-plugin 3.1.0-SNAPSHOT' with 44 classes
[INFO] 
[INFO] --- easyj-maven-plugin:1.1.5:simplify-pom (flatten-pom) @ nacos-control-plugin ---
[INFO] Create PomSimplifier by mode: auto
[INFO] The simplify mode is: JAR
[INFO] Do simplify by the POM simplifier: JarPomSimplifier
[INFO] 
[INFO] ==================================  start simplify  ==================================
[INFO] Remove Parent.
[INFO] Set GroupId from 'null' to 'com.alibaba.nacos'.
[INFO] Set Version from 'null' to '3.1.0-SNAPSHOT'.
[INFO] Set Name from 'nacos-control-plugin ${project.version}' to 'nacos-control-plugin 3.1.0-SNAPSHOT'.
[INFO] -------------------------------------------
[INFO] Copy project info from parent for the open source project:
[INFO]    Copy Licenses.
[INFO]    Copy Developers.
[INFO]    Copy Scm.
[INFO]    Copy Organization.
[INFO]    Copy IssueManagement.
[INFO] -------------------------------------------
[INFO] -------------------------------------------
[INFO] Reset dependencies: groupId, version, exclusions (Contains 1 dependencies)
[INFO]   Remove dependency by scope=provided: [com.alibaba.nacos:nacos-common:3.1.0-SNAPSHOT:provided]
[INFO] Remaining 0 dependencies.
[INFO] -------------------------------------------
[INFO] ==================================   end  simplify  ==================================
[INFO] 
[INFO] Create the POM file '.flattened-pom.xml'.
[INFO] Set the POM file '.flattened-pom.xml' to the project object.
[INFO] 
[INFO] --- maven-jar-plugin:3.2.2:jar (default-jar) @ nacos-control-plugin ---
[INFO] Building jar: /Users/xinluo/sources/nacos/plugin/control/target/nacos-control-plugin-3.1.0-SNAPSHOT.jar
[INFO] 
[INFO] --- maven-javadoc-plugin:2.10.4:jar (attach-javadocs) @ nacos-control-plugin ---
[INFO] Skipping javadoc generation
[INFO] 
[INFO] >>> maven-source-plugin:3.0.1:jar (attach-sources) > generate-sources @ nacos-control-plugin >>>
[INFO] 
[INFO] --- maven-enforcer-plugin:3.5.0:enforce (enforce-ban-circular-dependencies) @ nacos-control-plugin ---
[INFO] Rule 0: org.codehaus.mojo.extraenforcer.dependencies.BanCircularDependencies passed
[INFO] 
[INFO] --- maven-checkstyle-plugin:3.1.2:check (validate) @ nacos-control-plugin ---
[WARNING] Old version of checkstyle detected. Consider updating to >= v8.30
[WARNING] For more information see: https://maven.apache.org/plugins/maven-checkstyle-plugin/examples/upgrading-checkstyle.html
[INFO] 开始检查……
检查完成。
[INFO] You have 0 Checkstyle violations.
[INFO] 
[INFO] --- jacoco-maven-plugin:0.8.13:prepare-agent (default-prepare-agent) @ nacos-control-plugin ---
[INFO] argLine set to -javaagent:/var/root/.m2/repository/org/jacoco/org.jacoco.agent/0.8.13/org.jacoco.agent-0.8.13-runtime.jar=destfile=/Users/xinluo/sources/nacos/plugin/control/target/coverage-reports/jacoco-unit.exec,append=true,excludes=**/grpc/auto/**:**/packagescan/classreading/**:**/packagescan/resource/**:**/packagescan/util/**,output=file
[INFO] 
[INFO] --- build-helper-maven-plugin:3.2.0:add-source (add-source) @ nacos-control-plugin ---
[INFO] Source directory: /Users/xinluo/sources/nacos/plugin/control/target/generated-sources/protobuf/java added.
[INFO] 
[INFO] <<< maven-source-plugin:3.0.1:jar (attach-sources) < generate-sources @ nacos-control-plugin <<<
[INFO] 
[INFO] 
[INFO] --- maven-source-plugin:3.0.1:jar (attach-sources) @ nacos-control-plugin ---
[INFO] Building jar: /Users/xinluo/sources/nacos/plugin/control/target/nacos-control-plugin-3.1.0-SNAPSHOT-sources.jar
[INFO] 
[INFO] >>> maven-pmd-plugin:3.16.0:check (default) > :pmd @ nacos-control-plugin >>>
[INFO] 
[INFO] --- maven-pmd-plugin:3.16.0:pmd (pmd) @ nacos-control-plugin ---
[WARNING] Unable to locate Source XRef to link to - DISABLED
[WARNING] Unable to locate Source XRef to link to - DISABLED
[INFO] PMD version: 6.42.0
[WARNING] Rule /Users/xinluo/sources/nacos/plugin/control/target/pmd/rulesets/ali-comment.xml/CommentsMustBeJavadocFormatRule does not mention attribute language='java', please mention it explicitly to be compatible with PMD 7
[WARNING] Rule /Users/xinluo/sources/nacos/plugin/control/target/pmd/rulesets/ali-comment.xml/CommentsMustBeJavadocFormatRule does not mention attribute language='java', please mention it explicitly to be compatible with PMD 7
[WARNING] Rule /Users/xinluo/sources/nacos/plugin/control/target/pmd/rulesets/ali-comment.xml/AbstractMethodOrInterfaceMethodMustUseJavadocRule does not mention attribute language='java', please mention it explicitly to be compatible with PMD 7
[WARNING] Rule /Users/xinluo/sources/nacos/plugin/control/target/pmd/rulesets/ali-comment.xml/AbstractMethodOrInterfaceMethodMustUseJavadocRule does not mention attribute language='java', please mention it explicitly to be compatible with PMD 7
[WARNING] Rule /Users/xinluo/sources/nacos/plugin/control/target/pmd/rulesets/ali-comment.xml/ClassMustHaveAuthorRule does not mention attribute language='java', please mention it explicitly to be compatible with PMD 7
[WARNING] Rule /Users/xinluo/sources/nacos/plugin/control/target/pmd/rulesets/ali-comment.xml/ClassMustHaveAuthorRule does not mention attribute language='java', please mention it explicitly to be compatible with PMD 7
[WARNING] Rule /Users/xinluo/sources/nacos/plugin/control/target/pmd/rulesets/ali-comment.xml/EnumConstantsMustHaveCommentRule does not mention attribute language='java', please mention it explicitly to be compatible with PMD 7
[WARNING] Rule /Users/xinluo/sources/nacos/plugin/control/target/pmd/rulesets/ali-comment.xml/EnumConstantsMustHaveCommentRule does not mention attribute language='java', please mention it explicitly to be compatible with PMD 7
[WARNING] Rule /Users/xinluo/sources/nacos/plugin/control/target/pmd/rulesets/ali-comment.xml/AvoidCommentBehindStatementRule does not mention attribute language='java', please mention it explicitly to be compatible with PMD 7
[WARNING] Rule /Users/xinluo/sources/nacos/plugin/control/target/pmd/rulesets/ali-comment.xml/AvoidCommentBehindStatementRule does not mention attribute language='java', please mention it explicitly to be compatible with PMD 7
[WARNING] Rule /Users/xinluo/sources/nacos/plugin/control/target/pmd/rulesets/ali-comment.xml/RemoveCommentedCodeRule does not mention attribute language='java', please mention it explicitly to be compatible with PMD 7
[WARNING] Rule /Users/xinluo/sources/nacos/plugin/control/target/pmd/rulesets/ali-comment.xml/RemoveCommentedCodeRule does not mention attribute language='java', please mention it explicitly to be compatible with PMD 7
[WARNING] Rule /Users/xinluo/sources/nacos/plugin/control/target/pmd/rulesets/ali-constant.xml/UpperEllRule does not mention attribute language='java', please mention it explicitly to be compatible with PMD 7
[WARNING] Rule /Users/xinluo/sources/nacos/plugin/control/target/pmd/rulesets/ali-constant.xml/UpperEllRule does not mention attribute language='java', please mention it explicitly to be compatible with PMD 7
[WARNING] Rule /Users/xinluo/sources/nacos/plugin/control/target/pmd/rulesets/ali-constant.xml/UndefineMagicConstantRule does not mention attribute language='java', please mention it explicitly to be compatible with PMD 7
[WARNING] Rule /Users/xinluo/sources/nacos/plugin/control/target/pmd/rulesets/ali-constant.xml/UndefineMagicConstantRule does not mention attribute language='java', please mention it explicitly to be compatible with PMD 7
[WARNING] Rule /Users/xinluo/sources/nacos/plugin/control/target/pmd/rulesets/ali-set.xml/ClassCastExceptionWithToArrayRule does not mention attribute language='java', please mention it explicitly to be compatible with PMD 7
[WARNING] Rule /Users/xinluo/sources/nacos/plugin/control/target/pmd/rulesets/ali-set.xml/ClassCastExceptionWithToArrayRule does not mention attribute language='java', please mention it explicitly to be compatible with PMD 7
[WARNING] Rule /Users/xinluo/sources/nacos/plugin/control/target/pmd/rulesets/ali-set.xml/UnsupportedExceptionWithModifyAsListRule does not mention attribute language='java', please mention it explicitly to be compatible with PMD 7
[WARNING] Rule /Users/xinluo/sources/nacos/plugin/control/target/pmd/rulesets/ali-set.xml/UnsupportedExceptionWithModifyAsListRule does not mention attribute language='java', please mention it explicitly to be compatible with PMD 7
[WARNING] Rule /Users/xinluo/sources/nacos/plugin/control/target/pmd/rulesets/ali-set.xml/ClassCastExceptionWithSubListToArrayListRule does not mention attribute language='java', please mention it explicitly to be compatible with PMD 7
[WARNING] Rule /Users/xinluo/sources/nacos/plugin/control/target/pmd/rulesets/ali-set.xml/ClassCastExceptionWithSubListToArrayListRule does not mention attribute language='java', please mention it explicitly to be compatible with PMD 7
[WARNING] Rule /Users/xinluo/sources/nacos/plugin/control/target/pmd/rulesets/ali-set.xml/ConcurrentExceptionWithModifyOriginSubListRule does not mention attribute language='java', please mention it explicitly to be compatible with PMD 7
[WARNING] Rule /Users/xinluo/sources/nacos/plugin/control/target/pmd/rulesets/ali-set.xml/ConcurrentExceptionWithModifyOriginSubListRule does not mention attribute language='java', please mention it explicitly to be compatible with PMD 7
[WARNING] Rule /Users/xinluo/sources/nacos/plugin/control/target/pmd/rulesets/ali-set.xml/DontModifyInForeachCircleRule does not mention attribute language='java', please mention it explicitly to be compatible with PMD 7
[WARNING] Rule /Users/xinluo/sources/nacos/plugin/control/target/pmd/rulesets/ali-set.xml/DontModifyInForeachCircleRule does not mention attribute language='java', please mention it explicitly to be compatible with PMD 7
[WARNING] Rule /Users/xinluo/sources/nacos/plugin/control/target/pmd/rulesets/ali-set.xml/CollectionInitShouldAssignCapacityRule does not mention attribute language='java', please mention it explicitly to be compatible with PMD 7
[WARNING] Rule /Users/xinluo/sources/nacos/plugin/control/target/pmd/rulesets/ali-set.xml/CollectionInitShouldAssignCapacityRule does not mention attribute language='java', please mention it explicitly to be compatible with PMD 7
[WARNING] Use of deprecated attribute 'ClassOrInterfaceDeclaration/@Image' by XPath rule 'BooleanPropertyShouldNotStartWithIsRule' (in ruleset 'AlibabaJavaNaming'), please use @SimpleName instead
[WARNING] Use of deprecated attribute 'ClassOrInterfaceDeclaration/@Image' by XPath rule 'BooleanPropertyShouldNotStartWithIsRule' (in ruleset 'AlibabaJavaNaming'), please use @SimpleName instead
[WARNING] Use of deprecated attribute 'FieldDeclaration/@Array' by XPath rule 'ArrayNamingShouldHaveBracketRule' (in ruleset 'AlibabaJavaNaming')
[WARNING] Use of deprecated attribute 'FieldDeclaration/@Array' by XPath rule 'ArrayNamingShouldHaveBracketRule' (in ruleset 'AlibabaJavaNaming')
[WARNING] Use of deprecated attribute 'LocalVariableDeclaration/@Array' by XPath rule 'ArrayNamingShouldHaveBracketRule' (in ruleset 'AlibabaJavaNaming')
[WARNING] Use of deprecated attribute 'LocalVariableDeclaration/@Array' by XPath rule 'ArrayNamingShouldHaveBracketRule' (in ruleset 'AlibabaJavaNaming')
[WARNING] Use of deprecated attribute 'ConditionalExpression/@Ternary' by XPath rule 'AvoidComplexConditionRule' (in ruleset 'AlibabaJavaFlowControl')
[WARNING] Use of deprecated attribute 'ConditionalExpression/@Ternary' by XPath rule 'AvoidComplexConditionRule' (in ruleset 'AlibabaJavaFlowControl')
[WARNING] Use of deprecated attribute 'Arguments/@ArgumentCount' by XPath rule 'AvoidNewDateGetTimeRule' (in ruleset 'AlibabaJavaOthers'), please use @Size instead
[WARNING] Use of deprecated attribute 'Arguments/@ArgumentCount' by XPath rule 'AvoidNewDateGetTimeRule' (in ruleset 'AlibabaJavaOthers'), please use @Size instead
[INFO] 
[INFO] <<< maven-pmd-plugin:3.16.0:check (default) < :pmd @ nacos-control-plugin <<<
[INFO] 
[INFO] 
[INFO] --- maven-pmd-plugin:3.16.0:check (default) @ nacos-control-plugin ---
[INFO] PMD version: 6.42.0
[INFO] 
[INFO] 
[INFO] --- apache-rat-plugin:0.12:check (default) @ nacos-control-plugin ---
[INFO] Enabled default license matchers.
[INFO] Will parse SCM ignores for exclusions...
[INFO] Finished adding exclusions from SCM ignore files.
[INFO] 61 implicit excludes (use -debug for more details).
[INFO] Exclude: .editorconfig
[INFO] Exclude: .travis.yml
[INFO] Exclude: codecov.yml
[INFO] Exclude: CONTRIBUTING.md
[INFO] Exclude: CODE_OF_CONDUCT.md
[INFO] Exclude: CHANGELOG.md
[INFO] Exclude: style/codeStyle.md
[INFO] Exclude: REPORTING-BUGS.md
[INFO] Exclude: README.md
[INFO] Exclude: .github/**/*
[INFO] Exclude: doc/*
[INFO] Exclude: derby.log
[INFO] Exclude: logs/*
[INFO] Exclude: src/main/resources/static/**
[INFO] Exclude: **/istio/model/**
[INFO] Exclude: **/consistency/entity/**
[INFO] Exclude: **/*.txt
[INFO] Exclude: **/*.factories
[INFO] Exclude: /console-ui/**
[INFO] Exclude: **/gogo.proto
[INFO] Exclude: **/any.proto
[INFO] Exclude: src/main/java/com/alibaba/nacos/common/packagescan/classreading/**
[INFO] Exclude: .flattened-pom.xml
[INFO] Exclude: **/announcement*.conf
[INFO] Exclude: **/console-guide.conf
[INFO] Exclude: **/reflect-config.json
[INFO] Exclude: **/resource-config.json
[INFO] Exclude: **/proxy-config.json
[INFO] Exclude: **/jni-config.json
[INFO] Exclude: **/predefined-classes-config.json
[INFO] Exclude: **/serialization-config.json
[INFO] Exclude: **/filter-config.json
[INFO] Exclude: **/disk_cache_test/**
[INFO] Exclude: **/failover_test/**
[INFO] Exclude: lefthook.yml
[INFO] Exclude: .vscode/**
[INFO] 64 resources included (use -debug for more details)
[INFO] Rat check: Summary over all files. Unapproved: 0, unknown: 0, generated: 0, approved: 64 licenses.
[INFO] 
[INFO] --- maven-install-plugin:2.4:install (default-install) @ nacos-control-plugin ---
[INFO] Installing /Users/xinluo/sources/nacos/plugin/control/target/nacos-control-plugin-3.1.0-SNAPSHOT.jar to /var/root/.m2/repository/com/alibaba/nacos/nacos-control-plugin/3.1.0-SNAPSHOT/nacos-control-plugin-3.1.0-SNAPSHOT.jar
[INFO] Installing /Users/xinluo/sources/nacos/plugin/control/.flattened-pom.xml to /var/root/.m2/repository/com/alibaba/nacos/nacos-control-plugin/3.1.0-SNAPSHOT/nacos-control-plugin-3.1.0-SNAPSHOT.pom
[INFO] Installing /Users/xinluo/sources/nacos/plugin/control/target/nacos-control-plugin-3.1.0-SNAPSHOT-sources.jar to /var/root/.m2/repository/com/alibaba/nacos/nacos-control-plugin/3.1.0-SNAPSHOT/nacos-control-plugin-3.1.0-SNAPSHOT-sources.jar
[INFO] 
[INFO] --------------------< com.alibaba.nacos:nacos-core >--------------------
[INFO] Building nacos-core 3.1.0-SNAPSHOT 3.1.0-SNAPSHOT                [14/45]
[INFO] --------------------------------[ jar ]---------------------------------
[INFO] 
[INFO] --- maven-clean-plugin:2.5:clean (default-clean) @ nacos-core ---
[INFO] Deleting /Users/xinluo/sources/nacos/core/target
[INFO] 
[INFO] --- easyj-maven-plugin:1.1.5:clean-simplify-pom (clean-flattened-pom) @ nacos-core ---
[INFO] Deleting /Users/xinluo/sources/nacos/core/.flattened-pom.xml
[INFO] 
[INFO] --- maven-enforcer-plugin:3.5.0:enforce (enforce-ban-circular-dependencies) @ nacos-core ---
[INFO] Rule 0: org.codehaus.mojo.extraenforcer.dependencies.BanCircularDependencies passed
[INFO] 
[INFO] --- maven-checkstyle-plugin:3.1.2:check (validate) @ nacos-core ---
[WARNING] Old version of checkstyle detected. Consider updating to >= v8.30
[WARNING] For more information see: https://maven.apache.org/plugins/maven-checkstyle-plugin/examples/upgrading-checkstyle.html
[INFO] 开始检查……
检查完成。
[INFO] You have 0 Checkstyle violations.
[INFO] 
[INFO] --- jacoco-maven-plugin:0.8.13:prepare-agent (default-prepare-agent) @ nacos-core ---
[INFO] argLine set to -javaagent:/var/root/.m2/repository/org/jacoco/org.jacoco.agent/0.8.13/org.jacoco.agent-0.8.13-runtime.jar=destfile=/Users/xinluo/sources/nacos/core/target/coverage-reports/jacoco-unit.exec,append=true,excludes=**/grpc/auto/**:**/packagescan/classreading/**:**/packagescan/resource/**:**/packagescan/util/**,output=file
[INFO] 
[INFO] --- build-helper-maven-plugin:3.2.0:add-source (add-source) @ nacos-core ---
[INFO] Source directory: /Users/xinluo/sources/nacos/core/target/generated-sources/protobuf/java added.
[INFO] 
[INFO] --- maven-resources-plugin:3.0.2:resources (default-resources) @ nacos-core ---
[INFO] Using 'UTF-8' encoding to copy filtered resources.
[INFO] Copying 15 resources
[INFO] 
[INFO] --- maven-compiler-plugin:3.5.1:compile (default-compile) @ nacos-core ---
[INFO] Changes detected - recompiling the module!
[INFO] Compiling 268 source files to /Users/xinluo/sources/nacos/core/target/classes
[WARNING] 未与 -source 17 一起设置系统模块路径
[INFO] 由于在类路径中发现了一个或多个处理程序，因此启用了
  批注处理。未来发行版的 javac 可能会禁用批注处理，
  除非至少按名称指定了一个处理程序 (-processor)，
  或指定了搜索路径 (--processor-path, --processor-module-path)，
  或显式启用了批注处理 (-proc:only, -proc:full)。
  可使用 -Xlint:-options 隐藏此消息。
  可使用 -proc:none 禁用批注处理。
[WARNING] /Users/xinluo/sources/nacos/core/src/main/java/com/alibaba/nacos/core/cluster/ServerMemberManager.java:[190,29] 未使用 @Deprecated 对已过时的项目进行注释
[WARNING] /Users/xinluo/sources/nacos/core/src/main/java/com/alibaba/nacos/core/remote/AbstractRequestFilter.java:[62,82] java.lang.Class中的newInstance()已过时
[WARNING] /Users/xinluo/sources/nacos/core/src/main/java/com/alibaba/nacos/core/remote/grpc/negotiator/tls/OptionalTlsProtocolNegotiator.java:[112,30] io.grpc.netty.shaded.io.netty.handler.ssl.SslHandler中的isEncrypted(io.grpc.netty.shaded.io.netty.buffer.ByteBuf)已过时
[WARNING] /Users/xinluo/sources/nacos/core/src/main/java/com/alibaba/nacos/core/remote/grpc/BaseGrpcServer.java:[163,78] com.alibaba.nacos.core.remote.grpc.GrpcServerConstants.GrpcConfig中的MAX_INBOUND_MSG_SIZE_PROPERTY已过时
[WARNING] /Users/xinluo/sources/nacos/core/src/main/java/com/alibaba/nacos/core/remote/grpc/GrpcSdkServer.java:[90,51] com.alibaba.nacos.core.remote.grpc.GrpcServerConstants.GrpcConfig中的MAX_INBOUND_MSG_SIZE_PROPERTY已过时
[WARNING] /Users/xinluo/sources/nacos/core/src/main/java/com/alibaba/nacos/core/remote/grpc/GrpcClusterServer.java:[108,51] com.alibaba.nacos.core.remote.grpc.GrpcServerConstants.GrpcConfig中的MAX_INBOUND_MSG_SIZE_PROPERTY已过时
[WARNING] /Users/xinluo/sources/nacos/core/src/main/java/com/alibaba/nacos/core/ability/ServerAbilityInitializer.java:[27,51] com.alibaba.nacos.api.ability.initializer中的com.alibaba.nacos.api.ability.initializer.AbilityInitializer已过时
[WARNING] /Users/xinluo/sources/nacos/core/src/main/java/com/alibaba/nacos/core/ability/ServerAbilityInitializer.java:[27,51] com.alibaba.nacos.api.ability.initializer中的com.alibaba.nacos.api.ability.initializer.AbilityInitializer已过时
[WARNING] /Users/xinluo/sources/nacos/core/src/main/java/com/alibaba/nacos/core/ability/ServerAbilityInitializer.java:[27,70] com.alibaba.nacos.api.ability中的com.alibaba.nacos.api.ability.ServerAbilities已过时
[WARNING] /Users/xinluo/sources/nacos/core/src/main/java/com/alibaba/nacos/core/ability/ServerAbilityInitializer.java:[27,51] com.alibaba.nacos.api.ability.initializer中的com.alibaba.nacos.api.ability.initializer.AbilityInitializer已过时
[WARNING] /Users/xinluo/sources/nacos/core/src/main/java/com/alibaba/nacos/core/ability/ServerAbilityInitializer.java:[27,51] com.alibaba.nacos.api.ability.initializer中的com.alibaba.nacos.api.ability.initializer.AbilityInitializer已过时
[WARNING] /Users/xinluo/sources/nacos/core/src/main/java/com/alibaba/nacos/core/ability/ServerAbilityInitializer.java:[27,70] com.alibaba.nacos.api.ability中的com.alibaba.nacos.api.ability.ServerAbilities已过时
[WARNING] /Users/xinluo/sources/nacos/core/src/main/java/com/alibaba/nacos/core/ability/ServerAbilityInitializer.java:[27,51] com.alibaba.nacos.api.ability.initializer中的com.alibaba.nacos.api.ability.initializer.AbilityInitializer已过时
[WARNING] /Users/xinluo/sources/nacos/core/src/main/java/com/alibaba/nacos/core/ability/ServerAbilityInitializer.java:[27,51] com.alibaba.nacos.api.ability.initializer中的com.alibaba.nacos.api.ability.initializer.AbilityInitializer已过时
[WARNING] /Users/xinluo/sources/nacos/core/src/main/java/com/alibaba/nacos/core/ability/ServerAbilityInitializer.java:[27,70] com.alibaba.nacos.api.ability中的com.alibaba.nacos.api.ability.ServerAbilities已过时
[WARNING] /Users/xinluo/sources/nacos/core/src/main/java/com/alibaba/nacos/core/ability/ServerAbilityInitializer.java:[35,21] com.alibaba.nacos.api.ability中的com.alibaba.nacos.api.ability.ServerAbilities已过时
[WARNING] /Users/xinluo/sources/nacos/core/src/main/java/com/alibaba/nacos/core/ability/ServerAbilityInitializer.java:[35,21] com.alibaba.nacos.api.ability中的com.alibaba.nacos.api.ability.ServerAbilities已过时
[WARNING] /Users/xinluo/sources/nacos/core/src/main/java/com/alibaba/nacos/core/ability/ServerAbilityInitializer.java:[35,21] com.alibaba.nacos.api.ability中的com.alibaba.nacos.api.ability.ServerAbilities已过时
[WARNING] /Users/xinluo/sources/nacos/core/src/main/java/com/alibaba/nacos/core/ability/RemoteAbilityInitializer.java:[29,28] com.alibaba.nacos.api.ability中的com.alibaba.nacos.api.ability.ServerAbilities已过时
[WARNING] /Users/xinluo/sources/nacos/core/src/main/java/com/alibaba/nacos/core/ability/RemoteAbilityInitializer.java:[29,28] com.alibaba.nacos.api.ability中的com.alibaba.nacos.api.ability.ServerAbilities已过时
[WARNING] /Users/xinluo/sources/nacos/core/src/main/java/com/alibaba/nacos/core/ability/RemoteAbilityInitializer.java:[29,28] com.alibaba.nacos.api.ability中的com.alibaba.nacos.api.ability.ServerAbilities已过时
[WARNING] /Users/xinluo/sources/nacos/core/src/main/java/com/alibaba/nacos/core/namespace/repository/ExternalNamespacePersistServiceImpl.java:[119,27] org.springframework.jdbc.core.JdbcTemplate中的<T>query(java.lang.String,java.lang.Object[],org.springframework.jdbc.core.RowMapper<T>)已过时
[WARNING] /Users/xinluo/sources/nacos/core/src/main/java/com/alibaba/nacos/core/namespace/repository/ExternalNamespacePersistServiceImpl.java:[138,22] org.springframework.jdbc.core.JdbcTemplate中的<T>queryForObject(java.lang.String,java.lang.Object[],org.springframework.jdbc.core.RowMapper<T>)已过时
[WARNING] /Users/xinluo/sources/nacos/core/src/main/java/com/alibaba/nacos/core/namespace/repository/ExternalNamespacePersistServiceImpl.java:[180,33] org.springframework.jdbc.core.JdbcTemplate中的<T>queryForObject(java.lang.String,java.lang.Object[],java.lang.Class<T>)已过时
[INFO] /Users/xinluo/sources/nacos/core/src/main/java/com/alibaba/nacos/core/remote/AbstractRequestFilter.java: 某些输入文件使用了未经检查或不安全的操作。
[INFO] /Users/xinluo/sources/nacos/core/src/main/java/com/alibaba/nacos/core/remote/AbstractRequestFilter.java: 有关详细信息, 请使用 -Xlint:unchecked 重新编译。
[INFO] 
[INFO] --- maven-resources-plugin:3.0.2:testResources (default-testResources) @ nacos-core ---
[INFO] Using 'UTF-8' encoding to copy filtered resources.
[INFO] Copying 8 resources
[INFO] 
[INFO] --- maven-compiler-plugin:3.5.1:testCompile (default-testCompile) @ nacos-core ---
[INFO] Changes detected - recompiling the module!
[INFO] Compiling 110 source files to /Users/xinluo/sources/nacos/core/target/test-classes
[WARNING] 未与 -source 17 一起设置系统模块路径
[INFO] 由于在类路径中发现了一个或多个处理程序，因此启用了
  批注处理。未来发行版的 javac 可能会禁用批注处理，
  除非至少按名称指定了一个处理程序 (-processor)，
  或指定了搜索路径 (--processor-path, --processor-module-path)，
  或显式启用了批注处理 (-proc:only, -proc:full)。
  可使用 -Xlint:-options 隐藏此消息。
  可使用 -proc:none 禁用批注处理。
[WARNING] /Users/xinluo/sources/nacos/core/src/test/java/com/alibaba/nacos/core/controller/v2/CoreOpsV2ControllerTest.java:[53,13] com.alibaba.nacos.core.controller.v2中的com.alibaba.nacos.core.controller.v2.CoreOpsV2Controller已过时
[WARNING] /Users/xinluo/sources/nacos/core/src/test/java/com/alibaba/nacos/core/controller/v2/CoreOpsV2ControllerTest.java:[53,13] com.alibaba.nacos.core.controller.v2中的com.alibaba.nacos.core.controller.v2.CoreOpsV2Controller已过时
[WARNING] /Users/xinluo/sources/nacos/core/src/test/java/com/alibaba/nacos/core/controller/v2/CoreOpsV2ControllerTest.java:[53,13] com.alibaba.nacos.core.controller.v2中的com.alibaba.nacos.core.controller.v2.CoreOpsV2Controller已过时
[WARNING] /Users/xinluo/sources/nacos/core/src/test/java/com/alibaba/nacos/core/namespace/repository/ExternalNamespacePersistServiceTest.java:[133,16] org.springframework.jdbc.core.JdbcTemplate中的<T>query(java.lang.String,java.lang.Object[],org.springframework.jdbc.core.RowMapper<T>)已过时
[WARNING] /Users/xinluo/sources/nacos/core/src/test/java/com/alibaba/nacos/core/namespace/repository/ExternalNamespacePersistServiceTest.java:[138,16] org.springframework.jdbc.core.JdbcTemplate中的<T>query(java.lang.String,java.lang.Object[],org.springframework.jdbc.core.RowMapper<T>)已过时
[WARNING] /Users/xinluo/sources/nacos/core/src/test/java/com/alibaba/nacos/core/namespace/repository/ExternalNamespacePersistServiceTest.java:[142,16] org.springframework.jdbc.core.JdbcTemplate中的<T>query(java.lang.String,java.lang.Object[],org.springframework.jdbc.core.RowMapper<T>)已过时
[WARNING] /Users/xinluo/sources/nacos/core/src/test/java/com/alibaba/nacos/core/namespace/repository/ExternalNamespacePersistServiceTest.java:[146,16] org.springframework.jdbc.core.JdbcTemplate中的<T>query(java.lang.String,java.lang.Object[],org.springframework.jdbc.core.RowMapper<T>)已过时
[WARNING] /Users/xinluo/sources/nacos/core/src/test/java/com/alibaba/nacos/core/namespace/repository/ExternalNamespacePersistServiceTest.java:[159,16] org.springframework.jdbc.core.JdbcTemplate中的<T>queryForObject(java.lang.String,java.lang.Object[],org.springframework.jdbc.core.RowMapper<T>)已过时
[WARNING] /Users/xinluo/sources/nacos/core/src/test/java/com/alibaba/nacos/core/namespace/repository/ExternalNamespacePersistServiceTest.java:[164,16] org.springframework.jdbc.core.JdbcTemplate中的<T>queryForObject(java.lang.String,java.lang.Object[],org.springframework.jdbc.core.RowMapper<T>)已过时
[WARNING] /Users/xinluo/sources/nacos/core/src/test/java/com/alibaba/nacos/core/namespace/repository/ExternalNamespacePersistServiceTest.java:[168,16] org.springframework.jdbc.core.JdbcTemplate中的<T>queryForObject(java.lang.String,java.lang.Object[],org.springframework.jdbc.core.RowMapper<T>)已过时
[WARNING] /Users/xinluo/sources/nacos/core/src/test/java/com/alibaba/nacos/core/namespace/repository/ExternalNamespacePersistServiceTest.java:[173,16] org.springframework.jdbc.core.JdbcTemplate中的<T>queryForObject(java.lang.String,java.lang.Object[],org.springframework.jdbc.core.RowMapper<T>)已过时
[WARNING] /Users/xinluo/sources/nacos/core/src/test/java/com/alibaba/nacos/core/namespace/repository/ExternalNamespacePersistServiceTest.java:[213,16] org.springframework.jdbc.core.JdbcTemplate中的<T>queryForObject(java.lang.String,java.lang.Object[],java.lang.Class<T>)已过时
[WARNING] /Users/xinluo/sources/nacos/core/src/test/java/com/alibaba/nacos/core/namespace/repository/ExternalNamespacePersistServiceTest.java:[217,16] org.springframework.jdbc.core.JdbcTemplate中的<T>queryForObject(java.lang.String,java.lang.Object[],java.lang.Class<T>)已过时
[WARNING] /Users/xinluo/sources/nacos/core/src/test/java/com/alibaba/nacos/core/ability/RemoteAbilityInitializerTest.java:[30,9] com.alibaba.nacos.api.ability中的com.alibaba.nacos.api.ability.ServerAbilities已过时
[WARNING] /Users/xinluo/sources/nacos/core/src/test/java/com/alibaba/nacos/core/ability/RemoteAbilityInitializerTest.java:[30,47] com.alibaba.nacos.api.ability中的com.alibaba.nacos.api.ability.ServerAbilities已过时
[WARNING] /Users/xinluo/sources/nacos/core/src/test/java/com/alibaba/nacos/core/controller/ServerLoaderControllerTest.java:[58,13] com.alibaba.nacos.core.controller中的com.alibaba.nacos.core.controller.ServerLoaderController已过时
[WARNING] /Users/xinluo/sources/nacos/core/src/test/java/com/alibaba/nacos/core/controller/ServerLoaderControllerTest.java:[58,13] com.alibaba.nacos.core.controller中的com.alibaba.nacos.core.controller.ServerLoaderController已过时
[WARNING] /Users/xinluo/sources/nacos/core/src/test/java/com/alibaba/nacos/core/controller/ServerLoaderControllerTest.java:[58,13] com.alibaba.nacos.core.controller中的com.alibaba.nacos.core.controller.ServerLoaderController已过时
[WARNING] /Users/xinluo/sources/nacos/core/src/test/java/com/alibaba/nacos/core/controller/ServerLoaderControllerTest.java:[95,9] com.alibaba.nacos.api.ability中的com.alibaba.nacos.api.ability.ServerAbilities已过时
[WARNING] /Users/xinluo/sources/nacos/core/src/test/java/com/alibaba/nacos/core/controller/ServerLoaderControllerTest.java:[95,47] com.alibaba.nacos.api.ability中的com.alibaba.nacos.api.ability.ServerAbilities已过时
[WARNING] /Users/xinluo/sources/nacos/core/src/test/java/com/alibaba/nacos/core/controller/ServerLoaderControllerTest.java:[130,9] com.alibaba.nacos.api.ability中的com.alibaba.nacos.api.ability.ServerAbilities已过时
[WARNING] /Users/xinluo/sources/nacos/core/src/test/java/com/alibaba/nacos/core/controller/ServerLoaderControllerTest.java:[130,47] com.alibaba.nacos.api.ability中的com.alibaba.nacos.api.ability.ServerAbilities已过时
[WARNING] /Users/xinluo/sources/nacos/core/src/test/java/com/alibaba/nacos/core/controller/NacosClusterControllerTest.java:[54,13] com.alibaba.nacos.core.controller中的com.alibaba.nacos.core.controller.NacosClusterController已过时
[WARNING] /Users/xinluo/sources/nacos/core/src/test/java/com/alibaba/nacos/core/controller/NacosClusterControllerTest.java:[54,13] com.alibaba.nacos.core.controller中的com.alibaba.nacos.core.controller.NacosClusterController已过时
[WARNING] /Users/xinluo/sources/nacos/core/src/test/java/com/alibaba/nacos/core/controller/NacosClusterControllerTest.java:[54,13] com.alibaba.nacos.core.controller中的com.alibaba.nacos.core.controller.NacosClusterController已过时
[WARNING] /Users/xinluo/sources/nacos/core/src/test/java/com/alibaba/nacos/core/controller/NacosClusterControllerTest.java:[111,59] com.alibaba.nacos.core.controller.NacosClusterController中的report(com.alibaba.nacos.core.cluster.Member)已过时
[WARNING] /Users/xinluo/sources/nacos/core/src/test/java/com/alibaba/nacos/core/controller/v2/NacosClusterControllerV2Test.java:[57,13] com.alibaba.nacos.core.controller.v2中的com.alibaba.nacos.core.controller.v2.NacosClusterControllerV2已过时
[WARNING] /Users/xinluo/sources/nacos/core/src/test/java/com/alibaba/nacos/core/controller/v2/NacosClusterControllerV2Test.java:[57,13] com.alibaba.nacos.core.controller.v2中的com.alibaba.nacos.core.controller.v2.NacosClusterControllerV2已过时
[WARNING] /Users/xinluo/sources/nacos/core/src/test/java/com/alibaba/nacos/core/controller/v2/NacosClusterControllerV2Test.java:[57,13] com.alibaba.nacos.core.controller.v2中的com.alibaba.nacos.core.controller.v2.NacosClusterControllerV2已过时
[WARNING] /Users/xinluo/sources/nacos/core/src/test/java/com/alibaba/nacos/core/controller/v2/NacosClusterControllerV2Test.java:[64,40] com.alibaba.nacos.core.controller.v2中的com.alibaba.nacos.core.controller.v2.NacosClusterControllerV2已过时
[WARNING] /Users/xinluo/sources/nacos/core/src/test/java/com/alibaba/nacos/core/cluster/remote/ClusterRpcClientProxyTest.java:[91,9] com.alibaba.nacos.api.ability中的com.alibaba.nacos.api.ability.ServerAbilities已过时
[WARNING] /Users/xinluo/sources/nacos/core/src/test/java/com/alibaba/nacos/core/cluster/remote/ClusterRpcClientProxyTest.java:[91,47] com.alibaba.nacos.api.ability中的com.alibaba.nacos.api.ability.ServerAbilities已过时
[WARNING] /Users/xinluo/sources/nacos/core/src/test/java/com/alibaba/nacos/core/controller/CoreOpsControllerTest.java:[52,13] com.alibaba.nacos.core.controller中的com.alibaba.nacos.core.controller.CoreOpsController已过时
[WARNING] /Users/xinluo/sources/nacos/core/src/test/java/com/alibaba/nacos/core/controller/CoreOpsControllerTest.java:[52,13] com.alibaba.nacos.core.controller中的com.alibaba.nacos.core.controller.CoreOpsController已过时
[WARNING] /Users/xinluo/sources/nacos/core/src/test/java/com/alibaba/nacos/core/controller/CoreOpsControllerTest.java:[52,13] com.alibaba.nacos.core.controller中的com.alibaba.nacos.core.controller.CoreOpsController已过时
[WARNING] /Users/xinluo/sources/nacos/core/src/test/java/com/alibaba/nacos/core/cluster/ServerMemberManagerTest.java:[169,37] com.alibaba.nacos.api.ability中的com.alibaba.nacos.api.ability.ServerAbilities已过时
[WARNING] /Users/xinluo/sources/nacos/core/src/test/java/com/alibaba/nacos/core/cluster/ServerMemberManagerTest.java:[192,37] com.alibaba.nacos.api.ability中的com.alibaba.nacos.api.ability.ServerAbilities已过时
[WARNING] /Users/xinluo/sources/nacos/core/src/test/java/com/alibaba/nacos/core/cluster/ServerMemberManagerTest.java:[212,37] com.alibaba.nacos.api.ability中的com.alibaba.nacos.api.ability.ServerAbilities已过时
[WARNING] /Users/xinluo/sources/nacos/core/src/test/java/com/alibaba/nacos/core/cluster/ServerMemberManagerTest.java:[237,37] com.alibaba.nacos.api.ability中的com.alibaba.nacos.api.ability.ServerAbilities已过时
[INFO] /Users/xinluo/sources/nacos/core/src/test/java/com/alibaba/nacos/core/distributed/distro/task/load/DistroLoadDataTaskTest.java: 某些输入文件使用了未经检查或不安全的操作。
[INFO] /Users/xinluo/sources/nacos/core/src/test/java/com/alibaba/nacos/core/distributed/distro/task/load/DistroLoadDataTaskTest.java: 有关详细信息, 请使用 -Xlint:unchecked 重新编译。
[INFO] 
[INFO] --- maven-surefire-plugin:3.2.5:test (default-test) @ nacos-core ---
[INFO] Surefire report directory: /Users/xinluo/sources/nacos/core/target/surefire-reports
[INFO] Using auto detected provider org.apache.maven.surefire.junitplatform.JUnitPlatformProvider
[INFO] 
[INFO] -------------------------------------------------------
[INFO]  T E S T S
[INFO] -------------------------------------------------------
[INFO] Running com.alibaba.nacos.core.cluster.MemberUtilTest
[INFO] Tests run: 26, Failures: 0, Errors: 0, Skipped: 0, Time elapsed: 1.022 s -- in com.alibaba.nacos.core.cluster.MemberUtilTest
[INFO] Running com.alibaba.nacos.core.cluster.lookup.AddressServerMemberLookupTest
[INFO] Tests run: 3, Failures: 0, Errors: 0, Skipped: 0, Time elapsed: 0.223 s -- in com.alibaba.nacos.core.cluster.lookup.AddressServerMemberLookupTest
[INFO] Running com.alibaba.nacos.core.cluster.lookup.FileConfigMemberLookupTest
[INFO] Tests run: 2, Failures: 0, Errors: 0, Skipped: 0, Time elapsed: 0.011 s -- in com.alibaba.nacos.core.cluster.lookup.FileConfigMemberLookupTest
[INFO] Running com.alibaba.nacos.core.cluster.lookup.LookupFactoryTest
[INFO] Tests run: 4, Failures: 0, Errors: 0, Skipped: 0, Time elapsed: 0.010 s -- in com.alibaba.nacos.core.cluster.lookup.LookupFactoryTest
[INFO] Running com.alibaba.nacos.core.cluster.ServerMemberManagerTest
[INFO] Tests run: 13, Failures: 0, Errors: 0, Skipped: 0, Time elapsed: 0.577 s -- in com.alibaba.nacos.core.cluster.ServerMemberManagerTest
[INFO] Running com.alibaba.nacos.core.cluster.MemberTest
[INFO] Tests run: 3, Failures: 0, Errors: 0, Skipped: 0, Time elapsed: 0.003 s -- in com.alibaba.nacos.core.cluster.MemberTest
[INFO] Running com.alibaba.nacos.core.cluster.remote.ClusterRpcClientProxyTest
[INFO] Tests run: 7, Failures: 0, Errors: 0, Skipped: 0, Time elapsed: 12.47 s -- in com.alibaba.nacos.core.cluster.remote.ClusterRpcClientProxyTest
[INFO] Running com.alibaba.nacos.core.monitor.MetricsMonitorTest
[INFO] Tests run: 8, Failures: 0, Errors: 0, Skipped: 0, Time elapsed: 0.063 s -- in com.alibaba.nacos.core.monitor.MetricsMonitorTest
[INFO] Running com.alibaba.nacos.core.monitor.topn.FixedSizePriorityQueueTest
[INFO] Tests run: 5, Failures: 0, Errors: 0, Skipped: 0, Time elapsed: 0.004 s -- in com.alibaba.nacos.core.monitor.topn.FixedSizePriorityQueueTest
[INFO] Running com.alibaba.nacos.core.monitor.topn.StringTopNCounterTest
[INFO] Tests run: 5, Failures: 0, Errors: 0, Skipped: 0, Time elapsed: 0.033 s -- in com.alibaba.nacos.core.monitor.topn.StringTopNCounterTest
[INFO] Running com.alibaba.nacos.core.monitor.NacosMeterRegistryCenterTest
[INFO] Tests run: 1, Failures: 0, Errors: 0, Skipped: 0, Time elapsed: 0.002 s -- in com.alibaba.nacos.core.monitor.NacosMeterRegistryCenterTest
[INFO] Running com.alibaba.nacos.core.listener.StandaloneProfileApplicationListenerTest

  .   ____          _            __ _ _
 /\\ / ___'_ __ _ _(_)_ __  __ _ \ \ \ \
( ( )\___ | '_ | '_| | '_ \/ _` | \ \ \ \
 \\/  ___)| |_)| | | | | || (_| |  ) ) ) )
  '  |____| .__|_| |_|_| |_\__, | / / / /
 =========|_|==============|___/=/_/_/_/

 :: Spring Boot ::                (v3.4.9)

2025-09-15T17:51:50.592+08:00  INFO 9497 --- [           main] c.a.n.c.l.StartingApplicationListener    : Nacos started successfully in stand alone mode with embedded storage in 314 ms
[INFO] Tests run: 1, Failures: 0, Errors: 0, Skipped: 0, Time elapsed: 0.553 s -- in com.alibaba.nacos.core.listener.StandaloneProfileApplicationListenerTest
[INFO] Running com.alibaba.nacos.core.paramcheck.impl.McpServerRequestParamExtractorTest
[INFO] Tests run: 2, Failures: 0, Errors: 0, Skipped: 0, Time elapsed: 0.001 s -- in com.alibaba.nacos.core.paramcheck.impl.McpServerRequestParamExtractorTest
[INFO] Running com.alibaba.nacos.core.paramcheck.ParamExtractorTest
[INFO] Tests run: 1, Failures: 0, Errors: 0, Skipped: 0, Time elapsed: 0.010 s -- in com.alibaba.nacos.core.paramcheck.ParamExtractorTest
[INFO] Running com.alibaba.nacos.core.paramcheck.CheckConfigurationTest
[INFO] Tests run: 2, Failures: 0, Errors: 0, Skipped: 0, Time elapsed: 0.050 s -- in com.alibaba.nacos.core.paramcheck.CheckConfigurationTest
[INFO] Running com.alibaba.nacos.core.paramcheck.ParamCheckerFilterTest
[INFO] Tests run: 2, Failures: 0, Errors: 0, Skipped: 0, Time elapsed: 0.107 s -- in com.alibaba.nacos.core.paramcheck.ParamCheckerFilterTest
[INFO] Running com.alibaba.nacos.core.paramcheck.ServerParamCheckConfigTest
[INFO] Tests run: 3, Failures: 0, Errors: 0, Skipped: 0, Time elapsed: 0.001 s -- in com.alibaba.nacos.core.paramcheck.ServerParamCheckConfigTest
[INFO] Running com.alibaba.nacos.core.context.RequestContextTest
[INFO] Tests run: 3, Failures: 0, Errors: 0, Skipped: 0, Time elapsed: 0.006 s -- in com.alibaba.nacos.core.context.RequestContextTest
[INFO] Running com.alibaba.nacos.core.context.RequestContextHolderTest
[INFO] Tests run: 1, Failures: 0, Errors: 0, Skipped: 0, Time elapsed: 0.003 s -- in com.alibaba.nacos.core.context.RequestContextHolderTest
[INFO] Running com.alibaba.nacos.core.context.addition.AddressContextTest
[INFO] Tests run: 5, Failures: 0, Errors: 0, Skipped: 0, Time elapsed: 0.002 s -- in com.alibaba.nacos.core.context.addition.AddressContextTest
[INFO] Running com.alibaba.nacos.core.context.addition.AuthContextTest
[INFO] Tests run: 3, Failures: 0, Errors: 0, Skipped: 0, Time elapsed: 0.002 s -- in com.alibaba.nacos.core.context.addition.AuthContextTest
[INFO] Running com.alibaba.nacos.core.context.addition.EngineContextTest
[INFO] Tests run: 2, Failures: 0, Errors: 0, Skipped: 0, Time elapsed: 0.001 s -- in com.alibaba.nacos.core.context.addition.EngineContextTest
[INFO] Running com.alibaba.nacos.core.context.addition.BasicContextTest
[INFO] Tests run: 6, Failures: 0, Errors: 0, Skipped: 0, Time elapsed: 0.002 s -- in com.alibaba.nacos.core.context.addition.BasicContextTest
[INFO] Running com.alibaba.nacos.core.context.remote.HttpRequestContextConfigTest
[INFO] Tests run: 1, Failures: 0, Errors: 0, Skipped: 0, Time elapsed: 0.004 s -- in com.alibaba.nacos.core.context.remote.HttpRequestContextConfigTest
[INFO] Running com.alibaba.nacos.core.context.remote.HttpRequestContextFilterTest
[INFO] Tests run: 3, Failures: 0, Errors: 0, Skipped: 0, Time elapsed: 0.101 s -- in com.alibaba.nacos.core.context.remote.HttpRequestContextFilterTest
[INFO] Running com.alibaba.nacos.core.trace.NacosCombinedTraceSubscriberTest
[INFO] Tests run: 3, Failures: 0, Errors: 0, Skipped: 0, Time elapsed: 0.058 s -- in com.alibaba.nacos.core.trace.NacosCombinedTraceSubscriberTest
[INFO] Running com.alibaba.nacos.core.distributed.distro.monitor.DistroRecordsHolderTest
[INFO] Tests run: 5, Failures: 0, Errors: 0, Skipped: 0, Time elapsed: 0.004 s -- in com.alibaba.nacos.core.distributed.distro.monitor.DistroRecordsHolderTest
[INFO] Running com.alibaba.nacos.core.distributed.distro.entity.DistroDataTest
[INFO] Tests run: 1, Failures: 0, Errors: 0, Skipped: 0, Time elapsed: 0.001 s -- in com.alibaba.nacos.core.distributed.distro.entity.DistroDataTest
[INFO] Running com.alibaba.nacos.core.distributed.distro.entity.DistroKeyTest
[INFO] Tests run: 2, Failures: 0, Errors: 0, Skipped: 0, Time elapsed: 0.001 s -- in com.alibaba.nacos.core.distributed.distro.entity.DistroKeyTest
[INFO] Running com.alibaba.nacos.core.distributed.distro.component.DistroComponentHolderTest
[INFO] Tests run: 5, Failures: 0, Errors: 0, Skipped: 0, Time elapsed: 0.077 s -- in com.alibaba.nacos.core.distributed.distro.component.DistroComponentHolderTest
[INFO] Running com.alibaba.nacos.core.distributed.distro.DistroConfigTest
[INFO] Tests run: 6, Failures: 0, Errors: 0, Skipped: 0, Time elapsed: 1.014 s -- in com.alibaba.nacos.core.distributed.distro.DistroConfigTest
[INFO] Running com.alibaba.nacos.core.distributed.distro.task.load.DistroLoadDataTaskTest
[INFO] Tests run: 1, Failures: 0, Errors: 0, Skipped: 0, Time elapsed: 0.072 s -- in com.alibaba.nacos.core.distributed.distro.task.load.DistroLoadDataTaskTest
[INFO] Running com.alibaba.nacos.core.distributed.raft.JRaftServerTest
[INFO] Tests run: 6, Failures: 0, Errors: 0, Skipped: 0, Time elapsed: 1.045 s -- in com.alibaba.nacos.core.distributed.raft.JRaftServerTest
[INFO] Running com.alibaba.nacos.core.distributed.raft.processor.AbstractProcessorTest
[INFO] Tests run: 1, Failures: 0, Errors: 0, Skipped: 0, Time elapsed: 0.004 s -- in com.alibaba.nacos.core.distributed.raft.processor.AbstractProcessorTest
[INFO] Running com.alibaba.nacos.core.distributed.raft.JRaftProtocolTest
[INFO] Tests run: 5, Failures: 0, Errors: 0, Skipped: 0, Time elapsed: 0.575 s -- in com.alibaba.nacos.core.distributed.raft.JRaftProtocolTest
[INFO] Running com.alibaba.nacos.core.distributed.id.SnowFlowerInstanceIdGeneratorTest
[INFO] Tests run: 1, Failures: 0, Errors: 0, Skipped: 0, Time elapsed: 0.002 s -- in com.alibaba.nacos.core.distributed.id.SnowFlowerInstanceIdGeneratorTest
[INFO] Running com.alibaba.nacos.core.config.AuthModuleStateBuilderTest
[INFO] Tests run: 2, Failures: 0, Errors: 0, Skipped: 0, Time elapsed: 0.023 s -- in com.alibaba.nacos.core.config.AuthModuleStateBuilderTest
[INFO] Running com.alibaba.nacos.core.config.DistroModuleStateBuilderTest
[INFO] Tests run: 1, Failures: 0, Errors: 0, Skipped: 0, Time elapsed: 0.001 s -- in com.alibaba.nacos.core.config.DistroModuleStateBuilderTest
[INFO] Running com.alibaba.nacos.core.config.ModuleStateStandaloneTest
[INFO] Tests run: 1, Failures: 0, Errors: 0, Skipped: 0, Time elapsed: 0.033 s -- in com.alibaba.nacos.core.config.ModuleStateStandaloneTest
[INFO] Running com.alibaba.nacos.core.config.ModuleStateClusterTest
[INFO] Tests run: 1, Failures: 0, Errors: 0, Skipped: 0, Time elapsed: 0.001 s -- in com.alibaba.nacos.core.config.ModuleStateClusterTest
[INFO] Running com.alibaba.nacos.core.config.RaftModuleStateBuilderTest
[INFO] Tests run: 1, Failures: 0, Errors: 0, Skipped: 0, Time elapsed: 0 s -- in com.alibaba.nacos.core.config.RaftModuleStateBuilderTest
[INFO] Running com.alibaba.nacos.core.auth.AuthFilterTest
[INFO] Tests run: 10, Failures: 0, Errors: 0, Skipped: 0, Time elapsed: 0.098 s -- in com.alibaba.nacos.core.auth.AuthFilterTest
[INFO] Running com.alibaba.nacos.core.auth.RemoteRequestAuthFilterTest
[INFO] Tests run: 10, Failures: 0, Errors: 0, Skipped: 0, Time elapsed: 0.064 s -- in com.alibaba.nacos.core.auth.RemoteRequestAuthFilterTest
[INFO] Running com.alibaba.nacos.core.auth.AuthConfigTest
[INFO] Tests run: 1, Failures: 0, Errors: 0, Skipped: 0, Time elapsed: 0.019 s -- in com.alibaba.nacos.core.auth.AuthConfigTest
[INFO] Running com.alibaba.nacos.core.code.condition.ParamRequestConditionTest
[INFO] Tests run: 2, Failures: 0, Errors: 0, Skipped: 0, Time elapsed: 0.004 s -- in com.alibaba.nacos.core.code.condition.ParamRequestConditionTest
[INFO] Running com.alibaba.nacos.core.code.condition.PathRequestConditionTest
[INFO] Tests run: 1, Failures: 0, Errors: 0, Skipped: 0, Time elapsed: 0.003 s -- in com.alibaba.nacos.core.code.condition.PathRequestConditionTest
[INFO] Running com.alibaba.nacos.core.namespace.repository.ExternalNamespacePersistServiceTest
[INFO] Tests run: 8, Failures: 0, Errors: 0, Skipped: 0, Time elapsed: 0.112 s -- in com.alibaba.nacos.core.namespace.repository.ExternalNamespacePersistServiceTest
[INFO] Running com.alibaba.nacos.core.namespace.repository.EmbeddedNamespacePersistServiceTest
[INFO] Tests run: 10, Failures: 0, Errors: 0, Skipped: 0, Time elapsed: 0.008 s -- in com.alibaba.nacos.core.namespace.repository.EmbeddedNamespacePersistServiceTest
[INFO] Running com.alibaba.nacos.core.namespace.filter.NamespaceValidationConfigTest
[INFO] Tests run: 4, Failures: 0, Errors: 0, Skipped: 0, Time elapsed: 0.003 s -- in com.alibaba.nacos.core.namespace.filter.NamespaceValidationConfigTest
[INFO] Running com.alibaba.nacos.core.namespace.filter.NamespaceValidationRequestFilterTest
[INFO] Tests run: 10, Failures: 0, Errors: 0, Skipped: 0, Time elapsed: 0.075 s -- in com.alibaba.nacos.core.namespace.filter.NamespaceValidationRequestFilterTest
[INFO] Running com.alibaba.nacos.core.utils.SystemUtilsTest
System property "nacos.standalone" = false 
System property "nacos.preferrHostnameOverIp" = false 
[INFO] Tests run: 3, Failures: 0, Errors: 0, Skipped: 0, Time elapsed: 0.004 s -- in com.alibaba.nacos.core.utils.SystemUtilsTest
[INFO] Running com.alibaba.nacos.core.utils.StringPoolTest
[INFO] Tests run: 1, Failures: 0, Errors: 0, Skipped: 0, Time elapsed: 0.020 s -- in com.alibaba.nacos.core.utils.StringPoolTest
[INFO] Running com.alibaba.nacos.core.utils.ClassUtilsTest
[INFO] Tests run: 3, Failures: 0, Errors: 0, Skipped: 0, Time elapsed: 0.002 s -- in com.alibaba.nacos.core.utils.ClassUtilsTest
[INFO] Running com.alibaba.nacos.core.utils.ReuseUploadFileHttpServletRequestTest
[INFO] Tests run: 4, Failures: 0, Errors: 0, Skipped: 0, Time elapsed: 0.025 s -- in com.alibaba.nacos.core.utils.ReuseUploadFileHttpServletRequestTest
[INFO] Running com.alibaba.nacos.core.utils.WebUtilsTest
[INFO] Tests run: 5, Failures: 0, Errors: 0, Skipped: 0, Time elapsed: 0.002 s -- in com.alibaba.nacos.core.utils.WebUtilsTest
[INFO] Running com.alibaba.nacos.core.utils.OverrideParameterRequestWrapperTest
[INFO] Tests run: 1, Failures: 0, Errors: 0, Skipped: 0, Time elapsed: 0.001 s -- in com.alibaba.nacos.core.utils.OverrideParameterRequestWrapperTest
[INFO] Running com.alibaba.nacos.core.utils.ReuseHttpServletRequestTest
[INFO] Tests run: 7, Failures: 0, Errors: 0, Skipped: 0, Time elapsed: 0.007 s -- in com.alibaba.nacos.core.utils.ReuseHttpServletRequestTest
[INFO] Running com.alibaba.nacos.core.utils.RemoteUtilsTest
[INFO] Tests run: 2, Failures: 0, Errors: 0, Skipped: 0, Time elapsed: 0.001 s -- in com.alibaba.nacos.core.utils.RemoteUtilsTest
[INFO] Running com.alibaba.nacos.core.controller.compatibility.ApiCompatibilityFilterTest
[INFO] Tests run: 13, Failures: 0, Errors: 0, Skipped: 0, Time elapsed: 0.014 s -- in com.alibaba.nacos.core.controller.compatibility.ApiCompatibilityFilterTest
[INFO] Running com.alibaba.nacos.core.controller.compatibility.ApiCompatibilitySpringConfigTest
[INFO] Tests run: 1, Failures: 0, Errors: 0, Skipped: 0, Time elapsed: 0.001 s -- in com.alibaba.nacos.core.controller.compatibility.ApiCompatibilitySpringConfigTest
[INFO] Running com.alibaba.nacos.core.controller.compatibility.ApiCompatibilityConfigTest
[INFO] Tests run: 3, Failures: 0, Errors: 0, Skipped: 0, Time elapsed: 0.001 s -- in com.alibaba.nacos.core.controller.compatibility.ApiCompatibilityConfigTest
[INFO] Running com.alibaba.nacos.core.controller.NacosClusterControllerTest
[INFO] Tests run: 7, Failures: 0, Errors: 0, Skipped: 0, Time elapsed: 0.004 s -- in com.alibaba.nacos.core.controller.NacosClusterControllerTest
[INFO] Running com.alibaba.nacos.core.controller.v2.CoreOpsV2ControllerTest
[INFO] Tests run: 3, Failures: 0, Errors: 0, Skipped: 0, Time elapsed: 0.064 s -- in com.alibaba.nacos.core.controller.v2.CoreOpsV2ControllerTest
[INFO] Running com.alibaba.nacos.core.controller.v2.NacosClusterControllerV2Test
[INFO] Tests run: 6, Failures: 0, Errors: 0, Skipped: 0, Time elapsed: 0.021 s -- in com.alibaba.nacos.core.controller.v2.NacosClusterControllerV2Test
[INFO] Running com.alibaba.nacos.core.controller.v3.NamespaceControllerV3Test
[INFO] Tests run: 7, Failures: 0, Errors: 0, Skipped: 0, Time elapsed: 0.025 s -- in com.alibaba.nacos.core.controller.v3.NamespaceControllerV3Test
[INFO] Running com.alibaba.nacos.core.controller.v3.CoreOpsControllerV3Test
[INFO] Tests run: 3, Failures: 0, Errors: 0, Skipped: 0, Time elapsed: 0.003 s -- in com.alibaba.nacos.core.controller.v3.CoreOpsControllerV3Test
[INFO] Running com.alibaba.nacos.core.controller.v3.NacosClusterControllerV3Test
[INFO] Tests run: 4, Failures: 0, Errors: 0, Skipped: 0, Time elapsed: 0.002 s -- in com.alibaba.nacos.core.controller.v3.NacosClusterControllerV3Test
[INFO] Running com.alibaba.nacos.core.controller.v3.ServerLoaderControllerV3Test
[INFO] Tests run: 5, Failures: 0, Errors: 0, Skipped: 0, Time elapsed: 0.031 s -- in com.alibaba.nacos.core.controller.v3.ServerLoaderControllerV3Test
[INFO] Running com.alibaba.nacos.core.controller.CoreOpsControllerTest
[INFO] Tests run: 3, Failures: 0, Errors: 0, Skipped: 0, Time elapsed: 0.002 s -- in com.alibaba.nacos.core.controller.CoreOpsControllerTest
[INFO] Running com.alibaba.nacos.core.controller.ServerLoaderControllerTest
[INFO] Tests run: 5, Failures: 0, Errors: 0, Skipped: 0, Time elapsed: 2.090 s -- in com.alibaba.nacos.core.controller.ServerLoaderControllerTest
[INFO] Running com.alibaba.nacos.core.model.request.LogUpdateRequestTest
[INFO] Tests run: 1, Failures: 0, Errors: 0, Skipped: 0, Time elapsed: 0.001 s -- in com.alibaba.nacos.core.model.request.LogUpdateRequestTest
[INFO] Running com.alibaba.nacos.core.model.request.LookupUpdateRequestTest
[INFO] Tests run: 1, Failures: 0, Errors: 0, Skipped: 0, Time elapsed: 0.001 s -- in com.alibaba.nacos.core.model.request.LookupUpdateRequestTest
[INFO] Running com.alibaba.nacos.core.ability.config.AbilityConfigsTest
[INFO] Tests run: 3, Failures: 0, Errors: 0, Skipped: 0, Time elapsed: 0.013 s -- in com.alibaba.nacos.core.ability.config.AbilityConfigsTest
[INFO] Running com.alibaba.nacos.core.ability.AbilityControlManagerTest
[INFO] Tests run: 1, Failures: 0, Errors: 0, Skipped: 0, Time elapsed: 0.001 s -- in com.alibaba.nacos.core.ability.AbilityControlManagerTest
[INFO] Running com.alibaba.nacos.core.ability.RemoteAbilityInitializerTest
[INFO] Tests run: 1, Failures: 0, Errors: 0, Skipped: 0, Time elapsed: 0.001 s -- in com.alibaba.nacos.core.ability.RemoteAbilityInitializerTest
[INFO] Running com.alibaba.nacos.core.ability.ServerAbilityInitializerHolderTest
[INFO] Tests run: 1, Failures: 0, Errors: 0, Skipped: 0, Time elapsed: 0.001 s -- in com.alibaba.nacos.core.ability.ServerAbilityInitializerHolderTest
[INFO] Running com.alibaba.nacos.core.service.NamespaceOperationServiceTest
[INFO] Tests run: 9, Failures: 0, Errors: 0, Skipped: 0, Time elapsed: 0.033 s -- in com.alibaba.nacos.core.service.NamespaceOperationServiceTest
[INFO] Running com.alibaba.nacos.core.service.NacosServerLoaderServiceTest
[INFO] Tests run: 5, Failures: 0, Errors: 0, Skipped: 0, Time elapsed: 2.025 s -- in com.alibaba.nacos.core.service.NacosServerLoaderServiceTest
[INFO] Running com.alibaba.nacos.core.service.NacosClusterOperationServiceTest
[INFO] Tests run: 5, Failures: 0, Errors: 0, Skipped: 0, Time elapsed: 0.047 s -- in com.alibaba.nacos.core.service.NacosClusterOperationServiceTest
[INFO] Running com.alibaba.nacos.core.exception.NacosApiExceptionHandlerTest
2025-09-15T17:51:58.766+08:00  INFO 9497 --- [           main] t.c.s.AnnotationConfigContextLoaderUtils : Could not detect default configuration classes for test class [com.alibaba.nacos.core.exception.NacosApiExceptionHandlerTest]: NacosApiExceptionHandlerTest does not declare any static, non-private, non-final, nested classes annotated with @Configuration.
2025-09-15T17:51:58.881+08:00  INFO 9497 --- [           main] .b.t.c.SpringBootTestContextBootstrapper : Found @SpringBootConfiguration com.alibaba.nacos.core.CoreUtApplication for test class com.alibaba.nacos.core.exception.NacosApiExceptionHandlerTest

  .   ____          _            __ _ _
 /\\ / ___'_ __ _ _(_)_ __  __ _ \ \ \ \
( ( )\___ | '_ | '_| | '_ \/ _` | \ \ \ \
 \\/  ___)| |_)| | | | | || (_| |  ) ) ) )
  '  |____| .__|_| |_|_| |_\__, | / / / /
 =========|_|==============|___/=/_/_/_/

 :: Spring Boot ::                (v3.4.9)

2025-09-15T17:51:59.573+08:00  WARN 9497 --- [           main] .s.s.UserDetailsServiceAutoConfiguration : 

Using generated security password: eb4ac8ac-4646-47dc-97c6-d5423b27df8d

This generated password is for development use only. Your security configuration must be updated before running your application in production.

2025-09-15T17:51:59.582+08:00  INFO 9497 --- [           main] r$InitializeUserDetailsManagerConfigurer : Global AuthenticationManager configured with UserDetailsService bean with name inMemoryUserDetailsManager
2025-09-15T17:51:59.690+08:00  INFO 9497 --- [           main] o.s.b.t.m.w.SpringBootMockServletContext : Initializing Spring TestDispatcherServlet ''
2025-09-15T17:51:59.690+08:00  INFO 9497 --- [           main] o.s.t.web.servlet.TestDispatcherServlet  : Initializing Servlet ''
2025-09-15T17:51:59.691+08:00  INFO 9497 --- [           main] o.s.t.web.servlet.TestDispatcherServlet  : Completed initialization in 1 ms
2025-09-15T17:51:59.700+08:00  INFO 9497 --- [           main] c.a.n.c.l.StartingApplicationListener    : Nacos started successfully in stand alone mode with embedded storage in 815 ms
2025-09-15T17:51:59.703+08:00  INFO 9497 --- [           main] o.s.b.t.m.w.SpringBootMockServletContext : Initializing Spring TestDispatcherServlet ''
2025-09-15T17:51:59.703+08:00  INFO 9497 --- [           main] o.s.t.web.servlet.TestDispatcherServlet  : Initializing Servlet ''
2025-09-15T17:51:59.703+08:00  INFO 9497 --- [           main] o.s.t.web.servlet.TestDispatcherServlet  : Completed initialization in 0 ms
2025-09-15T17:51:59.743+08:00  INFO 9497 --- [           main] o.s.b.t.m.w.SpringBootMockServletContext : Initializing Spring TestDispatcherServlet ''
2025-09-15T17:51:59.743+08:00  INFO 9497 --- [           main] o.s.t.web.servlet.TestDispatcherServlet  : Initializing Servlet ''
2025-09-15T17:51:59.744+08:00  INFO 9497 --- [           main] o.s.t.web.servlet.TestDispatcherServlet  : Completed initialization in 1 ms
2025-09-15T17:51:59.747+08:00  INFO 9497 --- [           main] o.s.b.t.m.w.SpringBootMockServletContext : Initializing Spring TestDispatcherServlet ''
2025-09-15T17:51:59.747+08:00  INFO 9497 --- [           main] o.s.t.web.servlet.TestDispatcherServlet  : Initializing Servlet ''
2025-09-15T17:51:59.747+08:00  INFO 9497 --- [           main] o.s.t.web.servlet.TestDispatcherServlet  : Completed initialization in 0 ms
2025-09-15T17:51:59.749+08:00  INFO 9497 --- [           main] o.s.b.t.m.w.SpringBootMockServletContext : Initializing Spring TestDispatcherServlet ''
2025-09-15T17:51:59.749+08:00  INFO 9497 --- [           main] o.s.t.web.servlet.TestDispatcherServlet  : Initializing Servlet ''
2025-09-15T17:51:59.749+08:00  INFO 9497 --- [           main] o.s.t.web.servlet.TestDispatcherServlet  : Completed initialization in 0 ms
2025-09-15T17:51:59.752+08:00  INFO 9497 --- [           main] o.s.b.t.m.w.SpringBootMockServletContext : Initializing Spring TestDispatcherServlet ''
2025-09-15T17:51:59.752+08:00  INFO 9497 --- [           main] o.s.t.web.servlet.TestDispatcherServlet  : Initializing Servlet ''
2025-09-15T17:51:59.752+08:00  INFO 9497 --- [           main] o.s.t.web.servlet.TestDispatcherServlet  : Completed initialization in 0 ms
2025-09-15T17:51:59.754+08:00  INFO 9497 --- [           main] o.s.b.t.m.w.SpringBootMockServletContext : Initializing Spring TestDispatcherServlet ''
2025-09-15T17:51:59.754+08:00  INFO 9497 --- [           main] o.s.t.web.servlet.TestDispatcherServlet  : Initializing Servlet ''
2025-09-15T17:51:59.754+08:00  INFO 9497 --- [           main] o.s.t.web.servlet.TestDispatcherServlet  : Completed initialization in 0 ms
2025-09-15T17:51:59.756+08:00  INFO 9497 --- [           main] o.s.b.t.m.w.SpringBootMockServletContext : Initializing Spring TestDispatcherServlet ''
2025-09-15T17:51:59.756+08:00  INFO 9497 --- [           main] o.s.t.web.servlet.TestDispatcherServlet  : Initializing Servlet ''
2025-09-15T17:51:59.756+08:00  INFO 9497 --- [           main] o.s.t.web.servlet.TestDispatcherServlet  : Completed initialization in 0 ms
2025-09-15T17:51:59.758+08:00  INFO 9497 --- [           main] o.s.b.t.m.w.SpringBootMockServletContext : Initializing Spring TestDispatcherServlet ''
2025-09-15T17:51:59.758+08:00  INFO 9497 --- [           main] o.s.t.web.servlet.TestDispatcherServlet  : Initializing Servlet ''
2025-09-15T17:51:59.758+08:00  INFO 9497 --- [           main] o.s.t.web.servlet.TestDispatcherServlet  : Completed initialization in 0 ms
2025-09-15T17:51:59.760+08:00  INFO 9497 --- [           main] o.s.b.t.m.w.SpringBootMockServletContext : Initializing Spring TestDispatcherServlet ''
2025-09-15T17:51:59.760+08:00  INFO 9497 --- [           main] o.s.t.web.servlet.TestDispatcherServlet  : Initializing Servlet ''
2025-09-15T17:51:59.760+08:00  INFO 9497 --- [           main] o.s.t.web.servlet.TestDispatcherServlet  : Completed initialization in 0 ms
2025-09-15T17:51:59.762+08:00  INFO 9497 --- [           main] o.s.b.t.m.w.SpringBootMockServletContext : Initializing Spring TestDispatcherServlet ''
2025-09-15T17:51:59.762+08:00  INFO 9497 --- [           main] o.s.t.web.servlet.TestDispatcherServlet  : Initializing Servlet ''
2025-09-15T17:51:59.762+08:00  INFO 9497 --- [           main] o.s.t.web.servlet.TestDispatcherServlet  : Completed initialization in 0 ms
2025-09-15T17:51:59.764+08:00  INFO 9497 --- [           main] o.s.b.t.m.w.SpringBootMockServletContext : Initializing Spring TestDispatcherServlet ''
2025-09-15T17:51:59.764+08:00  INFO 9497 --- [           main] o.s.t.web.servlet.TestDispatcherServlet  : Initializing Servlet ''
2025-09-15T17:51:59.764+08:00  INFO 9497 --- [           main] o.s.t.web.servlet.TestDispatcherServlet  : Completed initialization in 0 ms
2025-09-15T17:51:59.766+08:00  INFO 9497 --- [           main] o.s.b.t.m.w.SpringBootMockServletContext : Initializing Spring TestDispatcherServlet ''
2025-09-15T17:51:59.766+08:00  INFO 9497 --- [           main] o.s.t.web.servlet.TestDispatcherServlet  : Initializing Servlet ''
2025-09-15T17:51:59.766+08:00  INFO 9497 --- [           main] o.s.t.web.servlet.TestDispatcherServlet  : Completed initialization in 0 ms
[INFO] Tests run: 12, Failures: 0, Errors: 0, Skipped: 0, Time elapsed: 1.016 s -- in com.alibaba.nacos.core.exception.NacosApiExceptionHandlerTest
[INFO] Running com.alibaba.nacos.core.control.http.NacosHttpTpsFilterTest
[INFO] Tests run: 3, Failures: 0, Errors: 0, Skipped: 0, Time elapsed: 1.206 s -- in com.alibaba.nacos.core.control.http.NacosHttpTpsFilterTest
[INFO] Running com.alibaba.nacos.core.control.remote.TpsControlRequestFilterTest
[INFO] Tests run: 3, Failures: 0, Errors: 0, Skipped: 0, Time elapsed: 0.009 s -- in com.alibaba.nacos.core.control.remote.TpsControlRequestFilterTest
[INFO] Running com.alibaba.nacos.core.console.NacosConsolePathTipFilterTest
[INFO] Tests run: 12, Failures: 0, Errors: 0, Skipped: 0, Time elapsed: 0.014 s -- in com.alibaba.nacos.core.console.NacosConsolePathTipFilterTest
[INFO] Running com.alibaba.nacos.core.remote.ConnectionManagerTest
[INFO] Tests run: 9, Failures: 0, Errors: 0, Skipped: 0, Time elapsed: 0.170 s -- in com.alibaba.nacos.core.remote.ConnectionManagerTest
[INFO] Running com.alibaba.nacos.core.remote.ClientConnectionEventListenerRegistryTest
[INFO] Tests run: 1, Failures: 0, Errors: 0, Skipped: 0, Time elapsed: 0.028 s -- in com.alibaba.nacos.core.remote.ClientConnectionEventListenerRegistryTest
[INFO] Running com.alibaba.nacos.core.remote.core.ServerReloaderRequestHandlerTest
[INFO] Tests run: 1, Failures: 0, Errors: 0, Skipped: 0, Time elapsed: 0.002 s -- in com.alibaba.nacos.core.remote.core.ServerReloaderRequestHandlerTest
[INFO] Running com.alibaba.nacos.core.remote.core.ServerLoaderInfoRequestHandlerTest
[INFO] Tests run: 1, Failures: 0, Errors: 0, Skipped: 0, Time elapsed: 0.003 s -- in com.alibaba.nacos.core.remote.core.ServerLoaderInfoRequestHandlerTest
[INFO] Running com.alibaba.nacos.core.remote.core.RpcAckCallbackInitorOrCleanerTest
[INFO] Tests run: 1, Failures: 0, Errors: 0, Skipped: 0, Time elapsed: 0.002 s -- in com.alibaba.nacos.core.remote.core.RpcAckCallbackInitorOrCleanerTest
[INFO] Running com.alibaba.nacos.core.remote.grpc.GrpcBiStreamRequestAcceptorTest
[INFO] Tests run: 1, Failures: 0, Errors: 0, Skipped: 0, Time elapsed: 0.087 s -- in com.alibaba.nacos.core.remote.grpc.GrpcBiStreamRequestAcceptorTest
[INFO] Running com.alibaba.nacos.core.remote.grpc.GrpcRequestAcceptorTest
Receive data from server: metadata {
  type: "ErrorResponse"
}
body {
  value: "{\"resultCode\":500,\"errorCode\":301,\"message\":\"Connection is unregistered.\",\"success\":false}"
}

complete
Receive data from server: metadata {
  type: "ErrorResponse"
}
body {
  value: "{\"resultCode\":500,\"errorCode\":502,\"message\":\"errCode: 500, errMsg: Unknown payload type: \",\"success\":false}"
}

complete
MockHandler get request: HealthCheckRequest{headers={}, requestId='null'} meta: RequestMeta{connectionId='a92eff46-24c0-43d5-a8d6-7c6b4d467637', clientIp='1.1.1.1', clientVersion='', labels={}}
Receive data from server: metadata {
  type: "HealthCheckResponse"
}
body {
  value: "{\"resultCode\":200,\"errorCode\":0,\"success\":true}"
}

complete
Receive data from server: metadata {
  type: "ErrorResponse"
}
body {
  value: "{\"resultCode\":500,\"errorCode\":500,\"message\":\"Cannot invoke \\\"com.alibaba.nacos.core.remote.Connection.getMetaInfo()\\\" because \\\"connection\\\" is null\",\"success\":false}"
}

complete
Receive data from server: metadata {
  type: "ErrorResponse"
}
body {
  value: "{\"resultCode\":500,\"errorCode\":300,\"message\":\"Server is starting,please try later.\",\"success\":false}"
}

complete
MockHandler get request: HealthCheckRequest{headers={app=appNameInHeader}, requestId='null'} meta: RequestMeta{connectionId='a1af86fb-d8cf-43a3-860e-e13a21d6e15f', clientIp='1.1.1.1', clientVersion='', labels={}}
Receive data from server: metadata {
  type: "HealthCheckResponse"
}
body {
  value: "{\"resultCode\":200,\"errorCode\":0,\"success\":true}"
}

complete
Receive data from server: metadata {
  type: "ErrorResponse"
}
body {
  value: "{\"resultCode\":500,\"errorCode\":302,\"message\":\"RequestHandler Not Found\",\"success\":false}"
}

complete
MockHandler get request: HealthCheckRequest{headers={}, requestId='null'} meta: RequestMeta{connectionId='56c89982-9aa2-4b2f-9d3f-b32155646ac6', clientIp='1.1.1.1', clientVersion='', labels={}}
Receive data from server: metadata {
  type: "HealthCheckResponse"
}
body {
  value: "{\"resultCode\":200,\"errorCode\":0,\"success\":true}"
}

complete
Receive data from server: metadata {
  type: "ServerCheckResponse"
}
body {
  value: "{\"resultCode\":200,\"errorCode\":0,\"connectionId\":\"619832c2-e41e-4854-9d61-b68a9f37155b\",\"supportAbilityNegotiation\":true,\"success\":true}"
}

complete
[INFO] Tests run: 9, Failures: 0, Errors: 0, Skipped: 0, Time elapsed: 0.066 s -- in com.alibaba.nacos.core.remote.grpc.GrpcRequestAcceptorTest
[INFO] Running com.alibaba.nacos.core.remote.grpc.negotiator.tls.RpcServerSslContextRefresherHolderTest
[INFO] Tests run: 1, Failures: 0, Errors: 0, Skipped: 0, Time elapsed: 0 s -- in com.alibaba.nacos.core.remote.grpc.negotiator.tls.RpcServerSslContextRefresherHolderTest
[INFO] Running com.alibaba.nacos.core.remote.grpc.negotiator.tls.ClusterDefaultTlsProtocolNegotiatorBuilderTest
[INFO] Tests run: 2, Failures: 0, Errors: 0, Skipped: 0, Time elapsed: 0.618 s -- in com.alibaba.nacos.core.remote.grpc.negotiator.tls.ClusterDefaultTlsProtocolNegotiatorBuilderTest
[INFO] Running com.alibaba.nacos.core.remote.grpc.negotiator.tls.SdkDefaultTlsProtocolNegotiatorBuilderTest
[INFO] Tests run: 2, Failures: 0, Errors: 0, Skipped: 0, Time elapsed: 0.140 s -- in com.alibaba.nacos.core.remote.grpc.negotiator.tls.SdkDefaultTlsProtocolNegotiatorBuilderTest
[INFO] Running com.alibaba.nacos.core.remote.grpc.negotiator.tls.SdkDefaultTlsContextBuilderTest
[INFO] Tests run: 6, Failures: 0, Errors: 0, Skipped: 0, Time elapsed: 0.148 s -- in com.alibaba.nacos.core.remote.grpc.negotiator.tls.SdkDefaultTlsContextBuilderTest
[INFO] Running com.alibaba.nacos.core.remote.grpc.negotiator.SdkProtocolNegotiatorBuilderSingletonTest
[INFO] Tests run: 3, Failures: 0, Errors: 0, Skipped: 0, Time elapsed: 0.005 s -- in com.alibaba.nacos.core.remote.grpc.negotiator.SdkProtocolNegotiatorBuilderSingletonTest
[INFO] Running com.alibaba.nacos.core.remote.grpc.negotiator.ClusterProtocolNegotiatorBuilderSingletonTest
[INFO] Tests run: 3, Failures: 0, Errors: 0, Skipped: 0, Time elapsed: 0.002 s -- in com.alibaba.nacos.core.remote.grpc.negotiator.ClusterProtocolNegotiatorBuilderSingletonTest
[INFO] Running com.alibaba.nacos.core.remote.grpc.GrpcServerTest
[INFO] Tests run: 3, Failures: 0, Errors: 0, Skipped: 0, Time elapsed: 0.100 s -- in com.alibaba.nacos.core.remote.grpc.GrpcServerTest
[INFO] Running com.alibaba.nacos.core.remote.grpc.GrpcConnectionTest
[INFO] Tests run: 6, Failures: 0, Errors: 0, Skipped: 0, Time elapsed: 3.046 s -- in com.alibaba.nacos.core.remote.grpc.GrpcConnectionTest
[INFO] Running com.alibaba.nacos.core.remote.ConnectionTest
[INFO] Tests run: 2, Failures: 0, Errors: 0, Skipped: 0, Time elapsed: 0.013 s -- in com.alibaba.nacos.core.remote.ConnectionTest
[INFO] Running com.alibaba.nacos.core.remote.tls.RpcServerSslContextRefresherHolderTest
[INFO] Tests run: 1, Failures: 0, Errors: 0, Skipped: 0, Time elapsed: 0.074 s -- in com.alibaba.nacos.core.remote.tls.RpcServerSslContextRefresherHolderTest
[INFO] Running com.alibaba.nacos.core.remote.RequestFiltersTest
[INFO] Tests run: 1, Failures: 0, Errors: 0, Skipped: 0, Time elapsed: 0 s -- in com.alibaba.nacos.core.remote.RequestFiltersTest
[INFO] Running com.alibaba.nacos.core.remote.RequestHandlerRegistryTest
[INFO] Tests run: 2, Failures: 0, Errors: 0, Skipped: 0, Time elapsed: 0.074 s -- in com.alibaba.nacos.core.remote.RequestHandlerRegistryTest
[INFO] Running com.alibaba.nacos.core.remote.HealthCheckRequestHandlerTest
[INFO] Tests run: 1, Failures: 0, Errors: 0, Skipped: 0, Time elapsed: 0.001 s -- in com.alibaba.nacos.core.remote.HealthCheckRequestHandlerTest
[INFO] Running com.alibaba.nacos.core.remote.RpcPushServiceTest
success
[INFO] Tests run: 2, Failures: 0, Errors: 0, Skipped: 0, Time elapsed: 0.035 s -- in com.alibaba.nacos.core.remote.RpcPushServiceTest
2025-09-15T17:52:05.648+08:00  INFO 9497 --- [       Thread-4] c.a.n.common.executor.ThreadPoolManager  : [ThreadPoolManager] Start destroying ThreadPool
2025-09-15T17:52:05.648+08:00  INFO 9497 --- [       Thread-8] c.a.nacos.common.notify.NotifyCenter     : [NotifyCenter] Start destroying Publisher
[INFO] 
[INFO] Results:
[INFO] 
[INFO] Tests run: 411, Failures: 0, Errors: 0, Skipped: 0
[INFO] 
[INFO] 
[INFO] --- jacoco-maven-plugin:0.8.13:report (default-report) @ nacos-core ---
[INFO] Loading execution data file /Users/xinluo/sources/nacos/core/target/coverage-reports/jacoco-unit.exec
[INFO] Analyzed bundle 'nacos-core 3.1.0-SNAPSHOT' with 298 classes
[INFO] 
[INFO] --- easyj-maven-plugin:1.1.5:simplify-pom (flatten-pom) @ nacos-core ---
[INFO] Create PomSimplifier by mode: auto
[INFO] The simplify mode is: JAR
[INFO] Do simplify by the POM simplifier: JarPomSimplifier
[INFO] 
[INFO] ==================================  start simplify  ==================================
[INFO] Remove Parent.
[INFO] Set GroupId from 'null' to 'com.alibaba.nacos'.
[INFO] Set Version from 'null' to '3.1.0-SNAPSHOT'.
[INFO] Set Name from 'nacos-core ${project.version}' to 'nacos-core 3.1.0-SNAPSHOT'.
[WARNING] The '<description>' is required when uploading OSSRH. Please set a value immediately.
[INFO] -------------------------------------------
[INFO] Copy project info from parent for the open source project:
[INFO]    Copy Licenses.
[INFO]    Copy Developers.
[INFO]    Copy Scm.
[INFO]    Copy Organization.
[INFO]    Copy IssueManagement.
[INFO] -------------------------------------------
[INFO] -------------------------------------------
[INFO] Reset dependencies: groupId, version, exclusions (Contains 26 dependencies)
[INFO]   Reset dependency: [${project.groupId}:nacos-common:null] -> [com.alibaba.nacos:nacos-common:3.1.0-SNAPSHOT]
[INFO]   Reset dependency: [${project.groupId}:nacos-consistency:null] -> [com.alibaba.nacos:nacos-consistency:3.1.0-SNAPSHOT]
[INFO]   Reset dependency: [com.alibaba.nacos:nacos-persistence:null] -> [com.alibaba.nacos:nacos-persistence:3.1.0-SNAPSHOT]
[INFO]   Reset dependency: [${project.groupId}:nacos-auth:null] -> [com.alibaba.nacos:nacos-auth:3.1.0-SNAPSHOT]
[INFO]   Reset dependency: [com.alibaba.nacos:nacos-trace-plugin:null] -> [com.alibaba.nacos:nacos-trace-plugin:3.1.0-SNAPSHOT]
[INFO]   Remove dependency by optional=true: [org.springframework.boot:spring-boot-starter:3.4.9:compile:true]
[INFO]   Reset dependency: [org.springframework.boot:spring-boot-starter-aop:null] -> [org.springframework.boot:spring-boot-starter-aop:3.4.9]
[INFO]   Remove dependency by optional=true: [org.springframework.boot:spring-boot-configuration-processor:3.4.9:compile:true]
[INFO]   Reset dependency: [org.springframework.boot:spring-boot-starter-security:null] -> [org.springframework.boot:spring-boot-starter-security:3.4.9]
[INFO]   Reset dependency: [org.springframework.boot:spring-boot-starter-actuator:null] -> [org.springframework.boot:spring-boot-starter-actuator:3.4.9]
[INFO]   Remove dependency by scope=test: [org.springframework.security:spring-security-test:6.4.9:test]
[INFO]   Remove dependency by scope=test: [org.springframework:spring-test:6.2.10:test]
[INFO]   Remove dependency by scope=test: [org.springframework.boot:spring-boot-test-autoconfigure:3.4.9:test]
[INFO]   Remove dependency by scope=test: [org.springframework.boot:spring-boot-test:3.4.9:test]
[INFO]   Remove dependency by scope=test: [io.grpc:grpc-testing:1.75.0:test]
[INFO]   Reset dependency: [org.apache.tomcat.embed:tomcat-embed-core:null] -> [org.apache.tomcat.embed:tomcat-embed-core:10.1.44]
[INFO]   Reset dependency: [com.alipay.sofa:jraft-core:null] -> [com.alipay.sofa:jraft-core:1.3.14]
[INFO]   Reset dependency: [com.alipay.sofa:rpc-grpc-impl:null] -> [com.alipay.sofa:rpc-grpc-impl:1.3.14]
[INFO]   Reset dependency: [org.apache.httpcomponents.client5:httpclient5:null] -> [org.apache.httpcomponents.client5:httpclient5:5.4.4]
[INFO]   Reset dependency: [commons-collections:commons-collections:null] -> [commons-collections:commons-collections:3.2.2]
[INFO]   Reset dependency: [io.micrometer:micrometer-registry-prometheus:null] -> [io.micrometer:micrometer-registry-prometheus:1.12.8]
[INFO]   Reset dependency: [io.micrometer:micrometer-registry-influx:null] -> [io.micrometer:micrometer-registry-influx:1.12.8]
[INFO]   Reset dependency: [io.micrometer:micrometer-registry-elastic:null] -> [io.micrometer:micrometer-registry-elastic:1.12.8]
[INFO]   Remove dependency by scope=test: [com.asarkar.grpc:grpc-test:1.2.2:test]
[INFO]   Reset dependency: [com.alibaba.nacos:nacos-control-plugin:${revision}] -> [com.alibaba.nacos:nacos-control-plugin:3.1.0-SNAPSHOT]
[INFO]   Reset dependency: [org.springframework:spring-webmvc:null] -> [org.springframework:spring-webmvc:6.2.10]
[INFO] Remaining 18 dependencies.
[INFO] -------------------------------------------
[INFO] -------------------------------------------
[INFO] Optimize Dependencies: (18)
[INFO]  - Optimize with 'replaceVariable'
[INFO] ==================================   end  simplify  ==================================
[INFO] 
[INFO] Create the POM file '.flattened-pom.xml'.
[INFO] Set the POM file '.flattened-pom.xml' to the project object.
[INFO] 
[INFO] --- maven-jar-plugin:3.2.2:jar (default-jar) @ nacos-core ---
[INFO] Building jar: /Users/xinluo/sources/nacos/core/target/nacos-core-3.1.0-SNAPSHOT.jar
[INFO] 
[INFO] --- maven-javadoc-plugin:2.10.4:jar (attach-javadocs) @ nacos-core ---
[INFO] Skipping javadoc generation
[INFO] 
[INFO] >>> maven-source-plugin:3.0.1:jar (attach-sources) > generate-sources @ nacos-core >>>
[INFO] 
[INFO] --- maven-enforcer-plugin:3.5.0:enforce (enforce-ban-circular-dependencies) @ nacos-core ---
[INFO] Rule 0: org.codehaus.mojo.extraenforcer.dependencies.BanCircularDependencies passed
[INFO] 
[INFO] --- maven-checkstyle-plugin:3.1.2:check (validate) @ nacos-core ---
[WARNING] Old version of checkstyle detected. Consider updating to >= v8.30
[WARNING] For more information see: https://maven.apache.org/plugins/maven-checkstyle-plugin/examples/upgrading-checkstyle.html
[INFO] 开始检查……
检查完成。
[INFO] You have 0 Checkstyle violations.
[INFO] 
[INFO] --- jacoco-maven-plugin:0.8.13:prepare-agent (default-prepare-agent) @ nacos-core ---
[INFO] argLine set to -javaagent:/var/root/.m2/repository/org/jacoco/org.jacoco.agent/0.8.13/org.jacoco.agent-0.8.13-runtime.jar=destfile=/Users/xinluo/sources/nacos/core/target/coverage-reports/jacoco-unit.exec,append=true,excludes=**/grpc/auto/**:**/packagescan/classreading/**:**/packagescan/resource/**:**/packagescan/util/**,output=file
[INFO] 
[INFO] --- build-helper-maven-plugin:3.2.0:add-source (add-source) @ nacos-core ---
[INFO] Source directory: /Users/xinluo/sources/nacos/core/target/generated-sources/protobuf/java added.
[INFO] 
[INFO] <<< maven-source-plugin:3.0.1:jar (attach-sources) < generate-sources @ nacos-core <<<
[INFO] 
[INFO] 
[INFO] --- maven-source-plugin:3.0.1:jar (attach-sources) @ nacos-core ---
[INFO] Building jar: /Users/xinluo/sources/nacos/core/target/nacos-core-3.1.0-SNAPSHOT-sources.jar
[INFO] 
[INFO] >>> maven-pmd-plugin:3.16.0:check (default) > :pmd @ nacos-core >>>
[INFO] 
[INFO] --- maven-pmd-plugin:3.16.0:pmd (pmd) @ nacos-core ---
[WARNING] Unable to locate Source XRef to link to - DISABLED
[WARNING] Unable to locate Source XRef to link to - DISABLED
[INFO] PMD version: 6.42.0
[WARNING] Rule /Users/xinluo/sources/nacos/core/target/pmd/rulesets/ali-comment.xml/CommentsMustBeJavadocFormatRule does not mention attribute language='java', please mention it explicitly to be compatible with PMD 7
[WARNING] Rule /Users/xinluo/sources/nacos/core/target/pmd/rulesets/ali-comment.xml/CommentsMustBeJavadocFormatRule does not mention attribute language='java', please mention it explicitly to be compatible with PMD 7
[WARNING] Rule /Users/xinluo/sources/nacos/core/target/pmd/rulesets/ali-comment.xml/AbstractMethodOrInterfaceMethodMustUseJavadocRule does not mention attribute language='java', please mention it explicitly to be compatible with PMD 7
[WARNING] Rule /Users/xinluo/sources/nacos/core/target/pmd/rulesets/ali-comment.xml/AbstractMethodOrInterfaceMethodMustUseJavadocRule does not mention attribute language='java', please mention it explicitly to be compatible with PMD 7
[WARNING] Rule /Users/xinluo/sources/nacos/core/target/pmd/rulesets/ali-comment.xml/ClassMustHaveAuthorRule does not mention attribute language='java', please mention it explicitly to be compatible with PMD 7
[WARNING] Rule /Users/xinluo/sources/nacos/core/target/pmd/rulesets/ali-comment.xml/ClassMustHaveAuthorRule does not mention attribute language='java', please mention it explicitly to be compatible with PMD 7
[WARNING] Rule /Users/xinluo/sources/nacos/core/target/pmd/rulesets/ali-comment.xml/EnumConstantsMustHaveCommentRule does not mention attribute language='java', please mention it explicitly to be compatible with PMD 7
[WARNING] Rule /Users/xinluo/sources/nacos/core/target/pmd/rulesets/ali-comment.xml/EnumConstantsMustHaveCommentRule does not mention attribute language='java', please mention it explicitly to be compatible with PMD 7
[WARNING] Rule /Users/xinluo/sources/nacos/core/target/pmd/rulesets/ali-comment.xml/AvoidCommentBehindStatementRule does not mention attribute language='java', please mention it explicitly to be compatible with PMD 7
[WARNING] Rule /Users/xinluo/sources/nacos/core/target/pmd/rulesets/ali-comment.xml/AvoidCommentBehindStatementRule does not mention attribute language='java', please mention it explicitly to be compatible with PMD 7
[WARNING] Rule /Users/xinluo/sources/nacos/core/target/pmd/rulesets/ali-comment.xml/RemoveCommentedCodeRule does not mention attribute language='java', please mention it explicitly to be compatible with PMD 7
[WARNING] Rule /Users/xinluo/sources/nacos/core/target/pmd/rulesets/ali-comment.xml/RemoveCommentedCodeRule does not mention attribute language='java', please mention it explicitly to be compatible with PMD 7
[WARNING] Rule /Users/xinluo/sources/nacos/core/target/pmd/rulesets/ali-constant.xml/UpperEllRule does not mention attribute language='java', please mention it explicitly to be compatible with PMD 7
[WARNING] Rule /Users/xinluo/sources/nacos/core/target/pmd/rulesets/ali-constant.xml/UpperEllRule does not mention attribute language='java', please mention it explicitly to be compatible with PMD 7
[WARNING] Rule /Users/xinluo/sources/nacos/core/target/pmd/rulesets/ali-constant.xml/UndefineMagicConstantRule does not mention attribute language='java', please mention it explicitly to be compatible with PMD 7
[WARNING] Rule /Users/xinluo/sources/nacos/core/target/pmd/rulesets/ali-constant.xml/UndefineMagicConstantRule does not mention attribute language='java', please mention it explicitly to be compatible with PMD 7
[WARNING] Rule /Users/xinluo/sources/nacos/core/target/pmd/rulesets/ali-set.xml/ClassCastExceptionWithToArrayRule does not mention attribute language='java', please mention it explicitly to be compatible with PMD 7
[WARNING] Rule /Users/xinluo/sources/nacos/core/target/pmd/rulesets/ali-set.xml/ClassCastExceptionWithToArrayRule does not mention attribute language='java', please mention it explicitly to be compatible with PMD 7
[WARNING] Rule /Users/xinluo/sources/nacos/core/target/pmd/rulesets/ali-set.xml/UnsupportedExceptionWithModifyAsListRule does not mention attribute language='java', please mention it explicitly to be compatible with PMD 7
[WARNING] Rule /Users/xinluo/sources/nacos/core/target/pmd/rulesets/ali-set.xml/UnsupportedExceptionWithModifyAsListRule does not mention attribute language='java', please mention it explicitly to be compatible with PMD 7
[WARNING] Rule /Users/xinluo/sources/nacos/core/target/pmd/rulesets/ali-set.xml/ClassCastExceptionWithSubListToArrayListRule does not mention attribute language='java', please mention it explicitly to be compatible with PMD 7
[WARNING] Rule /Users/xinluo/sources/nacos/core/target/pmd/rulesets/ali-set.xml/ClassCastExceptionWithSubListToArrayListRule does not mention attribute language='java', please mention it explicitly to be compatible with PMD 7
[WARNING] Rule /Users/xinluo/sources/nacos/core/target/pmd/rulesets/ali-set.xml/ConcurrentExceptionWithModifyOriginSubListRule does not mention attribute language='java', please mention it explicitly to be compatible with PMD 7
[WARNING] Rule /Users/xinluo/sources/nacos/core/target/pmd/rulesets/ali-set.xml/ConcurrentExceptionWithModifyOriginSubListRule does not mention attribute language='java', please mention it explicitly to be compatible with PMD 7
[WARNING] Rule /Users/xinluo/sources/nacos/core/target/pmd/rulesets/ali-set.xml/DontModifyInForeachCircleRule does not mention attribute language='java', please mention it explicitly to be compatible with PMD 7
[WARNING] Rule /Users/xinluo/sources/nacos/core/target/pmd/rulesets/ali-set.xml/DontModifyInForeachCircleRule does not mention attribute language='java', please mention it explicitly to be compatible with PMD 7
[WARNING] Rule /Users/xinluo/sources/nacos/core/target/pmd/rulesets/ali-set.xml/CollectionInitShouldAssignCapacityRule does not mention attribute language='java', please mention it explicitly to be compatible with PMD 7
[WARNING] Rule /Users/xinluo/sources/nacos/core/target/pmd/rulesets/ali-set.xml/CollectionInitShouldAssignCapacityRule does not mention attribute language='java', please mention it explicitly to be compatible with PMD 7
[WARNING] Use of deprecated attribute 'ClassOrInterfaceDeclaration/@Image' by XPath rule 'BooleanPropertyShouldNotStartWithIsRule' (in ruleset 'AlibabaJavaNaming'), please use @SimpleName instead
[WARNING] Use of deprecated attribute 'ClassOrInterfaceDeclaration/@Image' by XPath rule 'BooleanPropertyShouldNotStartWithIsRule' (in ruleset 'AlibabaJavaNaming'), please use @SimpleName instead
[WARNING] Use of deprecated attribute 'FieldDeclaration/@Array' by XPath rule 'ArrayNamingShouldHaveBracketRule' (in ruleset 'AlibabaJavaNaming')
[WARNING] Use of deprecated attribute 'FieldDeclaration/@Array' by XPath rule 'ArrayNamingShouldHaveBracketRule' (in ruleset 'AlibabaJavaNaming')
[WARNING] Use of deprecated attribute 'LocalVariableDeclaration/@Array' by XPath rule 'ArrayNamingShouldHaveBracketRule' (in ruleset 'AlibabaJavaNaming')
[WARNING] Use of deprecated attribute 'LocalVariableDeclaration/@Array' by XPath rule 'ArrayNamingShouldHaveBracketRule' (in ruleset 'AlibabaJavaNaming')
[WARNING] Use of deprecated attribute 'ReferenceType/@Array' by XPath rule 'ArrayNamingShouldHaveBracketRule' (in ruleset 'AlibabaJavaNaming')
[WARNING] Use of deprecated attribute 'ReferenceType/@Array' by XPath rule 'ArrayNamingShouldHaveBracketRule' (in ruleset 'AlibabaJavaNaming')
[WARNING] Use of deprecated attribute 'ConditionalExpression/@Ternary' by XPath rule 'AvoidComplexConditionRule' (in ruleset 'AlibabaJavaFlowControl')
[WARNING] Use of deprecated attribute 'ConditionalExpression/@Ternary' by XPath rule 'AvoidComplexConditionRule' (in ruleset 'AlibabaJavaFlowControl')
[WARNING] Use of deprecated attribute 'Arguments/@ArgumentCount' by XPath rule 'AvoidNewDateGetTimeRule' (in ruleset 'AlibabaJavaOthers'), please use @Size instead
[WARNING] Use of deprecated attribute 'Arguments/@ArgumentCount' by XPath rule 'AvoidNewDateGetTimeRule' (in ruleset 'AlibabaJavaOthers'), please use @Size instead
[WARNING] Use of deprecated attribute 'ClassOrInterfaceDeclaration/@Image' by XPath rule 'ServiceOrDaoClassShouldEndWithImplRule' (in ruleset 'AlibabaJavaNaming'), please use @SimpleName instead
[WARNING] Use of deprecated attribute 'ClassOrInterfaceDeclaration/@Image' by XPath rule 'ServiceOrDaoClassShouldEndWithImplRule' (in ruleset 'AlibabaJavaNaming'), please use @SimpleName instead
[INFO] 
[INFO] <<< maven-pmd-plugin:3.16.0:check (default) < :pmd @ nacos-core <<<
[INFO] 
[INFO] 
[INFO] --- maven-pmd-plugin:3.16.0:check (default) @ nacos-core ---
[INFO] PMD version: 6.42.0
[INFO] 
[INFO] 
[INFO] --- apache-rat-plugin:0.12:check (default) @ nacos-core ---
[INFO] Enabled default license matchers.
[INFO] Will parse SCM ignores for exclusions...
[INFO] Finished adding exclusions from SCM ignore files.
[INFO] 61 implicit excludes (use -debug for more details).
[INFO] Exclude: .editorconfig
[INFO] Exclude: .travis.yml
[INFO] Exclude: codecov.yml
[INFO] Exclude: CONTRIBUTING.md
[INFO] Exclude: CODE_OF_CONDUCT.md
[INFO] Exclude: CHANGELOG.md
[INFO] Exclude: style/codeStyle.md
[INFO] Exclude: REPORTING-BUGS.md
[INFO] Exclude: README.md
[INFO] Exclude: .github/**/*
[INFO] Exclude: doc/*
[INFO] Exclude: derby.log
[INFO] Exclude: logs/*
[INFO] Exclude: src/main/resources/static/**
[INFO] Exclude: **/istio/model/**
[INFO] Exclude: **/consistency/entity/**
[INFO] Exclude: **/*.txt
[INFO] Exclude: **/*.factories
[INFO] Exclude: /console-ui/**
[INFO] Exclude: **/gogo.proto
[INFO] Exclude: **/any.proto
[INFO] Exclude: src/main/java/com/alibaba/nacos/common/packagescan/classreading/**
[INFO] Exclude: .flattened-pom.xml
[INFO] Exclude: **/announcement*.conf
[INFO] Exclude: **/console-guide.conf
[INFO] Exclude: **/reflect-config.json
[INFO] Exclude: **/resource-config.json
[INFO] Exclude: **/proxy-config.json
[INFO] Exclude: **/jni-config.json
[INFO] Exclude: **/predefined-classes-config.json
[INFO] Exclude: **/serialization-config.json
[INFO] Exclude: **/filter-config.json
[INFO] Exclude: **/disk_cache_test/**
[INFO] Exclude: **/failover_test/**
[INFO] Exclude: lefthook.yml
[INFO] Exclude: .vscode/**
[INFO] 400 resources included (use -debug for more details)
[INFO] Rat check: Summary over all files. Unapproved: 0, unknown: 0, generated: 0, approved: 397 licenses.
[INFO] 
[INFO] --- maven-install-plugin:2.4:install (default-install) @ nacos-core ---
[INFO] Installing /Users/xinluo/sources/nacos/core/target/nacos-core-3.1.0-SNAPSHOT.jar to /var/root/.m2/repository/com/alibaba/nacos/nacos-core/3.1.0-SNAPSHOT/nacos-core-3.1.0-SNAPSHOT.jar
[INFO] Installing /Users/xinluo/sources/nacos/core/.flattened-pom.xml to /var/root/.m2/repository/com/alibaba/nacos/nacos-core/3.1.0-SNAPSHOT/nacos-core-3.1.0-SNAPSHOT.pom
[INFO] Installing /Users/xinluo/sources/nacos/core/target/nacos-core-3.1.0-SNAPSHOT-sources.jar to /var/root/.m2/repository/com/alibaba/nacos/nacos-core/3.1.0-SNAPSHOT/nacos-core-3.1.0-SNAPSHOT-sources.jar
[INFO] 
[INFO] -------------< com.alibaba.nacos:nacos-encryption-plugin >--------------
[INFO] Building nacos-encryption-plugin 3.1.0-SNAPSHOT 3.1.0-SNAPSHOT   [15/45]
[INFO] --------------------------------[ jar ]---------------------------------
[INFO] 
[INFO] --- maven-clean-plugin:2.5:clean (default-clean) @ nacos-encryption-plugin ---
[INFO] Deleting /Users/xinluo/sources/nacos/plugin/encryption/target
[INFO] 
[INFO] --- easyj-maven-plugin:1.1.5:clean-simplify-pom (clean-flattened-pom) @ nacos-encryption-plugin ---
[INFO] Deleting /Users/xinluo/sources/nacos/plugin/encryption/.flattened-pom.xml
[INFO] 
[INFO] --- maven-enforcer-plugin:3.5.0:enforce (enforce-ban-circular-dependencies) @ nacos-encryption-plugin ---
[INFO] Rule 0: org.codehaus.mojo.extraenforcer.dependencies.BanCircularDependencies passed
[INFO] 
[INFO] --- maven-checkstyle-plugin:3.1.2:check (validate) @ nacos-encryption-plugin ---
[WARNING] Old version of checkstyle detected. Consider updating to >= v8.30
[WARNING] For more information see: https://maven.apache.org/plugins/maven-checkstyle-plugin/examples/upgrading-checkstyle.html
[INFO] 开始检查……
检查完成。
[INFO] You have 0 Checkstyle violations.
[INFO] 
[INFO] --- jacoco-maven-plugin:0.8.13:prepare-agent (default-prepare-agent) @ nacos-encryption-plugin ---
[INFO] argLine set to -javaagent:/var/root/.m2/repository/org/jacoco/org.jacoco.agent/0.8.13/org.jacoco.agent-0.8.13-runtime.jar=destfile=/Users/xinluo/sources/nacos/plugin/encryption/target/coverage-reports/jacoco-unit.exec,append=true,excludes=**/grpc/auto/**:**/packagescan/classreading/**:**/packagescan/resource/**:**/packagescan/util/**,output=file
[INFO] 
[INFO] --- build-helper-maven-plugin:3.2.0:add-source (add-source) @ nacos-encryption-plugin ---
[INFO] Source directory: /Users/xinluo/sources/nacos/plugin/encryption/target/generated-sources/protobuf/java added.
[INFO] 
[INFO] --- maven-resources-plugin:3.0.2:resources (default-resources) @ nacos-encryption-plugin ---
[INFO] Using 'UTF-8' encoding to copy filtered resources.
[INFO] skip non existing resourceDirectory /Users/xinluo/sources/nacos/plugin/encryption/src/main/resources
[INFO] 
[INFO] --- maven-compiler-plugin:3.5.1:compile (default-compile) @ nacos-encryption-plugin ---
[INFO] Changes detected - recompiling the module!
[INFO] Compiling 3 source files to /Users/xinluo/sources/nacos/plugin/encryption/target/classes
[WARNING] 未与 -source 8 一起设置引导类路径
[WARNING] 源值 8 已过时，将在未来发行版中删除
[WARNING] 目标值 8 已过时，将在未来发行版中删除
[WARNING] 要隐藏有关已过时选项的警告, 请使用 -Xlint:-options。
[INFO] 
[INFO] --- maven-resources-plugin:3.0.2:testResources (default-testResources) @ nacos-encryption-plugin ---
[INFO] Using 'UTF-8' encoding to copy filtered resources.
[INFO] skip non existing resourceDirectory /Users/xinluo/sources/nacos/plugin/encryption/src/test/resources
[INFO] 
[INFO] --- maven-compiler-plugin:3.5.1:testCompile (default-testCompile) @ nacos-encryption-plugin ---
[INFO] Changes detected - recompiling the module!
[INFO] Compiling 3 source files to /Users/xinluo/sources/nacos/plugin/encryption/target/test-classes
[WARNING] 未与 -source 8 一起设置引导类路径
[WARNING] 源值 8 已过时，将在未来发行版中删除
[WARNING] 目标值 8 已过时，将在未来发行版中删除
[WARNING] 要隐藏有关已过时选项的警告, 请使用 -Xlint:-options。
[INFO] 
[INFO] --- maven-surefire-plugin:3.2.5:test (default-test) @ nacos-encryption-plugin ---
[INFO] Surefire report directory: /Users/xinluo/sources/nacos/plugin/encryption/target/surefire-reports
[INFO] Using auto detected provider org.apache.maven.surefire.junitplatform.JUnitPlatformProvider
[INFO] 
[INFO] -------------------------------------------------------
[INFO]  T E S T S
[INFO] -------------------------------------------------------
[INFO] Running com.alibaba.nacos.plugin.encryption.handler.EncryptionHandlerTest
[INFO] Tests run: 7, Failures: 0, Errors: 0, Skipped: 0, Time elapsed: 0.040 s -- in com.alibaba.nacos.plugin.encryption.handler.EncryptionHandlerTest
[INFO] Running com.alibaba.nacos.plugin.encryption.handler.EncryptionAesHandlerTest
[INFO] Tests run: 8, Failures: 0, Errors: 0, Skipped: 0, Time elapsed: 0.054 s -- in com.alibaba.nacos.plugin.encryption.handler.EncryptionAesHandlerTest
[INFO] Running com.alibaba.nacos.plugin.encryption.EncryptionPluginManagerTest
[INFO] Tests run: 3, Failures: 0, Errors: 0, Skipped: 0, Time elapsed: 0.003 s -- in com.alibaba.nacos.plugin.encryption.EncryptionPluginManagerTest
[INFO] 
[INFO] Results:
[INFO] 
[INFO] Tests run: 18, Failures: 0, Errors: 0, Skipped: 0
[INFO] 
[INFO] 
[INFO] --- jacoco-maven-plugin:0.8.13:report (default-report) @ nacos-encryption-plugin ---
[INFO] Loading execution data file /Users/xinluo/sources/nacos/plugin/encryption/target/coverage-reports/jacoco-unit.exec
[INFO] Analyzed bundle 'nacos-encryption-plugin 3.1.0-SNAPSHOT' with 2 classes
[INFO] 
[INFO] --- easyj-maven-plugin:1.1.5:simplify-pom (flatten-pom) @ nacos-encryption-plugin ---
[INFO] Create PomSimplifier by mode: auto
[INFO] The simplify mode is: JAR
[INFO] Do simplify by the POM simplifier: JarPomSimplifier
[INFO] 
[INFO] ==================================  start simplify  ==================================
[INFO] Remove Parent.
[INFO] Set GroupId from 'null' to 'com.alibaba.nacos'.
[INFO] Set Version from 'null' to '3.1.0-SNAPSHOT'.
[INFO] Set Name from 'nacos-encryption-plugin ${project.version}' to 'nacos-encryption-plugin 3.1.0-SNAPSHOT'.
[INFO] -------------------------------------------
[INFO] Copy project info from parent for the open source project:
[INFO]    Copy Licenses.
[INFO]    Copy Developers.
[INFO]    Copy Scm.
[INFO]    Copy Organization.
[INFO]    Copy IssueManagement.
[INFO] -------------------------------------------
[INFO] -------------------------------------------
[INFO] Reset dependencies: groupId, version, exclusions (Contains 1 dependencies)
[INFO]   Remove dependency by scope=provided: [com.alibaba.nacos:nacos-common:3.1.0-SNAPSHOT:provided]
[INFO] Remaining 0 dependencies.
[INFO] -------------------------------------------
[INFO] Remove Properties.
[INFO] ==================================   end  simplify  ==================================
[INFO] 
[INFO] Create the POM file '.flattened-pom.xml'.
[INFO] Set the POM file '.flattened-pom.xml' to the project object.
[INFO] 
[INFO] --- maven-jar-plugin:3.2.2:jar (default-jar) @ nacos-encryption-plugin ---
[INFO] Building jar: /Users/xinluo/sources/nacos/plugin/encryption/target/nacos-encryption-plugin-3.1.0-SNAPSHOT.jar
[INFO] 
[INFO] --- maven-javadoc-plugin:2.10.4:jar (attach-javadocs) @ nacos-encryption-plugin ---
[INFO] Skipping javadoc generation
[INFO] 
[INFO] >>> maven-source-plugin:3.0.1:jar (attach-sources) > generate-sources @ nacos-encryption-plugin >>>
[INFO] 
[INFO] --- maven-enforcer-plugin:3.5.0:enforce (enforce-ban-circular-dependencies) @ nacos-encryption-plugin ---
[INFO] Rule 0: org.codehaus.mojo.extraenforcer.dependencies.BanCircularDependencies passed
[INFO] 
[INFO] --- maven-checkstyle-plugin:3.1.2:check (validate) @ nacos-encryption-plugin ---
[WARNING] Old version of checkstyle detected. Consider updating to >= v8.30
[WARNING] For more information see: https://maven.apache.org/plugins/maven-checkstyle-plugin/examples/upgrading-checkstyle.html
[INFO] 开始检查……
检查完成。
[INFO] You have 0 Checkstyle violations.
[INFO] 
[INFO] --- jacoco-maven-plugin:0.8.13:prepare-agent (default-prepare-agent) @ nacos-encryption-plugin ---
[INFO] argLine set to -javaagent:/var/root/.m2/repository/org/jacoco/org.jacoco.agent/0.8.13/org.jacoco.agent-0.8.13-runtime.jar=destfile=/Users/xinluo/sources/nacos/plugin/encryption/target/coverage-reports/jacoco-unit.exec,append=true,excludes=**/grpc/auto/**:**/packagescan/classreading/**:**/packagescan/resource/**:**/packagescan/util/**,output=file
[INFO] 
[INFO] --- build-helper-maven-plugin:3.2.0:add-source (add-source) @ nacos-encryption-plugin ---
[INFO] Source directory: /Users/xinluo/sources/nacos/plugin/encryption/target/generated-sources/protobuf/java added.
[INFO] 
[INFO] <<< maven-source-plugin:3.0.1:jar (attach-sources) < generate-sources @ nacos-encryption-plugin <<<
[INFO] 
[INFO] 
[INFO] --- maven-source-plugin:3.0.1:jar (attach-sources) @ nacos-encryption-plugin ---
[INFO] Building jar: /Users/xinluo/sources/nacos/plugin/encryption/target/nacos-encryption-plugin-3.1.0-SNAPSHOT-sources.jar
[INFO] 
[INFO] >>> maven-pmd-plugin:3.16.0:check (default) > :pmd @ nacos-encryption-plugin >>>
[INFO] 
[INFO] --- maven-pmd-plugin:3.16.0:pmd (pmd) @ nacos-encryption-plugin ---
[WARNING] Unable to locate Source XRef to link to - DISABLED
[WARNING] Unable to locate Source XRef to link to - DISABLED
[INFO] PMD version: 6.42.0
[WARNING] Rule /Users/xinluo/sources/nacos/plugin/encryption/target/pmd/rulesets/ali-comment.xml/CommentsMustBeJavadocFormatRule does not mention attribute language='java', please mention it explicitly to be compatible with PMD 7
[WARNING] Rule /Users/xinluo/sources/nacos/plugin/encryption/target/pmd/rulesets/ali-comment.xml/CommentsMustBeJavadocFormatRule does not mention attribute language='java', please mention it explicitly to be compatible with PMD 7
[WARNING] Rule /Users/xinluo/sources/nacos/plugin/encryption/target/pmd/rulesets/ali-comment.xml/AbstractMethodOrInterfaceMethodMustUseJavadocRule does not mention attribute language='java', please mention it explicitly to be compatible with PMD 7
[WARNING] Rule /Users/xinluo/sources/nacos/plugin/encryption/target/pmd/rulesets/ali-comment.xml/AbstractMethodOrInterfaceMethodMustUseJavadocRule does not mention attribute language='java', please mention it explicitly to be compatible with PMD 7
[WARNING] Rule /Users/xinluo/sources/nacos/plugin/encryption/target/pmd/rulesets/ali-comment.xml/ClassMustHaveAuthorRule does not mention attribute language='java', please mention it explicitly to be compatible with PMD 7
[WARNING] Rule /Users/xinluo/sources/nacos/plugin/encryption/target/pmd/rulesets/ali-comment.xml/ClassMustHaveAuthorRule does not mention attribute language='java', please mention it explicitly to be compatible with PMD 7
[WARNING] Rule /Users/xinluo/sources/nacos/plugin/encryption/target/pmd/rulesets/ali-comment.xml/EnumConstantsMustHaveCommentRule does not mention attribute language='java', please mention it explicitly to be compatible with PMD 7
[WARNING] Rule /Users/xinluo/sources/nacos/plugin/encryption/target/pmd/rulesets/ali-comment.xml/EnumConstantsMustHaveCommentRule does not mention attribute language='java', please mention it explicitly to be compatible with PMD 7
[WARNING] Rule /Users/xinluo/sources/nacos/plugin/encryption/target/pmd/rulesets/ali-comment.xml/AvoidCommentBehindStatementRule does not mention attribute language='java', please mention it explicitly to be compatible with PMD 7
[WARNING] Rule /Users/xinluo/sources/nacos/plugin/encryption/target/pmd/rulesets/ali-comment.xml/AvoidCommentBehindStatementRule does not mention attribute language='java', please mention it explicitly to be compatible with PMD 7
[WARNING] Rule /Users/xinluo/sources/nacos/plugin/encryption/target/pmd/rulesets/ali-comment.xml/RemoveCommentedCodeRule does not mention attribute language='java', please mention it explicitly to be compatible with PMD 7
[WARNING] Rule /Users/xinluo/sources/nacos/plugin/encryption/target/pmd/rulesets/ali-comment.xml/RemoveCommentedCodeRule does not mention attribute language='java', please mention it explicitly to be compatible with PMD 7
[WARNING] Rule /Users/xinluo/sources/nacos/plugin/encryption/target/pmd/rulesets/ali-constant.xml/UpperEllRule does not mention attribute language='java', please mention it explicitly to be compatible with PMD 7
[WARNING] Rule /Users/xinluo/sources/nacos/plugin/encryption/target/pmd/rulesets/ali-constant.xml/UpperEllRule does not mention attribute language='java', please mention it explicitly to be compatible with PMD 7
[WARNING] Rule /Users/xinluo/sources/nacos/plugin/encryption/target/pmd/rulesets/ali-constant.xml/UndefineMagicConstantRule does not mention attribute language='java', please mention it explicitly to be compatible with PMD 7
[WARNING] Rule /Users/xinluo/sources/nacos/plugin/encryption/target/pmd/rulesets/ali-constant.xml/UndefineMagicConstantRule does not mention attribute language='java', please mention it explicitly to be compatible with PMD 7
[WARNING] Rule /Users/xinluo/sources/nacos/plugin/encryption/target/pmd/rulesets/ali-set.xml/ClassCastExceptionWithToArrayRule does not mention attribute language='java', please mention it explicitly to be compatible with PMD 7
[WARNING] Rule /Users/xinluo/sources/nacos/plugin/encryption/target/pmd/rulesets/ali-set.xml/ClassCastExceptionWithToArrayRule does not mention attribute language='java', please mention it explicitly to be compatible with PMD 7
[WARNING] Rule /Users/xinluo/sources/nacos/plugin/encryption/target/pmd/rulesets/ali-set.xml/UnsupportedExceptionWithModifyAsListRule does not mention attribute language='java', please mention it explicitly to be compatible with PMD 7
[WARNING] Rule /Users/xinluo/sources/nacos/plugin/encryption/target/pmd/rulesets/ali-set.xml/UnsupportedExceptionWithModifyAsListRule does not mention attribute language='java', please mention it explicitly to be compatible with PMD 7
[WARNING] Rule /Users/xinluo/sources/nacos/plugin/encryption/target/pmd/rulesets/ali-set.xml/ClassCastExceptionWithSubListToArrayListRule does not mention attribute language='java', please mention it explicitly to be compatible with PMD 7
[WARNING] Rule /Users/xinluo/sources/nacos/plugin/encryption/target/pmd/rulesets/ali-set.xml/ClassCastExceptionWithSubListToArrayListRule does not mention attribute language='java', please mention it explicitly to be compatible with PMD 7
[WARNING] Rule /Users/xinluo/sources/nacos/plugin/encryption/target/pmd/rulesets/ali-set.xml/ConcurrentExceptionWithModifyOriginSubListRule does not mention attribute language='java', please mention it explicitly to be compatible with PMD 7
[WARNING] Rule /Users/xinluo/sources/nacos/plugin/encryption/target/pmd/rulesets/ali-set.xml/ConcurrentExceptionWithModifyOriginSubListRule does not mention attribute language='java', please mention it explicitly to be compatible with PMD 7
[WARNING] Rule /Users/xinluo/sources/nacos/plugin/encryption/target/pmd/rulesets/ali-set.xml/DontModifyInForeachCircleRule does not mention attribute language='java', please mention it explicitly to be compatible with PMD 7
[WARNING] Rule /Users/xinluo/sources/nacos/plugin/encryption/target/pmd/rulesets/ali-set.xml/DontModifyInForeachCircleRule does not mention attribute language='java', please mention it explicitly to be compatible with PMD 7
[WARNING] Rule /Users/xinluo/sources/nacos/plugin/encryption/target/pmd/rulesets/ali-set.xml/CollectionInitShouldAssignCapacityRule does not mention attribute language='java', please mention it explicitly to be compatible with PMD 7
[WARNING] Rule /Users/xinluo/sources/nacos/plugin/encryption/target/pmd/rulesets/ali-set.xml/CollectionInitShouldAssignCapacityRule does not mention attribute language='java', please mention it explicitly to be compatible with PMD 7
[WARNING] Use of deprecated attribute 'ClassOrInterfaceDeclaration/@Image' by XPath rule 'BooleanPropertyShouldNotStartWithIsRule' (in ruleset 'AlibabaJavaNaming'), please use @SimpleName instead
[WARNING] Use of deprecated attribute 'ClassOrInterfaceDeclaration/@Image' by XPath rule 'BooleanPropertyShouldNotStartWithIsRule' (in ruleset 'AlibabaJavaNaming'), please use @SimpleName instead
[WARNING] Use of deprecated attribute 'FieldDeclaration/@Array' by XPath rule 'ArrayNamingShouldHaveBracketRule' (in ruleset 'AlibabaJavaNaming')
[WARNING] Use of deprecated attribute 'FieldDeclaration/@Array' by XPath rule 'ArrayNamingShouldHaveBracketRule' (in ruleset 'AlibabaJavaNaming')
[WARNING] Use of deprecated attribute 'LocalVariableDeclaration/@Array' by XPath rule 'ArrayNamingShouldHaveBracketRule' (in ruleset 'AlibabaJavaNaming')
[WARNING] Use of deprecated attribute 'LocalVariableDeclaration/@Array' by XPath rule 'ArrayNamingShouldHaveBracketRule' (in ruleset 'AlibabaJavaNaming')
[INFO] 
[INFO] <<< maven-pmd-plugin:3.16.0:check (default) < :pmd @ nacos-encryption-plugin <<<
[INFO] 
[INFO] 
[INFO] --- maven-pmd-plugin:3.16.0:check (default) @ nacos-encryption-plugin ---
[INFO] PMD version: 6.42.0
[INFO] 
[INFO] 
[INFO] --- apache-rat-plugin:0.12:check (default) @ nacos-encryption-plugin ---
[INFO] Enabled default license matchers.
[INFO] Will parse SCM ignores for exclusions...
[INFO] Finished adding exclusions from SCM ignore files.
[INFO] 61 implicit excludes (use -debug for more details).
[INFO] Exclude: .editorconfig
[INFO] Exclude: .travis.yml
[INFO] Exclude: codecov.yml
[INFO] Exclude: CONTRIBUTING.md
[INFO] Exclude: CODE_OF_CONDUCT.md
[INFO] Exclude: CHANGELOG.md
[INFO] Exclude: style/codeStyle.md
[INFO] Exclude: REPORTING-BUGS.md
[INFO] Exclude: README.md
[INFO] Exclude: .github/**/*
[INFO] Exclude: doc/*
[INFO] Exclude: derby.log
[INFO] Exclude: logs/*
[INFO] Exclude: src/main/resources/static/**
[INFO] Exclude: **/istio/model/**
[INFO] Exclude: **/consistency/entity/**
[INFO] Exclude: **/*.txt
[INFO] Exclude: **/*.factories
[INFO] Exclude: /console-ui/**
[INFO] Exclude: **/gogo.proto
[INFO] Exclude: **/any.proto
[INFO] Exclude: src/main/java/com/alibaba/nacos/common/packagescan/classreading/**
[INFO] Exclude: .flattened-pom.xml
[INFO] Exclude: **/announcement*.conf
[INFO] Exclude: **/console-guide.conf
[INFO] Exclude: **/reflect-config.json
[INFO] Exclude: **/resource-config.json
[INFO] Exclude: **/proxy-config.json
[INFO] Exclude: **/jni-config.json
[INFO] Exclude: **/predefined-classes-config.json
[INFO] Exclude: **/serialization-config.json
[INFO] Exclude: **/filter-config.json
[INFO] Exclude: **/disk_cache_test/**
[INFO] Exclude: **/failover_test/**
[INFO] Exclude: lefthook.yml
[INFO] Exclude: .vscode/**
[INFO] 7 resources included (use -debug for more details)
[INFO] Rat check: Summary over all files. Unapproved: 0, unknown: 0, generated: 0, approved: 7 licenses.
[INFO] 
[INFO] --- maven-install-plugin:2.4:install (default-install) @ nacos-encryption-plugin ---
[INFO] Installing /Users/xinluo/sources/nacos/plugin/encryption/target/nacos-encryption-plugin-3.1.0-SNAPSHOT.jar to /var/root/.m2/repository/com/alibaba/nacos/nacos-encryption-plugin/3.1.0-SNAPSHOT/nacos-encryption-plugin-3.1.0-SNAPSHOT.jar
[INFO] Installing /Users/xinluo/sources/nacos/plugin/encryption/.flattened-pom.xml to /var/root/.m2/repository/com/alibaba/nacos/nacos-encryption-plugin/3.1.0-SNAPSHOT/nacos-encryption-plugin-3.1.0-SNAPSHOT.pom
[INFO] Installing /Users/xinluo/sources/nacos/plugin/encryption/target/nacos-encryption-plugin-3.1.0-SNAPSHOT-sources.jar to /var/root/.m2/repository/com/alibaba/nacos/nacos-encryption-plugin/3.1.0-SNAPSHOT/nacos-encryption-plugin-3.1.0-SNAPSHOT-sources.jar
[INFO] 
[INFO] ---------------< com.alibaba.nacos:nacos-config-plugin >----------------
[INFO] Building nacos-config-plugin 3.1.0-SNAPSHOT 3.1.0-SNAPSHOT       [16/45]
[INFO] --------------------------------[ jar ]---------------------------------
[INFO] 
[INFO] --- maven-clean-plugin:2.5:clean (default-clean) @ nacos-config-plugin ---
[INFO] Deleting /Users/xinluo/sources/nacos/plugin/config/target
[INFO] 
[INFO] --- easyj-maven-plugin:1.1.5:clean-simplify-pom (clean-flattened-pom) @ nacos-config-plugin ---
[INFO] Deleting /Users/xinluo/sources/nacos/plugin/config/.flattened-pom.xml
[INFO] 
[INFO] --- maven-enforcer-plugin:3.5.0:enforce (enforce-ban-circular-dependencies) @ nacos-config-plugin ---
[INFO] Rule 0: org.codehaus.mojo.extraenforcer.dependencies.BanCircularDependencies passed
[INFO] 
[INFO] --- maven-checkstyle-plugin:3.1.2:check (validate) @ nacos-config-plugin ---
[WARNING] Old version of checkstyle detected. Consider updating to >= v8.30
[WARNING] For more information see: https://maven.apache.org/plugins/maven-checkstyle-plugin/examples/upgrading-checkstyle.html
[INFO] 开始检查……
检查完成。
[INFO] You have 0 Checkstyle violations.
[INFO] 
[INFO] --- jacoco-maven-plugin:0.8.13:prepare-agent (default-prepare-agent) @ nacos-config-plugin ---
[INFO] argLine set to -javaagent:/var/root/.m2/repository/org/jacoco/org.jacoco.agent/0.8.13/org.jacoco.agent-0.8.13-runtime.jar=destfile=/Users/xinluo/sources/nacos/plugin/config/target/coverage-reports/jacoco-unit.exec,append=true,excludes=**/grpc/auto/**:**/packagescan/classreading/**:**/packagescan/resource/**:**/packagescan/util/**,output=file
[INFO] 
[INFO] --- build-helper-maven-plugin:3.2.0:add-source (add-source) @ nacos-config-plugin ---
[INFO] Source directory: /Users/xinluo/sources/nacos/plugin/config/target/generated-sources/protobuf/java added.
[INFO] 
[INFO] --- maven-resources-plugin:3.0.2:resources (default-resources) @ nacos-config-plugin ---
[INFO] Using 'UTF-8' encoding to copy filtered resources.
[INFO] skip non existing resourceDirectory /Users/xinluo/sources/nacos/plugin/config/src/main/resources
[INFO] 
[INFO] --- maven-compiler-plugin:3.5.1:compile (default-compile) @ nacos-config-plugin ---
[INFO] Changes detected - recompiling the module!
[INFO] Compiling 7 source files to /Users/xinluo/sources/nacos/plugin/config/target/classes
[WARNING] 未与 -source 17 一起设置系统模块路径
[INFO] 
[INFO] --- maven-resources-plugin:3.0.2:testResources (default-testResources) @ nacos-config-plugin ---
[INFO] Using 'UTF-8' encoding to copy filtered resources.
[INFO] skip non existing resourceDirectory /Users/xinluo/sources/nacos/plugin/config/src/test/resources
[INFO] 
[INFO] --- maven-compiler-plugin:3.5.1:testCompile (default-testCompile) @ nacos-config-plugin ---
[INFO] Changes detected - recompiling the module!
[INFO] Compiling 1 source file to /Users/xinluo/sources/nacos/plugin/config/target/test-classes
[WARNING] 未与 -source 17 一起设置系统模块路径
[INFO] 
[INFO] --- maven-surefire-plugin:3.2.5:test (default-test) @ nacos-config-plugin ---
[INFO] Surefire report directory: /Users/xinluo/sources/nacos/plugin/config/target/surefire-reports
[INFO] Using auto detected provider org.apache.maven.surefire.junitplatform.JUnitPlatformProvider
[INFO] 
[INFO] -------------------------------------------------------
[INFO]  T E S T S
[INFO] -------------------------------------------------------
[INFO] Running com.alibaba.nacos.plugin.config.ConfigChangePluginManagerTests
[INFO] Tests run: 3, Failures: 0, Errors: 0, Skipped: 0, Time elapsed: 0.038 s -- in com.alibaba.nacos.plugin.config.ConfigChangePluginManagerTests
[INFO] 
[INFO] Results:
[INFO] 
[INFO] Tests run: 3, Failures: 0, Errors: 0, Skipped: 0
[INFO] 
[INFO] 
[INFO] --- jacoco-maven-plugin:0.8.13:report (default-report) @ nacos-config-plugin ---
[INFO] Loading execution data file /Users/xinluo/sources/nacos/plugin/config/target/coverage-reports/jacoco-unit.exec
[INFO] Analyzed bundle 'nacos-config-plugin 3.1.0-SNAPSHOT' with 6 classes
[INFO] 
[INFO] --- easyj-maven-plugin:1.1.5:simplify-pom (flatten-pom) @ nacos-config-plugin ---
[INFO] Create PomSimplifier by mode: auto
[INFO] The simplify mode is: JAR
[INFO] Do simplify by the POM simplifier: JarPomSimplifier
[INFO] 
[INFO] ==================================  start simplify  ==================================
[INFO] Remove Parent.
[INFO] Set GroupId from 'null' to 'com.alibaba.nacos'.
[INFO] Set Version from 'null' to '3.1.0-SNAPSHOT'.
[INFO] Set Name from 'nacos-config-plugin ${project.version}' to 'nacos-config-plugin 3.1.0-SNAPSHOT'.
[INFO] -------------------------------------------
[INFO] Copy project info from parent for the open source project:
[INFO]    Copy Licenses.
[INFO]    Copy Developers.
[INFO]    Copy Scm.
[INFO]    Copy Organization.
[INFO]    Copy IssueManagement.
[INFO] -------------------------------------------
[INFO] -------------------------------------------
[INFO] Reset dependencies: groupId, version, exclusions (Contains 1 dependencies)
[INFO]   Remove dependency by scope=provided: [com.alibaba.nacos:nacos-common:3.1.0-SNAPSHOT:provided]
[INFO] Remaining 0 dependencies.
[INFO] -------------------------------------------
[INFO] ==================================   end  simplify  ==================================
[INFO] 
[INFO] Create the POM file '.flattened-pom.xml'.
[INFO] Set the POM file '.flattened-pom.xml' to the project object.
[INFO] 
[INFO] --- maven-jar-plugin:3.2.2:jar (default-jar) @ nacos-config-plugin ---
[INFO] Building jar: /Users/xinluo/sources/nacos/plugin/config/target/nacos-config-plugin-3.1.0-SNAPSHOT.jar
[INFO] 
[INFO] --- maven-javadoc-plugin:2.10.4:jar (attach-javadocs) @ nacos-config-plugin ---
[INFO] Skipping javadoc generation
[INFO] 
[INFO] >>> maven-source-plugin:3.0.1:jar (attach-sources) > generate-sources @ nacos-config-plugin >>>
[INFO] 
[INFO] --- maven-enforcer-plugin:3.5.0:enforce (enforce-ban-circular-dependencies) @ nacos-config-plugin ---
[INFO] Rule 0: org.codehaus.mojo.extraenforcer.dependencies.BanCircularDependencies passed
[INFO] 
[INFO] --- maven-checkstyle-plugin:3.1.2:check (validate) @ nacos-config-plugin ---
[WARNING] Old version of checkstyle detected. Consider updating to >= v8.30
[WARNING] For more information see: https://maven.apache.org/plugins/maven-checkstyle-plugin/examples/upgrading-checkstyle.html
[INFO] 开始检查……
检查完成。
[INFO] You have 0 Checkstyle violations.
[INFO] 
[INFO] --- jacoco-maven-plugin:0.8.13:prepare-agent (default-prepare-agent) @ nacos-config-plugin ---
[INFO] argLine set to -javaagent:/var/root/.m2/repository/org/jacoco/org.jacoco.agent/0.8.13/org.jacoco.agent-0.8.13-runtime.jar=destfile=/Users/xinluo/sources/nacos/plugin/config/target/coverage-reports/jacoco-unit.exec,append=true,excludes=**/grpc/auto/**:**/packagescan/classreading/**:**/packagescan/resource/**:**/packagescan/util/**,output=file
[INFO] 
[INFO] --- build-helper-maven-plugin:3.2.0:add-source (add-source) @ nacos-config-plugin ---
[INFO] Source directory: /Users/xinluo/sources/nacos/plugin/config/target/generated-sources/protobuf/java added.
[INFO] 
[INFO] <<< maven-source-plugin:3.0.1:jar (attach-sources) < generate-sources @ nacos-config-plugin <<<
[INFO] 
[INFO] 
[INFO] --- maven-source-plugin:3.0.1:jar (attach-sources) @ nacos-config-plugin ---
[INFO] Building jar: /Users/xinluo/sources/nacos/plugin/config/target/nacos-config-plugin-3.1.0-SNAPSHOT-sources.jar
[INFO] 
[INFO] >>> maven-pmd-plugin:3.16.0:check (default) > :pmd @ nacos-config-plugin >>>
[INFO] 
[INFO] --- maven-pmd-plugin:3.16.0:pmd (pmd) @ nacos-config-plugin ---
[WARNING] Unable to locate Source XRef to link to - DISABLED
[WARNING] Unable to locate Source XRef to link to - DISABLED
[INFO] PMD version: 6.42.0
[WARNING] Rule /Users/xinluo/sources/nacos/plugin/config/target/pmd/rulesets/ali-comment.xml/CommentsMustBeJavadocFormatRule does not mention attribute language='java', please mention it explicitly to be compatible with PMD 7
[WARNING] Rule /Users/xinluo/sources/nacos/plugin/config/target/pmd/rulesets/ali-comment.xml/CommentsMustBeJavadocFormatRule does not mention attribute language='java', please mention it explicitly to be compatible with PMD 7
[WARNING] Rule /Users/xinluo/sources/nacos/plugin/config/target/pmd/rulesets/ali-comment.xml/AbstractMethodOrInterfaceMethodMustUseJavadocRule does not mention attribute language='java', please mention it explicitly to be compatible with PMD 7
[WARNING] Rule /Users/xinluo/sources/nacos/plugin/config/target/pmd/rulesets/ali-comment.xml/AbstractMethodOrInterfaceMethodMustUseJavadocRule does not mention attribute language='java', please mention it explicitly to be compatible with PMD 7
[WARNING] Rule /Users/xinluo/sources/nacos/plugin/config/target/pmd/rulesets/ali-comment.xml/ClassMustHaveAuthorRule does not mention attribute language='java', please mention it explicitly to be compatible with PMD 7
[WARNING] Rule /Users/xinluo/sources/nacos/plugin/config/target/pmd/rulesets/ali-comment.xml/ClassMustHaveAuthorRule does not mention attribute language='java', please mention it explicitly to be compatible with PMD 7
[WARNING] Rule /Users/xinluo/sources/nacos/plugin/config/target/pmd/rulesets/ali-comment.xml/EnumConstantsMustHaveCommentRule does not mention attribute language='java', please mention it explicitly to be compatible with PMD 7
[WARNING] Rule /Users/xinluo/sources/nacos/plugin/config/target/pmd/rulesets/ali-comment.xml/EnumConstantsMustHaveCommentRule does not mention attribute language='java', please mention it explicitly to be compatible with PMD 7
[WARNING] Rule /Users/xinluo/sources/nacos/plugin/config/target/pmd/rulesets/ali-comment.xml/AvoidCommentBehindStatementRule does not mention attribute language='java', please mention it explicitly to be compatible with PMD 7
[WARNING] Rule /Users/xinluo/sources/nacos/plugin/config/target/pmd/rulesets/ali-comment.xml/AvoidCommentBehindStatementRule does not mention attribute language='java', please mention it explicitly to be compatible with PMD 7
[WARNING] Rule /Users/xinluo/sources/nacos/plugin/config/target/pmd/rulesets/ali-comment.xml/RemoveCommentedCodeRule does not mention attribute language='java', please mention it explicitly to be compatible with PMD 7
[WARNING] Rule /Users/xinluo/sources/nacos/plugin/config/target/pmd/rulesets/ali-comment.xml/RemoveCommentedCodeRule does not mention attribute language='java', please mention it explicitly to be compatible with PMD 7
[WARNING] Rule /Users/xinluo/sources/nacos/plugin/config/target/pmd/rulesets/ali-constant.xml/UpperEllRule does not mention attribute language='java', please mention it explicitly to be compatible with PMD 7
[WARNING] Rule /Users/xinluo/sources/nacos/plugin/config/target/pmd/rulesets/ali-constant.xml/UpperEllRule does not mention attribute language='java', please mention it explicitly to be compatible with PMD 7
[WARNING] Rule /Users/xinluo/sources/nacos/plugin/config/target/pmd/rulesets/ali-constant.xml/UndefineMagicConstantRule does not mention attribute language='java', please mention it explicitly to be compatible with PMD 7
[WARNING] Rule /Users/xinluo/sources/nacos/plugin/config/target/pmd/rulesets/ali-constant.xml/UndefineMagicConstantRule does not mention attribute language='java', please mention it explicitly to be compatible with PMD 7
[WARNING] Rule /Users/xinluo/sources/nacos/plugin/config/target/pmd/rulesets/ali-set.xml/ClassCastExceptionWithToArrayRule does not mention attribute language='java', please mention it explicitly to be compatible with PMD 7
[WARNING] Rule /Users/xinluo/sources/nacos/plugin/config/target/pmd/rulesets/ali-set.xml/ClassCastExceptionWithToArrayRule does not mention attribute language='java', please mention it explicitly to be compatible with PMD 7
[WARNING] Rule /Users/xinluo/sources/nacos/plugin/config/target/pmd/rulesets/ali-set.xml/UnsupportedExceptionWithModifyAsListRule does not mention attribute language='java', please mention it explicitly to be compatible with PMD 7
[WARNING] Rule /Users/xinluo/sources/nacos/plugin/config/target/pmd/rulesets/ali-set.xml/UnsupportedExceptionWithModifyAsListRule does not mention attribute language='java', please mention it explicitly to be compatible with PMD 7
[WARNING] Rule /Users/xinluo/sources/nacos/plugin/config/target/pmd/rulesets/ali-set.xml/ClassCastExceptionWithSubListToArrayListRule does not mention attribute language='java', please mention it explicitly to be compatible with PMD 7
[WARNING] Rule /Users/xinluo/sources/nacos/plugin/config/target/pmd/rulesets/ali-set.xml/ClassCastExceptionWithSubListToArrayListRule does not mention attribute language='java', please mention it explicitly to be compatible with PMD 7
[WARNING] Rule /Users/xinluo/sources/nacos/plugin/config/target/pmd/rulesets/ali-set.xml/ConcurrentExceptionWithModifyOriginSubListRule does not mention attribute language='java', please mention it explicitly to be compatible with PMD 7
[WARNING] Rule /Users/xinluo/sources/nacos/plugin/config/target/pmd/rulesets/ali-set.xml/ConcurrentExceptionWithModifyOriginSubListRule does not mention attribute language='java', please mention it explicitly to be compatible with PMD 7
[WARNING] Rule /Users/xinluo/sources/nacos/plugin/config/target/pmd/rulesets/ali-set.xml/DontModifyInForeachCircleRule does not mention attribute language='java', please mention it explicitly to be compatible with PMD 7
[WARNING] Rule /Users/xinluo/sources/nacos/plugin/config/target/pmd/rulesets/ali-set.xml/DontModifyInForeachCircleRule does not mention attribute language='java', please mention it explicitly to be compatible with PMD 7
[WARNING] Rule /Users/xinluo/sources/nacos/plugin/config/target/pmd/rulesets/ali-set.xml/CollectionInitShouldAssignCapacityRule does not mention attribute language='java', please mention it explicitly to be compatible with PMD 7
[WARNING] Rule /Users/xinluo/sources/nacos/plugin/config/target/pmd/rulesets/ali-set.xml/CollectionInitShouldAssignCapacityRule does not mention attribute language='java', please mention it explicitly to be compatible with PMD 7
[WARNING] Use of deprecated attribute 'ClassOrInterfaceDeclaration/@Image' by XPath rule 'BooleanPropertyShouldNotStartWithIsRule' (in ruleset 'AlibabaJavaNaming'), please use @SimpleName instead
[WARNING] Use of deprecated attribute 'ClassOrInterfaceDeclaration/@Image' by XPath rule 'BooleanPropertyShouldNotStartWithIsRule' (in ruleset 'AlibabaJavaNaming'), please use @SimpleName instead
[WARNING] Use of deprecated attribute 'FieldDeclaration/@Array' by XPath rule 'ArrayNamingShouldHaveBracketRule' (in ruleset 'AlibabaJavaNaming')
[WARNING] Use of deprecated attribute 'FieldDeclaration/@Array' by XPath rule 'ArrayNamingShouldHaveBracketRule' (in ruleset 'AlibabaJavaNaming')
[WARNING] Use of deprecated attribute 'ReferenceType/@Array' by XPath rule 'ArrayNamingShouldHaveBracketRule' (in ruleset 'AlibabaJavaNaming')
[WARNING] Use of deprecated attribute 'ReferenceType/@Array' by XPath rule 'ArrayNamingShouldHaveBracketRule' (in ruleset 'AlibabaJavaNaming')
[WARNING] Use of deprecated attribute 'LocalVariableDeclaration/@Array' by XPath rule 'ArrayNamingShouldHaveBracketRule' (in ruleset 'AlibabaJavaNaming')
[WARNING] Use of deprecated attribute 'LocalVariableDeclaration/@Array' by XPath rule 'ArrayNamingShouldHaveBracketRule' (in ruleset 'AlibabaJavaNaming')
[INFO] 
[INFO] <<< maven-pmd-plugin:3.16.0:check (default) < :pmd @ nacos-config-plugin <<<
[INFO] 
[INFO] 
[INFO] --- maven-pmd-plugin:3.16.0:check (default) @ nacos-config-plugin ---
[INFO] PMD version: 6.42.0
[INFO] 
[INFO] 
[INFO] --- apache-rat-plugin:0.12:check (default) @ nacos-config-plugin ---
[INFO] Enabled default license matchers.
[INFO] Will parse SCM ignores for exclusions...
[INFO] Finished adding exclusions from SCM ignore files.
[INFO] 61 implicit excludes (use -debug for more details).
[INFO] Exclude: .editorconfig
[INFO] Exclude: .travis.yml
[INFO] Exclude: codecov.yml
[INFO] Exclude: CONTRIBUTING.md
[INFO] Exclude: CODE_OF_CONDUCT.md
[INFO] Exclude: CHANGELOG.md
[INFO] Exclude: style/codeStyle.md
[INFO] Exclude: REPORTING-BUGS.md
[INFO] Exclude: README.md
[INFO] Exclude: .github/**/*
[INFO] Exclude: doc/*
[INFO] Exclude: derby.log
[INFO] Exclude: logs/*
[INFO] Exclude: src/main/resources/static/**
[INFO] Exclude: **/istio/model/**
[INFO] Exclude: **/consistency/entity/**
[INFO] Exclude: **/*.txt
[INFO] Exclude: **/*.factories
[INFO] Exclude: /console-ui/**
[INFO] Exclude: **/gogo.proto
[INFO] Exclude: **/any.proto
[INFO] Exclude: src/main/java/com/alibaba/nacos/common/packagescan/classreading/**
[INFO] Exclude: .flattened-pom.xml
[INFO] Exclude: **/announcement*.conf
[INFO] Exclude: **/console-guide.conf
[INFO] Exclude: **/reflect-config.json
[INFO] Exclude: **/resource-config.json
[INFO] Exclude: **/proxy-config.json
[INFO] Exclude: **/jni-config.json
[INFO] Exclude: **/predefined-classes-config.json
[INFO] Exclude: **/serialization-config.json
[INFO] Exclude: **/filter-config.json
[INFO] Exclude: **/disk_cache_test/**
[INFO] Exclude: **/failover_test/**
[INFO] Exclude: lefthook.yml
[INFO] Exclude: .vscode/**
[INFO] 9 resources included (use -debug for more details)
[INFO] Rat check: Summary over all files. Unapproved: 0, unknown: 0, generated: 0, approved: 9 licenses.
[INFO] 
[INFO] --- maven-install-plugin:2.4:install (default-install) @ nacos-config-plugin ---
[INFO] Installing /Users/xinluo/sources/nacos/plugin/config/target/nacos-config-plugin-3.1.0-SNAPSHOT.jar to /var/root/.m2/repository/com/alibaba/nacos/nacos-config-plugin/3.1.0-SNAPSHOT/nacos-config-plugin-3.1.0-SNAPSHOT.jar
[INFO] Installing /Users/xinluo/sources/nacos/plugin/config/.flattened-pom.xml to /var/root/.m2/repository/com/alibaba/nacos/nacos-config-plugin/3.1.0-SNAPSHOT/nacos-config-plugin-3.1.0-SNAPSHOT.pom
[INFO] Installing /Users/xinluo/sources/nacos/plugin/config/target/nacos-config-plugin-3.1.0-SNAPSHOT-sources.jar to /var/root/.m2/repository/com/alibaba/nacos/nacos-config-plugin/3.1.0-SNAPSHOT/nacos-config-plugin-3.1.0-SNAPSHOT-sources.jar
[INFO] 
[INFO] -------------------< com.alibaba.nacos:nacos-config >-------------------
[INFO] Building nacos-config 3.1.0-SNAPSHOT 3.1.0-SNAPSHOT              [17/45]
[INFO] --------------------------------[ jar ]---------------------------------
[INFO] 
[INFO] --- maven-clean-plugin:2.5:clean (default-clean) @ nacos-config ---
[INFO] Deleting /Users/xinluo/sources/nacos/config/target
[INFO] 
[INFO] --- easyj-maven-plugin:1.1.5:clean-simplify-pom (clean-flattened-pom) @ nacos-config ---
[INFO] Deleting /Users/xinluo/sources/nacos/config/.flattened-pom.xml
[INFO] 
[INFO] --- maven-enforcer-plugin:3.5.0:enforce (enforce-ban-circular-dependencies) @ nacos-config ---
[INFO] Rule 0: org.codehaus.mojo.extraenforcer.dependencies.BanCircularDependencies passed
[INFO] 
[INFO] --- maven-checkstyle-plugin:3.1.2:check (validate) @ nacos-config ---
[WARNING] Old version of checkstyle detected. Consider updating to >= v8.30
[WARNING] For more information see: https://maven.apache.org/plugins/maven-checkstyle-plugin/examples/upgrading-checkstyle.html
[INFO] 开始检查……
检查完成。
[INFO] You have 0 Checkstyle violations.
[INFO] 
[INFO] --- jacoco-maven-plugin:0.8.13:prepare-agent (default-prepare-agent) @ nacos-config ---
[INFO] argLine set to -javaagent:/var/root/.m2/repository/org/jacoco/org.jacoco.agent/0.8.13/org.jacoco.agent-0.8.13-runtime.jar=destfile=/Users/xinluo/sources/nacos/config/target/coverage-reports/jacoco-unit.exec,append=true,excludes=**/grpc/auto/**:**/packagescan/classreading/**:**/packagescan/resource/**:**/packagescan/util/**,output=file
[INFO] 
[INFO] --- build-helper-maven-plugin:3.2.0:add-source (add-source) @ nacos-config ---
[INFO] Source directory: /Users/xinluo/sources/nacos/config/target/generated-sources/protobuf/java added.
[INFO] 
[INFO] --- maven-resources-plugin:3.0.2:resources (default-resources) @ nacos-config ---
[INFO] Using 'UTF-8' encoding to copy filtered resources.
[INFO] Copying 12 resources
[INFO] 
[INFO] --- maven-compiler-plugin:3.5.1:compile (default-compile) @ nacos-config ---
[INFO] Changes detected - recompiling the module!
[INFO] Compiling 243 source files to /Users/xinluo/sources/nacos/config/target/classes
[WARNING] 未与 -source 17 一起设置系统模块路径
[WARNING] /Users/xinluo/sources/nacos/config/src/main/java/com/alibaba/nacos/config/server/service/ConfigMigrateService.java:[90,5] com.alibaba.nacos.config.server.service.repository中的com.alibaba.nacos.config.server.service.repository.ConfigInfoBetaPersistService已过时
[WARNING] /Users/xinluo/sources/nacos/config/src/main/java/com/alibaba/nacos/config/server/service/ConfigMigrateService.java:[95,5] com.alibaba.nacos.config.server.service.repository中的com.alibaba.nacos.config.server.service.repository.ConfigInfoTagPersistService已过时
[WARNING] /Users/xinluo/sources/nacos/config/src/main/java/com/alibaba/nacos/config/server/service/ConfigMigrateService.java:[133,33] com.alibaba.nacos.config.server.service.repository中的com.alibaba.nacos.config.server.service.repository.ConfigInfoBetaPersistService已过时
[WARNING] /Users/xinluo/sources/nacos/config/src/main/java/com/alibaba/nacos/config/server/service/ConfigMigrateService.java:[134,13] com.alibaba.nacos.config.server.service.repository中的com.alibaba.nacos.config.server.service.repository.ConfigInfoTagPersistService已过时
[WARNING] /Users/xinluo/sources/nacos/config/src/main/java/com/alibaba/nacos/config/server/filter/CircuitFilter.java:[97,18] java.security 中的 java.security.AccessControlException 已过时, 且标记为待删除
[WARNING] /Users/xinluo/sources/nacos/config/src/main/java/com/alibaba/nacos/config/server/service/capacity/GroupCapacityPersistService.java:[354,32] org.springframework.jdbc.core.JdbcTemplate中的<T>query(java.lang.String,java.lang.Object[],org.springframework.jdbc.core.RowMapper<T>)已过时
[WARNING] /Users/xinluo/sources/nacos/config/src/main/java/com/alibaba/nacos/config/server/service/capacity/TenantCapacityPersistService.java:[322,32] org.springframework.jdbc.core.JdbcTemplate中的<T>query(java.lang.String,java.lang.Object[],org.springframework.jdbc.core.RowMapper<T>)已过时
[WARNING] /Users/xinluo/sources/nacos/config/src/main/java/com/alibaba/nacos/config/server/service/repository/extrnal/ExternalConfigInfoGrayPersistServiceImpl.java:[109,27] org.springframework.jdbc.core.JdbcTemplate中的<T>queryForObject(java.lang.String,java.lang.Object[],org.springframework.jdbc.core.RowMapper<T>)已过时
[WARNING] /Users/xinluo/sources/nacos/config/src/main/java/com/alibaba/nacos/config/server/service/repository/extrnal/ExternalConfigInfoGrayPersistServiceImpl.java:[337,27] org.springframework.jdbc.core.JdbcTemplate中的<T>queryForObject(java.lang.String,java.lang.Object[],org.springframework.jdbc.core.RowMapper<T>)已过时
[WARNING] /Users/xinluo/sources/nacos/config/src/main/java/com/alibaba/nacos/config/server/service/repository/extrnal/ExternalConfigInfoGrayPersistServiceImpl.java:[395,22] org.springframework.jdbc.core.JdbcTemplate中的<T>query(java.lang.String,java.lang.Object[],org.springframework.jdbc.core.RowMapper<T>)已过时
[WARNING] /Users/xinluo/sources/nacos/config/src/main/java/com/alibaba/nacos/config/server/service/repository/extrnal/ExternalConfigInfoGrayPersistServiceImpl.java:[410,18] org.springframework.jdbc.core.JdbcTemplate中的<T>queryForList(java.lang.String,java.lang.Object[],java.lang.Class<T>)已过时
[WARNING] /Users/xinluo/sources/nacos/config/src/main/java/com/alibaba/nacos/config/server/service/repository/extrnal/ExternalConfigMigratePersistServiceImpl.java:[117,28] org.springframework.jdbc.core.JdbcTemplate中的<T>queryForObject(java.lang.String,java.lang.Object[],java.lang.Class<T>)已过时
[WARNING] /Users/xinluo/sources/nacos/config/src/main/java/com/alibaba/nacos/config/server/service/repository/extrnal/ExternalConfigMigratePersistServiceImpl.java:[131,28] org.springframework.jdbc.core.JdbcTemplate中的<T>queryForObject(java.lang.String,java.lang.Object[],java.lang.Class<T>)已过时
[WARNING] /Users/xinluo/sources/nacos/config/src/main/java/com/alibaba/nacos/config/server/service/repository/extrnal/ExternalConfigMigratePersistServiceImpl.java:[146,18] org.springframework.jdbc.core.JdbcTemplate中的<T>queryForList(java.lang.String,java.lang.Object[],java.lang.Class<T>)已过时
[WARNING] /Users/xinluo/sources/nacos/config/src/main/java/com/alibaba/nacos/config/server/service/repository/extrnal/ExternalConfigMigratePersistServiceImpl.java:[157,18] org.springframework.jdbc.core.JdbcTemplate中的<T>queryForList(java.lang.String,java.lang.Object[],java.lang.Class<T>)已过时
[WARNING] /Users/xinluo/sources/nacos/config/src/main/java/com/alibaba/nacos/config/server/service/repository/extrnal/ExternalConfigMigratePersistServiceImpl.java:[172,18] org.springframework.jdbc.core.JdbcTemplate中的<T>query(java.lang.String,java.lang.Object[],org.springframework.jdbc.core.RowMapper<T>)已过时
[WARNING] /Users/xinluo/sources/nacos/config/src/main/java/com/alibaba/nacos/config/server/service/repository/extrnal/ExternalConfigMigratePersistServiceImpl.java:[188,18] org.springframework.jdbc.core.JdbcTemplate中的<T>query(java.lang.String,java.lang.Object[],org.springframework.jdbc.core.RowMapper<T>)已过时
[WARNING] /Users/xinluo/sources/nacos/config/src/main/java/com/alibaba/nacos/config/server/service/repository/extrnal/ExternalConfigInfoTagPersistServiceImpl.java:[65,65] com.alibaba.nacos.config.server.service.repository中的com.alibaba.nacos.config.server.service.repository.ConfigInfoTagPersistService已过时
[WARNING] /Users/xinluo/sources/nacos/config/src/main/java/com/alibaba/nacos/config/server/service/repository/extrnal/ExternalConfigInfoTagPersistServiceImpl.java:[96,27] org.springframework.jdbc.core.JdbcTemplate中的<T>queryForObject(java.lang.String,java.lang.Object[],org.springframework.jdbc.core.RowMapper<T>)已过时
[WARNING] /Users/xinluo/sources/nacos/config/src/main/java/com/alibaba/nacos/config/server/service/repository/extrnal/ExternalConfigInfoTagPersistServiceImpl.java:[247,27] org.springframework.jdbc.core.JdbcTemplate中的<T>queryForObject(java.lang.String,java.lang.Object[],org.springframework.jdbc.core.RowMapper<T>)已过时
[WARNING] /Users/xinluo/sources/nacos/config/src/main/java/com/alibaba/nacos/config/server/service/repository/extrnal/ExternalConfigInfoTagPersistServiceImpl.java:[299,18] org.springframework.jdbc.core.JdbcTemplate中的<T>queryForList(java.lang.String,java.lang.Object[],java.lang.Class<T>)已过时
[WARNING] /Users/xinluo/sources/nacos/config/src/main/java/com/alibaba/nacos/config/server/service/repository/embedded/EmbeddedConfigInfoTagPersistServiceImpl.java:[65,65] com.alibaba.nacos.config.server.service.repository中的com.alibaba.nacos.config.server.service.repository.ConfigInfoTagPersistService已过时
[WARNING] /Users/xinluo/sources/nacos/config/src/main/java/com/alibaba/nacos/config/server/service/repository/embedded/EmbeddedHistoryConfigInfoPersistServiceImpl.java:[200,16] com.alibaba.nacos.config.server.service.repository.HistoryConfigInfoPersistService中的findConfigHistoryCountByTime(java.sql.Timestamp)已过时
[WARNING] /Users/xinluo/sources/nacos/config/src/main/java/com/alibaba/nacos/config/server/service/repository/extrnal/ExternalConfigInfoPersistServiceImpl.java:[459,32] com.alibaba.nacos.config.server.service.repository.ConfigInfoPersistService中的removeConfigInfoByIds(java.util.List<java.lang.Long>,java.lang.String,java.lang.String)已过时
[WARNING] /Users/xinluo/sources/nacos/config/src/main/java/com/alibaba/nacos/config/server/service/repository/extrnal/ExternalConfigInfoPersistServiceImpl.java:[736,27] org.springframework.jdbc.core.JdbcTemplate中的<T>queryForObject(java.lang.String,java.lang.Object[],org.springframework.jdbc.core.RowMapper<T>)已过时
[WARNING] /Users/xinluo/sources/nacos/config/src/main/java/com/alibaba/nacos/config/server/service/repository/extrnal/ExternalConfigInfoPersistServiceImpl.java:[753,27] org.springframework.jdbc.core.JdbcTemplate中的<T>queryForObject(java.lang.String,java.lang.Object[],org.springframework.jdbc.core.RowMapper<T>)已过时
[WARNING] /Users/xinluo/sources/nacos/config/src/main/java/com/alibaba/nacos/config/server/service/repository/extrnal/ExternalConfigInfoPersistServiceImpl.java:[841,28] org.springframework.jdbc.core.JdbcTemplate中的<T>queryForObject(java.lang.String,java.lang.Object[],java.lang.Class<T>)已过时
[WARNING] /Users/xinluo/sources/nacos/config/src/main/java/com/alibaba/nacos/config/server/service/repository/extrnal/ExternalConfigInfoPersistServiceImpl.java:[854,18] org.springframework.jdbc.core.JdbcTemplate中的<T>queryForList(java.lang.String,java.lang.Object[],java.lang.Class<T>)已过时
[WARNING] /Users/xinluo/sources/nacos/config/src/main/java/com/alibaba/nacos/config/server/service/repository/extrnal/ExternalConfigInfoPersistServiceImpl.java:[863,18] org.springframework.jdbc.core.JdbcTemplate中的<T>queryForList(java.lang.String,java.lang.Object[],java.lang.Class<T>)已过时
[WARNING] /Users/xinluo/sources/nacos/config/src/main/java/com/alibaba/nacos/config/server/service/repository/extrnal/ExternalConfigInfoPersistServiceImpl.java:[964,22] org.springframework.jdbc.core.JdbcTemplate中的<T>query(java.lang.String,java.lang.Object[],org.springframework.jdbc.core.RowMapper<T>)已过时
[WARNING] /Users/xinluo/sources/nacos/config/src/main/java/com/alibaba/nacos/config/server/service/repository/extrnal/ExternalConfigInfoPersistServiceImpl.java:[979,22] org.springframework.jdbc.core.JdbcTemplate中的<T>queryForList(java.lang.String,java.lang.Object[],java.lang.Class<T>)已过时
[WARNING] /Users/xinluo/sources/nacos/config/src/main/java/com/alibaba/nacos/config/server/service/repository/extrnal/ExternalConfigInfoPersistServiceImpl.java:[1007,27] org.springframework.jdbc.core.JdbcTemplate中的<T>query(java.lang.String,java.lang.Object[],org.springframework.jdbc.core.RowMapper<T>)已过时
[WARNING] /Users/xinluo/sources/nacos/config/src/main/java/com/alibaba/nacos/config/server/service/repository/extrnal/ExternalConfigInfoPersistServiceImpl.java:[1023,54] org.springframework.jdbc.core.JdbcTemplate中的<T>queryForObject(java.lang.String,java.lang.Object[],org.springframework.jdbc.core.RowMapper<T>)已过时
[WARNING] /Users/xinluo/sources/nacos/config/src/main/java/com/alibaba/nacos/config/server/service/repository/extrnal/ExternalConfigInfoPersistServiceImpl.java:[1054,50] org.springframework.jdbc.core.JdbcTemplate中的<T>queryForObject(java.lang.String,java.lang.Object[],org.springframework.jdbc.core.RowMapper<T>)已过时
[WARNING] /Users/xinluo/sources/nacos/config/src/main/java/com/alibaba/nacos/config/server/service/repository/extrnal/ExternalConfigInfoPersistServiceImpl.java:[1085,27] org.springframework.jdbc.core.JdbcTemplate中的<T>queryForObject(java.lang.String,java.lang.Object[],org.springframework.jdbc.core.RowMapper<T>)已过时
[WARNING] /Users/xinluo/sources/nacos/config/src/main/java/com/alibaba/nacos/config/server/service/repository/extrnal/ExternalConfigInfoPersistServiceImpl.java:[1120,52] org.springframework.jdbc.core.JdbcTemplate中的<T>query(java.lang.String,java.lang.Object[],org.springframework.jdbc.core.RowMapper<T>)已过时
[WARNING] /Users/xinluo/sources/nacos/config/src/main/java/com/alibaba/nacos/config/server/service/repository/extrnal/ExternalConfigInfoPersistServiceImpl.java:[1158,27] org.springframework.jdbc.core.JdbcTemplate中的<T>query(java.lang.String,java.lang.Object[],org.springframework.jdbc.core.RowMapper<T>)已过时
[WARNING] /Users/xinluo/sources/nacos/config/src/main/java/com/alibaba/nacos/config/server/controller/v3/ConfigControllerV3.java:[133,19] com.alibaba.nacos.config.server.service.repository中的com.alibaba.nacos.config.server.service.repository.ConfigInfoBetaPersistService已过时
[WARNING] /Users/xinluo/sources/nacos/config/src/main/java/com/alibaba/nacos/config/server/controller/v3/ConfigControllerV3.java:[149,13] com.alibaba.nacos.config.server.service.repository中的com.alibaba.nacos.config.server.service.repository.ConfigInfoBetaPersistService已过时
[WARNING] /Users/xinluo/sources/nacos/config/src/main/java/com/alibaba/nacos/config/server/service/repository/embedded/EmbeddedConfigInfoPersistServiceImpl.java:[470,32] com.alibaba.nacos.config.server.service.repository.ConfigInfoPersistService中的removeConfigInfoByIds(java.util.List<java.lang.Long>,java.lang.String,java.lang.String)已过时
[WARNING] /Users/xinluo/sources/nacos/config/src/main/java/com/alibaba/nacos/config/server/service/repository/extrnal/ExternalConfigInfoBetaPersistServiceImpl.java:[63,66] com.alibaba.nacos.config.server.service.repository中的com.alibaba.nacos.config.server.service.repository.ConfigInfoBetaPersistService已过时
[WARNING] /Users/xinluo/sources/nacos/config/src/main/java/com/alibaba/nacos/config/server/service/repository/extrnal/ExternalConfigInfoBetaPersistServiceImpl.java:[185,27] org.springframework.jdbc.core.JdbcTemplate中的<T>queryForObject(java.lang.String,java.lang.Object[],org.springframework.jdbc.core.RowMapper<T>)已过时
[WARNING] /Users/xinluo/sources/nacos/config/src/main/java/com/alibaba/nacos/config/server/service/repository/extrnal/ExternalConfigInfoBetaPersistServiceImpl.java:[250,27] org.springframework.jdbc.core.JdbcTemplate中的<T>queryForObject(java.lang.String,java.lang.Object[],org.springframework.jdbc.core.RowMapper<T>)已过时
[WARNING] /Users/xinluo/sources/nacos/config/src/main/java/com/alibaba/nacos/config/server/service/repository/embedded/EmbeddedConfigInfoBetaPersistServiceImpl.java:[65,66] com.alibaba.nacos.config.server.service.repository中的com.alibaba.nacos.config.server.service.repository.ConfigInfoBetaPersistService已过时
[WARNING] /Users/xinluo/sources/nacos/config/src/main/java/com/alibaba/nacos/config/server/service/repository/extrnal/ExternalHistoryConfigInfoPersistServiceImpl.java:[231,16] com.alibaba.nacos.config.server.service.repository.HistoryConfigInfoPersistService中的findConfigHistoryCountByTime(java.sql.Timestamp)已过时
[WARNING] /Users/xinluo/sources/nacos/config/src/main/java/com/alibaba/nacos/config/server/service/repository/extrnal/ExternalHistoryConfigInfoPersistServiceImpl.java:[139,60] org.springframework.jdbc.core.JdbcTemplate中的<T>query(java.lang.String,java.lang.Object[],org.springframework.jdbc.core.RowMapper<T>)已过时
[WARNING] /Users/xinluo/sources/nacos/config/src/main/java/com/alibaba/nacos/config/server/service/repository/extrnal/ExternalHistoryConfigInfoPersistServiceImpl.java:[199,47] org.springframework.jdbc.core.JdbcTemplate中的<T>queryForObject(java.lang.String,java.lang.Object[],org.springframework.jdbc.core.RowMapper<T>)已过时
[WARNING] /Users/xinluo/sources/nacos/config/src/main/java/com/alibaba/nacos/config/server/service/repository/extrnal/ExternalHistoryConfigInfoPersistServiceImpl.java:[219,47] org.springframework.jdbc.core.JdbcTemplate中的<T>queryForObject(java.lang.String,java.lang.Object[],org.springframework.jdbc.core.RowMapper<T>)已过时
[WARNING] /Users/xinluo/sources/nacos/config/src/main/java/com/alibaba/nacos/config/server/service/repository/extrnal/ExternalHistoryConfigInfoPersistServiceImpl.java:[238,28] org.springframework.jdbc.core.JdbcTemplate中的<T>queryForObject(java.lang.String,java.lang.Object[],java.lang.Class<T>)已过时
[WARNING] /Users/xinluo/sources/nacos/config/src/main/java/com/alibaba/nacos/config/server/service/repository/extrnal/ExternalHistoryConfigInfoPersistServiceImpl.java:[259,47] org.springframework.jdbc.core.JdbcTemplate中的<T>queryForObject(java.lang.String,java.lang.Object[],org.springframework.jdbc.core.RowMapper<T>)已过时
[INFO] /Users/xinluo/sources/nacos/config/src/main/java/com/alibaba/nacos/config/server/remote/ConfigChangeListenContext.java: 某些输入文件使用了未经检查或不安全的操作。
[INFO] /Users/xinluo/sources/nacos/config/src/main/java/com/alibaba/nacos/config/server/remote/ConfigChangeListenContext.java: 有关详细信息, 请使用 -Xlint:unchecked 重新编译。
[INFO] 
[INFO] --- maven-resources-plugin:3.0.2:testResources (default-testResources) @ nacos-config ---
[INFO] Using 'UTF-8' encoding to copy filtered resources.
[INFO] Copying 4 resources
[INFO] 
[INFO] --- maven-compiler-plugin:3.5.1:testCompile (default-testCompile) @ nacos-config ---
[INFO] Changes detected - recompiling the module!
[INFO] Compiling 116 source files to /Users/xinluo/sources/nacos/config/target/test-classes
[WARNING] 未与 -source 17 一起设置系统模块路径
[WARNING] /Users/xinluo/sources/nacos/config/src/test/java/com/alibaba/nacos/config/server/controller/HealthControllerTest.java:[53,5] com.alibaba.nacos.config.server.controller中的com.alibaba.nacos.config.server.controller.HealthController已过时
[WARNING] /Users/xinluo/sources/nacos/config/src/test/java/com/alibaba/nacos/config/server/service/repository/extrnal/ExternalConfigInfoBetaPersistServiceImplTest.java:[112,26] org.springframework.jdbc.core.JdbcTemplate中的<T>queryForObject(java.lang.String,java.lang.Object[],org.springframework.jdbc.core.RowMapper<T>)已过时
[WARNING] /Users/xinluo/sources/nacos/config/src/test/java/com/alibaba/nacos/config/server/service/repository/extrnal/ExternalConfigInfoBetaPersistServiceImplTest.java:[145,26] org.springframework.jdbc.core.JdbcTemplate中的<T>queryForObject(java.lang.String,java.lang.Object[],org.springframework.jdbc.core.RowMapper<T>)已过时
[WARNING] /Users/xinluo/sources/nacos/config/src/test/java/com/alibaba/nacos/config/server/service/repository/extrnal/ExternalConfigInfoBetaPersistServiceImplTest.java:[181,26] org.springframework.jdbc.core.JdbcTemplate中的<T>queryForObject(java.lang.String,java.lang.Object[],org.springframework.jdbc.core.RowMapper<T>)已过时
[WARNING] /Users/xinluo/sources/nacos/config/src/test/java/com/alibaba/nacos/config/server/service/repository/extrnal/ExternalConfigInfoBetaPersistServiceImplTest.java:[205,26] org.springframework.jdbc.core.JdbcTemplate中的<T>queryForObject(java.lang.String,java.lang.Object[],org.springframework.jdbc.core.RowMapper<T>)已过时
[WARNING] /Users/xinluo/sources/nacos/config/src/test/java/com/alibaba/nacos/config/server/service/repository/extrnal/ExternalConfigInfoBetaPersistServiceImplTest.java:[220,26] org.springframework.jdbc.core.JdbcTemplate中的<T>queryForObject(java.lang.String,java.lang.Object[],org.springframework.jdbc.core.RowMapper<T>)已过时
[WARNING] /Users/xinluo/sources/nacos/config/src/test/java/com/alibaba/nacos/config/server/service/repository/extrnal/ExternalConfigInfoBetaPersistServiceImplTest.java:[244,26] org.springframework.jdbc.core.JdbcTemplate中的<T>queryForObject(java.lang.String,java.lang.Object[],org.springframework.jdbc.core.RowMapper<T>)已过时
[WARNING] /Users/xinluo/sources/nacos/config/src/test/java/com/alibaba/nacos/config/server/service/repository/extrnal/ExternalConfigInfoBetaPersistServiceImplTest.java:[285,26] org.springframework.jdbc.core.JdbcTemplate中的<T>queryForObject(java.lang.String,java.lang.Object[],org.springframework.jdbc.core.RowMapper<T>)已过时
[WARNING] /Users/xinluo/sources/nacos/config/src/test/java/com/alibaba/nacos/config/server/service/repository/extrnal/ExternalConfigInfoBetaPersistServiceImplTest.java:[321,26] org.springframework.jdbc.core.JdbcTemplate中的<T>queryForObject(java.lang.String,java.lang.Object[],org.springframework.jdbc.core.RowMapper<T>)已过时
[WARNING] /Users/xinluo/sources/nacos/config/src/test/java/com/alibaba/nacos/config/server/service/repository/extrnal/ExternalConfigInfoBetaPersistServiceImplTest.java:[345,26] org.springframework.jdbc.core.JdbcTemplate中的<T>queryForObject(java.lang.String,java.lang.Object[],org.springframework.jdbc.core.RowMapper<T>)已过时
[WARNING] /Users/xinluo/sources/nacos/config/src/test/java/com/alibaba/nacos/config/server/service/repository/extrnal/ExternalConfigInfoBetaPersistServiceImplTest.java:[362,26] org.springframework.jdbc.core.JdbcTemplate中的<T>queryForObject(java.lang.String,java.lang.Object[],org.springframework.jdbc.core.RowMapper<T>)已过时
[WARNING] /Users/xinluo/sources/nacos/config/src/test/java/com/alibaba/nacos/config/server/service/repository/extrnal/ExternalConfigInfoBetaPersistServiceImplTest.java:[386,26] org.springframework.jdbc.core.JdbcTemplate中的<T>queryForObject(java.lang.String,java.lang.Object[],org.springframework.jdbc.core.RowMapper<T>)已过时
[WARNING] /Users/xinluo/sources/nacos/config/src/test/java/com/alibaba/nacos/config/server/service/repository/extrnal/ExternalConfigInfoBetaPersistServiceImplTest.java:[394,26] org.springframework.jdbc.core.JdbcTemplate中的<T>queryForObject(java.lang.String,java.lang.Object[],org.springframework.jdbc.core.RowMapper<T>)已过时
[WARNING] /Users/xinluo/sources/nacos/config/src/test/java/com/alibaba/nacos/config/server/service/repository/extrnal/ExternalConfigInfoBetaPersistServiceImplTest.java:[417,26] org.springframework.jdbc.core.JdbcTemplate中的<T>queryForObject(java.lang.String,java.lang.Object[],org.springframework.jdbc.core.RowMapper<T>)已过时
[WARNING] /Users/xinluo/sources/nacos/config/src/test/java/com/alibaba/nacos/config/server/service/repository/extrnal/ExternalConfigInfoBetaPersistServiceImplTest.java:[423,26] org.springframework.jdbc.core.JdbcTemplate中的<T>queryForObject(java.lang.String,java.lang.Object[],org.springframework.jdbc.core.RowMapper<T>)已过时
[WARNING] /Users/xinluo/sources/nacos/config/src/test/java/com/alibaba/nacos/config/server/service/repository/extrnal/ExternalConfigInfoBetaPersistServiceImplTest.java:[433,26] org.springframework.jdbc.core.JdbcTemplate中的<T>queryForObject(java.lang.String,java.lang.Object[],org.springframework.jdbc.core.RowMapper<T>)已过时
[WARNING] /Users/xinluo/sources/nacos/config/src/test/java/com/alibaba/nacos/config/server/service/repository/extrnal/ExternalConfigInfoBetaPersistServiceImplTest.java:[460,26] org.springframework.jdbc.core.JdbcTemplate中的<T>query(java.lang.String,java.lang.Object[],org.springframework.jdbc.core.RowMapper<T>)已过时
[WARNING] /Users/xinluo/sources/nacos/config/src/test/java/com/alibaba/nacos/config/server/exception/GlobalExceptionHandlerTest.java:[48,13] com.alibaba.nacos.config.server.controller.v2中的com.alibaba.nacos.config.server.controller.v2.HistoryControllerV2已过时
[WARNING] /Users/xinluo/sources/nacos/config/src/test/java/com/alibaba/nacos/config/server/paramcheck/ParamExtractorTest.java:[58,30] com.alibaba.nacos.config.server.controller中的com.alibaba.nacos.config.server.controller.ConfigController已过时
[WARNING] /Users/xinluo/sources/nacos/config/src/test/java/com/alibaba/nacos/config/server/paramcheck/ParamExtractorTest.java:[92,30] com.alibaba.nacos.config.server.controller中的com.alibaba.nacos.config.server.controller.ConfigController已过时
[WARNING] /Users/xinluo/sources/nacos/config/src/test/java/com/alibaba/nacos/config/server/paramcheck/ParamExtractorTest.java:[117,30] com.alibaba.nacos.config.server.controller中的com.alibaba.nacos.config.server.controller.ConfigController已过时
[WARNING] /Users/xinluo/sources/nacos/config/src/test/java/com/alibaba/nacos/config/server/paramcheck/ParamExtractorTest.java:[118,49] com.alibaba.nacos.config.server.controller中的com.alibaba.nacos.config.server.controller.ConfigController已过时
[WARNING] /Users/xinluo/sources/nacos/config/src/test/java/com/alibaba/nacos/config/server/controller/ConfigControllerTest.java:[84,5] com.alibaba.nacos.config.server.controller中的com.alibaba.nacos.config.server.controller.ConfigController已过时
[WARNING] /Users/xinluo/sources/nacos/config/src/test/java/com/alibaba/nacos/config/server/controller/ConfigControllerTest.java:[107,13] com.alibaba.nacos.config.server.service中的com.alibaba.nacos.config.server.service.ConfigSubService已过时
[WARNING] /Users/xinluo/sources/nacos/config/src/test/java/com/alibaba/nacos/config/server/controller/CommunicationControllerTest.java:[64,5] com.alibaba.nacos.config.server.controller中的com.alibaba.nacos.config.server.controller.CommunicationController已过时
[WARNING] /Users/xinluo/sources/nacos/config/src/test/java/com/alibaba/nacos/config/server/controller/ListenerControllerTest.java:[54,5] com.alibaba.nacos.config.server.controller中的com.alibaba.nacos.config.server.controller.ListenerController已过时
[WARNING] /Users/xinluo/sources/nacos/config/src/test/java/com/alibaba/nacos/config/server/controller/ListenerControllerTest.java:[62,13] com.alibaba.nacos.config.server.service中的com.alibaba.nacos.config.server.service.ConfigSubService已过时
[WARNING] /Users/xinluo/sources/nacos/config/src/test/java/com/alibaba/nacos/config/server/controller/v3/ConfigControllerV3Test.java:[95,13] com.alibaba.nacos.config.server.service.repository中的com.alibaba.nacos.config.server.service.repository.ConfigInfoBetaPersistService已过时
[WARNING] /Users/xinluo/sources/nacos/config/src/test/java/com/alibaba/nacos/config/server/service/ConfigSubServiceTest.java:[75,13] com.alibaba.nacos.config.server.service中的com.alibaba.nacos.config.server.service.ConfigSubService已过时
[WARNING] /Users/xinluo/sources/nacos/config/src/test/java/com/alibaba/nacos/config/server/service/ConfigSubServiceTest.java:[82,32] com.alibaba.nacos.config.server.service中的com.alibaba.nacos.config.server.service.ConfigSubService已过时
[WARNING] /Users/xinluo/sources/nacos/config/src/test/java/com/alibaba/nacos/config/server/service/ConfigSubServiceTest.java:[146,49] com.alibaba.nacos.config.server.service中的com.alibaba.nacos.config.server.service.ConfigSubService已过时
[WARNING] /Users/xinluo/sources/nacos/config/src/test/java/com/alibaba/nacos/config/server/service/ConfigSubServiceTest.java:[153,52] com.alibaba.nacos.config.server.service中的com.alibaba.nacos.config.server.service.ConfigSubService已过时
[WARNING] /Users/xinluo/sources/nacos/config/src/test/java/com/alibaba/nacos/config/server/service/ConfigSubServiceTest.java:[160,56] com.alibaba.nacos.config.server.service中的com.alibaba.nacos.config.server.service.ConfigSubService已过时
[WARNING] /Users/xinluo/sources/nacos/config/src/test/java/com/alibaba/nacos/config/server/service/ConfigSubServiceTest.java:[182,9] com.alibaba.nacos.config.server.service中的com.alibaba.nacos.config.server.service.ConfigSubService已过时
[WARNING] /Users/xinluo/sources/nacos/config/src/test/java/com/alibaba/nacos/config/server/service/ConfigSubServiceTest.java:[182,70] com.alibaba.nacos.config.server.service中的com.alibaba.nacos.config.server.service.ConfigSubService已过时
[WARNING] /Users/xinluo/sources/nacos/config/src/test/java/com/alibaba/nacos/config/server/service/ConfigSubServiceTest.java:[192,9] com.alibaba.nacos.config.server.service中的com.alibaba.nacos.config.server.service.ConfigSubService已过时
[WARNING] /Users/xinluo/sources/nacos/config/src/test/java/com/alibaba/nacos/config/server/service/ConfigSubServiceTest.java:[192,71] com.alibaba.nacos.config.server.service中的com.alibaba.nacos.config.server.service.ConfigSubService已过时
[WARNING] /Users/xinluo/sources/nacos/config/src/test/java/com/alibaba/nacos/config/server/service/repository/embedded/EmbeddedConfigInfoPersistServiceImplTest.java:[674,48] java.lang.Integer 中的 Integer(int) 已过时, 且标记为待删除
[WARNING] /Users/xinluo/sources/nacos/config/src/test/java/com/alibaba/nacos/config/server/service/repository/embedded/EmbeddedConfigInfoPersistServiceImplTest.java:[700,48] java.lang.Integer 中的 Integer(int) 已过时, 且标记为待删除
[WARNING] /Users/xinluo/sources/nacos/config/src/test/java/com/alibaba/nacos/config/server/service/repository/embedded/EmbeddedConfigInfoPersistServiceImplTest.java:[719,83] java.lang.Integer 中的 Integer(int) 已过时, 且标记为待删除
[WARNING] /Users/xinluo/sources/nacos/config/src/test/java/com/alibaba/nacos/config/server/service/repository/embedded/EmbeddedConfigInfoPersistServiceImplTest.java:[739,17] java.lang.Integer 中的 Integer(int) 已过时, 且标记为待删除
[WARNING] /Users/xinluo/sources/nacos/config/src/test/java/com/alibaba/nacos/config/server/service/repository/embedded/EmbeddedConfigInfoPersistServiceImplTest.java:[766,67] java.lang.Integer 中的 Integer(int) 已过时, 且标记为待删除
[WARNING] /Users/xinluo/sources/nacos/config/src/test/java/com/alibaba/nacos/config/server/service/repository/embedded/EmbeddedConfigInfoPersistServiceImplTest.java:[798,74] java.lang.Integer 中的 Integer(int) 已过时, 且标记为待删除
[WARNING] /Users/xinluo/sources/nacos/config/src/test/java/com/alibaba/nacos/config/server/service/capacity/GroupCapacityPersistServiceTest.java:[380,26] org.springframework.jdbc.core.JdbcTemplate中的<T>query(java.lang.String,java.lang.Object[],org.springframework.jdbc.core.RowMapper<T>)已过时
[WARNING] /Users/xinluo/sources/nacos/config/src/test/java/com/alibaba/nacos/config/server/service/capacity/GroupCapacityPersistServiceTest.java:[387,26] org.springframework.jdbc.core.JdbcTemplate中的<T>query(java.lang.String,java.lang.Object[],org.springframework.jdbc.core.RowMapper<T>)已过时
[WARNING] /Users/xinluo/sources/nacos/config/src/test/java/com/alibaba/nacos/config/server/service/repository/extrnal/ExternalHistoryConfigInfoPersistServiceImplTest.java:[169,34] org.springframework.jdbc.core.JdbcTemplate中的<T>query(java.lang.String,java.lang.Object[],org.springframework.jdbc.core.RowMapper<T>)已过时
[WARNING] /Users/xinluo/sources/nacos/config/src/test/java/com/alibaba/nacos/config/server/service/repository/extrnal/ExternalHistoryConfigInfoPersistServiceImplTest.java:[185,34] org.springframework.jdbc.core.JdbcTemplate中的<T>query(java.lang.String,java.lang.Object[],org.springframework.jdbc.core.RowMapper<T>)已过时
[WARNING] /Users/xinluo/sources/nacos/config/src/test/java/com/alibaba/nacos/config/server/service/repository/extrnal/ExternalHistoryConfigInfoPersistServiceImplTest.java:[205,37] org.springframework.jdbc.core.JdbcTemplate中的<T>queryForObject(java.lang.String,java.lang.Object[],java.lang.Class<T>)已过时
[WARNING] /Users/xinluo/sources/nacos/config/src/test/java/com/alibaba/nacos/config/server/service/repository/extrnal/ExternalHistoryConfigInfoPersistServiceImplTest.java:[213,37] org.springframework.jdbc.core.JdbcTemplate中的<T>query(java.lang.String,java.lang.Object[],org.springframework.jdbc.core.RowMapper<T>)已过时
[WARNING] /Users/xinluo/sources/nacos/config/src/test/java/com/alibaba/nacos/config/server/service/repository/extrnal/ExternalHistoryConfigInfoPersistServiceImplTest.java:[225,37] org.springframework.jdbc.core.JdbcTemplate中的<T>queryForObject(java.lang.String,java.lang.Object[],java.lang.Class<T>)已过时
[WARNING] /Users/xinluo/sources/nacos/config/src/test/java/com/alibaba/nacos/config/server/service/repository/extrnal/ExternalHistoryConfigInfoPersistServiceImplTest.java:[241,34] org.springframework.jdbc.core.JdbcTemplate中的<T>queryForObject(java.lang.String,java.lang.Object[],org.springframework.jdbc.core.RowMapper<T>)已过时
[WARNING] /Users/xinluo/sources/nacos/config/src/test/java/com/alibaba/nacos/config/server/service/repository/extrnal/ExternalHistoryConfigInfoPersistServiceImplTest.java:[248,34] org.springframework.jdbc.core.JdbcTemplate中的<T>queryForObject(java.lang.String,java.lang.Object[],org.springframework.jdbc.core.RowMapper<T>)已过时
[WARNING] /Users/xinluo/sources/nacos/config/src/test/java/com/alibaba/nacos/config/server/service/repository/extrnal/ExternalHistoryConfigInfoPersistServiceImplTest.java:[254,34] org.springframework.jdbc.core.JdbcTemplate中的<T>queryForObject(java.lang.String,java.lang.Object[],org.springframework.jdbc.core.RowMapper<T>)已过时
[WARNING] /Users/xinluo/sources/nacos/config/src/test/java/com/alibaba/nacos/config/server/service/repository/extrnal/ExternalHistoryConfigInfoPersistServiceImplTest.java:[269,34] org.springframework.jdbc.core.JdbcTemplate中的<T>queryForObject(java.lang.String,java.lang.Object[],org.springframework.jdbc.core.RowMapper<T>)已过时
[WARNING] /Users/xinluo/sources/nacos/config/src/test/java/com/alibaba/nacos/config/server/service/repository/extrnal/ExternalHistoryConfigInfoPersistServiceImplTest.java:[276,34] org.springframework.jdbc.core.JdbcTemplate中的<T>queryForObject(java.lang.String,java.lang.Object[],org.springframework.jdbc.core.RowMapper<T>)已过时
[WARNING] /Users/xinluo/sources/nacos/config/src/test/java/com/alibaba/nacos/config/server/service/repository/extrnal/ExternalHistoryConfigInfoPersistServiceImplTest.java:[282,34] org.springframework.jdbc.core.JdbcTemplate中的<T>queryForObject(java.lang.String,java.lang.Object[],org.springframework.jdbc.core.RowMapper<T>)已过时
[WARNING] /Users/xinluo/sources/nacos/config/src/test/java/com/alibaba/nacos/config/server/service/repository/extrnal/ExternalHistoryConfigInfoPersistServiceImplTest.java:[297,34] org.springframework.jdbc.core.JdbcTemplate中的<T>queryForObject(java.lang.String,java.lang.Object[],java.lang.Class<T>)已过时
[WARNING] /Users/xinluo/sources/nacos/config/src/test/java/com/alibaba/nacos/config/server/service/repository/extrnal/ExternalHistoryConfigInfoPersistServiceImplTest.java:[304,34] org.springframework.jdbc.core.JdbcTemplate中的<T>queryForObject(java.lang.String,java.lang.Object[],java.lang.Class<T>)已过时
[WARNING] /Users/xinluo/sources/nacos/config/src/test/java/com/alibaba/nacos/config/server/controller/v2/HistoryControllerV2Test.java:[62,5] com.alibaba.nacos.config.server.controller.v2中的com.alibaba.nacos.config.server.controller.v2.HistoryControllerV2已过时
[WARNING] /Users/xinluo/sources/nacos/config/src/test/java/com/alibaba/nacos/config/server/controller/v2/HistoryControllerV2Test.java:[69,35] com.alibaba.nacos.config.server.controller.v2中的com.alibaba.nacos.config.server.controller.v2.HistoryControllerV2已过时
[WARNING] /Users/xinluo/sources/nacos/config/src/test/java/com/alibaba/nacos/config/server/service/repository/extrnal/ExternalConfigInfoGrayPersistServiceImplTest.java:[139,26] org.springframework.jdbc.core.JdbcTemplate中的<T>queryForObject(java.lang.String,java.lang.Object[],org.springframework.jdbc.core.RowMapper<T>)已过时
[WARNING] /Users/xinluo/sources/nacos/config/src/test/java/com/alibaba/nacos/config/server/service/repository/extrnal/ExternalConfigInfoGrayPersistServiceImplTest.java:[141,26] org.springframework.jdbc.core.JdbcTemplate中的<T>queryForObject(java.lang.String,java.lang.Object[],org.springframework.jdbc.core.RowMapper<T>)已过时
[WARNING] /Users/xinluo/sources/nacos/config/src/test/java/com/alibaba/nacos/config/server/service/repository/extrnal/ExternalConfigInfoGrayPersistServiceImplTest.java:[177,26] org.springframework.jdbc.core.JdbcTemplate中的<T>queryForObject(java.lang.String,java.lang.Object[],org.springframework.jdbc.core.RowMapper<T>)已过时
[WARNING] /Users/xinluo/sources/nacos/config/src/test/java/com/alibaba/nacos/config/server/service/repository/extrnal/ExternalConfigInfoGrayPersistServiceImplTest.java:[216,26] org.springframework.jdbc.core.JdbcTemplate中的<T>queryForObject(java.lang.String,java.lang.Object[],org.springframework.jdbc.core.RowMapper<T>)已过时
[WARNING] /Users/xinluo/sources/nacos/config/src/test/java/com/alibaba/nacos/config/server/service/repository/extrnal/ExternalConfigInfoGrayPersistServiceImplTest.java:[241,26] org.springframework.jdbc.core.JdbcTemplate中的<T>queryForObject(java.lang.String,java.lang.Object[],org.springframework.jdbc.core.RowMapper<T>)已过时
[WARNING] /Users/xinluo/sources/nacos/config/src/test/java/com/alibaba/nacos/config/server/service/repository/extrnal/ExternalConfigInfoGrayPersistServiceImplTest.java:[258,26] org.springframework.jdbc.core.JdbcTemplate中的<T>queryForObject(java.lang.String,java.lang.Object[],org.springframework.jdbc.core.RowMapper<T>)已过时
[WARNING] /Users/xinluo/sources/nacos/config/src/test/java/com/alibaba/nacos/config/server/service/repository/extrnal/ExternalConfigInfoGrayPersistServiceImplTest.java:[285,26] org.springframework.jdbc.core.JdbcTemplate中的<T>queryForObject(java.lang.String,java.lang.Object[],org.springframework.jdbc.core.RowMapper<T>)已过时
[WARNING] /Users/xinluo/sources/nacos/config/src/test/java/com/alibaba/nacos/config/server/service/repository/extrnal/ExternalConfigInfoGrayPersistServiceImplTest.java:[311,26] org.springframework.jdbc.core.JdbcTemplate中的<T>queryForObject(java.lang.String,java.lang.Object[],org.springframework.jdbc.core.RowMapper<T>)已过时
[WARNING] /Users/xinluo/sources/nacos/config/src/test/java/com/alibaba/nacos/config/server/service/repository/extrnal/ExternalConfigInfoGrayPersistServiceImplTest.java:[341,26] org.springframework.jdbc.core.JdbcTemplate中的<T>queryForObject(java.lang.String,java.lang.Object[],org.springframework.jdbc.core.RowMapper<T>)已过时
[WARNING] /Users/xinluo/sources/nacos/config/src/test/java/com/alibaba/nacos/config/server/service/repository/extrnal/ExternalConfigInfoGrayPersistServiceImplTest.java:[381,26] org.springframework.jdbc.core.JdbcTemplate中的<T>queryForObject(java.lang.String,java.lang.Object[],org.springframework.jdbc.core.RowMapper<T>)已过时
[WARNING] /Users/xinluo/sources/nacos/config/src/test/java/com/alibaba/nacos/config/server/service/repository/extrnal/ExternalConfigInfoGrayPersistServiceImplTest.java:[407,26] org.springframework.jdbc.core.JdbcTemplate中的<T>queryForObject(java.lang.String,java.lang.Object[],org.springframework.jdbc.core.RowMapper<T>)已过时
[WARNING] /Users/xinluo/sources/nacos/config/src/test/java/com/alibaba/nacos/config/server/service/repository/extrnal/ExternalConfigInfoGrayPersistServiceImplTest.java:[424,26] org.springframework.jdbc.core.JdbcTemplate中的<T>queryForObject(java.lang.String,java.lang.Object[],org.springframework.jdbc.core.RowMapper<T>)已过时
[WARNING] /Users/xinluo/sources/nacos/config/src/test/java/com/alibaba/nacos/config/server/service/repository/extrnal/ExternalConfigInfoGrayPersistServiceImplTest.java:[451,34] org.springframework.jdbc.core.JdbcTemplate中的<T>queryForObject(java.lang.String,java.lang.Object[],org.springframework.jdbc.core.RowMapper<T>)已过时
[WARNING] /Users/xinluo/sources/nacos/config/src/test/java/com/alibaba/nacos/config/server/service/repository/extrnal/ExternalConfigInfoGrayPersistServiceImplTest.java:[483,26] org.springframework.jdbc.core.JdbcTemplate中的<T>query(java.lang.String,java.lang.Object[],org.springframework.jdbc.core.RowMapper<T>)已过时
[WARNING] /Users/xinluo/sources/nacos/config/src/test/java/com/alibaba/nacos/config/server/service/repository/extrnal/ExternalConfigInfoGrayPersistServiceImplTest.java:[515,26] org.springframework.jdbc.core.JdbcTemplate中的<T>queryForObject(java.lang.String,java.lang.Object[],org.springframework.jdbc.core.RowMapper<T>)已过时
[WARNING] /Users/xinluo/sources/nacos/config/src/test/java/com/alibaba/nacos/config/server/service/repository/extrnal/ExternalConfigInfoGrayPersistServiceImplTest.java:[522,26] org.springframework.jdbc.core.JdbcTemplate中的<T>queryForObject(java.lang.String,java.lang.Object[],org.springframework.jdbc.core.RowMapper<T>)已过时
[WARNING] /Users/xinluo/sources/nacos/config/src/test/java/com/alibaba/nacos/config/server/service/repository/extrnal/ExternalConfigInfoGrayPersistServiceImplTest.java:[533,26] org.springframework.jdbc.core.JdbcTemplate中的<T>queryForObject(java.lang.String,java.lang.Object[],org.springframework.jdbc.core.RowMapper<T>)已过时
[WARNING] /Users/xinluo/sources/nacos/config/src/test/java/com/alibaba/nacos/config/server/service/repository/extrnal/ExternalConfigInfoGrayPersistServiceImplTest.java:[561,26] org.springframework.jdbc.core.JdbcTemplate中的<T>query(java.lang.String,java.lang.Object[],org.springframework.jdbc.core.RowMapper<T>)已过时
[WARNING] /Users/xinluo/sources/nacos/config/src/test/java/com/alibaba/nacos/config/server/service/repository/extrnal/ExternalConfigInfoTagPersistServiceImplTest.java:[118,34] org.springframework.jdbc.core.JdbcTemplate中的<T>queryForObject(java.lang.String,java.lang.Object[],org.springframework.jdbc.core.RowMapper<T>)已过时
[WARNING] /Users/xinluo/sources/nacos/config/src/test/java/com/alibaba/nacos/config/server/service/repository/extrnal/ExternalConfigInfoTagPersistServiceImplTest.java:[148,34] org.springframework.jdbc.core.JdbcTemplate中的<T>queryForObject(java.lang.String,java.lang.Object[],org.springframework.jdbc.core.RowMapper<T>)已过时
[WARNING] /Users/xinluo/sources/nacos/config/src/test/java/com/alibaba/nacos/config/server/service/repository/extrnal/ExternalConfigInfoTagPersistServiceImplTest.java:[178,34] org.springframework.jdbc.core.JdbcTemplate中的<T>queryForObject(java.lang.String,java.lang.Object[],org.springframework.jdbc.core.RowMapper<T>)已过时
[WARNING] /Users/xinluo/sources/nacos/config/src/test/java/com/alibaba/nacos/config/server/service/repository/extrnal/ExternalConfigInfoTagPersistServiceImplTest.java:[210,34] org.springframework.jdbc.core.JdbcTemplate中的<T>queryForObject(java.lang.String,java.lang.Object[],org.springframework.jdbc.core.RowMapper<T>)已过时
[WARNING] /Users/xinluo/sources/nacos/config/src/test/java/com/alibaba/nacos/config/server/service/repository/extrnal/ExternalConfigInfoTagPersistServiceImplTest.java:[245,34] org.springframework.jdbc.core.JdbcTemplate中的<T>queryForObject(java.lang.String,java.lang.Object[],org.springframework.jdbc.core.RowMapper<T>)已过时
[WARNING] /Users/xinluo/sources/nacos/config/src/test/java/com/alibaba/nacos/config/server/service/repository/extrnal/ExternalConfigInfoTagPersistServiceImplTest.java:[256,34] org.springframework.jdbc.core.JdbcTemplate中的<T>queryForObject(java.lang.String,java.lang.Object[],org.springframework.jdbc.core.RowMapper<T>)已过时
[WARNING] /Users/xinluo/sources/nacos/config/src/test/java/com/alibaba/nacos/config/server/service/repository/extrnal/ExternalConfigInfoTagPersistServiceImplTest.java:[269,34] org.springframework.jdbc.core.JdbcTemplate中的<T>queryForObject(java.lang.String,java.lang.Object[],org.springframework.jdbc.core.RowMapper<T>)已过时
[WARNING] /Users/xinluo/sources/nacos/config/src/test/java/com/alibaba/nacos/config/server/service/repository/extrnal/ExternalConfigInfoTagPersistServiceImplTest.java:[317,34] org.springframework.jdbc.core.JdbcTemplate中的<T>queryForObject(java.lang.String,java.lang.Object[],org.springframework.jdbc.core.RowMapper<T>)已过时
[WARNING] /Users/xinluo/sources/nacos/config/src/test/java/com/alibaba/nacos/config/server/service/repository/extrnal/ExternalConfigInfoTagPersistServiceImplTest.java:[323,34] org.springframework.jdbc.core.JdbcTemplate中的<T>queryForObject(java.lang.String,java.lang.Object[],org.springframework.jdbc.core.RowMapper<T>)已过时
[WARNING] /Users/xinluo/sources/nacos/config/src/test/java/com/alibaba/nacos/config/server/service/repository/extrnal/ExternalConfigInfoTagPersistServiceImplTest.java:[329,34] org.springframework.jdbc.core.JdbcTemplate中的<T>queryForObject(java.lang.String,java.lang.Object[],org.springframework.jdbc.core.RowMapper<T>)已过时
[WARNING] /Users/xinluo/sources/nacos/config/src/test/java/com/alibaba/nacos/config/server/service/repository/extrnal/ExternalConfigInfoTagPersistServiceImplTest.java:[373,34] org.springframework.jdbc.core.JdbcTemplate中的<T>query(java.lang.String,java.lang.Object[],org.springframework.jdbc.core.RowMapper<T>)已过时
[WARNING] /Users/xinluo/sources/nacos/config/src/test/java/com/alibaba/nacos/config/server/service/repository/extrnal/ExternalConfigInfoTagPersistServiceImplTest.java:[399,34] org.springframework.jdbc.core.JdbcTemplate中的<T>queryForList(java.lang.String,java.lang.Object[],java.lang.Class<T>)已过时
[WARNING] /Users/xinluo/sources/nacos/config/src/test/java/com/alibaba/nacos/config/server/controller/ClientMetricsControllerTest.java:[63,5] com.alibaba.nacos.config.server.controller中的com.alibaba.nacos.config.server.controller.ClientMetricsController已过时
[WARNING] /Users/xinluo/sources/nacos/config/src/test/java/com/alibaba/nacos/config/server/controller/ClientMetricsControllerTest.java:[129,9] com.alibaba.nacos.config.server.controller中的com.alibaba.nacos.config.server.controller.ClientMetricsController已过时
[WARNING] /Users/xinluo/sources/nacos/config/src/test/java/com/alibaba/nacos/config/server/controller/ClientMetricsControllerTest.java:[129,85] com.alibaba.nacos.config.server.controller中的com.alibaba.nacos.config.server.controller.ClientMetricsController已过时
[WARNING] /Users/xinluo/sources/nacos/config/src/test/java/com/alibaba/nacos/config/server/service/repository/extrnal/ExternalConfigInfoPersistServiceImplTest.java:[151,34] org.springframework.jdbc.core.JdbcTemplate中的<T>queryForObject(java.lang.String,java.lang.Object[],org.springframework.jdbc.core.RowMapper<T>)已过时
[WARNING] /Users/xinluo/sources/nacos/config/src/test/java/com/alibaba/nacos/config/server/service/repository/extrnal/ExternalConfigInfoPersistServiceImplTest.java:[213,34] org.springframework.jdbc.core.JdbcTemplate中的<T>queryForObject(java.lang.String,java.lang.Object[],org.springframework.jdbc.core.RowMapper<T>)已过时
[WARNING] /Users/xinluo/sources/nacos/config/src/test/java/com/alibaba/nacos/config/server/service/repository/extrnal/ExternalConfigInfoPersistServiceImplTest.java:[266,34] org.springframework.jdbc.core.JdbcTemplate中的<T>queryForObject(java.lang.String,java.lang.Object[],org.springframework.jdbc.core.RowMapper<T>)已过时
[WARNING] /Users/xinluo/sources/nacos/config/src/test/java/com/alibaba/nacos/config/server/service/repository/extrnal/ExternalConfigInfoPersistServiceImplTest.java:[306,34] org.springframework.jdbc.core.JdbcTemplate中的<T>queryForObject(java.lang.String,java.lang.Object[],org.springframework.jdbc.core.RowMapper<T>)已过时
[WARNING] /Users/xinluo/sources/nacos/config/src/test/java/com/alibaba/nacos/config/server/service/repository/extrnal/ExternalConfigInfoPersistServiceImplTest.java:[318,34] org.springframework.jdbc.core.JdbcTemplate中的<T>queryForObject(java.lang.String,java.lang.Object[],org.springframework.jdbc.core.RowMapper<T>)已过时
[WARNING] /Users/xinluo/sources/nacos/config/src/test/java/com/alibaba/nacos/config/server/service/repository/extrnal/ExternalConfigInfoPersistServiceImplTest.java:[391,34] org.springframework.jdbc.core.JdbcTemplate中的<T>queryForObject(java.lang.String,java.lang.Object[],org.springframework.jdbc.core.RowMapper<T>)已过时
[INFO] /Users/xinluo/sources/nacos/config/src/test/java/com/alibaba/nacos/config/server/service/repository/extrnal/ExternalConfigInfoPersistServiceImplTest.java: 某些输入文件还使用或覆盖了已过时的 API。
[INFO] /Users/xinluo/sources/nacos/config/src/test/java/com/alibaba/nacos/config/server/service/repository/extrnal/ExternalConfigInfoPersistServiceImplTest.java: /Users/xinluo/sources/nacos/config/src/test/java/com/alibaba/nacos/config/server/service/repository/extrnal/ExternalConfigInfoPersistServiceImplTest.java 使用或覆盖了标记为待删除的已过时 API。
[INFO] /Users/xinluo/sources/nacos/config/src/test/java/com/alibaba/nacos/config/server/controller/ConfigControllerTest.java: 某些输入文件使用了未经检查或不安全的操作。
[INFO] /Users/xinluo/sources/nacos/config/src/test/java/com/alibaba/nacos/config/server/controller/ConfigControllerTest.java: 有关详细信息, 请使用 -Xlint:unchecked 重新编译。
[INFO] 
[INFO] --- maven-surefire-plugin:3.2.5:test (default-test) @ nacos-config ---
[INFO] Surefire report directory: /Users/xinluo/sources/nacos/config/target/surefire-reports
[INFO] Using auto detected provider org.apache.maven.surefire.junitplatform.JUnitPlatformProvider
[INFO] 
[INFO] -------------------------------------------------------
[INFO]  T E S T S
[INFO] -------------------------------------------------------
[INFO] Running com.alibaba.nacos.config.server.configuration.ConfigCommonConfigTest
[INFO] Tests run: 5, Failures: 0, Errors: 0, Skipped: 0, Time elapsed: 0.169 s -- in com.alibaba.nacos.config.server.configuration.ConfigCommonConfigTest
[INFO] Running com.alibaba.nacos.config.server.configuration.ConfigChangeConfigsTest
[INFO] Tests run: 2, Failures: 0, Errors: 0, Skipped: 0, Time elapsed: 0.061 s -- in com.alibaba.nacos.config.server.configuration.ConfigChangeConfigsTest
[INFO] Running com.alibaba.nacos.config.server.paramcheck.ConfigListenerHttpParamExtractorTest
[INFO] Tests run: 2, Failures: 0, Errors: 0, Skipped: 0, Time elapsed: 0.794 s -- in com.alibaba.nacos.config.server.paramcheck.ConfigListenerHttpParamExtractorTest
[INFO] Running com.alibaba.nacos.config.server.paramcheck.ParamExtractorTest
[INFO] Tests run: 3, Failures: 0, Errors: 0, Skipped: 0, Time elapsed: 0.233 s -- in com.alibaba.nacos.config.server.paramcheck.ParamExtractorTest
[INFO] Running com.alibaba.nacos.config.server.utils.ConfigExecutorTest
[INFO] Tests run: 7, Failures: 0, Errors: 0, Skipped: 0, Time elapsed: 0.186 s -- in com.alibaba.nacos.config.server.utils.ConfigExecutorTest
[INFO] Running com.alibaba.nacos.config.server.utils.ResponseUtilTest
[INFO] Tests run: 7, Failures: 0, Errors: 0, Skipped: 0, Time elapsed: 0.040 s -- in com.alibaba.nacos.config.server.utils.ResponseUtilTest
[INFO] Running com.alibaba.nacos.config.server.utils.Md5ComparatorDelegateTest
[ERROR] Tests run: 2, Failures: 0, Errors: 1, Skipped: 0, Time elapsed: 0.049 s <<< FAILURE! -- in com.alibaba.nacos.config.server.utils.Md5ComparatorDelegateTest
[ERROR] com.alibaba.nacos.config.server.utils.Md5ComparatorDelegateTest.test2 -- Time elapsed: 0.006 s <<< ERROR!
java.lang.InternalError: java.lang.IllegalAccessException: static final field has no write access: com.alibaba.nacos.config.server.utils.Md5ComparatorDelegate.INSTANCE/com.alibaba.nacos.config.server.utils.Md5ComparatorDelegate/putStatic, from class java.lang.Object (module java.base)
	at java.base/jdk.internal.reflect.MethodHandleAccessorFactory.newFieldAccessor(MethodHandleAccessorFactory.java:167)
	at java.base/jdk.internal.reflect.ReflectionFactory.newFieldAccessor(ReflectionFactory.java:145)
	at java.base/java.lang.reflect.Field.acquireOverrideFieldAccessor(Field.java:1200)
	at java.base/java.lang.reflect.Field.getOverrideFieldAccessor(Field.java:1169)
	at java.base/java.lang.reflect.Field.set(Field.java:836)
	at com.alibaba.nacos.config.server.utils.Md5ComparatorDelegateTest.setStaticFinalField(Md5ComparatorDelegateTest.java:120)
	at com.alibaba.nacos.config.server.utils.Md5ComparatorDelegateTest.test2(Md5ComparatorDelegateTest.java:98)
	at java.base/java.lang.reflect.Method.invoke(Method.java:580)
	at java.base/java.util.ArrayList.forEach(ArrayList.java:1596)
	at java.base/java.util.ArrayList.forEach(ArrayList.java:1596)
Caused by: java.lang.IllegalAccessException: static final field has no write access: com.alibaba.nacos.config.server.utils.Md5ComparatorDelegate.INSTANCE/com.alibaba.nacos.config.server.utils.Md5ComparatorDelegate/putStatic, from class java.lang.Object (module java.base)
	at java.base/java.lang.invoke.MemberName.makeAccessException(MemberName.java:894)
	at java.base/java.lang.invoke.MethodHandles$Lookup.unreflectField(MethodHandles.java:3597)
	at java.base/java.lang.invoke.MethodHandles$Lookup.unreflectSetter(MethodHandles.java:3588)
	at java.base/java.lang.invoke.MethodHandleImpl$1.unreflectField(MethodHandleImpl.java:1632)
	at java.base/jdk.internal.reflect.MethodHandleAccessorFactory.newFieldAccessor(MethodHandleAccessorFactory.java:145)
	... 9 more

[INFO] Running com.alibaba.nacos.config.server.utils.LogUtilTest
[INFO] Tests run: 1, Failures: 0, Errors: 0, Skipped: 0, Time elapsed: 0.003 s -- in com.alibaba.nacos.config.server.utils.LogUtilTest
[INFO] Running com.alibaba.nacos.config.server.utils.ProtocolTest
[INFO] Tests run: 1, Failures: 0, Errors: 0, Skipped: 0, Time elapsed: 0.273 s -- in com.alibaba.nacos.config.server.utils.ProtocolTest
[INFO] Running com.alibaba.nacos.config.server.utils.NacosMd5ComparatorTest
[INFO] Tests run: 3, Failures: 0, Errors: 0, Skipped: 0, Time elapsed: 0.144 s -- in com.alibaba.nacos.config.server.utils.NacosMd5ComparatorTest
[INFO] Running com.alibaba.nacos.config.server.utils.ZipUtilsTest
[INFO] Tests run: 2, Failures: 0, Errors: 0, Skipped: 0, Time elapsed: 0.005 s -- in com.alibaba.nacos.config.server.utils.ZipUtilsTest
[INFO] Running com.alibaba.nacos.config.server.utils.SystemConfigTest
[INFO] Tests run: 1, Failures: 0, Errors: 0, Skipped: 0, Time elapsed: 0.002 s -- in com.alibaba.nacos.config.server.utils.SystemConfigTest
[INFO] Running com.alibaba.nacos.config.server.utils.ConfigExtInfoUtilTest
{"gray_name":"gray124","src_user":"user132","gray_rule":"{\"type\":\"beta\",\"expr\":\"127.0.0.1,127.0.0.2\",\"version\":\"1.0.0\",\"priority\":\"2147483647\"}"}
{"type":"json","config_tags":"ctag1,ctag2","effect":"online","src_user":"testuser","c_desc":"desc","c_use":"use124","c_schema":"testschema"}
[INFO] Tests run: 2, Failures: 0, Errors: 0, Skipped: 0, Time elapsed: 0.370 s -- in com.alibaba.nacos.config.server.utils.ConfigExtInfoUtilTest
[INFO] Running com.alibaba.nacos.config.server.utils.MD5UtilTest
[INFO] Tests run: 8, Failures: 0, Errors: 0, Skipped: 0, Time elapsed: 0.082 s -- in com.alibaba.nacos.config.server.utils.MD5UtilTest
[INFO] Running com.alibaba.nacos.config.server.utils.RegexParserTest
java.lang.NullPointerException: regex string can't be null
[INFO] Tests run: 2, Failures: 0, Errors: 0, Skipped: 0, Time elapsed: 0.003 s -- in com.alibaba.nacos.config.server.utils.RegexParserTest
[INFO] Running com.alibaba.nacos.config.server.utils.SimpleReadWriteLockTest
[INFO] Tests run: 6, Failures: 0, Errors: 0, Skipped: 0, Time elapsed: 0.016 s -- in com.alibaba.nacos.config.server.utils.SimpleReadWriteLockTest
[INFO] Running com.alibaba.nacos.config.server.utils.TimeoutUtilsTest
[INFO] Tests run: 3, Failures: 0, Errors: 0, Skipped: 0, Time elapsed: 0.003 s -- in com.alibaba.nacos.config.server.utils.TimeoutUtilsTest
[INFO] Running com.alibaba.nacos.config.server.utils.TimeUtilsTest
[INFO] Tests run: 1, Failures: 0, Errors: 0, Skipped: 0, Time elapsed: 0.010 s -- in com.alibaba.nacos.config.server.utils.TimeUtilsTest
[INFO] Running com.alibaba.nacos.config.server.utils.PropertyUtilTest
[INFO] Tests run: 4, Failures: 0, Errors: 0, Skipped: 0, Time elapsed: 0.027 s -- in com.alibaba.nacos.config.server.utils.PropertyUtilTest
[INFO] Running com.alibaba.nacos.config.server.utils.RequestUtilTest
[INFO] Tests run: 5, Failures: 0, Errors: 0, Skipped: 0, Time elapsed: 0.010 s -- in com.alibaba.nacos.config.server.utils.RequestUtilTest
[INFO] Running com.alibaba.nacos.config.server.utils.AppNameUtilsTest
[INFO] Tests run: 1, Failures: 0, Errors: 0, Skipped: 0, Time elapsed: 0.002 s -- in com.alibaba.nacos.config.server.utils.AppNameUtilsTest
[INFO] Running com.alibaba.nacos.config.server.utils.SimpleIpFlowDataTest
[INFO] Tests run: 2, Failures: 0, Errors: 0, Skipped: 0, Time elapsed: 0.002 s -- in com.alibaba.nacos.config.server.utils.SimpleIpFlowDataTest
[INFO] Running com.alibaba.nacos.config.server.utils.YamlParserUtilTest
[INFO] Tests run: 3, Failures: 0, Errors: 0, Skipped: 0, Time elapsed: 0.068 s -- in com.alibaba.nacos.config.server.utils.YamlParserUtilTest
[INFO] Running com.alibaba.nacos.config.server.utils.ParamUtilsTest
java.lang.IllegalArgumentException: invalid tenant
java.lang.IllegalArgumentException: too long tenant, over 128
ErrCode:400, ErrMsg:invalid dataId : 
ErrCode:400, ErrMsg:invalid group : 
ErrCode:400, ErrMsg:invalid datumId : 
ErrCode:400, ErrMsg:content is blank : 
ErrCode:400, ErrMsg:invalid dataId : test!
ErrCode:400, ErrMsg:invalid group : test!
ErrCode:400, ErrMsg:invalid datumId : test!
ErrCode:400, ErrMsg:invalid content, over 10485760
java.lang.IllegalArgumentException: invalid tag : test!
java.lang.IllegalArgumentException: too long tag, over 16
ErrCode:400, ErrMsg:too much config_tags, over 5
ErrCode:400, ErrMsg:too long tag, over 64
ErrCode:400, ErrMsg:too long desc, over 128
ErrCode:400, ErrMsg:too long use, over 32
ErrCode:400, ErrMsg:too long effect, over 32
ErrCode:400, ErrMsg:too long type, over 32
ErrCode:400, ErrMsg:too long schema, over 32768
ErrCode:400, ErrMsg:invalid param
[INFO] Tests run: 6, Failures: 0, Errors: 0, Skipped: 0, Time elapsed: 0.094 s -- in com.alibaba.nacos.config.server.utils.ParamUtilsTest
[INFO] Running com.alibaba.nacos.config.server.utils.UrlAnalysisUtilsTest
[INFO] Tests run: 1, Failures: 0, Errors: 0, Skipped: 0, Time elapsed: 0.014 s -- in com.alibaba.nacos.config.server.utils.UrlAnalysisUtilsTest
[INFO] Running com.alibaba.nacos.config.server.utils.SimpleCacheTest
[INFO] Tests run: 1, Failures: 0, Errors: 0, Skipped: 0, Time elapsed: 1.109 s -- in com.alibaba.nacos.config.server.utils.SimpleCacheTest
[INFO] Running com.alibaba.nacos.config.server.utils.AccumulateStatCountTest
[INFO] Tests run: 2, Failures: 0, Errors: 0, Skipped: 0, Time elapsed: 0.002 s -- in com.alibaba.nacos.config.server.utils.AccumulateStatCountTest
[INFO] Running com.alibaba.nacos.config.server.utils.TraceLogUtilTest
[INFO] Tests run: 1, Failures: 0, Errors: 0, Skipped: 0, Time elapsed: 0.002 s -- in com.alibaba.nacos.config.server.utils.TraceLogUtilTest
[INFO] Running com.alibaba.nacos.config.server.utils.SimpleFlowDataTest
[INFO] Tests run: 5, Failures: 0, Errors: 0, Skipped: 0, Time elapsed: 0.005 s -- in com.alibaba.nacos.config.server.utils.SimpleFlowDataTest
[INFO] Running com.alibaba.nacos.config.server.utils.GroupKeyTest
java.lang.IllegalArgumentException: invalid groupkey:11111+222+333333+444
java.lang.IllegalArgumentException: invalid groupkey:11111+
java.lang.IllegalArgumentException: invalid groupkey:11111%29+222
java.lang.IllegalArgumentException: invalid groupkey:11111%2b+222
[INFO] Tests run: 12, Failures: 0, Errors: 0, Skipped: 0, Time elapsed: 0.038 s -- in com.alibaba.nacos.config.server.utils.GroupKeyTest
[INFO] Running com.alibaba.nacos.config.server.utils.GroupKey2Test
java.lang.IllegalArgumentException: invalid groupkey:11111+222+333333+444
java.lang.IllegalArgumentException: invalid groupkey:11111+
java.lang.IllegalArgumentException: invalid groupkey:11111%29+222
java.lang.IllegalArgumentException: invalid groupkey:11111%2b+222
[INFO] Tests run: 10, Failures: 0, Errors: 0, Skipped: 0, Time elapsed: 0.011 s -- in com.alibaba.nacos.config.server.utils.GroupKey2Test
[INFO] Running com.alibaba.nacos.config.server.utils.ContentUtilsTest
[INFO] Tests run: 4, Failures: 0, Errors: 0, Skipped: 0, Time elapsed: 0.002 s -- in com.alibaba.nacos.config.server.utils.ContentUtilsTest
[INFO] Running com.alibaba.nacos.config.server.controller.HealthControllerTest
[INFO] Tests run: 8, Failures: 0, Errors: 0, Skipped: 0, Time elapsed: 0.335 s -- in com.alibaba.nacos.config.server.controller.HealthControllerTest
[INFO] Running com.alibaba.nacos.config.server.controller.ClientMetricsControllerTest
[INFO] Tests run: 3, Failures: 0, Errors: 0, Skipped: 0, Time elapsed: 0.247 s -- in com.alibaba.nacos.config.server.controller.ClientMetricsControllerTest
[INFO] Running com.alibaba.nacos.config.server.controller.ListenerControllerTest
[INFO] Tests run: 1, Failures: 0, Errors: 0, Skipped: 0, Time elapsed: 0.073 s -- in com.alibaba.nacos.config.server.controller.ListenerControllerTest
[INFO] Running com.alibaba.nacos.config.server.controller.ConfigOpsControllerTest
[INFO] Tests run: 4, Failures: 0, Errors: 0, Skipped: 0, Time elapsed: 0.304 s -- in com.alibaba.nacos.config.server.controller.ConfigOpsControllerTest
[INFO] Running com.alibaba.nacos.config.server.controller.CommunicationControllerTest
[INFO] Tests run: 3, Failures: 0, Errors: 0, Skipped: 0, Time elapsed: 0.074 s -- in com.alibaba.nacos.config.server.controller.CommunicationControllerTest
[INFO] Running com.alibaba.nacos.config.server.controller.HistoryControllerTest
[INFO] Tests run: 4, Failures: 0, Errors: 0, Skipped: 0, Time elapsed: 0.067 s -- in com.alibaba.nacos.config.server.controller.HistoryControllerTest
[INFO] Running com.alibaba.nacos.config.server.controller.v2.ConfigControllerV2Test
[INFO] Tests run: 9, Failures: 0, Errors: 0, Skipped: 0, Time elapsed: 0.170 s -- in com.alibaba.nacos.config.server.controller.v2.ConfigControllerV2Test
[INFO] Running com.alibaba.nacos.config.server.controller.v2.HistoryControllerV2Test
[INFO] Tests run: 8, Failures: 0, Errors: 0, Skipped: 0, Time elapsed: 0.005 s -- in com.alibaba.nacos.config.server.controller.v2.HistoryControllerV2Test
[INFO] Running com.alibaba.nacos.config.server.controller.v3.MetricControllerV3Test
[INFO] Tests run: 3, Failures: 0, Errors: 0, Skipped: 0, Time elapsed: 0.025 s -- in com.alibaba.nacos.config.server.controller.v3.MetricControllerV3Test
[INFO] Running com.alibaba.nacos.config.server.controller.v3.ConfigOpsControllerV3Test
[INFO] Tests run: 4, Failures: 0, Errors: 0, Skipped: 0, Time elapsed: 0.024 s -- in com.alibaba.nacos.config.server.controller.v3.ConfigOpsControllerV3Test
[INFO] Running com.alibaba.nacos.config.server.controller.v3.ListenerControllerV3Test
[INFO] Tests run: 1, Failures: 0, Errors: 0, Skipped: 0, Time elapsed: 0.036 s -- in com.alibaba.nacos.config.server.controller.v3.ListenerControllerV3Test
[INFO] Running com.alibaba.nacos.config.server.controller.v3.HistoryControllerV3Test
[INFO] Tests run: 8, Failures: 0, Errors: 0, Skipped: 0, Time elapsed: 0.010 s -- in com.alibaba.nacos.config.server.controller.v3.HistoryControllerV3Test
[INFO] Running com.alibaba.nacos.config.server.controller.v3.CapacityControllerV3Test
[INFO] Tests run: 4, Failures: 0, Errors: 0, Skipped: 0, Time elapsed: 0.089 s -- in com.alibaba.nacos.config.server.controller.v3.CapacityControllerV3Test
[INFO] Running com.alibaba.nacos.config.server.controller.v3.ConfigOpenApiControllerTest
[INFO] Tests run: 4, Failures: 0, Errors: 0, Skipped: 0, Time elapsed: 0.035 s -- in com.alibaba.nacos.config.server.controller.v3.ConfigOpenApiControllerTest
[INFO] Running com.alibaba.nacos.config.server.controller.v3.ConfigControllerV3Test
[INFO] Tests run: 12, Failures: 0, Errors: 0, Skipped: 0, Time elapsed: 1.482 s -- in com.alibaba.nacos.config.server.controller.v3.ConfigControllerV3Test
[INFO] Running com.alibaba.nacos.config.server.controller.ConfigServletInnerTest
[INFO] Tests run: 6, Failures: 0, Errors: 0, Skipped: 0, Time elapsed: 0.143 s -- in com.alibaba.nacos.config.server.controller.ConfigServletInnerTest
[INFO] Running com.alibaba.nacos.config.server.controller.CapacityControllerTest
{"code":400,"message":"The parameter group and tenant cannot be empty at the same time","data":null,"noRight":false}
{"code":400,"message":"tenant cannot be an empty string","data":null,"noRight":false}
{"code":500,"message":null,"data":null,"noRight":false}
[INFO] Tests run: 6, Failures: 0, Errors: 0, Skipped: 0, Time elapsed: 0.032 s -- in com.alibaba.nacos.config.server.controller.CapacityControllerTest
[INFO] Running com.alibaba.nacos.config.server.controller.ConfigControllerTest
[INFO] Tests run: 17, Failures: 0, Errors: 0, Skipped: 0, Time elapsed: 0.135 s -- in com.alibaba.nacos.config.server.controller.ConfigControllerTest
[INFO] Running com.alibaba.nacos.config.server.manager.TaskManagerTest
[INFO] Tests run: 7, Failures: 0, Errors: 0, Skipped: 0, Time elapsed: 0.934 s -- in com.alibaba.nacos.config.server.manager.TaskManagerTest
[INFO] Running com.alibaba.nacos.config.server.constant.ConstantsTest
[INFO] Tests run: 2, Failures: 0, Errors: 0, Skipped: 0, Time elapsed: 0 s -- in com.alibaba.nacos.config.server.constant.ConstantsTest
[INFO] Running com.alibaba.nacos.config.server.constant.ConfigModuleStateBuilderTest
[INFO] Tests run: 1, Failures: 0, Errors: 0, Skipped: 0, Time elapsed: 0.004 s -- in com.alibaba.nacos.config.server.constant.ConfigModuleStateBuilderTest
[INFO] Running com.alibaba.nacos.config.server.constant.CounterModeTest
[INFO] Tests run: 1, Failures: 0, Errors: 0, Skipped: 0, Time elapsed: 0.002 s -- in com.alibaba.nacos.config.server.constant.CounterModeTest
[INFO] Running com.alibaba.nacos.config.server.model.ConfigCacheFactoryDelegateTest
[INFO] Tests run: 2, Failures: 0, Errors: 0, Skipped: 0, Time elapsed: 0.037 s -- in com.alibaba.nacos.config.server.model.ConfigCacheFactoryDelegateTest
[INFO] Running com.alibaba.nacos.config.server.model.ConfigCachePostProcessorDelegateTest
[INFO] Tests run: 2, Failures: 0, Errors: 0, Skipped: 0, Time elapsed: 0.026 s -- in com.alibaba.nacos.config.server.model.ConfigCachePostProcessorDelegateTest
[INFO] Running com.alibaba.nacos.config.server.model.NacosConfigCachePostProcessorTest
[INFO] Tests run: 1, Failures: 0, Errors: 0, Skipped: 0, Time elapsed: 0.001 s -- in com.alibaba.nacos.config.server.model.NacosConfigCachePostProcessorTest
[INFO] Running com.alibaba.nacos.config.server.model.NacosConfigCacheFactoryTest
[INFO] Tests run: 2, Failures: 0, Errors: 0, Skipped: 0, Time elapsed: 0 s -- in com.alibaba.nacos.config.server.model.NacosConfigCacheFactoryTest
[INFO] Running com.alibaba.nacos.config.server.model.ConfigInfoTest
[INFO] Tests run: 1, Failures: 0, Errors: 0, Skipped: 0, Time elapsed: 0.003 s -- in com.alibaba.nacos.config.server.model.ConfigInfoTest
[INFO] Running com.alibaba.nacos.config.server.aspect.CapacityManagementAspectTest
[INFO] Tests run: 11, Failures: 0, Errors: 0, Skipped: 0, Time elapsed: 0.133 s -- in com.alibaba.nacos.config.server.aspect.CapacityManagementAspectTest
[INFO] Running com.alibaba.nacos.config.server.aspect.ConfigChangeAspectTest
[INFO] Tests run: 8, Failures: 0, Errors: 0, Skipped: 0, Time elapsed: 0.116 s -- in com.alibaba.nacos.config.server.aspect.ConfigChangeAspectTest
[INFO] Running com.alibaba.nacos.config.server.aspect.RequestLogAspectTest
[INFO] Tests run: 4, Failures: 0, Errors: 0, Skipped: 0, Time elapsed: 0.242 s -- in com.alibaba.nacos.config.server.aspect.RequestLogAspectTest
[INFO] Running com.alibaba.nacos.config.server.service.notify.AsyncNotifyServiceTest
[INFO] Tests run: 3, Failures: 0, Errors: 0, Skipped: 0, Time elapsed: 0.118 s -- in com.alibaba.nacos.config.server.service.notify.AsyncNotifyServiceTest
[INFO] Running com.alibaba.nacos.config.server.service.repository.extrnal.ExternalConfigInfoPersistServiceImplTest
[INFO] Tests run: 38, Failures: 0, Errors: 0, Skipped: 0, Time elapsed: 0.344 s -- in com.alibaba.nacos.config.server.service.repository.extrnal.ExternalConfigInfoPersistServiceImplTest
[INFO] Running com.alibaba.nacos.config.server.service.repository.extrnal.ExternalHistoryConfigInfoPersistServiceImplTest
[INFO] Tests run: 7, Failures: 0, Errors: 0, Skipped: 0, Time elapsed: 0.015 s -- in com.alibaba.nacos.config.server.service.repository.extrnal.ExternalHistoryConfigInfoPersistServiceImplTest
[INFO] Running com.alibaba.nacos.config.server.service.repository.extrnal.ExternalConfigInfoGrayPersistServiceImplTest
[INFO] Tests run: 11, Failures: 0, Errors: 0, Skipped: 0, Time elapsed: 0.029 s -- in com.alibaba.nacos.config.server.service.repository.extrnal.ExternalConfigInfoGrayPersistServiceImplTest
[INFO] Running com.alibaba.nacos.config.server.service.repository.extrnal.ExternalConfigInfoTagPersistServiceImplTest
[INFO] Tests run: 10, Failures: 0, Errors: 0, Skipped: 0, Time elapsed: 0.018 s -- in com.alibaba.nacos.config.server.service.repository.extrnal.ExternalConfigInfoTagPersistServiceImplTest
[INFO] Running com.alibaba.nacos.config.server.service.repository.extrnal.ExternalConfigInfoBetaPersistServiceImplTest
[INFO] Tests run: 10, Failures: 0, Errors: 0, Skipped: 0, Time elapsed: 0.022 s -- in com.alibaba.nacos.config.server.service.repository.extrnal.ExternalConfigInfoBetaPersistServiceImplTest
[INFO] Running com.alibaba.nacos.config.server.service.repository.ConfigRowMapperInjectorTest
[INFO] Tests run: 16, Failures: 0, Errors: 0, Skipped: 0, Time elapsed: 0.122 s -- in com.alibaba.nacos.config.server.service.repository.ConfigRowMapperInjectorTest
[INFO] Running com.alibaba.nacos.config.server.service.repository.embedded.EmbeddedConfigInfoGrayPersistServiceImplTest
[INFO] Tests run: 10, Failures: 0, Errors: 0, Skipped: 0, Time elapsed: 0.072 s -- in com.alibaba.nacos.config.server.service.repository.embedded.EmbeddedConfigInfoGrayPersistServiceImplTest
[INFO] Running com.alibaba.nacos.config.server.service.repository.embedded.EmbeddedConfigInfoTagPersistServiceImplTest
[INFO] Tests run: 9, Failures: 0, Errors: 0, Skipped: 0, Time elapsed: 0.012 s -- in com.alibaba.nacos.config.server.service.repository.embedded.EmbeddedConfigInfoTagPersistServiceImplTest
[INFO] Running com.alibaba.nacos.config.server.service.repository.embedded.EmbeddedHistoryConfigInfoPersistServiceImplTest
[INFO] Tests run: 7, Failures: 0, Errors: 0, Skipped: 0, Time elapsed: 0.009 s -- in com.alibaba.nacos.config.server.service.repository.embedded.EmbeddedHistoryConfigInfoPersistServiceImplTest
[INFO] Running com.alibaba.nacos.config.server.service.repository.embedded.EmbeddedConfigInfoBetaPersistServiceImplTest
[INFO] Tests run: 8, Failures: 0, Errors: 0, Skipped: 0, Time elapsed: 0.011 s -- in com.alibaba.nacos.config.server.service.repository.embedded.EmbeddedConfigInfoBetaPersistServiceImplTest
[INFO] Running com.alibaba.nacos.config.server.service.repository.embedded.EmbeddedConfigInfoPersistServiceImplTest
[INFO] Tests run: 30, Failures: 0, Errors: 0, Skipped: 0, Time elapsed: 0.049 s -- in com.alibaba.nacos.config.server.service.repository.embedded.EmbeddedConfigInfoPersistServiceImplTest
[INFO] Running com.alibaba.nacos.config.server.service.ClientTrackServiceTest
[INFO] Tests run: 1, Failures: 0, Errors: 0, Skipped: 0, Time elapsed: 0.007 s -- in com.alibaba.nacos.config.server.service.ClientTrackServiceTest
[INFO] Running com.alibaba.nacos.config.server.service.ConfigFuzzyWatchContextServiceTest
[INFO] Tests run: 6, Failures: 0, Errors: 0, Skipped: 0, Time elapsed: 0.063 s -- in com.alibaba.nacos.config.server.service.ConfigFuzzyWatchContextServiceTest
[INFO] Running com.alibaba.nacos.config.server.service.ConfigSubServiceTest
[INFO] Tests run: 5, Failures: 0, Errors: 0, Skipped: 0, Time elapsed: 3.160 s -- in com.alibaba.nacos.config.server.service.ConfigSubServiceTest
[INFO] Running com.alibaba.nacos.config.server.service.dump.HistoryConfigCleanerManagerTest
[INFO] Tests run: 1, Failures: 0, Errors: 0, Skipped: 0, Time elapsed: 0.011 s -- in com.alibaba.nacos.config.server.service.dump.HistoryConfigCleanerManagerTest
[INFO] Running com.alibaba.nacos.config.server.service.dump.DumpChangeConfigWorkerTest
[INFO] Tests run: 6, Failures: 0, Errors: 0, Skipped: 0, Time elapsed: 0.534 s -- in com.alibaba.nacos.config.server.service.dump.DumpChangeConfigWorkerTest
[INFO] Running com.alibaba.nacos.config.server.service.dump.DumpServiceTest
[INFO] Tests run: 4, Failures: 0, Errors: 0, Skipped: 0, Time elapsed: 0.075 s -- in com.alibaba.nacos.config.server.service.dump.DumpServiceTest
[INFO] Running com.alibaba.nacos.config.server.service.dump.processor.DumpAllGrayProcessorTest
totalConfigs: 250 , expectedPage: 3
[INFO] Tests run: 5, Failures: 0, Errors: 0, Skipped: 0, Time elapsed: 0.033 s -- in com.alibaba.nacos.config.server.service.dump.processor.DumpAllGrayProcessorTest
[INFO] Running com.alibaba.nacos.config.server.service.dump.processor.DumpAllProcessorTest
[WARNING] Tests run: 2, Failures: 0, Errors: 0, Skipped: 2, Time elapsed: 0 s -- in com.alibaba.nacos.config.server.service.dump.processor.DumpAllProcessorTest
[INFO] Running com.alibaba.nacos.config.server.service.dump.DefaultHistoryConfigCleanerTest
[INFO] Tests run: 3, Failures: 0, Errors: 0, Skipped: 0, Time elapsed: 0.003 s -- in com.alibaba.nacos.config.server.service.dump.DefaultHistoryConfigCleanerTest
[INFO] Running com.alibaba.nacos.config.server.service.dump.DumpProcessorUserRwaDiskTest
[INFO] Tests run: 1, Failures: 0, Errors: 0, Skipped: 0, Time elapsed: 0.008 s -- in com.alibaba.nacos.config.server.service.dump.DumpProcessorUserRwaDiskTest
[INFO] Running com.alibaba.nacos.config.server.service.dump.HistoryConfigCleanerConfigTest
[INFO] Tests run: 1, Failures: 0, Errors: 0, Skipped: 0, Time elapsed: 0.001 s -- in com.alibaba.nacos.config.server.service.dump.HistoryConfigCleanerConfigTest
[INFO] Running com.alibaba.nacos.config.server.service.dump.DumpProcessorTest
[INFO] Tests run: 1, Failures: 0, Errors: 0, Skipped: 0, Time elapsed: 0.040 s -- in com.alibaba.nacos.config.server.service.dump.DumpProcessorTest
[INFO] Running com.alibaba.nacos.config.server.service.dump.disk.ConfigRawDiskServiceTest
[INFO] Tests run: 3, Failures: 0, Errors: 0, Skipped: 0, Time elapsed: 0.001 s -- in com.alibaba.nacos.config.server.service.dump.disk.ConfigRawDiskServiceTest
[INFO] Running com.alibaba.nacos.config.server.service.dump.disk.ConfigDiskServiceFactoryTest
[INFO] Tests run: 3, Failures: 0, Errors: 0, Skipped: 0, Time elapsed: 0.001 s -- in com.alibaba.nacos.config.server.service.dump.disk.ConfigDiskServiceFactoryTest
[INFO] Running com.alibaba.nacos.config.server.service.dump.DumpChangeGrayConfigWorkerTest
[INFO] Tests run: 1, Failures: 0, Errors: 0, Skipped: 0, Time elapsed: 0.001 s -- in com.alibaba.nacos.config.server.service.dump.DumpChangeGrayConfigWorkerTest
[INFO] Running com.alibaba.nacos.config.server.service.LongPollingServiceTest
[INFO] Tests run: 5, Failures: 0, Errors: 0, Skipped: 0, Time elapsed: 5.866 s -- in com.alibaba.nacos.config.server.service.LongPollingServiceTest
[INFO] Running com.alibaba.nacos.config.server.service.ConfigChangePublisherTest
[INFO] Tests run: 1, Failures: 0, Errors: 0, Skipped: 0, Time elapsed: 8.018 s -- in com.alibaba.nacos.config.server.service.ConfigChangePublisherTest
[INFO] Running com.alibaba.nacos.config.server.service.HistoryServiceTest
[INFO] Tests run: 5, Failures: 0, Errors: 0, Skipped: 0, Time elapsed: 0.017 s -- in com.alibaba.nacos.config.server.service.HistoryServiceTest
[INFO] Running com.alibaba.nacos.config.server.service.capacity.CapacityServiceTest
[INFO] Tests run: 22, Failures: 0, Errors: 0, Skipped: 0, Time elapsed: 0.323 s -- in com.alibaba.nacos.config.server.service.capacity.CapacityServiceTest
[INFO] Running com.alibaba.nacos.config.server.service.capacity.TenantCapacityPersistServiceTest
[INFO] Tests run: 12, Failures: 0, Errors: 0, Skipped: 0, Time elapsed: 0.093 s -- in com.alibaba.nacos.config.server.service.capacity.TenantCapacityPersistServiceTest
[INFO] Running com.alibaba.nacos.config.server.service.capacity.GroupCapacityPersistServiceTest
[INFO] Tests run: 15, Failures: 0, Errors: 0, Skipped: 0, Time elapsed: 0.017 s -- in com.alibaba.nacos.config.server.service.capacity.GroupCapacityPersistServiceTest
[INFO] Running com.alibaba.nacos.config.server.service.ConfigCacheServiceTest
[INFO] Tests run: 3, Failures: 0, Errors: 0, Skipped: 0, Time elapsed: 0.073 s -- in com.alibaba.nacos.config.server.service.ConfigCacheServiceTest
[INFO] Running com.alibaba.nacos.config.server.service.NamespaceConfigInfoServiceTest
[INFO] Tests run: 2, Failures: 0, Errors: 0, Skipped: 0, Time elapsed: 0.006 s -- in com.alibaba.nacos.config.server.service.NamespaceConfigInfoServiceTest
[INFO] Running com.alibaba.nacos.config.server.service.ConfigOperationServiceTest
[INFO] Tests run: 9, Failures: 0, Errors: 0, Skipped: 0, Time elapsed: 0.009 s -- in com.alibaba.nacos.config.server.service.ConfigOperationServiceTest
[INFO] Running com.alibaba.nacos.config.server.service.query.handler.ConfigContentTypeHandlerTest
[INFO] Tests run: 4, Failures: 0, Errors: 0, Skipped: 0, Time elapsed: 0.031 s -- in com.alibaba.nacos.config.server.service.query.handler.ConfigContentTypeHandlerTest
[INFO] Running com.alibaba.nacos.config.server.service.query.handler.GrayRuleMatchHandlerTest
[INFO] Tests run: 4, Failures: 0, Errors: 0, Skipped: 0, Time elapsed: 0.052 s -- in com.alibaba.nacos.config.server.service.query.handler.GrayRuleMatchHandlerTest
[INFO] Running com.alibaba.nacos.config.server.service.query.handler.ConfigChainEntryHandlerTest
[INFO] Tests run: 5, Failures: 0, Errors: 0, Skipped: 0, Time elapsed: 0.003 s -- in com.alibaba.nacos.config.server.service.query.handler.ConfigChainEntryHandlerTest
[INFO] Running com.alibaba.nacos.config.server.service.query.handler.FormalHandlerTest
[INFO] Tests run: 3, Failures: 0, Errors: 0, Skipped: 0, Time elapsed: 0.002 s -- in com.alibaba.nacos.config.server.service.query.handler.FormalHandlerTest
[INFO] Running com.alibaba.nacos.config.server.service.query.handler.SpecialTagNotFoundHandlerTest
[INFO] Tests run: 3, Failures: 0, Errors: 0, Skipped: 0, Time elapsed: 0.002 s -- in com.alibaba.nacos.config.server.service.query.handler.SpecialTagNotFoundHandlerTest
[INFO] Running com.alibaba.nacos.config.server.service.query.DefaultChainRequestExtractorTest
[INFO] Tests run: 5, Failures: 0, Errors: 0, Skipped: 0, Time elapsed: 0.003 s -- in com.alibaba.nacos.config.server.service.query.DefaultChainRequestExtractorTest
[INFO] Running com.alibaba.nacos.config.server.exception.GlobalExceptionHandlerTest

  .   ____          _            __ _ _
 /\\ / ___'_ __ _ _(_)_ __  __ _ \ \ \ \
( ( )\___ | '_ | '_| | '_ \/ _` | \ \ \ \
 \\/  ___)| |_)| | | | | || (_| |  ) ) ) )
  '  |____| .__|_| |_|_| |_\__, | / / / /
 =========|_|==============|___/=/_/_/_/

 :: Spring Boot ::                (v3.4.9)

2025-09-15T17:52:47.058+08:00  INFO 10280 --- [           main] c.a.n.c.l.StartingApplicationListener    : Nacos started successfully in stand alone mode with embedded storage in 1022 ms
[INFO] Tests run: 1, Failures: 0, Errors: 0, Skipped: 0, Time elapsed: 1.177 s -- in com.alibaba.nacos.config.server.exception.GlobalExceptionHandlerTest
[INFO] Running com.alibaba.nacos.config.server.remote.ConfigPublishRequestHandlerTest
[INFO] Tests run: 7, Failures: 0, Errors: 0, Skipped: 0, Time elapsed: 3.550 s -- in com.alibaba.nacos.config.server.remote.ConfigPublishRequestHandlerTest
[INFO] Running com.alibaba.nacos.config.server.remote.ConfigFuzzyWatchChangeNotifierTest
[INFO] Tests run: 2, Failures: 0, Errors: 0, Skipped: 0, Time elapsed: 0.102 s -- in com.alibaba.nacos.config.server.remote.ConfigFuzzyWatchChangeNotifierTest
[INFO] Running com.alibaba.nacos.config.server.remote.ConfigChangeBatchListenRequestHandlerTest
[INFO] Tests run: 1, Failures: 0, Errors: 0, Skipped: 0, Time elapsed: 0.002 s -- in com.alibaba.nacos.config.server.remote.ConfigChangeBatchListenRequestHandlerTest
[INFO] Running com.alibaba.nacos.config.server.remote.RpcConfigChangeNotifierTest
[INFO] Tests run: 3, Failures: 0, Errors: 0, Skipped: 0, Time elapsed: 0.114 s -- in com.alibaba.nacos.config.server.remote.RpcConfigChangeNotifierTest
[INFO] Running com.alibaba.nacos.config.server.remote.ConfigChangeClusterSyncRequestHandlerTest
[INFO] Tests run: 3, Failures: 0, Errors: 0, Skipped: 0, Time elapsed: 0.004 s -- in com.alibaba.nacos.config.server.remote.ConfigChangeClusterSyncRequestHandlerTest
[INFO] Running com.alibaba.nacos.config.server.remote.ConfigFuzzyWatchSyncNotifierTest
[INFO] Tests run: 3, Failures: 0, Errors: 0, Skipped: 0, Time elapsed: 0.007 s -- in com.alibaba.nacos.config.server.remote.ConfigFuzzyWatchSyncNotifierTest
[INFO] Running com.alibaba.nacos.config.server.remote.ConfigChangeListenContextTest
[INFO] Tests run: 8, Failures: 0, Errors: 0, Skipped: 0, Time elapsed: 0.003 s -- in com.alibaba.nacos.config.server.remote.ConfigChangeListenContextTest
[INFO] Running com.alibaba.nacos.config.server.remote.FuzzyWatchSyncNotifyCallbackTest
[INFO] Tests run: 2, Failures: 0, Errors: 0, Skipped: 0, Time elapsed: 0.029 s -- in com.alibaba.nacos.config.server.remote.FuzzyWatchSyncNotifyCallbackTest
[INFO] Running com.alibaba.nacos.config.server.remote.ConfigQueryRequestHandlerTest
[INFO] Tests run: 6, Failures: 0, Errors: 0, Skipped: 0, Time elapsed: 0.010 s -- in com.alibaba.nacos.config.server.remote.ConfigQueryRequestHandlerTest
[INFO] Running com.alibaba.nacos.config.server.remote.ConfigRemoveRequestHandlerTest
[INFO] Tests run: 2, Failures: 0, Errors: 0, Skipped: 0, Time elapsed: 0.002 s -- in com.alibaba.nacos.config.server.remote.ConfigRemoveRequestHandlerTest
[INFO] 
[INFO] Results:
[INFO] 
[ERROR] Errors: 
[ERROR]   Md5ComparatorDelegateTest.test2:98->setStaticFinalField:120 » Internal java.lang.IllegalAccessException: static final field has no write access: com.alibaba.nacos.config.server.utils.Md5ComparatorDelegate.INSTANCE/com.alibaba.nacos.config.server.utils.Md5ComparatorDelegate/putStatic, from class java.lang.Object (module java.base)
[INFO] 
[ERROR] Tests run: 600, Failures: 0, Errors: 1, Skipped: 2
[INFO] 
[ERROR] 

Please refer to /Users/xinluo/sources/nacos/config/target/surefire-reports for the individual test results.
Please refer to dump files (if any exist) [date].dump, [date]-jvmRun[N].dump and [date].dumpstream.
[INFO] 
[INFO] --- jacoco-maven-plugin:0.8.13:report (default-report) @ nacos-config ---
[INFO] Loading execution data file /Users/xinluo/sources/nacos/config/target/coverage-reports/jacoco-unit.exec
[INFO] Analyzed bundle 'nacos-config 3.1.0-SNAPSHOT' with 286 classes
[INFO] 
[INFO] --- easyj-maven-plugin:1.1.5:simplify-pom (flatten-pom) @ nacos-config ---
[INFO] Create PomSimplifier by mode: auto
[INFO] The simplify mode is: JAR
[INFO] Do simplify by the POM simplifier: JarPomSimplifier
[INFO] 
[INFO] ==================================  start simplify  ==================================
[INFO] Remove Parent.
[INFO] Set GroupId from 'null' to 'com.alibaba.nacos'.
[INFO] Set Version from 'null' to '3.1.0-SNAPSHOT'.
[INFO] Set Name from 'nacos-config ${project.version}' to 'nacos-config 3.1.0-SNAPSHOT'.
[WARNING] The '<description>' is required when uploading OSSRH. Please set a value immediately.
[INFO] -------------------------------------------
[INFO] Copy project info from parent for the open source project:
[INFO]    Copy Licenses.
[INFO]    Copy Developers.
[INFO]    Copy Scm.
[INFO]    Copy Organization.
[INFO]    Copy IssueManagement.
[INFO] -------------------------------------------
[INFO] -------------------------------------------
[INFO] Reset dependencies: groupId, version, exclusions (Contains 22 dependencies)
[INFO]   Reset dependency: [org.springframework.boot:spring-boot-starter-web:null] -> [org.springframework.boot:spring-boot-starter-web:3.4.9]
[INFO]   Reset dependency: [${project.groupId}:nacos-api:null] -> [com.alibaba.nacos:nacos-api:3.1.0-SNAPSHOT]
[INFO]   Reset dependency: [${project.groupId}:nacos-core:null] -> [com.alibaba.nacos:nacos-core:3.1.0-SNAPSHOT]
[INFO]   Reset dependency: [com.alibaba.nacos:nacos-persistence:null] -> [com.alibaba.nacos:nacos-persistence:3.1.0-SNAPSHOT]
[INFO]   Reset dependency: [commons-io:commons-io:null] -> [commons-io:commons-io:2.14.0]
[INFO]   Reset dependency: [ch.qos.logback:logback-classic:null] -> [ch.qos.logback:logback-classic:1.5.12]
[INFO]   Reset dependency: [com.alibaba.nacos:nacos-encryption-plugin:null] -> [com.alibaba.nacos:nacos-encryption-plugin:3.1.0-SNAPSHOT]
[INFO]   Reset dependency: [com.alibaba.nacos:nacos-config-plugin:null] -> [com.alibaba.nacos:nacos-config-plugin:3.1.0-SNAPSHOT]
[INFO]   Reset dependency: [org.apache.httpcomponents.client5:httpclient5:null] -> [org.apache.httpcomponents.client5:httpclient5:5.4.4]
[INFO]   Reset dependency: [org.springframework.boot:spring-boot-starter-tomcat:null] -> [org.springframework.boot:spring-boot-starter-tomcat:3.4.9]
[INFO]   Reset dependency: [com.fasterxml.jackson.core:jackson-core:null] -> [com.fasterxml.jackson.core:jackson-core:2.18.4.1]
[INFO]   Reset dependency: [com.fasterxml.jackson.core:jackson-databind:null] -> [com.fasterxml.jackson.core:jackson-databind:2.18.4]
[INFO]   Reset dependency: [io.micrometer:micrometer-registry-prometheus:null] -> [io.micrometer:micrometer-registry-prometheus:1.12.8]
[INFO]   Reset dependency: [io.micrometer:micrometer-registry-influx:null] -> [io.micrometer:micrometer-registry-influx:1.12.8]
[INFO]   Reset dependency: [io.micrometer:micrometer-registry-elastic:null] -> [io.micrometer:micrometer-registry-elastic:1.12.8]
[INFO]   Reset dependency: [org.springframework.boot:spring-boot-starter-aop:null] -> [org.springframework.boot:spring-boot-starter-aop:3.4.9]
[INFO]   Reset dependency: [org.yaml:snakeyaml:null] -> [org.yaml:snakeyaml:2.0]
[INFO]   Reset dependency: [com.alibaba.nacos:nacos-control-plugin:${revision}] -> [com.alibaba.nacos:nacos-control-plugin:3.1.0-SNAPSHOT]
[INFO]   Reset dependency: [com.alibaba.nacos:nacos-datasource-plugin:null] -> [com.alibaba.nacos:nacos-datasource-plugin:3.1.0-SNAPSHOT]
[INFO]   Remove dependency by scope=test: [org.springframework.boot:spring-boot-test-autoconfigure:3.4.9:test]
[INFO]   Remove dependency by scope=test: [org.springframework:spring-test:6.2.10:test]
[INFO]   Remove dependency by scope=test: [org.hamcrest:hamcrest:2.2:test]
[INFO] Remaining 19 dependencies.
[INFO] -------------------------------------------
[INFO] Remove Build.
[INFO] Remove Profiles.
[INFO] -------------------------------------------
[INFO] Optimize Dependencies: (19)
[INFO]  - Optimize with 'replaceVariable'
[INFO] ==================================   end  simplify  ==================================
[INFO] 
[INFO] Create the POM file '.flattened-pom.xml'.
[INFO] Set the POM file '.flattened-pom.xml' to the project object.
[INFO] 
[INFO] --- maven-jar-plugin:3.2.2:jar (default-jar) @ nacos-config ---
[INFO] Building jar: /Users/xinluo/sources/nacos/config/target/nacos-config-3.1.0-SNAPSHOT.jar
[INFO] 
[INFO] --- maven-javadoc-plugin:2.10.4:jar (attach-javadocs) @ nacos-config ---
[INFO] Skipping javadoc generation
[INFO] 
[INFO] >>> maven-source-plugin:3.0.1:jar (attach-sources) > generate-sources @ nacos-config >>>
[INFO] 
[INFO] --- maven-enforcer-plugin:3.5.0:enforce (enforce-ban-circular-dependencies) @ nacos-config ---
[INFO] Rule 0: org.codehaus.mojo.extraenforcer.dependencies.BanCircularDependencies passed
[INFO] 
[INFO] --- maven-checkstyle-plugin:3.1.2:check (validate) @ nacos-config ---
[WARNING] Old version of checkstyle detected. Consider updating to >= v8.30
[WARNING] For more information see: https://maven.apache.org/plugins/maven-checkstyle-plugin/examples/upgrading-checkstyle.html
[INFO] 开始检查……
检查完成。
[INFO] You have 0 Checkstyle violations.
[INFO] 
[INFO] --- jacoco-maven-plugin:0.8.13:prepare-agent (default-prepare-agent) @ nacos-config ---
[INFO] argLine set to -javaagent:/var/root/.m2/repository/org/jacoco/org.jacoco.agent/0.8.13/org.jacoco.agent-0.8.13-runtime.jar=destfile=/Users/xinluo/sources/nacos/config/target/coverage-reports/jacoco-unit.exec,append=true,excludes=**/grpc/auto/**:**/packagescan/classreading/**:**/packagescan/resource/**:**/packagescan/util/**,output=file
[INFO] 
[INFO] --- build-helper-maven-plugin:3.2.0:add-source (add-source) @ nacos-config ---
[INFO] Source directory: /Users/xinluo/sources/nacos/config/target/generated-sources/protobuf/java added.
[INFO] 
[INFO] <<< maven-source-plugin:3.0.1:jar (attach-sources) < generate-sources @ nacos-config <<<
[INFO] 
[INFO] 
[INFO] --- maven-source-plugin:3.0.1:jar (attach-sources) @ nacos-config ---
[INFO] Building jar: /Users/xinluo/sources/nacos/config/target/nacos-config-3.1.0-SNAPSHOT-sources.jar
[INFO] 
[INFO] >>> maven-pmd-plugin:3.16.0:check (default) > :pmd @ nacos-config >>>
[INFO] 
[INFO] --- maven-pmd-plugin:3.16.0:pmd (pmd) @ nacos-config ---
[WARNING] Unable to locate Source XRef to link to - DISABLED
[WARNING] Unable to locate Source XRef to link to - DISABLED
[INFO] PMD version: 6.42.0
[WARNING] Rule /Users/xinluo/sources/nacos/config/target/pmd/rulesets/ali-comment.xml/CommentsMustBeJavadocFormatRule does not mention attribute language='java', please mention it explicitly to be compatible with PMD 7
[WARNING] Rule /Users/xinluo/sources/nacos/config/target/pmd/rulesets/ali-comment.xml/CommentsMustBeJavadocFormatRule does not mention attribute language='java', please mention it explicitly to be compatible with PMD 7
[WARNING] Rule /Users/xinluo/sources/nacos/config/target/pmd/rulesets/ali-comment.xml/AbstractMethodOrInterfaceMethodMustUseJavadocRule does not mention attribute language='java', please mention it explicitly to be compatible with PMD 7
[WARNING] Rule /Users/xinluo/sources/nacos/config/target/pmd/rulesets/ali-comment.xml/AbstractMethodOrInterfaceMethodMustUseJavadocRule does not mention attribute language='java', please mention it explicitly to be compatible with PMD 7
[WARNING] Rule /Users/xinluo/sources/nacos/config/target/pmd/rulesets/ali-comment.xml/ClassMustHaveAuthorRule does not mention attribute language='java', please mention it explicitly to be compatible with PMD 7
[WARNING] Rule /Users/xinluo/sources/nacos/config/target/pmd/rulesets/ali-comment.xml/ClassMustHaveAuthorRule does not mention attribute language='java', please mention it explicitly to be compatible with PMD 7
[WARNING] Rule /Users/xinluo/sources/nacos/config/target/pmd/rulesets/ali-comment.xml/EnumConstantsMustHaveCommentRule does not mention attribute language='java', please mention it explicitly to be compatible with PMD 7
[WARNING] Rule /Users/xinluo/sources/nacos/config/target/pmd/rulesets/ali-comment.xml/EnumConstantsMustHaveCommentRule does not mention attribute language='java', please mention it explicitly to be compatible with PMD 7
[WARNING] Rule /Users/xinluo/sources/nacos/config/target/pmd/rulesets/ali-comment.xml/AvoidCommentBehindStatementRule does not mention attribute language='java', please mention it explicitly to be compatible with PMD 7
[WARNING] Rule /Users/xinluo/sources/nacos/config/target/pmd/rulesets/ali-comment.xml/AvoidCommentBehindStatementRule does not mention attribute language='java', please mention it explicitly to be compatible with PMD 7
[WARNING] Rule /Users/xinluo/sources/nacos/config/target/pmd/rulesets/ali-comment.xml/RemoveCommentedCodeRule does not mention attribute language='java', please mention it explicitly to be compatible with PMD 7
[WARNING] Rule /Users/xinluo/sources/nacos/config/target/pmd/rulesets/ali-comment.xml/RemoveCommentedCodeRule does not mention attribute language='java', please mention it explicitly to be compatible with PMD 7
[WARNING] Rule /Users/xinluo/sources/nacos/config/target/pmd/rulesets/ali-constant.xml/UpperEllRule does not mention attribute language='java', please mention it explicitly to be compatible with PMD 7
[WARNING] Rule /Users/xinluo/sources/nacos/config/target/pmd/rulesets/ali-constant.xml/UpperEllRule does not mention attribute language='java', please mention it explicitly to be compatible with PMD 7
[WARNING] Rule /Users/xinluo/sources/nacos/config/target/pmd/rulesets/ali-constant.xml/UndefineMagicConstantRule does not mention attribute language='java', please mention it explicitly to be compatible with PMD 7
[WARNING] Rule /Users/xinluo/sources/nacos/config/target/pmd/rulesets/ali-constant.xml/UndefineMagicConstantRule does not mention attribute language='java', please mention it explicitly to be compatible with PMD 7
[WARNING] Rule /Users/xinluo/sources/nacos/config/target/pmd/rulesets/ali-set.xml/ClassCastExceptionWithToArrayRule does not mention attribute language='java', please mention it explicitly to be compatible with PMD 7
[WARNING] Rule /Users/xinluo/sources/nacos/config/target/pmd/rulesets/ali-set.xml/ClassCastExceptionWithToArrayRule does not mention attribute language='java', please mention it explicitly to be compatible with PMD 7
[WARNING] Rule /Users/xinluo/sources/nacos/config/target/pmd/rulesets/ali-set.xml/UnsupportedExceptionWithModifyAsListRule does not mention attribute language='java', please mention it explicitly to be compatible with PMD 7
[WARNING] Rule /Users/xinluo/sources/nacos/config/target/pmd/rulesets/ali-set.xml/UnsupportedExceptionWithModifyAsListRule does not mention attribute language='java', please mention it explicitly to be compatible with PMD 7
[WARNING] Rule /Users/xinluo/sources/nacos/config/target/pmd/rulesets/ali-set.xml/ClassCastExceptionWithSubListToArrayListRule does not mention attribute language='java', please mention it explicitly to be compatible with PMD 7
[WARNING] Rule /Users/xinluo/sources/nacos/config/target/pmd/rulesets/ali-set.xml/ClassCastExceptionWithSubListToArrayListRule does not mention attribute language='java', please mention it explicitly to be compatible with PMD 7
[WARNING] Rule /Users/xinluo/sources/nacos/config/target/pmd/rulesets/ali-set.xml/ConcurrentExceptionWithModifyOriginSubListRule does not mention attribute language='java', please mention it explicitly to be compatible with PMD 7
[WARNING] Rule /Users/xinluo/sources/nacos/config/target/pmd/rulesets/ali-set.xml/ConcurrentExceptionWithModifyOriginSubListRule does not mention attribute language='java', please mention it explicitly to be compatible with PMD 7
[WARNING] Rule /Users/xinluo/sources/nacos/config/target/pmd/rulesets/ali-set.xml/DontModifyInForeachCircleRule does not mention attribute language='java', please mention it explicitly to be compatible with PMD 7
[WARNING] Rule /Users/xinluo/sources/nacos/config/target/pmd/rulesets/ali-set.xml/DontModifyInForeachCircleRule does not mention attribute language='java', please mention it explicitly to be compatible with PMD 7
[WARNING] Rule /Users/xinluo/sources/nacos/config/target/pmd/rulesets/ali-set.xml/CollectionInitShouldAssignCapacityRule does not mention attribute language='java', please mention it explicitly to be compatible with PMD 7
[WARNING] Rule /Users/xinluo/sources/nacos/config/target/pmd/rulesets/ali-set.xml/CollectionInitShouldAssignCapacityRule does not mention attribute language='java', please mention it explicitly to be compatible with PMD 7
[WARNING] Use of deprecated attribute 'ClassOrInterfaceDeclaration/@Image' by XPath rule 'BooleanPropertyShouldNotStartWithIsRule' (in ruleset 'AlibabaJavaNaming'), please use @SimpleName instead
[WARNING] Use of deprecated attribute 'ClassOrInterfaceDeclaration/@Image' by XPath rule 'BooleanPropertyShouldNotStartWithIsRule' (in ruleset 'AlibabaJavaNaming'), please use @SimpleName instead
[WARNING] Use of deprecated attribute 'FieldDeclaration/@Array' by XPath rule 'ArrayNamingShouldHaveBracketRule' (in ruleset 'AlibabaJavaNaming')
[WARNING] Use of deprecated attribute 'FieldDeclaration/@Array' by XPath rule 'ArrayNamingShouldHaveBracketRule' (in ruleset 'AlibabaJavaNaming')
[WARNING] Use of deprecated attribute 'LocalVariableDeclaration/@Array' by XPath rule 'ArrayNamingShouldHaveBracketRule' (in ruleset 'AlibabaJavaNaming')
[WARNING] Use of deprecated attribute 'LocalVariableDeclaration/@Array' by XPath rule 'ArrayNamingShouldHaveBracketRule' (in ruleset 'AlibabaJavaNaming')
[WARNING] Use of deprecated attribute 'ReferenceType/@Array' by XPath rule 'ArrayNamingShouldHaveBracketRule' (in ruleset 'AlibabaJavaNaming')
[WARNING] Use of deprecated attribute 'ReferenceType/@Array' by XPath rule 'ArrayNamingShouldHaveBracketRule' (in ruleset 'AlibabaJavaNaming')
[WARNING] Use of deprecated attribute 'ConditionalExpression/@Ternary' by XPath rule 'AvoidComplexConditionRule' (in ruleset 'AlibabaJavaFlowControl')
[WARNING] Use of deprecated attribute 'ConditionalExpression/@Ternary' by XPath rule 'AvoidComplexConditionRule' (in ruleset 'AlibabaJavaFlowControl')
[WARNING] Use of deprecated attribute 'Arguments/@ArgumentCount' by XPath rule 'AvoidNewDateGetTimeRule' (in ruleset 'AlibabaJavaOthers'), please use @Size instead
[WARNING] Use of deprecated attribute 'Arguments/@ArgumentCount' by XPath rule 'AvoidNewDateGetTimeRule' (in ruleset 'AlibabaJavaOthers'), please use @Size instead
[WARNING] Use of deprecated attribute 'AdditiveExpression/@Image' in a findChildNodesWithXPath navigation, please use @Operator instead
java.lang.RuntimeException: Use of deprecated attribute 'AdditiveExpression/@Image' in a findChildNodesWithXPath navigation, please use @Operator instead
    at net.sourceforge.pmd.lang.ast.xpath.internal.DeprecatedAttrLogger$AdhocLoggerImpl.recordUsageOf (DeprecatedAttrLogger.java:113)
    at net.sourceforge.pmd.lang.ast.xpath.internal.ContextualizedNavigator.getAttributeStringValue (ContextualizedNavigator.java:24)
    at org.jaxen.function.StringFunction.evaluate (StringFunction.java:278)
    at org.jaxen.expr.DefaultEqualityExpr.evaluateObjectObject (DefaultEqualityExpr.java:152)
    at org.jaxen.expr.DefaultEqualityExpr.evaluateSetSet (DefaultEqualityExpr.java:126)
    at org.jaxen.expr.DefaultEqualityExpr.evaluate (DefaultEqualityExpr.java:97)
    at org.jaxen.expr.DefaultAndExpr.evaluate (DefaultAndExpr.java:82)
    at org.jaxen.expr.DefaultPredicate.evaluate (DefaultPredicate.java:95)
    at org.jaxen.expr.PredicateSet.applyPredicate (PredicateSet.java:269)
    at org.jaxen.expr.PredicateSet.evaluatePredicates (PredicateSet.java:244)
    at org.jaxen.expr.DefaultNameStep.evaluate (DefaultNameStep.java:291)
    at org.jaxen.expr.DefaultLocationPath.evaluate (DefaultLocationPath.java:140)
    at org.jaxen.expr.DefaultXPathExpr.asList (DefaultXPathExpr.java:102)
    at org.jaxen.BaseXPath.selectNodesForContext (BaseXPath.java:677)
    at org.jaxen.BaseXPath.selectNodes (BaseXPath.java:216)
    at net.sourceforge.pmd.lang.ast.AbstractNode.findChildNodesWithXPath (AbstractNode.java:528)
    at com.alibaba.p3c.pmd.lang.java.rule.oop.StringConcatRule.checkStringConcat (StringConcatRule.java:76)
    at com.alibaba.p3c.pmd.lang.java.rule.oop.StringConcatRule.visit (StringConcatRule.java:51)
    at net.sourceforge.pmd.lang.java.ast.ASTForStatement.jjtAccept (ASTForStatement.java:39)
    at net.sourceforge.pmd.lang.java.rule.AbstractJavaRule.visit (AbstractJavaRule.java:222)
    at net.sourceforge.pmd.lang.java.rule.AbstractJavaRule.visit (AbstractJavaRule.java:659)
    at net.sourceforge.pmd.lang.java.ast.ASTStatement.jjtAccept (ASTStatement.java:25)
    at net.sourceforge.pmd.lang.java.rule.AbstractJavaRule.visit (AbstractJavaRule.java:222)
    at net.sourceforge.pmd.lang.java.rule.AbstractJavaRule.visit (AbstractJavaRule.java:674)
    at net.sourceforge.pmd.lang.java.ast.ASTBlockStatement.jjtAccept (ASTBlockStatement.java:25)
    at net.sourceforge.pmd.lang.java.rule.AbstractJavaRule.visit (AbstractJavaRule.java:222)
    at net.sourceforge.pmd.lang.java.rule.AbstractJavaRule.visit (AbstractJavaRule.java:669)
    at net.sourceforge.pmd.lang.java.ast.ASTBlock.jjtAccept (ASTBlock.java:27)
    at net.sourceforge.pmd.lang.java.rule.AbstractJavaRule.visit (AbstractJavaRule.java:222)
    at net.sourceforge.pmd.lang.java.rule.AbstractJavaRule.visit (AbstractJavaRule.java:449)
    at net.sourceforge.pmd.lang.java.ast.ASTMethodDeclaration.jjtAccept (ASTMethodDeclaration.java:37)
    at net.sourceforge.pmd.lang.java.rule.AbstractJavaRule.visit (AbstractJavaRule.java:222)
    at net.sourceforge.pmd.lang.java.rule.AbstractJavaRule.visit (AbstractJavaRule.java:269)
    at net.sourceforge.pmd.lang.java.ast.ASTClassOrInterfaceBodyDeclaration.jjtAccept (ASTClassOrInterfaceBodyDeclaration.java:44)
    at net.sourceforge.pmd.lang.java.rule.AbstractJavaRule.visit (AbstractJavaRule.java:222)
    at net.sourceforge.pmd.lang.java.rule.AbstractJavaRule.visit (AbstractJavaRule.java:264)
    at net.sourceforge.pmd.lang.java.ast.ASTClassOrInterfaceBody.jjtAccept (ASTClassOrInterfaceBody.java:35)
    at net.sourceforge.pmd.lang.java.rule.AbstractJavaRule.visit (AbstractJavaRule.java:222)
    at net.sourceforge.pmd.lang.java.rule.AbstractJavaRule.visit (AbstractJavaRule.java:234)
    at net.sourceforge.pmd.lang.java.ast.ASTClassOrInterfaceDeclaration.jjtAccept (ASTClassOrInterfaceDeclaration.java:55)
    at net.sourceforge.pmd.lang.java.rule.AbstractJavaRule.visit (AbstractJavaRule.java:222)
    at net.sourceforge.pmd.lang.java.rule.AbstractJavaRule.visit (AbstractJavaRule.java:419)
    at net.sourceforge.pmd.lang.java.ast.ASTTypeDeclaration.jjtAccept (ASTTypeDeclaration.java:39)
    at net.sourceforge.pmd.lang.java.rule.AbstractJavaRule.visit (AbstractJavaRule.java:222)
    at net.sourceforge.pmd.lang.java.rule.AbstractJavaRule.visit (AbstractJavaRule.java:394)
    at com.alibaba.p3c.pmd.lang.java.rule.AbstractAliRule.visit (AbstractAliRule.java:60)
    at net.sourceforge.pmd.lang.java.ast.ASTCompilationUnit.jjtAccept (ASTCompilationUnit.java:44)
    at net.sourceforge.pmd.lang.java.rule.AbstractJavaRule.visitAll (AbstractJavaRule.java:164)
    at net.sourceforge.pmd.lang.java.rule.AbstractJavaRule.apply (AbstractJavaRule.java:158)
    at net.sourceforge.pmd.RuleSet.apply (RuleSet.java:659)
    at net.sourceforge.pmd.RuleSets.apply (RuleSets.java:163)
    at net.sourceforge.pmd.SourceCodeProcessor.processSource (SourceCodeProcessor.java:209)
    at net.sourceforge.pmd.SourceCodeProcessor.processSourceCodeWithoutCache (SourceCodeProcessor.java:118)
    at net.sourceforge.pmd.SourceCodeProcessor.processSourceCode (SourceCodeProcessor.java:100)
    at net.sourceforge.pmd.SourceCodeProcessor.processSourceCode (SourceCodeProcessor.java:62)
    at net.sourceforge.pmd.processor.PmdRunnable.call (PmdRunnable.java:85)
    at net.sourceforge.pmd.processor.PmdRunnable.call (PmdRunnable.java:29)
    at java.util.concurrent.FutureTask.run (FutureTask.java:317)
    at java.util.concurrent.Executors$RunnableAdapter.call (Executors.java:572)
    at java.util.concurrent.FutureTask.run (FutureTask.java:317)
    at java.util.concurrent.ThreadPoolExecutor.runWorker (ThreadPoolExecutor.java:1144)
    at java.util.concurrent.ThreadPoolExecutor$Worker.run (ThreadPoolExecutor.java:642)
    at java.lang.Thread.run (Thread.java:1583)
[WARNING] Use of deprecated attribute 'AdditiveExpression/@Image' in a findChildNodesWithXPath navigation, please use @Operator instead
java.lang.RuntimeException: Use of deprecated attribute 'AdditiveExpression/@Image' in a findChildNodesWithXPath navigation, please use @Operator instead
    at net.sourceforge.pmd.lang.ast.xpath.internal.DeprecatedAttrLogger$AdhocLoggerImpl.recordUsageOf (DeprecatedAttrLogger.java:113)
    at net.sourceforge.pmd.lang.ast.xpath.internal.ContextualizedNavigator.getAttributeStringValue (ContextualizedNavigator.java:24)
    at org.jaxen.function.StringFunction.evaluate (StringFunction.java:278)
    at org.jaxen.expr.DefaultEqualityExpr.evaluateObjectObject (DefaultEqualityExpr.java:152)
    at org.jaxen.expr.DefaultEqualityExpr.evaluateSetSet (DefaultEqualityExpr.java:126)
    at org.jaxen.expr.DefaultEqualityExpr.evaluate (DefaultEqualityExpr.java:97)
    at org.jaxen.expr.DefaultAndExpr.evaluate (DefaultAndExpr.java:82)
    at org.jaxen.expr.DefaultPredicate.evaluate (DefaultPredicate.java:95)
    at org.jaxen.expr.PredicateSet.applyPredicate (PredicateSet.java:269)
    at org.jaxen.expr.PredicateSet.evaluatePredicates (PredicateSet.java:244)
    at org.jaxen.expr.DefaultNameStep.evaluate (DefaultNameStep.java:291)
    at org.jaxen.expr.DefaultLocationPath.evaluate (DefaultLocationPath.java:140)
    at org.jaxen.expr.DefaultXPathExpr.asList (DefaultXPathExpr.java:102)
    at org.jaxen.BaseXPath.selectNodesForContext (BaseXPath.java:677)
    at org.jaxen.BaseXPath.selectNodes (BaseXPath.java:216)
    at net.sourceforge.pmd.lang.ast.AbstractNode.findChildNodesWithXPath (AbstractNode.java:528)
    at com.alibaba.p3c.pmd.lang.java.rule.oop.StringConcatRule.checkStringConcat (StringConcatRule.java:76)
    at com.alibaba.p3c.pmd.lang.java.rule.oop.StringConcatRule.visit (StringConcatRule.java:51)
    at net.sourceforge.pmd.lang.java.ast.ASTForStatement.jjtAccept (ASTForStatement.java:39)
    at net.sourceforge.pmd.lang.java.rule.AbstractJavaRule.visit (AbstractJavaRule.java:222)
    at net.sourceforge.pmd.lang.java.rule.AbstractJavaRule.visit (AbstractJavaRule.java:659)
    at net.sourceforge.pmd.lang.java.ast.ASTStatement.jjtAccept (ASTStatement.java:25)
    at net.sourceforge.pmd.lang.java.rule.AbstractJavaRule.visit (AbstractJavaRule.java:222)
    at net.sourceforge.pmd.lang.java.rule.AbstractJavaRule.visit (AbstractJavaRule.java:674)
    at net.sourceforge.pmd.lang.java.ast.ASTBlockStatement.jjtAccept (ASTBlockStatement.java:25)
    at net.sourceforge.pmd.lang.java.rule.AbstractJavaRule.visit (AbstractJavaRule.java:222)
    at net.sourceforge.pmd.lang.java.rule.AbstractJavaRule.visit (AbstractJavaRule.java:669)
    at net.sourceforge.pmd.lang.java.ast.ASTBlock.jjtAccept (ASTBlock.java:27)
    at net.sourceforge.pmd.lang.java.rule.AbstractJavaRule.visit (AbstractJavaRule.java:222)
    at net.sourceforge.pmd.lang.java.rule.AbstractJavaRule.visit (AbstractJavaRule.java:449)
    at net.sourceforge.pmd.lang.java.ast.ASTMethodDeclaration.jjtAccept (ASTMethodDeclaration.java:37)
    at net.sourceforge.pmd.lang.java.rule.AbstractJavaRule.visit (AbstractJavaRule.java:222)
    at net.sourceforge.pmd.lang.java.rule.AbstractJavaRule.visit (AbstractJavaRule.java:269)
    at net.sourceforge.pmd.lang.java.ast.ASTClassOrInterfaceBodyDeclaration.jjtAccept (ASTClassOrInterfaceBodyDeclaration.java:44)
    at net.sourceforge.pmd.lang.java.rule.AbstractJavaRule.visit (AbstractJavaRule.java:222)
    at net.sourceforge.pmd.lang.java.rule.AbstractJavaRule.visit (AbstractJavaRule.java:264)
    at net.sourceforge.pmd.lang.java.ast.ASTClassOrInterfaceBody.jjtAccept (ASTClassOrInterfaceBody.java:35)
    at net.sourceforge.pmd.lang.java.rule.AbstractJavaRule.visit (AbstractJavaRule.java:222)
    at net.sourceforge.pmd.lang.java.rule.AbstractJavaRule.visit (AbstractJavaRule.java:234)
    at net.sourceforge.pmd.lang.java.ast.ASTClassOrInterfaceDeclaration.jjtAccept (ASTClassOrInterfaceDeclaration.java:55)
    at net.sourceforge.pmd.lang.java.rule.AbstractJavaRule.visit (AbstractJavaRule.java:222)
    at net.sourceforge.pmd.lang.java.rule.AbstractJavaRule.visit (AbstractJavaRule.java:419)
    at net.sourceforge.pmd.lang.java.ast.ASTTypeDeclaration.jjtAccept (ASTTypeDeclaration.java:39)
    at net.sourceforge.pmd.lang.java.rule.AbstractJavaRule.visit (AbstractJavaRule.java:222)
    at net.sourceforge.pmd.lang.java.rule.AbstractJavaRule.visit (AbstractJavaRule.java:394)
    at com.alibaba.p3c.pmd.lang.java.rule.AbstractAliRule.visit (AbstractAliRule.java:60)
    at net.sourceforge.pmd.lang.java.ast.ASTCompilationUnit.jjtAccept (ASTCompilationUnit.java:44)
    at net.sourceforge.pmd.lang.java.rule.AbstractJavaRule.visitAll (AbstractJavaRule.java:164)
    at net.sourceforge.pmd.lang.java.rule.AbstractJavaRule.apply (AbstractJavaRule.java:158)
    at net.sourceforge.pmd.RuleSet.apply (RuleSet.java:659)
    at net.sourceforge.pmd.RuleSets.apply (RuleSets.java:163)
    at net.sourceforge.pmd.SourceCodeProcessor.processSource (SourceCodeProcessor.java:209)
    at net.sourceforge.pmd.SourceCodeProcessor.processSourceCodeWithoutCache (SourceCodeProcessor.java:118)
    at net.sourceforge.pmd.SourceCodeProcessor.processSourceCode (SourceCodeProcessor.java:100)
    at net.sourceforge.pmd.SourceCodeProcessor.processSourceCode (SourceCodeProcessor.java:62)
    at net.sourceforge.pmd.processor.PmdRunnable.call (PmdRunnable.java:85)
    at net.sourceforge.pmd.processor.PmdRunnable.call (PmdRunnable.java:29)
    at java.util.concurrent.FutureTask.run (FutureTask.java:317)
    at java.util.concurrent.Executors$RunnableAdapter.call (Executors.java:572)
    at java.util.concurrent.FutureTask.run (FutureTask.java:317)
    at java.util.concurrent.ThreadPoolExecutor.runWorker (ThreadPoolExecutor.java:1144)
    at java.util.concurrent.ThreadPoolExecutor$Worker.run (ThreadPoolExecutor.java:642)
    at java.lang.Thread.run (Thread.java:1583)
[WARNING] Use of deprecated attribute 'AdditiveExpression/@Image' in a findChildNodesWithXPath navigation, please use @Operator instead
java.lang.RuntimeException: Use of deprecated attribute 'AdditiveExpression/@Image' in a findChildNodesWithXPath navigation, please use @Operator instead
    at net.sourceforge.pmd.lang.ast.xpath.internal.DeprecatedAttrLogger$AdhocLoggerImpl.recordUsageOf (DeprecatedAttrLogger.java:113)
    at net.sourceforge.pmd.lang.ast.xpath.internal.ContextualizedNavigator.getAttributeStringValue (ContextualizedNavigator.java:24)
    at org.jaxen.function.StringFunction.evaluate (StringFunction.java:278)
    at org.jaxen.expr.DefaultEqualityExpr.evaluateObjectObject (DefaultEqualityExpr.java:152)
    at org.jaxen.expr.DefaultEqualityExpr.evaluateSetSet (DefaultEqualityExpr.java:126)
    at org.jaxen.expr.DefaultEqualityExpr.evaluate (DefaultEqualityExpr.java:97)
    at org.jaxen.expr.DefaultAndExpr.evaluate (DefaultAndExpr.java:82)
    at org.jaxen.expr.DefaultPredicate.evaluate (DefaultPredicate.java:95)
    at org.jaxen.expr.PredicateSet.applyPredicate (PredicateSet.java:269)
    at org.jaxen.expr.PredicateSet.evaluatePredicates (PredicateSet.java:244)
    at org.jaxen.expr.DefaultNameStep.evaluate (DefaultNameStep.java:291)
    at org.jaxen.expr.DefaultLocationPath.evaluate (DefaultLocationPath.java:140)
    at org.jaxen.expr.DefaultXPathExpr.asList (DefaultXPathExpr.java:102)
    at org.jaxen.BaseXPath.selectNodesForContext (BaseXPath.java:677)
    at org.jaxen.BaseXPath.selectNodes (BaseXPath.java:216)
    at net.sourceforge.pmd.lang.ast.AbstractNode.findChildNodesWithXPath (AbstractNode.java:528)
    at com.alibaba.p3c.pmd.lang.java.rule.oop.StringConcatRule.checkStringConcat (StringConcatRule.java:76)
    at com.alibaba.p3c.pmd.lang.java.rule.oop.StringConcatRule.visit (StringConcatRule.java:51)
    at net.sourceforge.pmd.lang.java.ast.ASTForStatement.jjtAccept (ASTForStatement.java:39)
    at net.sourceforge.pmd.lang.java.rule.AbstractJavaRule.visit (AbstractJavaRule.java:222)
    at net.sourceforge.pmd.lang.java.rule.AbstractJavaRule.visit (AbstractJavaRule.java:659)
    at net.sourceforge.pmd.lang.java.ast.ASTStatement.jjtAccept (ASTStatement.java:25)
    at net.sourceforge.pmd.lang.java.rule.AbstractJavaRule.visit (AbstractJavaRule.java:222)
    at net.sourceforge.pmd.lang.java.rule.AbstractJavaRule.visit (AbstractJavaRule.java:674)
    at net.sourceforge.pmd.lang.java.ast.ASTBlockStatement.jjtAccept (ASTBlockStatement.java:25)
    at net.sourceforge.pmd.lang.java.rule.AbstractJavaRule.visit (AbstractJavaRule.java:222)
    at net.sourceforge.pmd.lang.java.rule.AbstractJavaRule.visit (AbstractJavaRule.java:669)
    at net.sourceforge.pmd.lang.java.ast.ASTBlock.jjtAccept (ASTBlock.java:27)
    at net.sourceforge.pmd.lang.java.rule.AbstractJavaRule.visit (AbstractJavaRule.java:222)
    at net.sourceforge.pmd.lang.java.rule.AbstractJavaRule.visit (AbstractJavaRule.java:659)
    at net.sourceforge.pmd.lang.java.ast.ASTStatement.jjtAccept (ASTStatement.java:25)
    at net.sourceforge.pmd.lang.java.rule.AbstractJavaRule.visit (AbstractJavaRule.java:222)
    at net.sourceforge.pmd.lang.java.rule.AbstractJavaRule.visit (AbstractJavaRule.java:704)
    at net.sourceforge.pmd.lang.java.ast.ASTIfStatement.jjtAccept (ASTIfStatement.java:93)
    at net.sourceforge.pmd.lang.java.rule.AbstractJavaRule.visit (AbstractJavaRule.java:222)
    at net.sourceforge.pmd.lang.java.rule.AbstractJavaRule.visit (AbstractJavaRule.java:659)
    at net.sourceforge.pmd.lang.java.ast.ASTStatement.jjtAccept (ASTStatement.java:25)
    at net.sourceforge.pmd.lang.java.rule.AbstractJavaRule.visit (AbstractJavaRule.java:222)
    at net.sourceforge.pmd.lang.java.rule.AbstractJavaRule.visit (AbstractJavaRule.java:674)
    at net.sourceforge.pmd.lang.java.ast.ASTBlockStatement.jjtAccept (ASTBlockStatement.java:25)
    at net.sourceforge.pmd.lang.java.rule.AbstractJavaRule.visit (AbstractJavaRule.java:222)
    at net.sourceforge.pmd.lang.java.rule.AbstractJavaRule.visit (AbstractJavaRule.java:669)
    at net.sourceforge.pmd.lang.java.ast.ASTBlock.jjtAccept (ASTBlock.java:27)
    at net.sourceforge.pmd.lang.java.rule.AbstractJavaRule.visit (AbstractJavaRule.java:222)
    at net.sourceforge.pmd.lang.java.rule.AbstractJavaRule.visit (AbstractJavaRule.java:449)
    at net.sourceforge.pmd.lang.java.ast.ASTMethodDeclaration.jjtAccept (ASTMethodDeclaration.java:37)
    at net.sourceforge.pmd.lang.java.rule.AbstractJavaRule.visit (AbstractJavaRule.java:222)
    at net.sourceforge.pmd.lang.java.rule.AbstractJavaRule.visit (AbstractJavaRule.java:269)
    at net.sourceforge.pmd.lang.java.ast.ASTClassOrInterfaceBodyDeclaration.jjtAccept (ASTClassOrInterfaceBodyDeclaration.java:44)
    at net.sourceforge.pmd.lang.java.rule.AbstractJavaRule.visit (AbstractJavaRule.java:222)
    at net.sourceforge.pmd.lang.java.rule.AbstractJavaRule.visit (AbstractJavaRule.java:264)
    at net.sourceforge.pmd.lang.java.ast.ASTClassOrInterfaceBody.jjtAccept (ASTClassOrInterfaceBody.java:35)
    at net.sourceforge.pmd.lang.java.rule.AbstractJavaRule.visit (AbstractJavaRule.java:222)
    at net.sourceforge.pmd.lang.java.rule.AbstractJavaRule.visit (AbstractJavaRule.java:234)
    at net.sourceforge.pmd.lang.java.ast.ASTClassOrInterfaceDeclaration.jjtAccept (ASTClassOrInterfaceDeclaration.java:55)
    at net.sourceforge.pmd.lang.java.rule.AbstractJavaRule.visit (AbstractJavaRule.java:222)
    at net.sourceforge.pmd.lang.java.rule.AbstractJavaRule.visit (AbstractJavaRule.java:419)
    at net.sourceforge.pmd.lang.java.ast.ASTTypeDeclaration.jjtAccept (ASTTypeDeclaration.java:39)
    at net.sourceforge.pmd.lang.java.rule.AbstractJavaRule.visit (AbstractJavaRule.java:222)
    at net.sourceforge.pmd.lang.java.rule.AbstractJavaRule.visit (AbstractJavaRule.java:394)
    at com.alibaba.p3c.pmd.lang.java.rule.AbstractAliRule.visit (AbstractAliRule.java:60)
    at net.sourceforge.pmd.lang.java.ast.ASTCompilationUnit.jjtAccept (ASTCompilationUnit.java:44)
    at net.sourceforge.pmd.lang.java.rule.AbstractJavaRule.visitAll (AbstractJavaRule.java:164)
    at net.sourceforge.pmd.lang.java.rule.AbstractJavaRule.apply (AbstractJavaRule.java:158)
    at net.sourceforge.pmd.RuleSet.apply (RuleSet.java:659)
    at net.sourceforge.pmd.RuleSets.apply (RuleSets.java:163)
    at net.sourceforge.pmd.SourceCodeProcessor.processSource (SourceCodeProcessor.java:209)
    at net.sourceforge.pmd.SourceCodeProcessor.processSourceCodeWithoutCache (SourceCodeProcessor.java:118)
    at net.sourceforge.pmd.SourceCodeProcessor.processSourceCode (SourceCodeProcessor.java:100)
    at net.sourceforge.pmd.SourceCodeProcessor.processSourceCode (SourceCodeProcessor.java:62)
    at net.sourceforge.pmd.processor.PmdRunnable.call (PmdRunnable.java:85)
    at net.sourceforge.pmd.processor.PmdRunnable.call (PmdRunnable.java:29)
    at java.util.concurrent.FutureTask.run (FutureTask.java:317)
    at java.util.concurrent.Executors$RunnableAdapter.call (Executors.java:572)
    at java.util.concurrent.FutureTask.run (FutureTask.java:317)
    at java.util.concurrent.ThreadPoolExecutor.runWorker (ThreadPoolExecutor.java:1144)
    at java.util.concurrent.ThreadPoolExecutor$Worker.run (ThreadPoolExecutor.java:642)
    at java.lang.Thread.run (Thread.java:1583)
[WARNING] Use of deprecated attribute 'AdditiveExpression/@Image' in a findChildNodesWithXPath navigation, please use @Operator instead
java.lang.RuntimeException: Use of deprecated attribute 'AdditiveExpression/@Image' in a findChildNodesWithXPath navigation, please use @Operator instead
    at net.sourceforge.pmd.lang.ast.xpath.internal.DeprecatedAttrLogger$AdhocLoggerImpl.recordUsageOf (DeprecatedAttrLogger.java:113)
    at net.sourceforge.pmd.lang.ast.xpath.internal.ContextualizedNavigator.getAttributeStringValue (ContextualizedNavigator.java:24)
    at org.jaxen.function.StringFunction.evaluate (StringFunction.java:278)
    at org.jaxen.expr.DefaultEqualityExpr.evaluateObjectObject (DefaultEqualityExpr.java:152)
    at org.jaxen.expr.DefaultEqualityExpr.evaluateSetSet (DefaultEqualityExpr.java:126)
    at org.jaxen.expr.DefaultEqualityExpr.evaluate (DefaultEqualityExpr.java:97)
    at org.jaxen.expr.DefaultAndExpr.evaluate (DefaultAndExpr.java:82)
    at org.jaxen.expr.DefaultPredicate.evaluate (DefaultPredicate.java:95)
    at org.jaxen.expr.PredicateSet.applyPredicate (PredicateSet.java:269)
    at org.jaxen.expr.PredicateSet.evaluatePredicates (PredicateSet.java:244)
    at org.jaxen.expr.DefaultNameStep.evaluate (DefaultNameStep.java:291)
    at org.jaxen.expr.DefaultLocationPath.evaluate (DefaultLocationPath.java:140)
    at org.jaxen.expr.DefaultXPathExpr.asList (DefaultXPathExpr.java:102)
    at org.jaxen.BaseXPath.selectNodesForContext (BaseXPath.java:677)
    at org.jaxen.BaseXPath.selectNodes (BaseXPath.java:216)
    at net.sourceforge.pmd.lang.ast.AbstractNode.findChildNodesWithXPath (AbstractNode.java:528)
    at com.alibaba.p3c.pmd.lang.java.rule.oop.StringConcatRule.checkStringConcat (StringConcatRule.java:76)
    at com.alibaba.p3c.pmd.lang.java.rule.oop.StringConcatRule.visit (StringConcatRule.java:51)
    at net.sourceforge.pmd.lang.java.ast.ASTForStatement.jjtAccept (ASTForStatement.java:39)
    at net.sourceforge.pmd.lang.java.rule.AbstractJavaRule.visit (AbstractJavaRule.java:222)
    at net.sourceforge.pmd.lang.java.rule.AbstractJavaRule.visit (AbstractJavaRule.java:659)
    at net.sourceforge.pmd.lang.java.ast.ASTStatement.jjtAccept (ASTStatement.java:25)
    at net.sourceforge.pmd.lang.java.rule.AbstractJavaRule.visit (AbstractJavaRule.java:222)
    at net.sourceforge.pmd.lang.java.rule.AbstractJavaRule.visit (AbstractJavaRule.java:674)
    at net.sourceforge.pmd.lang.java.ast.ASTBlockStatement.jjtAccept (ASTBlockStatement.java:25)
    at net.sourceforge.pmd.lang.java.rule.AbstractJavaRule.visit (AbstractJavaRule.java:222)
    at net.sourceforge.pmd.lang.java.rule.AbstractJavaRule.visit (AbstractJavaRule.java:669)
    at net.sourceforge.pmd.lang.java.ast.ASTBlock.jjtAccept (ASTBlock.java:27)
    at net.sourceforge.pmd.lang.java.rule.AbstractJavaRule.visit (AbstractJavaRule.java:222)
    at net.sourceforge.pmd.lang.java.rule.AbstractJavaRule.visit (AbstractJavaRule.java:659)
    at net.sourceforge.pmd.lang.java.ast.ASTStatement.jjtAccept (ASTStatement.java:25)
    at net.sourceforge.pmd.lang.java.rule.AbstractJavaRule.visit (AbstractJavaRule.java:222)
    at net.sourceforge.pmd.lang.java.rule.AbstractJavaRule.visit (AbstractJavaRule.java:704)
    at net.sourceforge.pmd.lang.java.ast.ASTIfStatement.jjtAccept (ASTIfStatement.java:93)
    at net.sourceforge.pmd.lang.java.rule.AbstractJavaRule.visit (AbstractJavaRule.java:222)
    at net.sourceforge.pmd.lang.java.rule.AbstractJavaRule.visit (AbstractJavaRule.java:659)
    at net.sourceforge.pmd.lang.java.ast.ASTStatement.jjtAccept (ASTStatement.java:25)
    at net.sourceforge.pmd.lang.java.rule.AbstractJavaRule.visit (AbstractJavaRule.java:222)
    at net.sourceforge.pmd.lang.java.rule.AbstractJavaRule.visit (AbstractJavaRule.java:674)
    at net.sourceforge.pmd.lang.java.ast.ASTBlockStatement.jjtAccept (ASTBlockStatement.java:25)
    at net.sourceforge.pmd.lang.java.rule.AbstractJavaRule.visit (AbstractJavaRule.java:222)
    at net.sourceforge.pmd.lang.java.rule.AbstractJavaRule.visit (AbstractJavaRule.java:669)
    at net.sourceforge.pmd.lang.java.ast.ASTBlock.jjtAccept (ASTBlock.java:27)
    at net.sourceforge.pmd.lang.java.rule.AbstractJavaRule.visit (AbstractJavaRule.java:222)
    at net.sourceforge.pmd.lang.java.rule.AbstractJavaRule.visit (AbstractJavaRule.java:449)
    at net.sourceforge.pmd.lang.java.ast.ASTMethodDeclaration.jjtAccept (ASTMethodDeclaration.java:37)
    at net.sourceforge.pmd.lang.java.rule.AbstractJavaRule.visit (AbstractJavaRule.java:222)
    at net.sourceforge.pmd.lang.java.rule.AbstractJavaRule.visit (AbstractJavaRule.java:269)
    at net.sourceforge.pmd.lang.java.ast.ASTClassOrInterfaceBodyDeclaration.jjtAccept (ASTClassOrInterfaceBodyDeclaration.java:44)
    at net.sourceforge.pmd.lang.java.rule.AbstractJavaRule.visit (AbstractJavaRule.java:222)
    at net.sourceforge.pmd.lang.java.rule.AbstractJavaRule.visit (AbstractJavaRule.java:264)
    at net.sourceforge.pmd.lang.java.ast.ASTClassOrInterfaceBody.jjtAccept (ASTClassOrInterfaceBody.java:35)
    at net.sourceforge.pmd.lang.java.rule.AbstractJavaRule.visit (AbstractJavaRule.java:222)
    at net.sourceforge.pmd.lang.java.rule.AbstractJavaRule.visit (AbstractJavaRule.java:234)
    at net.sourceforge.pmd.lang.java.ast.ASTClassOrInterfaceDeclaration.jjtAccept (ASTClassOrInterfaceDeclaration.java:55)
    at net.sourceforge.pmd.lang.java.rule.AbstractJavaRule.visit (AbstractJavaRule.java:222)
    at net.sourceforge.pmd.lang.java.rule.AbstractJavaRule.visit (AbstractJavaRule.java:419)
    at net.sourceforge.pmd.lang.java.ast.ASTTypeDeclaration.jjtAccept (ASTTypeDeclaration.java:39)
    at net.sourceforge.pmd.lang.java.rule.AbstractJavaRule.visit (AbstractJavaRule.java:222)
    at net.sourceforge.pmd.lang.java.rule.AbstractJavaRule.visit (AbstractJavaRule.java:394)
    at com.alibaba.p3c.pmd.lang.java.rule.AbstractAliRule.visit (AbstractAliRule.java:60)
    at net.sourceforge.pmd.lang.java.ast.ASTCompilationUnit.jjtAccept (ASTCompilationUnit.java:44)
    at net.sourceforge.pmd.lang.java.rule.AbstractJavaRule.visitAll (AbstractJavaRule.java:164)
    at net.sourceforge.pmd.lang.java.rule.AbstractJavaRule.apply (AbstractJavaRule.java:158)
    at net.sourceforge.pmd.RuleSet.apply (RuleSet.java:659)
    at net.sourceforge.pmd.RuleSets.apply (RuleSets.java:163)
    at net.sourceforge.pmd.SourceCodeProcessor.processSource (SourceCodeProcessor.java:209)
    at net.sourceforge.pmd.SourceCodeProcessor.processSourceCodeWithoutCache (SourceCodeProcessor.java:118)
    at net.sourceforge.pmd.SourceCodeProcessor.processSourceCode (SourceCodeProcessor.java:100)
    at net.sourceforge.pmd.SourceCodeProcessor.processSourceCode (SourceCodeProcessor.java:62)
    at net.sourceforge.pmd.processor.PmdRunnable.call (PmdRunnable.java:85)
    at net.sourceforge.pmd.processor.PmdRunnable.call (PmdRunnable.java:29)
    at java.util.concurrent.FutureTask.run (FutureTask.java:317)
    at java.util.concurrent.Executors$RunnableAdapter.call (Executors.java:572)
    at java.util.concurrent.FutureTask.run (FutureTask.java:317)
    at java.util.concurrent.ThreadPoolExecutor.runWorker (ThreadPoolExecutor.java:1144)
    at java.util.concurrent.ThreadPoolExecutor$Worker.run (ThreadPoolExecutor.java:642)
    at java.lang.Thread.run (Thread.java:1583)
[WARNING] Use of deprecated attribute 'ClassOrInterfaceDeclaration/@Image' by XPath rule 'ServiceOrDaoClassShouldEndWithImplRule' (in ruleset 'AlibabaJavaNaming'), please use @SimpleName instead
[WARNING] Use of deprecated attribute 'ClassOrInterfaceDeclaration/@Image' by XPath rule 'ServiceOrDaoClassShouldEndWithImplRule' (in ruleset 'AlibabaJavaNaming'), please use @SimpleName instead
[WARNING] Use of deprecated attribute 'AdditiveExpression/@Image' in a findChildNodesWithXPath navigation, please use @Operator instead
java.lang.RuntimeException: Use of deprecated attribute 'AdditiveExpression/@Image' in a findChildNodesWithXPath navigation, please use @Operator instead
    at net.sourceforge.pmd.lang.ast.xpath.internal.DeprecatedAttrLogger$AdhocLoggerImpl.recordUsageOf (DeprecatedAttrLogger.java:113)
    at net.sourceforge.pmd.lang.ast.xpath.internal.ContextualizedNavigator.getAttributeStringValue (ContextualizedNavigator.java:24)
    at org.jaxen.function.StringFunction.evaluate (StringFunction.java:278)
    at org.jaxen.expr.DefaultEqualityExpr.evaluateObjectObject (DefaultEqualityExpr.java:152)
    at org.jaxen.expr.DefaultEqualityExpr.evaluateSetSet (DefaultEqualityExpr.java:126)
    at org.jaxen.expr.DefaultEqualityExpr.evaluate (DefaultEqualityExpr.java:97)
    at org.jaxen.expr.DefaultAndExpr.evaluate (DefaultAndExpr.java:82)
    at org.jaxen.expr.DefaultPredicate.evaluate (DefaultPredicate.java:95)
    at org.jaxen.expr.PredicateSet.applyPredicate (PredicateSet.java:269)
    at org.jaxen.expr.PredicateSet.evaluatePredicates (PredicateSet.java:244)
    at org.jaxen.expr.DefaultNameStep.evaluate (DefaultNameStep.java:291)
    at org.jaxen.expr.DefaultLocationPath.evaluate (DefaultLocationPath.java:140)
    at org.jaxen.expr.DefaultXPathExpr.asList (DefaultXPathExpr.java:102)
    at org.jaxen.BaseXPath.selectNodesForContext (BaseXPath.java:677)
    at org.jaxen.BaseXPath.selectNodes (BaseXPath.java:216)
    at net.sourceforge.pmd.lang.ast.AbstractNode.findChildNodesWithXPath (AbstractNode.java:528)
    at com.alibaba.p3c.pmd.lang.java.rule.oop.StringConcatRule.checkStringConcat (StringConcatRule.java:76)
    at com.alibaba.p3c.pmd.lang.java.rule.oop.StringConcatRule.visit (StringConcatRule.java:51)
    at net.sourceforge.pmd.lang.java.ast.ASTForStatement.jjtAccept (ASTForStatement.java:39)
    at net.sourceforge.pmd.lang.java.rule.AbstractJavaRule.visit (AbstractJavaRule.java:222)
    at net.sourceforge.pmd.lang.java.rule.AbstractJavaRule.visit (AbstractJavaRule.java:659)
    at net.sourceforge.pmd.lang.java.ast.ASTStatement.jjtAccept (ASTStatement.java:25)
    at net.sourceforge.pmd.lang.java.rule.AbstractJavaRule.visit (AbstractJavaRule.java:222)
    at net.sourceforge.pmd.lang.java.rule.AbstractJavaRule.visit (AbstractJavaRule.java:674)
    at net.sourceforge.pmd.lang.java.ast.ASTBlockStatement.jjtAccept (ASTBlockStatement.java:25)
    at net.sourceforge.pmd.lang.java.rule.AbstractJavaRule.visit (AbstractJavaRule.java:222)
    at net.sourceforge.pmd.lang.java.rule.AbstractJavaRule.visit (AbstractJavaRule.java:669)
    at net.sourceforge.pmd.lang.java.ast.ASTBlock.jjtAccept (ASTBlock.java:27)
    at net.sourceforge.pmd.lang.java.rule.AbstractJavaRule.visit (AbstractJavaRule.java:222)
    at net.sourceforge.pmd.lang.java.rule.AbstractJavaRule.visit (AbstractJavaRule.java:449)
    at net.sourceforge.pmd.lang.java.ast.ASTMethodDeclaration.jjtAccept (ASTMethodDeclaration.java:37)
    at net.sourceforge.pmd.lang.java.rule.AbstractJavaRule.visit (AbstractJavaRule.java:222)
    at net.sourceforge.pmd.lang.java.rule.AbstractJavaRule.visit (AbstractJavaRule.java:269)
    at net.sourceforge.pmd.lang.java.ast.ASTClassOrInterfaceBodyDeclaration.jjtAccept (ASTClassOrInterfaceBodyDeclaration.java:44)
    at net.sourceforge.pmd.lang.java.rule.AbstractJavaRule.visit (AbstractJavaRule.java:222)
    at net.sourceforge.pmd.lang.java.rule.AbstractJavaRule.visit (AbstractJavaRule.java:264)
    at net.sourceforge.pmd.lang.java.ast.ASTClassOrInterfaceBody.jjtAccept (ASTClassOrInterfaceBody.java:35)
    at net.sourceforge.pmd.lang.java.rule.AbstractJavaRule.visit (AbstractJavaRule.java:222)
    at net.sourceforge.pmd.lang.java.rule.AbstractJavaRule.visit (AbstractJavaRule.java:234)
    at net.sourceforge.pmd.lang.java.ast.ASTClassOrInterfaceDeclaration.jjtAccept (ASTClassOrInterfaceDeclaration.java:55)
    at net.sourceforge.pmd.lang.java.rule.AbstractJavaRule.visit (AbstractJavaRule.java:222)
    at net.sourceforge.pmd.lang.java.rule.AbstractJavaRule.visit (AbstractJavaRule.java:419)
    at net.sourceforge.pmd.lang.java.ast.ASTTypeDeclaration.jjtAccept (ASTTypeDeclaration.java:39)
    at net.sourceforge.pmd.lang.java.rule.AbstractJavaRule.visit (AbstractJavaRule.java:222)
    at net.sourceforge.pmd.lang.java.rule.AbstractJavaRule.visit (AbstractJavaRule.java:394)
    at com.alibaba.p3c.pmd.lang.java.rule.AbstractAliRule.visit (AbstractAliRule.java:60)
    at net.sourceforge.pmd.lang.java.ast.ASTCompilationUnit.jjtAccept (ASTCompilationUnit.java:44)
    at net.sourceforge.pmd.lang.java.rule.AbstractJavaRule.visitAll (AbstractJavaRule.java:164)
    at net.sourceforge.pmd.lang.java.rule.AbstractJavaRule.apply (AbstractJavaRule.java:158)
    at net.sourceforge.pmd.RuleSet.apply (RuleSet.java:659)
    at net.sourceforge.pmd.RuleSets.apply (RuleSets.java:163)
    at net.sourceforge.pmd.SourceCodeProcessor.processSource (SourceCodeProcessor.java:209)
    at net.sourceforge.pmd.SourceCodeProcessor.processSourceCodeWithoutCache (SourceCodeProcessor.java:118)
    at net.sourceforge.pmd.SourceCodeProcessor.processSourceCode (SourceCodeProcessor.java:100)
    at net.sourceforge.pmd.SourceCodeProcessor.processSourceCode (SourceCodeProcessor.java:62)
    at net.sourceforge.pmd.processor.PmdRunnable.call (PmdRunnable.java:85)
    at net.sourceforge.pmd.processor.PmdRunnable.call (PmdRunnable.java:29)
    at java.util.concurrent.FutureTask.run (FutureTask.java:317)
    at java.util.concurrent.Executors$RunnableAdapter.call (Executors.java:572)
    at java.util.concurrent.FutureTask.run (FutureTask.java:317)
    at java.util.concurrent.ThreadPoolExecutor.runWorker (ThreadPoolExecutor.java:1144)
    at java.util.concurrent.ThreadPoolExecutor$Worker.run (ThreadPoolExecutor.java:642)
    at java.lang.Thread.run (Thread.java:1583)
[WARNING] Use of deprecated attribute 'AdditiveExpression/@Image' in a findChildNodesWithXPath navigation, please use @Operator instead
java.lang.RuntimeException: Use of deprecated attribute 'AdditiveExpression/@Image' in a findChildNodesWithXPath navigation, please use @Operator instead
    at net.sourceforge.pmd.lang.ast.xpath.internal.DeprecatedAttrLogger$AdhocLoggerImpl.recordUsageOf (DeprecatedAttrLogger.java:113)
    at net.sourceforge.pmd.lang.ast.xpath.internal.ContextualizedNavigator.getAttributeStringValue (ContextualizedNavigator.java:24)
    at org.jaxen.function.StringFunction.evaluate (StringFunction.java:278)
    at org.jaxen.expr.DefaultEqualityExpr.evaluateObjectObject (DefaultEqualityExpr.java:152)
    at org.jaxen.expr.DefaultEqualityExpr.evaluateSetSet (DefaultEqualityExpr.java:126)
    at org.jaxen.expr.DefaultEqualityExpr.evaluate (DefaultEqualityExpr.java:97)
    at org.jaxen.expr.DefaultAndExpr.evaluate (DefaultAndExpr.java:82)
    at org.jaxen.expr.DefaultPredicate.evaluate (DefaultPredicate.java:95)
    at org.jaxen.expr.PredicateSet.applyPredicate (PredicateSet.java:269)
    at org.jaxen.expr.PredicateSet.evaluatePredicates (PredicateSet.java:244)
    at org.jaxen.expr.DefaultNameStep.evaluate (DefaultNameStep.java:291)
    at org.jaxen.expr.DefaultLocationPath.evaluate (DefaultLocationPath.java:140)
    at org.jaxen.expr.DefaultXPathExpr.asList (DefaultXPathExpr.java:102)
    at org.jaxen.BaseXPath.selectNodesForContext (BaseXPath.java:677)
    at org.jaxen.BaseXPath.selectNodes (BaseXPath.java:216)
    at net.sourceforge.pmd.lang.ast.AbstractNode.findChildNodesWithXPath (AbstractNode.java:528)
    at com.alibaba.p3c.pmd.lang.java.rule.oop.StringConcatRule.checkStringConcat (StringConcatRule.java:76)
    at com.alibaba.p3c.pmd.lang.java.rule.oop.StringConcatRule.visit (StringConcatRule.java:51)
    at net.sourceforge.pmd.lang.java.ast.ASTForStatement.jjtAccept (ASTForStatement.java:39)
    at net.sourceforge.pmd.lang.java.rule.AbstractJavaRule.visit (AbstractJavaRule.java:222)
    at net.sourceforge.pmd.lang.java.rule.AbstractJavaRule.visit (AbstractJavaRule.java:659)
    at net.sourceforge.pmd.lang.java.ast.ASTStatement.jjtAccept (ASTStatement.java:25)
    at net.sourceforge.pmd.lang.java.rule.AbstractJavaRule.visit (AbstractJavaRule.java:222)
    at net.sourceforge.pmd.lang.java.rule.AbstractJavaRule.visit (AbstractJavaRule.java:674)
    at net.sourceforge.pmd.lang.java.ast.ASTBlockStatement.jjtAccept (ASTBlockStatement.java:25)
    at net.sourceforge.pmd.lang.java.rule.AbstractJavaRule.visit (AbstractJavaRule.java:222)
    at net.sourceforge.pmd.lang.java.rule.AbstractJavaRule.visit (AbstractJavaRule.java:669)
    at net.sourceforge.pmd.lang.java.ast.ASTBlock.jjtAccept (ASTBlock.java:27)
    at net.sourceforge.pmd.lang.java.rule.AbstractJavaRule.visit (AbstractJavaRule.java:222)
    at net.sourceforge.pmd.lang.java.rule.AbstractJavaRule.visit (AbstractJavaRule.java:449)
    at net.sourceforge.pmd.lang.java.ast.ASTMethodDeclaration.jjtAccept (ASTMethodDeclaration.java:37)
    at net.sourceforge.pmd.lang.java.rule.AbstractJavaRule.visit (AbstractJavaRule.java:222)
    at net.sourceforge.pmd.lang.java.rule.AbstractJavaRule.visit (AbstractJavaRule.java:269)
    at net.sourceforge.pmd.lang.java.ast.ASTClassOrInterfaceBodyDeclaration.jjtAccept (ASTClassOrInterfaceBodyDeclaration.java:44)
    at net.sourceforge.pmd.lang.java.rule.AbstractJavaRule.visit (AbstractJavaRule.java:222)
    at net.sourceforge.pmd.lang.java.rule.AbstractJavaRule.visit (AbstractJavaRule.java:264)
    at net.sourceforge.pmd.lang.java.ast.ASTClassOrInterfaceBody.jjtAccept (ASTClassOrInterfaceBody.java:35)
    at net.sourceforge.pmd.lang.java.rule.AbstractJavaRule.visit (AbstractJavaRule.java:222)
    at net.sourceforge.pmd.lang.java.rule.AbstractJavaRule.visit (AbstractJavaRule.java:234)
    at net.sourceforge.pmd.lang.java.ast.ASTClassOrInterfaceDeclaration.jjtAccept (ASTClassOrInterfaceDeclaration.java:55)
    at net.sourceforge.pmd.lang.java.rule.AbstractJavaRule.visit (AbstractJavaRule.java:222)
    at net.sourceforge.pmd.lang.java.rule.AbstractJavaRule.visit (AbstractJavaRule.java:419)
    at net.sourceforge.pmd.lang.java.ast.ASTTypeDeclaration.jjtAccept (ASTTypeDeclaration.java:39)
    at net.sourceforge.pmd.lang.java.rule.AbstractJavaRule.visit (AbstractJavaRule.java:222)
    at net.sourceforge.pmd.lang.java.rule.AbstractJavaRule.visit (AbstractJavaRule.java:394)
    at com.alibaba.p3c.pmd.lang.java.rule.AbstractAliRule.visit (AbstractAliRule.java:60)
    at net.sourceforge.pmd.lang.java.ast.ASTCompilationUnit.jjtAccept (ASTCompilationUnit.java:44)
    at net.sourceforge.pmd.lang.java.rule.AbstractJavaRule.visitAll (AbstractJavaRule.java:164)
    at net.sourceforge.pmd.lang.java.rule.AbstractJavaRule.apply (AbstractJavaRule.java:158)
    at net.sourceforge.pmd.RuleSet.apply (RuleSet.java:659)
    at net.sourceforge.pmd.RuleSets.apply (RuleSets.java:163)
    at net.sourceforge.pmd.SourceCodeProcessor.processSource (SourceCodeProcessor.java:209)
    at net.sourceforge.pmd.SourceCodeProcessor.processSourceCodeWithoutCache (SourceCodeProcessor.java:118)
    at net.sourceforge.pmd.SourceCodeProcessor.processSourceCode (SourceCodeProcessor.java:100)
    at net.sourceforge.pmd.SourceCodeProcessor.processSourceCode (SourceCodeProcessor.java:62)
    at net.sourceforge.pmd.processor.PmdRunnable.call (PmdRunnable.java:85)
    at net.sourceforge.pmd.processor.PmdRunnable.call (PmdRunnable.java:29)
    at java.util.concurrent.FutureTask.run (FutureTask.java:317)
    at java.util.concurrent.Executors$RunnableAdapter.call (Executors.java:572)
    at java.util.concurrent.FutureTask.run (FutureTask.java:317)
    at java.util.concurrent.ThreadPoolExecutor.runWorker (ThreadPoolExecutor.java:1144)
    at java.util.concurrent.ThreadPoolExecutor$Worker.run (ThreadPoolExecutor.java:642)
    at java.lang.Thread.run (Thread.java:1583)
[WARNING] Use of deprecated attribute 'AdditiveExpression/@Image' in a findChildNodesWithXPath navigation, please use @Operator instead
java.lang.RuntimeException: Use of deprecated attribute 'AdditiveExpression/@Image' in a findChildNodesWithXPath navigation, please use @Operator instead
    at net.sourceforge.pmd.lang.ast.xpath.internal.DeprecatedAttrLogger$AdhocLoggerImpl.recordUsageOf (DeprecatedAttrLogger.java:113)
    at net.sourceforge.pmd.lang.ast.xpath.internal.ContextualizedNavigator.getAttributeStringValue (ContextualizedNavigator.java:24)
    at org.jaxen.function.StringFunction.evaluate (StringFunction.java:278)
    at org.jaxen.expr.DefaultEqualityExpr.evaluateObjectObject (DefaultEqualityExpr.java:152)
    at org.jaxen.expr.DefaultEqualityExpr.evaluateSetSet (DefaultEqualityExpr.java:126)
    at org.jaxen.expr.DefaultEqualityExpr.evaluate (DefaultEqualityExpr.java:97)
    at org.jaxen.expr.DefaultAndExpr.evaluate (DefaultAndExpr.java:82)
    at org.jaxen.expr.DefaultPredicate.evaluate (DefaultPredicate.java:95)
    at org.jaxen.expr.PredicateSet.applyPredicate (PredicateSet.java:269)
    at org.jaxen.expr.PredicateSet.evaluatePredicates (PredicateSet.java:244)
    at org.jaxen.expr.DefaultNameStep.evaluate (DefaultNameStep.java:291)
    at org.jaxen.expr.DefaultLocationPath.evaluate (DefaultLocationPath.java:140)
    at org.jaxen.expr.DefaultXPathExpr.asList (DefaultXPathExpr.java:102)
    at org.jaxen.BaseXPath.selectNodesForContext (BaseXPath.java:677)
    at org.jaxen.BaseXPath.selectNodes (BaseXPath.java:216)
    at net.sourceforge.pmd.lang.ast.AbstractNode.findChildNodesWithXPath (AbstractNode.java:528)
    at com.alibaba.p3c.pmd.lang.java.rule.oop.StringConcatRule.checkStringConcat (StringConcatRule.java:76)
    at com.alibaba.p3c.pmd.lang.java.rule.oop.StringConcatRule.visit (StringConcatRule.java:51)
    at net.sourceforge.pmd.lang.java.ast.ASTForStatement.jjtAccept (ASTForStatement.java:39)
    at net.sourceforge.pmd.lang.java.rule.AbstractJavaRule.visit (AbstractJavaRule.java:222)
    at net.sourceforge.pmd.lang.java.rule.AbstractJavaRule.visit (AbstractJavaRule.java:659)
    at net.sourceforge.pmd.lang.java.ast.ASTStatement.jjtAccept (ASTStatement.java:25)
    at net.sourceforge.pmd.lang.java.rule.AbstractJavaRule.visit (AbstractJavaRule.java:222)
    at net.sourceforge.pmd.lang.java.rule.AbstractJavaRule.visit (AbstractJavaRule.java:674)
    at net.sourceforge.pmd.lang.java.ast.ASTBlockStatement.jjtAccept (ASTBlockStatement.java:25)
    at net.sourceforge.pmd.lang.java.rule.AbstractJavaRule.visit (AbstractJavaRule.java:222)
    at net.sourceforge.pmd.lang.java.rule.AbstractJavaRule.visit (AbstractJavaRule.java:669)
    at net.sourceforge.pmd.lang.java.ast.ASTBlock.jjtAccept (ASTBlock.java:27)
    at net.sourceforge.pmd.lang.java.rule.AbstractJavaRule.visit (AbstractJavaRule.java:222)
    at net.sourceforge.pmd.lang.java.rule.AbstractJavaRule.visit (AbstractJavaRule.java:449)
    at net.sourceforge.pmd.lang.java.ast.ASTMethodDeclaration.jjtAccept (ASTMethodDeclaration.java:37)
    at net.sourceforge.pmd.lang.java.rule.AbstractJavaRule.visit (AbstractJavaRule.java:222)
    at net.sourceforge.pmd.lang.java.rule.AbstractJavaRule.visit (AbstractJavaRule.java:269)
    at net.sourceforge.pmd.lang.java.ast.ASTClassOrInterfaceBodyDeclaration.jjtAccept (ASTClassOrInterfaceBodyDeclaration.java:44)
    at net.sourceforge.pmd.lang.java.rule.AbstractJavaRule.visit (AbstractJavaRule.java:222)
    at net.sourceforge.pmd.lang.java.rule.AbstractJavaRule.visit (AbstractJavaRule.java:264)
    at net.sourceforge.pmd.lang.java.ast.ASTClassOrInterfaceBody.jjtAccept (ASTClassOrInterfaceBody.java:35)
    at net.sourceforge.pmd.lang.java.rule.AbstractJavaRule.visit (AbstractJavaRule.java:222)
    at net.sourceforge.pmd.lang.java.rule.AbstractJavaRule.visit (AbstractJavaRule.java:234)
    at net.sourceforge.pmd.lang.java.ast.ASTClassOrInterfaceDeclaration.jjtAccept (ASTClassOrInterfaceDeclaration.java:55)
    at net.sourceforge.pmd.lang.java.rule.AbstractJavaRule.visit (AbstractJavaRule.java:222)
    at net.sourceforge.pmd.lang.java.rule.AbstractJavaRule.visit (AbstractJavaRule.java:419)
    at net.sourceforge.pmd.lang.java.ast.ASTTypeDeclaration.jjtAccept (ASTTypeDeclaration.java:39)
    at net.sourceforge.pmd.lang.java.rule.AbstractJavaRule.visit (AbstractJavaRule.java:222)
    at net.sourceforge.pmd.lang.java.rule.AbstractJavaRule.visit (AbstractJavaRule.java:394)
    at com.alibaba.p3c.pmd.lang.java.rule.AbstractAliRule.visit (AbstractAliRule.java:60)
    at net.sourceforge.pmd.lang.java.ast.ASTCompilationUnit.jjtAccept (ASTCompilationUnit.java:44)
    at net.sourceforge.pmd.lang.java.rule.AbstractJavaRule.visitAll (AbstractJavaRule.java:164)
    at net.sourceforge.pmd.lang.java.rule.AbstractJavaRule.apply (AbstractJavaRule.java:158)
    at net.sourceforge.pmd.RuleSet.apply (RuleSet.java:659)
    at net.sourceforge.pmd.RuleSets.apply (RuleSets.java:163)
    at net.sourceforge.pmd.SourceCodeProcessor.processSource (SourceCodeProcessor.java:209)
    at net.sourceforge.pmd.SourceCodeProcessor.processSourceCodeWithoutCache (SourceCodeProcessor.java:118)
    at net.sourceforge.pmd.SourceCodeProcessor.processSourceCode (SourceCodeProcessor.java:100)
    at net.sourceforge.pmd.SourceCodeProcessor.processSourceCode (SourceCodeProcessor.java:62)
    at net.sourceforge.pmd.processor.PmdRunnable.call (PmdRunnable.java:85)
    at net.sourceforge.pmd.processor.PmdRunnable.call (PmdRunnable.java:29)
    at java.util.concurrent.FutureTask.run (FutureTask.java:317)
    at java.util.concurrent.Executors$RunnableAdapter.call (Executors.java:572)
    at java.util.concurrent.FutureTask.run (FutureTask.java:317)
    at java.util.concurrent.ThreadPoolExecutor.runWorker (ThreadPoolExecutor.java:1144)
    at java.util.concurrent.ThreadPoolExecutor$Worker.run (ThreadPoolExecutor.java:642)
    at java.lang.Thread.run (Thread.java:1583)
[WARNING] Use of deprecated attribute 'AdditiveExpression/@Image' in a findChildNodesWithXPath navigation, please use @Operator instead
java.lang.RuntimeException: Use of deprecated attribute 'AdditiveExpression/@Image' in a findChildNodesWithXPath navigation, please use @Operator instead
    at net.sourceforge.pmd.lang.ast.xpath.internal.DeprecatedAttrLogger$AdhocLoggerImpl.recordUsageOf (DeprecatedAttrLogger.java:113)
    at net.sourceforge.pmd.lang.ast.xpath.internal.ContextualizedNavigator.getAttributeStringValue (ContextualizedNavigator.java:24)
    at org.jaxen.function.StringFunction.evaluate (StringFunction.java:278)
    at org.jaxen.expr.DefaultEqualityExpr.evaluateObjectObject (DefaultEqualityExpr.java:152)
    at org.jaxen.expr.DefaultEqualityExpr.evaluateSetSet (DefaultEqualityExpr.java:126)
    at org.jaxen.expr.DefaultEqualityExpr.evaluate (DefaultEqualityExpr.java:97)
    at org.jaxen.expr.DefaultAndExpr.evaluate (DefaultAndExpr.java:82)
    at org.jaxen.expr.DefaultPredicate.evaluate (DefaultPredicate.java:95)
    at org.jaxen.expr.PredicateSet.applyPredicate (PredicateSet.java:269)
    at org.jaxen.expr.PredicateSet.evaluatePredicates (PredicateSet.java:244)
    at org.jaxen.expr.DefaultNameStep.evaluate (DefaultNameStep.java:291)
    at org.jaxen.expr.DefaultLocationPath.evaluate (DefaultLocationPath.java:140)
    at org.jaxen.expr.DefaultXPathExpr.asList (DefaultXPathExpr.java:102)
    at org.jaxen.BaseXPath.selectNodesForContext (BaseXPath.java:677)
    at org.jaxen.BaseXPath.selectNodes (BaseXPath.java:216)
    at net.sourceforge.pmd.lang.ast.AbstractNode.findChildNodesWithXPath (AbstractNode.java:528)
    at com.alibaba.p3c.pmd.lang.java.rule.oop.StringConcatRule.checkStringConcat (StringConcatRule.java:76)
    at com.alibaba.p3c.pmd.lang.java.rule.oop.StringConcatRule.visit (StringConcatRule.java:51)
    at net.sourceforge.pmd.lang.java.ast.ASTForStatement.jjtAccept (ASTForStatement.java:39)
    at net.sourceforge.pmd.lang.java.rule.AbstractJavaRule.visit (AbstractJavaRule.java:222)
    at net.sourceforge.pmd.lang.java.rule.AbstractJavaRule.visit (AbstractJavaRule.java:659)
    at net.sourceforge.pmd.lang.java.ast.ASTStatement.jjtAccept (ASTStatement.java:25)
    at net.sourceforge.pmd.lang.java.rule.AbstractJavaRule.visit (AbstractJavaRule.java:222)
    at net.sourceforge.pmd.lang.java.rule.AbstractJavaRule.visit (AbstractJavaRule.java:674)
    at net.sourceforge.pmd.lang.java.ast.ASTBlockStatement.jjtAccept (ASTBlockStatement.java:25)
    at net.sourceforge.pmd.lang.java.rule.AbstractJavaRule.visit (AbstractJavaRule.java:222)
    at net.sourceforge.pmd.lang.java.rule.AbstractJavaRule.visit (AbstractJavaRule.java:669)
    at net.sourceforge.pmd.lang.java.ast.ASTBlock.jjtAccept (ASTBlock.java:27)
    at net.sourceforge.pmd.lang.java.rule.AbstractJavaRule.visit (AbstractJavaRule.java:222)
    at net.sourceforge.pmd.lang.java.rule.AbstractJavaRule.visit (AbstractJavaRule.java:449)
    at net.sourceforge.pmd.lang.java.ast.ASTMethodDeclaration.jjtAccept (ASTMethodDeclaration.java:37)
    at net.sourceforge.pmd.lang.java.rule.AbstractJavaRule.visit (AbstractJavaRule.java:222)
    at net.sourceforge.pmd.lang.java.rule.AbstractJavaRule.visit (AbstractJavaRule.java:269)
    at net.sourceforge.pmd.lang.java.ast.ASTClassOrInterfaceBodyDeclaration.jjtAccept (ASTClassOrInterfaceBodyDeclaration.java:44)
    at net.sourceforge.pmd.lang.java.rule.AbstractJavaRule.visit (AbstractJavaRule.java:222)
    at net.sourceforge.pmd.lang.java.rule.AbstractJavaRule.visit (AbstractJavaRule.java:264)
    at net.sourceforge.pmd.lang.java.ast.ASTClassOrInterfaceBody.jjtAccept (ASTClassOrInterfaceBody.java:35)
    at net.sourceforge.pmd.lang.java.rule.AbstractJavaRule.visit (AbstractJavaRule.java:222)
    at net.sourceforge.pmd.lang.java.rule.AbstractJavaRule.visit (AbstractJavaRule.java:234)
    at net.sourceforge.pmd.lang.java.ast.ASTClassOrInterfaceDeclaration.jjtAccept (ASTClassOrInterfaceDeclaration.java:55)
    at net.sourceforge.pmd.lang.java.rule.AbstractJavaRule.visit (AbstractJavaRule.java:222)
    at net.sourceforge.pmd.lang.java.rule.AbstractJavaRule.visit (AbstractJavaRule.java:419)
    at net.sourceforge.pmd.lang.java.ast.ASTTypeDeclaration.jjtAccept (ASTTypeDeclaration.java:39)
    at net.sourceforge.pmd.lang.java.rule.AbstractJavaRule.visit (AbstractJavaRule.java:222)
    at net.sourceforge.pmd.lang.java.rule.AbstractJavaRule.visit (AbstractJavaRule.java:394)
    at com.alibaba.p3c.pmd.lang.java.rule.AbstractAliRule.visit (AbstractAliRule.java:60)
    at net.sourceforge.pmd.lang.java.ast.ASTCompilationUnit.jjtAccept (ASTCompilationUnit.java:44)
    at net.sourceforge.pmd.lang.java.rule.AbstractJavaRule.visitAll (AbstractJavaRule.java:164)
    at net.sourceforge.pmd.lang.java.rule.AbstractJavaRule.apply (AbstractJavaRule.java:158)
    at net.sourceforge.pmd.RuleSet.apply (RuleSet.java:659)
    at net.sourceforge.pmd.RuleSets.apply (RuleSets.java:163)
    at net.sourceforge.pmd.SourceCodeProcessor.processSource (SourceCodeProcessor.java:209)
    at net.sourceforge.pmd.SourceCodeProcessor.processSourceCodeWithoutCache (SourceCodeProcessor.java:118)
    at net.sourceforge.pmd.SourceCodeProcessor.processSourceCode (SourceCodeProcessor.java:100)
    at net.sourceforge.pmd.SourceCodeProcessor.processSourceCode (SourceCodeProcessor.java:62)
    at net.sourceforge.pmd.processor.PmdRunnable.call (PmdRunnable.java:85)
    at net.sourceforge.pmd.processor.PmdRunnable.call (PmdRunnable.java:29)
    at java.util.concurrent.FutureTask.run (FutureTask.java:317)
    at java.util.concurrent.Executors$RunnableAdapter.call (Executors.java:572)
    at java.util.concurrent.FutureTask.run (FutureTask.java:317)
    at java.util.concurrent.ThreadPoolExecutor.runWorker (ThreadPoolExecutor.java:1144)
    at java.util.concurrent.ThreadPoolExecutor$Worker.run (ThreadPoolExecutor.java:642)
    at java.lang.Thread.run (Thread.java:1583)
[WARNING] Use of deprecated attribute 'AdditiveExpression/@Image' in a findChildNodesWithXPath navigation, please use @Operator instead
java.lang.RuntimeException: Use of deprecated attribute 'AdditiveExpression/@Image' in a findChildNodesWithXPath navigation, please use @Operator instead
    at net.sourceforge.pmd.lang.ast.xpath.internal.DeprecatedAttrLogger$AdhocLoggerImpl.recordUsageOf (DeprecatedAttrLogger.java:113)
    at net.sourceforge.pmd.lang.ast.xpath.internal.ContextualizedNavigator.getAttributeStringValue (ContextualizedNavigator.java:24)
    at org.jaxen.function.StringFunction.evaluate (StringFunction.java:278)
    at org.jaxen.expr.DefaultEqualityExpr.evaluateObjectObject (DefaultEqualityExpr.java:152)
    at org.jaxen.expr.DefaultEqualityExpr.evaluateSetSet (DefaultEqualityExpr.java:126)
    at org.jaxen.expr.DefaultEqualityExpr.evaluate (DefaultEqualityExpr.java:97)
    at org.jaxen.expr.DefaultAndExpr.evaluate (DefaultAndExpr.java:82)
    at org.jaxen.expr.DefaultPredicate.evaluate (DefaultPredicate.java:95)
    at org.jaxen.expr.PredicateSet.applyPredicate (PredicateSet.java:269)
    at org.jaxen.expr.PredicateSet.evaluatePredicates (PredicateSet.java:244)
    at org.jaxen.expr.DefaultNameStep.evaluate (DefaultNameStep.java:291)
    at org.jaxen.expr.DefaultLocationPath.evaluate (DefaultLocationPath.java:140)
    at org.jaxen.expr.DefaultXPathExpr.asList (DefaultXPathExpr.java:102)
    at org.jaxen.BaseXPath.selectNodesForContext (BaseXPath.java:677)
    at org.jaxen.BaseXPath.selectNodes (BaseXPath.java:216)
    at net.sourceforge.pmd.lang.ast.AbstractNode.findChildNodesWithXPath (AbstractNode.java:528)
    at com.alibaba.p3c.pmd.lang.java.rule.oop.StringConcatRule.checkStringConcat (StringConcatRule.java:76)
    at com.alibaba.p3c.pmd.lang.java.rule.oop.StringConcatRule.visit (StringConcatRule.java:51)
    at net.sourceforge.pmd.lang.java.ast.ASTForStatement.jjtAccept (ASTForStatement.java:39)
    at net.sourceforge.pmd.lang.java.rule.AbstractJavaRule.visit (AbstractJavaRule.java:222)
    at net.sourceforge.pmd.lang.java.rule.AbstractJavaRule.visit (AbstractJavaRule.java:659)
    at net.sourceforge.pmd.lang.java.ast.ASTStatement.jjtAccept (ASTStatement.java:25)
    at net.sourceforge.pmd.lang.java.rule.AbstractJavaRule.visit (AbstractJavaRule.java:222)
    at net.sourceforge.pmd.lang.java.rule.AbstractJavaRule.visit (AbstractJavaRule.java:674)
    at net.sourceforge.pmd.lang.java.ast.ASTBlockStatement.jjtAccept (ASTBlockStatement.java:25)
    at net.sourceforge.pmd.lang.java.rule.AbstractJavaRule.visit (AbstractJavaRule.java:222)
    at net.sourceforge.pmd.lang.java.rule.AbstractJavaRule.visit (AbstractJavaRule.java:669)
    at net.sourceforge.pmd.lang.java.ast.ASTBlock.jjtAccept (ASTBlock.java:27)
    at net.sourceforge.pmd.lang.java.rule.AbstractJavaRule.visit (AbstractJavaRule.java:222)
    at net.sourceforge.pmd.lang.java.rule.AbstractJavaRule.visit (AbstractJavaRule.java:449)
    at net.sourceforge.pmd.lang.java.ast.ASTMethodDeclaration.jjtAccept (ASTMethodDeclaration.java:37)
    at net.sourceforge.pmd.lang.java.rule.AbstractJavaRule.visit (AbstractJavaRule.java:222)
    at net.sourceforge.pmd.lang.java.rule.AbstractJavaRule.visit (AbstractJavaRule.java:269)
    at net.sourceforge.pmd.lang.java.ast.ASTClassOrInterfaceBodyDeclaration.jjtAccept (ASTClassOrInterfaceBodyDeclaration.java:44)
    at net.sourceforge.pmd.lang.java.rule.AbstractJavaRule.visit (AbstractJavaRule.java:222)
    at net.sourceforge.pmd.lang.java.rule.AbstractJavaRule.visit (AbstractJavaRule.java:264)
    at net.sourceforge.pmd.lang.java.ast.ASTClassOrInterfaceBody.jjtAccept (ASTClassOrInterfaceBody.java:35)
    at net.sourceforge.pmd.lang.java.rule.AbstractJavaRule.visit (AbstractJavaRule.java:222)
    at net.sourceforge.pmd.lang.java.rule.AbstractJavaRule.visit (AbstractJavaRule.java:234)
    at net.sourceforge.pmd.lang.java.ast.ASTClassOrInterfaceDeclaration.jjtAccept (ASTClassOrInterfaceDeclaration.java:55)
    at net.sourceforge.pmd.lang.java.rule.AbstractJavaRule.visit (AbstractJavaRule.java:222)
    at net.sourceforge.pmd.lang.java.rule.AbstractJavaRule.visit (AbstractJavaRule.java:419)
    at net.sourceforge.pmd.lang.java.ast.ASTTypeDeclaration.jjtAccept (ASTTypeDeclaration.java:39)
    at net.sourceforge.pmd.lang.java.rule.AbstractJavaRule.visit (AbstractJavaRule.java:222)
    at net.sourceforge.pmd.lang.java.rule.AbstractJavaRule.visit (AbstractJavaRule.java:394)
    at com.alibaba.p3c.pmd.lang.java.rule.AbstractAliRule.visit (AbstractAliRule.java:60)
    at net.sourceforge.pmd.lang.java.ast.ASTCompilationUnit.jjtAccept (ASTCompilationUnit.java:44)
    at net.sourceforge.pmd.lang.java.rule.AbstractJavaRule.visitAll (AbstractJavaRule.java:164)
    at net.sourceforge.pmd.lang.java.rule.AbstractJavaRule.apply (AbstractJavaRule.java:158)
    at net.sourceforge.pmd.RuleSet.apply (RuleSet.java:659)
    at net.sourceforge.pmd.RuleSets.apply (RuleSets.java:163)
    at net.sourceforge.pmd.SourceCodeProcessor.processSource (SourceCodeProcessor.java:209)
    at net.sourceforge.pmd.SourceCodeProcessor.processSourceCodeWithoutCache (SourceCodeProcessor.java:118)
    at net.sourceforge.pmd.SourceCodeProcessor.processSourceCode (SourceCodeProcessor.java:100)
    at net.sourceforge.pmd.SourceCodeProcessor.processSourceCode (SourceCodeProcessor.java:62)
    at net.sourceforge.pmd.processor.PmdRunnable.call (PmdRunnable.java:85)
    at net.sourceforge.pmd.processor.PmdRunnable.call (PmdRunnable.java:29)
    at java.util.concurrent.FutureTask.run (FutureTask.java:317)
    at java.util.concurrent.Executors$RunnableAdapter.call (Executors.java:572)
    at java.util.concurrent.FutureTask.run (FutureTask.java:317)
    at java.util.concurrent.ThreadPoolExecutor.runWorker (ThreadPoolExecutor.java:1144)
    at java.util.concurrent.ThreadPoolExecutor$Worker.run (ThreadPoolExecutor.java:642)
    at java.lang.Thread.run (Thread.java:1583)
[WARNING] Use of deprecated attribute 'AdditiveExpression/@Image' in a findChildNodesWithXPath navigation, please use @Operator instead
java.lang.RuntimeException: Use of deprecated attribute 'AdditiveExpression/@Image' in a findChildNodesWithXPath navigation, please use @Operator instead
    at net.sourceforge.pmd.lang.ast.xpath.internal.DeprecatedAttrLogger$AdhocLoggerImpl.recordUsageOf (DeprecatedAttrLogger.java:113)
    at net.sourceforge.pmd.lang.ast.xpath.internal.ContextualizedNavigator.getAttributeStringValue (ContextualizedNavigator.java:24)
    at org.jaxen.function.StringFunction.evaluate (StringFunction.java:278)
    at org.jaxen.expr.DefaultEqualityExpr.evaluateObjectObject (DefaultEqualityExpr.java:152)
    at org.jaxen.expr.DefaultEqualityExpr.evaluateSetSet (DefaultEqualityExpr.java:126)
    at org.jaxen.expr.DefaultEqualityExpr.evaluate (DefaultEqualityExpr.java:97)
    at org.jaxen.expr.DefaultAndExpr.evaluate (DefaultAndExpr.java:82)
    at org.jaxen.expr.DefaultPredicate.evaluate (DefaultPredicate.java:95)
    at org.jaxen.expr.PredicateSet.applyPredicate (PredicateSet.java:269)
    at org.jaxen.expr.PredicateSet.evaluatePredicates (PredicateSet.java:244)
    at org.jaxen.expr.DefaultNameStep.evaluate (DefaultNameStep.java:291)
    at org.jaxen.expr.DefaultLocationPath.evaluate (DefaultLocationPath.java:140)
    at org.jaxen.expr.DefaultXPathExpr.asList (DefaultXPathExpr.java:102)
    at org.jaxen.BaseXPath.selectNodesForContext (BaseXPath.java:677)
    at org.jaxen.BaseXPath.selectNodes (BaseXPath.java:216)
    at net.sourceforge.pmd.lang.ast.AbstractNode.findChildNodesWithXPath (AbstractNode.java:528)
    at com.alibaba.p3c.pmd.lang.java.rule.oop.StringConcatRule.checkStringConcat (StringConcatRule.java:76)
    at com.alibaba.p3c.pmd.lang.java.rule.oop.StringConcatRule.visit (StringConcatRule.java:51)
    at net.sourceforge.pmd.lang.java.ast.ASTForStatement.jjtAccept (ASTForStatement.java:39)
    at net.sourceforge.pmd.lang.java.rule.AbstractJavaRule.visit (AbstractJavaRule.java:222)
    at net.sourceforge.pmd.lang.java.rule.AbstractJavaRule.visit (AbstractJavaRule.java:659)
    at net.sourceforge.pmd.lang.java.ast.ASTStatement.jjtAccept (ASTStatement.java:25)
    at net.sourceforge.pmd.lang.java.rule.AbstractJavaRule.visit (AbstractJavaRule.java:222)
    at net.sourceforge.pmd.lang.java.rule.AbstractJavaRule.visit (AbstractJavaRule.java:674)
    at net.sourceforge.pmd.lang.java.ast.ASTBlockStatement.jjtAccept (ASTBlockStatement.java:25)
    at net.sourceforge.pmd.lang.java.rule.AbstractJavaRule.visit (AbstractJavaRule.java:222)
    at net.sourceforge.pmd.lang.java.rule.AbstractJavaRule.visit (AbstractJavaRule.java:669)
    at net.sourceforge.pmd.lang.java.ast.ASTBlock.jjtAccept (ASTBlock.java:27)
    at net.sourceforge.pmd.lang.java.rule.AbstractJavaRule.visit (AbstractJavaRule.java:222)
    at net.sourceforge.pmd.lang.java.rule.AbstractJavaRule.visit (AbstractJavaRule.java:449)
    at net.sourceforge.pmd.lang.java.ast.ASTMethodDeclaration.jjtAccept (ASTMethodDeclaration.java:37)
    at net.sourceforge.pmd.lang.java.rule.AbstractJavaRule.visit (AbstractJavaRule.java:222)
    at net.sourceforge.pmd.lang.java.rule.AbstractJavaRule.visit (AbstractJavaRule.java:269)
    at net.sourceforge.pmd.lang.java.ast.ASTClassOrInterfaceBodyDeclaration.jjtAccept (ASTClassOrInterfaceBodyDeclaration.java:44)
    at net.sourceforge.pmd.lang.java.rule.AbstractJavaRule.visit (AbstractJavaRule.java:222)
    at net.sourceforge.pmd.lang.java.rule.AbstractJavaRule.visit (AbstractJavaRule.java:264)
    at net.sourceforge.pmd.lang.java.ast.ASTClassOrInterfaceBody.jjtAccept (ASTClassOrInterfaceBody.java:35)
    at net.sourceforge.pmd.lang.java.rule.AbstractJavaRule.visit (AbstractJavaRule.java:222)
    at net.sourceforge.pmd.lang.java.rule.AbstractJavaRule.visit (AbstractJavaRule.java:234)
    at net.sourceforge.pmd.lang.java.ast.ASTClassOrInterfaceDeclaration.jjtAccept (ASTClassOrInterfaceDeclaration.java:55)
    at net.sourceforge.pmd.lang.java.rule.AbstractJavaRule.visit (AbstractJavaRule.java:222)
    at net.sourceforge.pmd.lang.java.rule.AbstractJavaRule.visit (AbstractJavaRule.java:419)
    at net.sourceforge.pmd.lang.java.ast.ASTTypeDeclaration.jjtAccept (ASTTypeDeclaration.java:39)
    at net.sourceforge.pmd.lang.java.rule.AbstractJavaRule.visit (AbstractJavaRule.java:222)
    at net.sourceforge.pmd.lang.java.rule.AbstractJavaRule.visit (AbstractJavaRule.java:394)
    at com.alibaba.p3c.pmd.lang.java.rule.AbstractAliRule.visit (AbstractAliRule.java:60)
    at net.sourceforge.pmd.lang.java.ast.ASTCompilationUnit.jjtAccept (ASTCompilationUnit.java:44)
    at net.sourceforge.pmd.lang.java.rule.AbstractJavaRule.visitAll (AbstractJavaRule.java:164)
    at net.sourceforge.pmd.lang.java.rule.AbstractJavaRule.apply (AbstractJavaRule.java:158)
    at net.sourceforge.pmd.RuleSet.apply (RuleSet.java:659)
    at net.sourceforge.pmd.RuleSets.apply (RuleSets.java:163)
    at net.sourceforge.pmd.SourceCodeProcessor.processSource (SourceCodeProcessor.java:209)
    at net.sourceforge.pmd.SourceCodeProcessor.processSourceCodeWithoutCache (SourceCodeProcessor.java:118)
    at net.sourceforge.pmd.SourceCodeProcessor.processSourceCode (SourceCodeProcessor.java:100)
    at net.sourceforge.pmd.SourceCodeProcessor.processSourceCode (SourceCodeProcessor.java:62)
    at net.sourceforge.pmd.processor.PmdRunnable.call (PmdRunnable.java:85)
    at net.sourceforge.pmd.processor.PmdRunnable.call (PmdRunnable.java:29)
    at java.util.concurrent.FutureTask.run (FutureTask.java:317)
    at java.util.concurrent.Executors$RunnableAdapter.call (Executors.java:572)
    at java.util.concurrent.FutureTask.run (FutureTask.java:317)
    at java.util.concurrent.ThreadPoolExecutor.runWorker (ThreadPoolExecutor.java:1144)
    at java.util.concurrent.ThreadPoolExecutor$Worker.run (ThreadPoolExecutor.java:642)
    at java.lang.Thread.run (Thread.java:1583)
[WARNING] Use of deprecated attribute 'AdditiveExpression/@Image' in a findChildNodesWithXPath navigation, please use @Operator instead
java.lang.RuntimeException: Use of deprecated attribute 'AdditiveExpression/@Image' in a findChildNodesWithXPath navigation, please use @Operator instead
    at net.sourceforge.pmd.lang.ast.xpath.internal.DeprecatedAttrLogger$AdhocLoggerImpl.recordUsageOf (DeprecatedAttrLogger.java:113)
    at net.sourceforge.pmd.lang.ast.xpath.internal.ContextualizedNavigator.getAttributeStringValue (ContextualizedNavigator.java:24)
    at org.jaxen.function.StringFunction.evaluate (StringFunction.java:278)
    at org.jaxen.expr.DefaultEqualityExpr.evaluateObjectObject (DefaultEqualityExpr.java:152)
    at org.jaxen.expr.DefaultEqualityExpr.evaluateSetSet (DefaultEqualityExpr.java:126)
    at org.jaxen.expr.DefaultEqualityExpr.evaluate (DefaultEqualityExpr.java:97)
    at org.jaxen.expr.DefaultAndExpr.evaluate (DefaultAndExpr.java:82)
    at org.jaxen.expr.DefaultPredicate.evaluate (DefaultPredicate.java:95)
    at org.jaxen.expr.PredicateSet.applyPredicate (PredicateSet.java:269)
    at org.jaxen.expr.PredicateSet.evaluatePredicates (PredicateSet.java:244)
    at org.jaxen.expr.DefaultNameStep.evaluate (DefaultNameStep.java:215)
    at org.jaxen.expr.DefaultLocationPath.evaluate (DefaultLocationPath.java:140)
    at org.jaxen.expr.DefaultXPathExpr.asList (DefaultXPathExpr.java:102)
    at org.jaxen.BaseXPath.selectNodesForContext (BaseXPath.java:677)
    at org.jaxen.BaseXPath.selectNodes (BaseXPath.java:216)
    at net.sourceforge.pmd.lang.ast.AbstractNode.findChildNodesWithXPath (AbstractNode.java:528)
    at com.alibaba.p3c.pmd.lang.java.rule.oop.StringConcatRule.checkStringConcat (StringConcatRule.java:76)
    at com.alibaba.p3c.pmd.lang.java.rule.oop.StringConcatRule.visit (StringConcatRule.java:51)
    at net.sourceforge.pmd.lang.java.ast.ASTForStatement.jjtAccept (ASTForStatement.java:39)
    at net.sourceforge.pmd.lang.java.rule.AbstractJavaRule.visit (AbstractJavaRule.java:222)
    at net.sourceforge.pmd.lang.java.rule.AbstractJavaRule.visit (AbstractJavaRule.java:659)
    at net.sourceforge.pmd.lang.java.ast.ASTStatement.jjtAccept (ASTStatement.java:25)
    at net.sourceforge.pmd.lang.java.rule.AbstractJavaRule.visit (AbstractJavaRule.java:222)
    at net.sourceforge.pmd.lang.java.rule.AbstractJavaRule.visit (AbstractJavaRule.java:674)
    at net.sourceforge.pmd.lang.java.ast.ASTBlockStatement.jjtAccept (ASTBlockStatement.java:25)
    at net.sourceforge.pmd.lang.java.rule.AbstractJavaRule.visit (AbstractJavaRule.java:222)
    at net.sourceforge.pmd.lang.java.rule.AbstractJavaRule.visit (AbstractJavaRule.java:669)
    at net.sourceforge.pmd.lang.java.ast.ASTBlock.jjtAccept (ASTBlock.java:27)
    at net.sourceforge.pmd.lang.java.rule.AbstractJavaRule.visit (AbstractJavaRule.java:222)
    at net.sourceforge.pmd.lang.java.rule.AbstractJavaRule.visit (AbstractJavaRule.java:449)
    at net.sourceforge.pmd.lang.java.ast.ASTMethodDeclaration.jjtAccept (ASTMethodDeclaration.java:37)
    at net.sourceforge.pmd.lang.java.rule.AbstractJavaRule.visit (AbstractJavaRule.java:222)
    at net.sourceforge.pmd.lang.java.rule.AbstractJavaRule.visit (AbstractJavaRule.java:269)
    at net.sourceforge.pmd.lang.java.ast.ASTClassOrInterfaceBodyDeclaration.jjtAccept (ASTClassOrInterfaceBodyDeclaration.java:44)
    at net.sourceforge.pmd.lang.java.rule.AbstractJavaRule.visit (AbstractJavaRule.java:222)
    at net.sourceforge.pmd.lang.java.rule.AbstractJavaRule.visit (AbstractJavaRule.java:264)
    at net.sourceforge.pmd.lang.java.ast.ASTClassOrInterfaceBody.jjtAccept (ASTClassOrInterfaceBody.java:35)
    at net.sourceforge.pmd.lang.java.rule.AbstractJavaRule.visit (AbstractJavaRule.java:222)
    at net.sourceforge.pmd.lang.java.rule.AbstractJavaRule.visit (AbstractJavaRule.java:234)
    at net.sourceforge.pmd.lang.java.ast.ASTClassOrInterfaceDeclaration.jjtAccept (ASTClassOrInterfaceDeclaration.java:55)
    at net.sourceforge.pmd.lang.java.rule.AbstractJavaRule.visit (AbstractJavaRule.java:222)
    at net.sourceforge.pmd.lang.java.rule.AbstractJavaRule.visit (AbstractJavaRule.java:419)
    at net.sourceforge.pmd.lang.java.ast.ASTTypeDeclaration.jjtAccept (ASTTypeDeclaration.java:39)
    at net.sourceforge.pmd.lang.java.rule.AbstractJavaRule.visit (AbstractJavaRule.java:222)
    at net.sourceforge.pmd.lang.java.rule.AbstractJavaRule.visit (AbstractJavaRule.java:394)
    at com.alibaba.p3c.pmd.lang.java.rule.AbstractAliRule.visit (AbstractAliRule.java:60)
    at net.sourceforge.pmd.lang.java.ast.ASTCompilationUnit.jjtAccept (ASTCompilationUnit.java:44)
    at net.sourceforge.pmd.lang.java.rule.AbstractJavaRule.visitAll (AbstractJavaRule.java:164)
    at net.sourceforge.pmd.lang.java.rule.AbstractJavaRule.apply (AbstractJavaRule.java:158)
    at net.sourceforge.pmd.RuleSet.apply (RuleSet.java:659)
    at net.sourceforge.pmd.RuleSets.apply (RuleSets.java:163)
    at net.sourceforge.pmd.SourceCodeProcessor.processSource (SourceCodeProcessor.java:209)
    at net.sourceforge.pmd.SourceCodeProcessor.processSourceCodeWithoutCache (SourceCodeProcessor.java:118)
    at net.sourceforge.pmd.SourceCodeProcessor.processSourceCode (SourceCodeProcessor.java:100)
    at net.sourceforge.pmd.SourceCodeProcessor.processSourceCode (SourceCodeProcessor.java:62)
    at net.sourceforge.pmd.processor.PmdRunnable.call (PmdRunnable.java:85)
    at net.sourceforge.pmd.processor.PmdRunnable.call (PmdRunnable.java:29)
    at java.util.concurrent.FutureTask.run (FutureTask.java:317)
    at java.util.concurrent.Executors$RunnableAdapter.call (Executors.java:572)
    at java.util.concurrent.FutureTask.run (FutureTask.java:317)
    at java.util.concurrent.ThreadPoolExecutor.runWorker (ThreadPoolExecutor.java:1144)
    at java.util.concurrent.ThreadPoolExecutor$Worker.run (ThreadPoolExecutor.java:642)
    at java.lang.Thread.run (Thread.java:1583)
[WARNING] Use of deprecated attribute 'AdditiveExpression/@Image' in a findChildNodesWithXPath navigation, please use @Operator instead
java.lang.RuntimeException: Use of deprecated attribute 'AdditiveExpression/@Image' in a findChildNodesWithXPath navigation, please use @Operator instead
    at net.sourceforge.pmd.lang.ast.xpath.internal.DeprecatedAttrLogger$AdhocLoggerImpl.recordUsageOf (DeprecatedAttrLogger.java:113)
    at net.sourceforge.pmd.lang.ast.xpath.internal.ContextualizedNavigator.getAttributeStringValue (ContextualizedNavigator.java:24)
    at org.jaxen.function.StringFunction.evaluate (StringFunction.java:278)
    at org.jaxen.expr.DefaultEqualityExpr.evaluateObjectObject (DefaultEqualityExpr.java:152)
    at org.jaxen.expr.DefaultEqualityExpr.evaluateSetSet (DefaultEqualityExpr.java:126)
    at org.jaxen.expr.DefaultEqualityExpr.evaluate (DefaultEqualityExpr.java:97)
    at org.jaxen.expr.DefaultAndExpr.evaluate (DefaultAndExpr.java:82)
    at org.jaxen.expr.DefaultPredicate.evaluate (DefaultPredicate.java:95)
    at org.jaxen.expr.PredicateSet.applyPredicate (PredicateSet.java:269)
    at org.jaxen.expr.PredicateSet.evaluatePredicates (PredicateSet.java:244)
    at org.jaxen.expr.DefaultNameStep.evaluate (DefaultNameStep.java:215)
    at org.jaxen.expr.DefaultLocationPath.evaluate (DefaultLocationPath.java:140)
    at org.jaxen.expr.DefaultXPathExpr.asList (DefaultXPathExpr.java:102)
    at org.jaxen.BaseXPath.selectNodesForContext (BaseXPath.java:677)
    at org.jaxen.BaseXPath.selectNodes (BaseXPath.java:216)
    at net.sourceforge.pmd.lang.ast.AbstractNode.findChildNodesWithXPath (AbstractNode.java:528)
    at com.alibaba.p3c.pmd.lang.java.rule.oop.StringConcatRule.checkStringConcat (StringConcatRule.java:76)
    at com.alibaba.p3c.pmd.lang.java.rule.oop.StringConcatRule.visit (StringConcatRule.java:51)
    at net.sourceforge.pmd.lang.java.ast.ASTForStatement.jjtAccept (ASTForStatement.java:39)
    at net.sourceforge.pmd.lang.java.rule.AbstractJavaRule.visit (AbstractJavaRule.java:222)
    at net.sourceforge.pmd.lang.java.rule.AbstractJavaRule.visit (AbstractJavaRule.java:659)
    at net.sourceforge.pmd.lang.java.ast.ASTStatement.jjtAccept (ASTStatement.java:25)
    at net.sourceforge.pmd.lang.java.rule.AbstractJavaRule.visit (AbstractJavaRule.java:222)
    at net.sourceforge.pmd.lang.java.rule.AbstractJavaRule.visit (AbstractJavaRule.java:674)
    at net.sourceforge.pmd.lang.java.ast.ASTBlockStatement.jjtAccept (ASTBlockStatement.java:25)
    at net.sourceforge.pmd.lang.java.rule.AbstractJavaRule.visit (AbstractJavaRule.java:222)
    at net.sourceforge.pmd.lang.java.rule.AbstractJavaRule.visit (AbstractJavaRule.java:669)
    at net.sourceforge.pmd.lang.java.ast.ASTBlock.jjtAccept (ASTBlock.java:27)
    at net.sourceforge.pmd.lang.java.rule.AbstractJavaRule.visit (AbstractJavaRule.java:222)
    at net.sourceforge.pmd.lang.java.rule.AbstractJavaRule.visit (AbstractJavaRule.java:449)
    at net.sourceforge.pmd.lang.java.ast.ASTMethodDeclaration.jjtAccept (ASTMethodDeclaration.java:37)
    at net.sourceforge.pmd.lang.java.rule.AbstractJavaRule.visit (AbstractJavaRule.java:222)
    at net.sourceforge.pmd.lang.java.rule.AbstractJavaRule.visit (AbstractJavaRule.java:269)
    at net.sourceforge.pmd.lang.java.ast.ASTClassOrInterfaceBodyDeclaration.jjtAccept (ASTClassOrInterfaceBodyDeclaration.java:44)
    at net.sourceforge.pmd.lang.java.rule.AbstractJavaRule.visit (AbstractJavaRule.java:222)
    at net.sourceforge.pmd.lang.java.rule.AbstractJavaRule.visit (AbstractJavaRule.java:264)
    at net.sourceforge.pmd.lang.java.ast.ASTClassOrInterfaceBody.jjtAccept (ASTClassOrInterfaceBody.java:35)
    at net.sourceforge.pmd.lang.java.rule.AbstractJavaRule.visit (AbstractJavaRule.java:222)
    at net.sourceforge.pmd.lang.java.rule.AbstractJavaRule.visit (AbstractJavaRule.java:234)
    at net.sourceforge.pmd.lang.java.ast.ASTClassOrInterfaceDeclaration.jjtAccept (ASTClassOrInterfaceDeclaration.java:55)
    at net.sourceforge.pmd.lang.java.rule.AbstractJavaRule.visit (AbstractJavaRule.java:222)
    at net.sourceforge.pmd.lang.java.rule.AbstractJavaRule.visit (AbstractJavaRule.java:419)
    at net.sourceforge.pmd.lang.java.ast.ASTTypeDeclaration.jjtAccept (ASTTypeDeclaration.java:39)
    at net.sourceforge.pmd.lang.java.rule.AbstractJavaRule.visit (AbstractJavaRule.java:222)
    at net.sourceforge.pmd.lang.java.rule.AbstractJavaRule.visit (AbstractJavaRule.java:394)
    at com.alibaba.p3c.pmd.lang.java.rule.AbstractAliRule.visit (AbstractAliRule.java:60)
    at net.sourceforge.pmd.lang.java.ast.ASTCompilationUnit.jjtAccept (ASTCompilationUnit.java:44)
    at net.sourceforge.pmd.lang.java.rule.AbstractJavaRule.visitAll (AbstractJavaRule.java:164)
    at net.sourceforge.pmd.lang.java.rule.AbstractJavaRule.apply (AbstractJavaRule.java:158)
    at net.sourceforge.pmd.RuleSet.apply (RuleSet.java:659)
    at net.sourceforge.pmd.RuleSets.apply (RuleSets.java:163)
    at net.sourceforge.pmd.SourceCodeProcessor.processSource (SourceCodeProcessor.java:209)
    at net.sourceforge.pmd.SourceCodeProcessor.processSourceCodeWithoutCache (SourceCodeProcessor.java:118)
    at net.sourceforge.pmd.SourceCodeProcessor.processSourceCode (SourceCodeProcessor.java:100)
    at net.sourceforge.pmd.SourceCodeProcessor.processSourceCode (SourceCodeProcessor.java:62)
    at net.sourceforge.pmd.processor.PmdRunnable.call (PmdRunnable.java:85)
    at net.sourceforge.pmd.processor.PmdRunnable.call (PmdRunnable.java:29)
    at java.util.concurrent.FutureTask.run (FutureTask.java:317)
    at java.util.concurrent.Executors$RunnableAdapter.call (Executors.java:572)
    at java.util.concurrent.FutureTask.run (FutureTask.java:317)
    at java.util.concurrent.ThreadPoolExecutor.runWorker (ThreadPoolExecutor.java:1144)
    at java.util.concurrent.ThreadPoolExecutor$Worker.run (ThreadPoolExecutor.java:642)
    at java.lang.Thread.run (Thread.java:1583)
[INFO] 
[INFO] <<< maven-pmd-plugin:3.16.0:check (default) < :pmd @ nacos-config <<<
[INFO] 
[INFO] 
[INFO] --- maven-pmd-plugin:3.16.0:check (default) @ nacos-config ---
[INFO] PMD version: 6.42.0
[INFO] 
[INFO] 
[INFO] --- apache-rat-plugin:0.12:check (default) @ nacos-config ---
[INFO] Enabled default license matchers.
[INFO] Will parse SCM ignores for exclusions...
[INFO] Finished adding exclusions from SCM ignore files.
[INFO] 61 implicit excludes (use -debug for more details).
[INFO] Exclude: .editorconfig
[INFO] Exclude: .travis.yml
[INFO] Exclude: codecov.yml
[INFO] Exclude: CONTRIBUTING.md
[INFO] Exclude: CODE_OF_CONDUCT.md
[INFO] Exclude: CHANGELOG.md
[INFO] Exclude: style/codeStyle.md
[INFO] Exclude: REPORTING-BUGS.md
[INFO] Exclude: README.md
[INFO] Exclude: .github/**/*
[INFO] Exclude: doc/*
[INFO] Exclude: derby.log
[INFO] Exclude: logs/*
[INFO] Exclude: src/main/resources/static/**
[INFO] Exclude: **/istio/model/**
[INFO] Exclude: **/consistency/entity/**
[INFO] Exclude: **/*.txt
[INFO] Exclude: **/*.factories
[INFO] Exclude: /console-ui/**
[INFO] Exclude: **/gogo.proto
[INFO] Exclude: **/any.proto
[INFO] Exclude: src/main/java/com/alibaba/nacos/common/packagescan/classreading/**
[INFO] Exclude: .flattened-pom.xml
[INFO] Exclude: **/announcement*.conf
[INFO] Exclude: **/console-guide.conf
[INFO] Exclude: **/reflect-config.json
[INFO] Exclude: **/resource-config.json
[INFO] Exclude: **/proxy-config.json
[INFO] Exclude: **/jni-config.json
[INFO] Exclude: **/predefined-classes-config.json
[INFO] Exclude: **/serialization-config.json
[INFO] Exclude: **/filter-config.json
[INFO] Exclude: **/disk_cache_test/**
[INFO] Exclude: **/failover_test/**
[INFO] Exclude: lefthook.yml
[INFO] Exclude: .vscode/**
[INFO] 374 resources included (use -debug for more details)
[INFO] Rat check: Summary over all files. Unapproved: 0, unknown: 0, generated: 0, approved: 374 licenses.
[INFO] 
[INFO] --- maven-install-plugin:2.4:install (default-install) @ nacos-config ---
[INFO] Installing /Users/xinluo/sources/nacos/config/target/nacos-config-3.1.0-SNAPSHOT.jar to /var/root/.m2/repository/com/alibaba/nacos/nacos-config/3.1.0-SNAPSHOT/nacos-config-3.1.0-SNAPSHOT.jar
[INFO] Installing /Users/xinluo/sources/nacos/config/.flattened-pom.xml to /var/root/.m2/repository/com/alibaba/nacos/nacos-config/3.1.0-SNAPSHOT/nacos-config-3.1.0-SNAPSHOT.pom
[INFO] Installing /Users/xinluo/sources/nacos/config/target/nacos-config-3.1.0-SNAPSHOT-sources.jar to /var/root/.m2/repository/com/alibaba/nacos/nacos-config/3.1.0-SNAPSHOT/nacos-config-3.1.0-SNAPSHOT-sources.jar
[INFO] 
[INFO] --------------------< com.alibaba.nacos:nacos-cmdb >--------------------
[INFO] Building nacos-cmdb 3.1.0-SNAPSHOT 3.1.0-SNAPSHOT                [18/45]
[INFO] --------------------------------[ jar ]---------------------------------
[INFO] 
[INFO] --- maven-clean-plugin:2.5:clean (default-clean) @ nacos-cmdb ---
[INFO] Deleting /Users/xinluo/sources/nacos/cmdb/target
[INFO] 
[INFO] --- easyj-maven-plugin:1.1.5:clean-simplify-pom (clean-flattened-pom) @ nacos-cmdb ---
[INFO] Deleting /Users/xinluo/sources/nacos/cmdb/.flattened-pom.xml
[INFO] 
[INFO] --- maven-enforcer-plugin:3.5.0:enforce (enforce-ban-circular-dependencies) @ nacos-cmdb ---
[INFO] Rule 0: org.codehaus.mojo.extraenforcer.dependencies.BanCircularDependencies passed
[INFO] 
[INFO] --- maven-checkstyle-plugin:3.1.2:check (validate) @ nacos-cmdb ---
[WARNING] Old version of checkstyle detected. Consider updating to >= v8.30
[WARNING] For more information see: https://maven.apache.org/plugins/maven-checkstyle-plugin/examples/upgrading-checkstyle.html
[INFO] 开始检查……
检查完成。
[INFO] You have 0 Checkstyle violations.
[INFO] 
[INFO] --- jacoco-maven-plugin:0.8.13:prepare-agent (default-prepare-agent) @ nacos-cmdb ---
[INFO] argLine set to -javaagent:/var/root/.m2/repository/org/jacoco/org.jacoco.agent/0.8.13/org.jacoco.agent-0.8.13-runtime.jar=destfile=/Users/xinluo/sources/nacos/cmdb/target/coverage-reports/jacoco-unit.exec,append=true,excludes=**/grpc/auto/**:**/packagescan/classreading/**:**/packagescan/resource/**:**/packagescan/util/**,output=file
[INFO] 
[INFO] --- build-helper-maven-plugin:3.2.0:add-source (add-source) @ nacos-cmdb ---
[INFO] Source directory: /Users/xinluo/sources/nacos/cmdb/target/generated-sources/protobuf/java added.
[INFO] 
[INFO] --- maven-resources-plugin:3.0.2:resources (default-resources) @ nacos-cmdb ---
[INFO] Using 'UTF-8' encoding to copy filtered resources.
[INFO] skip non existing resourceDirectory /Users/xinluo/sources/nacos/cmdb/src/main/resources
[INFO] 
[INFO] --- maven-compiler-plugin:3.5.1:compile (default-compile) @ nacos-cmdb ---
[INFO] Changes detected - recompiling the module!
[INFO] Compiling 9 source files to /Users/xinluo/sources/nacos/cmdb/target/classes
[WARNING] 未与 -source 17 一起设置系统模块路径
[INFO] 
[INFO] --- maven-resources-plugin:3.0.2:testResources (default-testResources) @ nacos-cmdb ---
[INFO] Using 'UTF-8' encoding to copy filtered resources.
[INFO] skip non existing resourceDirectory /Users/xinluo/sources/nacos/cmdb/src/test/resources
[INFO] 
[INFO] --- maven-compiler-plugin:3.5.1:testCompile (default-testCompile) @ nacos-cmdb ---
[INFO] No sources to compile
[INFO] 
[INFO] --- maven-surefire-plugin:3.2.5:test (default-test) @ nacos-cmdb ---
[INFO] Tests are skipped.
[INFO] 
[INFO] --- jacoco-maven-plugin:0.8.13:report (default-report) @ nacos-cmdb ---
[INFO] Skipping JaCoCo execution due to missing execution data file.
[INFO] 
[INFO] --- easyj-maven-plugin:1.1.5:simplify-pom (flatten-pom) @ nacos-cmdb ---
[INFO] Create PomSimplifier by mode: auto
[INFO] The simplify mode is: JAR
[INFO] Do simplify by the POM simplifier: JarPomSimplifier
[INFO] 
[INFO] ==================================  start simplify  ==================================
[INFO] Remove Parent.
[INFO] Set GroupId from 'null' to 'com.alibaba.nacos'.
[INFO] Set Version from 'null' to '3.1.0-SNAPSHOT'.
[INFO] Set Name from 'nacos-cmdb ${project.version}' to 'nacos-cmdb 3.1.0-SNAPSHOT'.
[WARNING] The '<description>' is required when uploading OSSRH. Please set a value immediately.
[INFO] -------------------------------------------
[INFO] Copy project info from parent for the open source project:
[INFO]    Copy Licenses.
[INFO]    Copy Developers.
[INFO]    Copy Scm.
[INFO]    Copy Organization.
[INFO]    Copy IssueManagement.
[INFO] -------------------------------------------
[INFO] -------------------------------------------
[INFO] Reset dependencies: groupId, version, exclusions (Contains 4 dependencies)
[INFO]   Reset dependency: [${project.groupId}:nacos-core:null] -> [com.alibaba.nacos:nacos-core:3.1.0-SNAPSHOT]
[INFO]   Reset dependency: [${project.groupId}:nacos-api:null] -> [com.alibaba.nacos:nacos-api:3.1.0-SNAPSHOT]
[INFO]   Reset dependency: [org.springframework.boot:spring-boot:null] -> [org.springframework.boot:spring-boot:3.4.9]
[INFO]   Reset dependency: [org.springframework.boot:spring-boot-starter-web:null] -> [org.springframework.boot:spring-boot-starter-web:3.4.9]
[INFO] Remaining 4 dependencies.
[INFO] -------------------------------------------
[INFO] Remove Build.
[INFO] -------------------------------------------
[INFO] Optimize Dependencies: (4)
[INFO]  - Optimize with 'replaceVariable'
[INFO] ==================================   end  simplify  ==================================
[INFO] 
[INFO] Create the POM file '.flattened-pom.xml'.
[INFO] Set the POM file '.flattened-pom.xml' to the project object.
[INFO] 
[INFO] --- maven-jar-plugin:3.2.2:jar (default-jar) @ nacos-cmdb ---
[INFO] Building jar: /Users/xinluo/sources/nacos/cmdb/target/nacos-cmdb-3.1.0-SNAPSHOT.jar
[INFO] 
[INFO] --- maven-javadoc-plugin:2.10.4:jar (attach-javadocs) @ nacos-cmdb ---
[INFO] Skipping javadoc generation
[INFO] 
[INFO] >>> maven-source-plugin:3.0.1:jar (attach-sources) > generate-sources @ nacos-cmdb >>>
[INFO] 
[INFO] --- maven-enforcer-plugin:3.5.0:enforce (enforce-ban-circular-dependencies) @ nacos-cmdb ---
[INFO] Rule 0: org.codehaus.mojo.extraenforcer.dependencies.BanCircularDependencies passed
[INFO] 
[INFO] --- maven-checkstyle-plugin:3.1.2:check (validate) @ nacos-cmdb ---
[WARNING] Old version of checkstyle detected. Consider updating to >= v8.30
[WARNING] For more information see: https://maven.apache.org/plugins/maven-checkstyle-plugin/examples/upgrading-checkstyle.html
[INFO] 开始检查……
检查完成。
[INFO] You have 0 Checkstyle violations.
[INFO] 
[INFO] --- jacoco-maven-plugin:0.8.13:prepare-agent (default-prepare-agent) @ nacos-cmdb ---
[INFO] argLine set to -javaagent:/var/root/.m2/repository/org/jacoco/org.jacoco.agent/0.8.13/org.jacoco.agent-0.8.13-runtime.jar=destfile=/Users/xinluo/sources/nacos/cmdb/target/coverage-reports/jacoco-unit.exec,append=true,excludes=**/grpc/auto/**:**/packagescan/classreading/**:**/packagescan/resource/**:**/packagescan/util/**,output=file
[INFO] 
[INFO] --- build-helper-maven-plugin:3.2.0:add-source (add-source) @ nacos-cmdb ---
[INFO] Source directory: /Users/xinluo/sources/nacos/cmdb/target/generated-sources/protobuf/java added.
[INFO] 
[INFO] <<< maven-source-plugin:3.0.1:jar (attach-sources) < generate-sources @ nacos-cmdb <<<
[INFO] 
[INFO] 
[INFO] --- maven-source-plugin:3.0.1:jar (attach-sources) @ nacos-cmdb ---
[INFO] Building jar: /Users/xinluo/sources/nacos/cmdb/target/nacos-cmdb-3.1.0-SNAPSHOT-sources.jar
[INFO] 
[INFO] >>> maven-pmd-plugin:3.16.0:check (default) > :pmd @ nacos-cmdb >>>
[INFO] 
[INFO] --- maven-pmd-plugin:3.16.0:pmd (pmd) @ nacos-cmdb ---
[WARNING] Unable to locate Source XRef to link to - DISABLED
[WARNING] Unable to locate Source XRef to link to - DISABLED
[INFO] PMD version: 6.42.0
[WARNING] Rule /Users/xinluo/sources/nacos/cmdb/target/pmd/rulesets/ali-comment.xml/CommentsMustBeJavadocFormatRule does not mention attribute language='java', please mention it explicitly to be compatible with PMD 7
[WARNING] Rule /Users/xinluo/sources/nacos/cmdb/target/pmd/rulesets/ali-comment.xml/CommentsMustBeJavadocFormatRule does not mention attribute language='java', please mention it explicitly to be compatible with PMD 7
[WARNING] Rule /Users/xinluo/sources/nacos/cmdb/target/pmd/rulesets/ali-comment.xml/AbstractMethodOrInterfaceMethodMustUseJavadocRule does not mention attribute language='java', please mention it explicitly to be compatible with PMD 7
[WARNING] Rule /Users/xinluo/sources/nacos/cmdb/target/pmd/rulesets/ali-comment.xml/AbstractMethodOrInterfaceMethodMustUseJavadocRule does not mention attribute language='java', please mention it explicitly to be compatible with PMD 7
[WARNING] Rule /Users/xinluo/sources/nacos/cmdb/target/pmd/rulesets/ali-comment.xml/ClassMustHaveAuthorRule does not mention attribute language='java', please mention it explicitly to be compatible with PMD 7
[WARNING] Rule /Users/xinluo/sources/nacos/cmdb/target/pmd/rulesets/ali-comment.xml/ClassMustHaveAuthorRule does not mention attribute language='java', please mention it explicitly to be compatible with PMD 7
[WARNING] Rule /Users/xinluo/sources/nacos/cmdb/target/pmd/rulesets/ali-comment.xml/EnumConstantsMustHaveCommentRule does not mention attribute language='java', please mention it explicitly to be compatible with PMD 7
[WARNING] Rule /Users/xinluo/sources/nacos/cmdb/target/pmd/rulesets/ali-comment.xml/EnumConstantsMustHaveCommentRule does not mention attribute language='java', please mention it explicitly to be compatible with PMD 7
[WARNING] Rule /Users/xinluo/sources/nacos/cmdb/target/pmd/rulesets/ali-comment.xml/AvoidCommentBehindStatementRule does not mention attribute language='java', please mention it explicitly to be compatible with PMD 7
[WARNING] Rule /Users/xinluo/sources/nacos/cmdb/target/pmd/rulesets/ali-comment.xml/AvoidCommentBehindStatementRule does not mention attribute language='java', please mention it explicitly to be compatible with PMD 7
[WARNING] Rule /Users/xinluo/sources/nacos/cmdb/target/pmd/rulesets/ali-comment.xml/RemoveCommentedCodeRule does not mention attribute language='java', please mention it explicitly to be compatible with PMD 7
[WARNING] Rule /Users/xinluo/sources/nacos/cmdb/target/pmd/rulesets/ali-comment.xml/RemoveCommentedCodeRule does not mention attribute language='java', please mention it explicitly to be compatible with PMD 7
[WARNING] Rule /Users/xinluo/sources/nacos/cmdb/target/pmd/rulesets/ali-constant.xml/UpperEllRule does not mention attribute language='java', please mention it explicitly to be compatible with PMD 7
[WARNING] Rule /Users/xinluo/sources/nacos/cmdb/target/pmd/rulesets/ali-constant.xml/UpperEllRule does not mention attribute language='java', please mention it explicitly to be compatible with PMD 7
[WARNING] Rule /Users/xinluo/sources/nacos/cmdb/target/pmd/rulesets/ali-constant.xml/UndefineMagicConstantRule does not mention attribute language='java', please mention it explicitly to be compatible with PMD 7
[WARNING] Rule /Users/xinluo/sources/nacos/cmdb/target/pmd/rulesets/ali-constant.xml/UndefineMagicConstantRule does not mention attribute language='java', please mention it explicitly to be compatible with PMD 7
[WARNING] Rule /Users/xinluo/sources/nacos/cmdb/target/pmd/rulesets/ali-set.xml/ClassCastExceptionWithToArrayRule does not mention attribute language='java', please mention it explicitly to be compatible with PMD 7
[WARNING] Rule /Users/xinluo/sources/nacos/cmdb/target/pmd/rulesets/ali-set.xml/ClassCastExceptionWithToArrayRule does not mention attribute language='java', please mention it explicitly to be compatible with PMD 7
[WARNING] Rule /Users/xinluo/sources/nacos/cmdb/target/pmd/rulesets/ali-set.xml/UnsupportedExceptionWithModifyAsListRule does not mention attribute language='java', please mention it explicitly to be compatible with PMD 7
[WARNING] Rule /Users/xinluo/sources/nacos/cmdb/target/pmd/rulesets/ali-set.xml/UnsupportedExceptionWithModifyAsListRule does not mention attribute language='java', please mention it explicitly to be compatible with PMD 7
[WARNING] Rule /Users/xinluo/sources/nacos/cmdb/target/pmd/rulesets/ali-set.xml/ClassCastExceptionWithSubListToArrayListRule does not mention attribute language='java', please mention it explicitly to be compatible with PMD 7
[WARNING] Rule /Users/xinluo/sources/nacos/cmdb/target/pmd/rulesets/ali-set.xml/ClassCastExceptionWithSubListToArrayListRule does not mention attribute language='java', please mention it explicitly to be compatible with PMD 7
[WARNING] Rule /Users/xinluo/sources/nacos/cmdb/target/pmd/rulesets/ali-set.xml/ConcurrentExceptionWithModifyOriginSubListRule does not mention attribute language='java', please mention it explicitly to be compatible with PMD 7
[WARNING] Rule /Users/xinluo/sources/nacos/cmdb/target/pmd/rulesets/ali-set.xml/ConcurrentExceptionWithModifyOriginSubListRule does not mention attribute language='java', please mention it explicitly to be compatible with PMD 7
[WARNING] Rule /Users/xinluo/sources/nacos/cmdb/target/pmd/rulesets/ali-set.xml/DontModifyInForeachCircleRule does not mention attribute language='java', please mention it explicitly to be compatible with PMD 7
[WARNING] Rule /Users/xinluo/sources/nacos/cmdb/target/pmd/rulesets/ali-set.xml/DontModifyInForeachCircleRule does not mention attribute language='java', please mention it explicitly to be compatible with PMD 7
[WARNING] Rule /Users/xinluo/sources/nacos/cmdb/target/pmd/rulesets/ali-set.xml/CollectionInitShouldAssignCapacityRule does not mention attribute language='java', please mention it explicitly to be compatible with PMD 7
[WARNING] Rule /Users/xinluo/sources/nacos/cmdb/target/pmd/rulesets/ali-set.xml/CollectionInitShouldAssignCapacityRule does not mention attribute language='java', please mention it explicitly to be compatible with PMD 7
[WARNING] Use of deprecated attribute 'ClassOrInterfaceDeclaration/@Image' by XPath rule 'BooleanPropertyShouldNotStartWithIsRule' (in ruleset 'AlibabaJavaNaming'), please use @SimpleName instead
[WARNING] Use of deprecated attribute 'ClassOrInterfaceDeclaration/@Image' by XPath rule 'BooleanPropertyShouldNotStartWithIsRule' (in ruleset 'AlibabaJavaNaming'), please use @SimpleName instead
[WARNING] Use of deprecated attribute 'FieldDeclaration/@Array' by XPath rule 'ArrayNamingShouldHaveBracketRule' (in ruleset 'AlibabaJavaNaming')
[WARNING] Use of deprecated attribute 'FieldDeclaration/@Array' by XPath rule 'ArrayNamingShouldHaveBracketRule' (in ruleset 'AlibabaJavaNaming')
[WARNING] Use of deprecated attribute 'LocalVariableDeclaration/@Array' by XPath rule 'ArrayNamingShouldHaveBracketRule' (in ruleset 'AlibabaJavaNaming')
[WARNING] Use of deprecated attribute 'LocalVariableDeclaration/@Array' by XPath rule 'ArrayNamingShouldHaveBracketRule' (in ruleset 'AlibabaJavaNaming')
[INFO] 
[INFO] <<< maven-pmd-plugin:3.16.0:check (default) < :pmd @ nacos-cmdb <<<
[INFO] 
[INFO] 
[INFO] --- maven-pmd-plugin:3.16.0:check (default) @ nacos-cmdb ---
[INFO] PMD version: 6.42.0
[INFO] 
[INFO] 
[INFO] --- apache-rat-plugin:0.12:check (default) @ nacos-cmdb ---
[INFO] Enabled default license matchers.
[INFO] Will parse SCM ignores for exclusions...
[INFO] Finished adding exclusions from SCM ignore files.
[INFO] 61 implicit excludes (use -debug for more details).
[INFO] Exclude: .editorconfig
[INFO] Exclude: .travis.yml
[INFO] Exclude: codecov.yml
[INFO] Exclude: CONTRIBUTING.md
[INFO] Exclude: CODE_OF_CONDUCT.md
[INFO] Exclude: CHANGELOG.md
[INFO] Exclude: style/codeStyle.md
[INFO] Exclude: REPORTING-BUGS.md
[INFO] Exclude: README.md
[INFO] Exclude: .github/**/*
[INFO] Exclude: doc/*
[INFO] Exclude: derby.log
[INFO] Exclude: logs/*
[INFO] Exclude: src/main/resources/static/**
[INFO] Exclude: **/istio/model/**
[INFO] Exclude: **/consistency/entity/**
[INFO] Exclude: **/*.txt
[INFO] Exclude: **/*.factories
[INFO] Exclude: /console-ui/**
[INFO] Exclude: **/gogo.proto
[INFO] Exclude: **/any.proto
[INFO] Exclude: src/main/java/com/alibaba/nacos/common/packagescan/classreading/**
[INFO] Exclude: .flattened-pom.xml
[INFO] Exclude: **/announcement*.conf
[INFO] Exclude: **/console-guide.conf
[INFO] Exclude: **/reflect-config.json
[INFO] Exclude: **/resource-config.json
[INFO] Exclude: **/proxy-config.json
[INFO] Exclude: **/jni-config.json
[INFO] Exclude: **/predefined-classes-config.json
[INFO] Exclude: **/serialization-config.json
[INFO] Exclude: **/filter-config.json
[INFO] Exclude: **/disk_cache_test/**
[INFO] Exclude: **/failover_test/**
[INFO] Exclude: lefthook.yml
[INFO] Exclude: .vscode/**
[INFO] 10 resources included (use -debug for more details)
[INFO] Rat check: Summary over all files. Unapproved: 0, unknown: 0, generated: 0, approved: 10 licenses.
[INFO] 
[INFO] --- maven-install-plugin:2.4:install (default-install) @ nacos-cmdb ---
[INFO] Installing /Users/xinluo/sources/nacos/cmdb/target/nacos-cmdb-3.1.0-SNAPSHOT.jar to /var/root/.m2/repository/com/alibaba/nacos/nacos-cmdb/3.1.0-SNAPSHOT/nacos-cmdb-3.1.0-SNAPSHOT.jar
[INFO] Installing /Users/xinluo/sources/nacos/cmdb/.flattened-pom.xml to /var/root/.m2/repository/com/alibaba/nacos/nacos-cmdb/3.1.0-SNAPSHOT/nacos-cmdb-3.1.0-SNAPSHOT.pom
[INFO] Installing /Users/xinluo/sources/nacos/cmdb/target/nacos-cmdb-3.1.0-SNAPSHOT-sources.jar to /var/root/.m2/repository/com/alibaba/nacos/nacos-cmdb/3.1.0-SNAPSHOT/nacos-cmdb-3.1.0-SNAPSHOT-sources.jar
[INFO] 
[INFO] -------------------< com.alibaba.nacos:nacos-naming >-------------------
[INFO] Building nacos-naming 3.1.0-SNAPSHOT 3.1.0-SNAPSHOT              [19/45]
[INFO] --------------------------------[ jar ]---------------------------------
[INFO] 
[INFO] --- maven-clean-plugin:2.5:clean (default-clean) @ nacos-naming ---
[INFO] Deleting /Users/xinluo/sources/nacos/naming/target
[INFO] 
[INFO] --- easyj-maven-plugin:1.1.5:clean-simplify-pom (clean-flattened-pom) @ nacos-naming ---
[INFO] Deleting /Users/xinluo/sources/nacos/naming/.flattened-pom.xml
[INFO] 
[INFO] --- maven-enforcer-plugin:3.5.0:enforce (enforce-ban-circular-dependencies) @ nacos-naming ---
[INFO] Rule 0: org.codehaus.mojo.extraenforcer.dependencies.BanCircularDependencies passed
[INFO] 
[INFO] --- maven-checkstyle-plugin:3.1.2:check (validate) @ nacos-naming ---
[WARNING] Old version of checkstyle detected. Consider updating to >= v8.30
[WARNING] For more information see: https://maven.apache.org/plugins/maven-checkstyle-plugin/examples/upgrading-checkstyle.html
[INFO] 开始检查……
检查完成。
[INFO] You have 0 Checkstyle violations.
[INFO] 
[INFO] --- jacoco-maven-plugin:0.8.13:prepare-agent (default-prepare-agent) @ nacos-naming ---
[INFO] argLine set to -javaagent:/var/root/.m2/repository/org/jacoco/org.jacoco.agent/0.8.13/org.jacoco.agent-0.8.13-runtime.jar=destfile=/Users/xinluo/sources/nacos/naming/target/coverage-reports/jacoco-unit.exec,append=true,excludes=**/grpc/auto/**:**/packagescan/classreading/**:**/packagescan/resource/**:**/packagescan/util/**,output=file
[INFO] 
[INFO] --- build-helper-maven-plugin:3.2.0:add-source (add-source) @ nacos-naming ---
[INFO] Source directory: /Users/xinluo/sources/nacos/naming/target/generated-sources/protobuf/java added.
[INFO] 
[INFO] --- maven-resources-plugin:3.0.2:resources (default-resources) @ nacos-naming ---
[INFO] Using 'UTF-8' encoding to copy filtered resources.
[INFO] Copying 13 resources
[INFO] 
[INFO] --- maven-compiler-plugin:3.5.1:compile (default-compile) @ nacos-naming ---
[INFO] Changes detected - recompiling the module!
[INFO] Compiling 271 source files to /Users/xinluo/sources/nacos/naming/target/classes
[WARNING] 未与 -source 17 一起设置系统模块路径
[WARNING] /Users/xinluo/sources/nacos/naming/src/main/java/com/alibaba/nacos/naming/core/HealthOperatorV2Impl.java:[97,54] java.lang.Class中的newInstance()已过时
[WARNING] /Users/xinluo/sources/nacos/naming/src/main/java/com/alibaba/nacos/naming/core/CatalogServiceV2Impl.java:[137,19] com.alibaba.nacos.naming.core.CatalogService中的pageListService(java.lang.String,java.lang.String,java.lang.String,int,int,java.lang.String,boolean)已过时
[WARNING] /Users/xinluo/sources/nacos/naming/src/main/java/com/alibaba/nacos/naming/controllers/v3/OperatorControllerV3.java:[90,31] com.alibaba.nacos.naming.model.vo中的com.alibaba.nacos.naming.model.vo.MetricsInfoVo已过时
[WARNING] /Users/xinluo/sources/nacos/naming/src/main/java/com/alibaba/nacos/naming/core/Operator.java:[52,5] com.alibaba.nacos.naming.model.vo中的com.alibaba.nacos.naming.model.vo.MetricsInfoVo已过时
[WARNING] /Users/xinluo/sources/nacos/naming/src/main/java/com/alibaba/nacos/naming/selector/SelectorManager.java:[141,38] java.lang.Class中的newInstance()已过时
[WARNING] /Users/xinluo/sources/nacos/naming/src/main/java/com/alibaba/nacos/naming/healthcheck/v2/processor/HttpHealthCheckProcessor.java:[87,24] java.net.URL中的URL(java.lang.String)已过时
[WARNING] /Users/xinluo/sources/nacos/naming/src/main/java/com/alibaba/nacos/naming/healthcheck/v2/processor/HttpHealthCheckProcessor.java:[88,26] java.net.URL中的URL(java.net.URL,java.lang.String)已过时
[WARNING] /Users/xinluo/sources/nacos/naming/src/main/java/com/alibaba/nacos/naming/core/InstanceOperatorClientImpl.java:[263,17] com.alibaba.nacos.naming.core.InstanceOperator中的getHeartBeatInterval(java.lang.String,java.lang.String,java.lang.String,int,java.lang.String)已过时
[WARNING] /Users/xinluo/sources/nacos/naming/src/main/java/com/alibaba/nacos/naming/core/ClientServiceImpl.java:[255,29] com.alibaba.nacos.naming.core.ClientService中的getSubscribeClientList(java.lang.String,java.lang.String,java.lang.String,boolean,java.lang.String,java.lang.Integer)已过时
[WARNING] /Users/xinluo/sources/nacos/naming/src/main/java/com/alibaba/nacos/naming/core/ClientServiceImpl.java:[192,29] com.alibaba.nacos.naming.core.ClientService中的getPublishedClientList(java.lang.String,java.lang.String,java.lang.String,boolean,java.lang.String,java.lang.Integer)已过时
[WARNING] /Users/xinluo/sources/nacos/naming/src/main/java/com/alibaba/nacos/naming/core/ClientServiceImpl.java:[158,29] com.alibaba.nacos.naming.core.ClientService中的getSubscribeServiceListAdapt(java.lang.String)已过时
[WARNING] /Users/xinluo/sources/nacos/naming/src/main/java/com/alibaba/nacos/naming/core/ClientServiceImpl.java:[103,29] com.alibaba.nacos.naming.core.ClientService中的getPublishedServiceListAdapt(java.lang.String)已过时
[WARNING] /Users/xinluo/sources/nacos/naming/src/main/java/com/alibaba/nacos/naming/core/OperatorV2Impl.java:[66,12] com.alibaba.nacos.naming.model.vo中的com.alibaba.nacos.naming.model.vo.MetricsInfoVo已过时
[WARNING] /Users/xinluo/sources/nacos/naming/src/main/java/com/alibaba/nacos/naming/core/OperatorV2Impl.java:[67,9] com.alibaba.nacos.naming.model.vo中的com.alibaba.nacos.naming.model.vo.MetricsInfoVo已过时
[WARNING] /Users/xinluo/sources/nacos/naming/src/main/java/com/alibaba/nacos/naming/core/OperatorV2Impl.java:[67,43] com.alibaba.nacos.naming.model.vo中的com.alibaba.nacos.naming.model.vo.MetricsInfoVo已过时
[WARNING] /Users/xinluo/sources/nacos/naming/src/main/java/com/alibaba/nacos/naming/ability/NamingAbilityInitializer.java:[30,28] com.alibaba.nacos.api.ability中的com.alibaba.nacos.api.ability.ServerAbilities已过时
[INFO] /Users/xinluo/sources/nacos/naming/src/main/java/com/alibaba/nacos/naming/core/v2/client/ClientAttributes.java: 某些输入文件使用了未经检查或不安全的操作。
[INFO] /Users/xinluo/sources/nacos/naming/src/main/java/com/alibaba/nacos/naming/core/v2/client/ClientAttributes.java: 有关详细信息, 请使用 -Xlint:unchecked 重新编译。
[INFO] 
[INFO] --- maven-resources-plugin:3.0.2:testResources (default-testResources) @ nacos-naming ---
[INFO] Using 'UTF-8' encoding to copy filtered resources.
[INFO] Copying 4 resources
[INFO] 
[INFO] --- maven-compiler-plugin:3.5.1:testCompile (default-testCompile) @ nacos-naming ---
[INFO] Changes detected - recompiling the module!
[INFO] Compiling 120 source files to /Users/xinluo/sources/nacos/naming/target/test-classes
[WARNING] 未与 -source 17 一起设置系统模块路径
[WARNING] /Users/xinluo/sources/nacos/naming/src/test/java/com/alibaba/nacos/naming/controllers/v2/CatalogControllerV2Test.java:[54,13] com.alibaba.nacos.naming.controllers.v2中的com.alibaba.nacos.naming.controllers.v2.CatalogControllerV2已过时
[WARNING] /Users/xinluo/sources/nacos/naming/src/test/java/com/alibaba/nacos/naming/ability/NamingAbilityInitializerTest.java:[30,9] com.alibaba.nacos.api.ability中的com.alibaba.nacos.api.ability.ServerAbilities已过时
[WARNING] /Users/xinluo/sources/nacos/naming/src/test/java/com/alibaba/nacos/naming/ability/NamingAbilityInitializerTest.java:[30,41] com.alibaba.nacos.api.ability中的com.alibaba.nacos.api.ability.ServerAbilities已过时
[WARNING] /Users/xinluo/sources/nacos/naming/src/test/java/com/alibaba/nacos/naming/controllers/OperatorControllerTest.java:[60,13] com.alibaba.nacos.naming.controllers中的com.alibaba.nacos.naming.controllers.OperatorController已过时
[WARNING] /Users/xinluo/sources/nacos/naming/src/test/java/com/alibaba/nacos/naming/controllers/InstanceControllerTest.java:[73,13] com.alibaba.nacos.naming.controllers中的com.alibaba.nacos.naming.controllers.InstanceController已过时
[WARNING] /Users/xinluo/sources/nacos/naming/src/test/java/com/alibaba/nacos/naming/controllers/InstanceControllerTest.java:[120,34] com.alibaba.nacos.naming.core.InstanceOperator中的registerInstance(java.lang.String,java.lang.String,com.alibaba.nacos.api.naming.pojo.Instance)已过时
[WARNING] /Users/xinluo/sources/nacos/naming/src/test/java/com/alibaba/nacos/naming/controllers/InstanceControllerTest.java:[129,34] com.alibaba.nacos.naming.core.InstanceOperator中的removeInstance(java.lang.String,java.lang.String,com.alibaba.nacos.api.naming.pojo.Instance)已过时
[WARNING] /Users/xinluo/sources/nacos/naming/src/test/java/com/alibaba/nacos/naming/controllers/InstanceControllerTest.java:[138,34] com.alibaba.nacos.naming.core.InstanceOperator中的updateInstance(java.lang.String,java.lang.String,com.alibaba.nacos.api.naming.pojo.Instance)已过时
[WARNING] /Users/xinluo/sources/nacos/naming/src/test/java/com/alibaba/nacos/naming/controllers/InstanceControllerTest.java:[176,34] com.alibaba.nacos.naming.core.InstanceOperator中的patchInstance(java.lang.String,java.lang.String,com.alibaba.nacos.naming.core.InstancePatchObject)已过时
[WARNING] /Users/xinluo/sources/nacos/naming/src/test/java/com/alibaba/nacos/naming/controllers/InstanceControllerTest.java:[187,31] com.alibaba.nacos.naming.core.InstanceOperator中的listInstance(java.lang.String,java.lang.String,com.alibaba.nacos.naming.pojo.Subscriber,java.lang.String,boolean)已过时
[WARNING] /Users/xinluo/sources/nacos/naming/src/test/java/com/alibaba/nacos/naming/controllers/InstanceControllerTest.java:[199,31] com.alibaba.nacos.naming.core.InstanceOperator中的getInstance(java.lang.String,java.lang.String,java.lang.String,java.lang.String,int)已过时
[WARNING] /Users/xinluo/sources/nacos/naming/src/test/java/com/alibaba/nacos/naming/controllers/InstanceControllerTest.java:[214,31] com.alibaba.nacos.naming.core.InstanceOperator中的handleBeat(java.lang.String,java.lang.String,java.lang.String,int,java.lang.String,com.alibaba.nacos.naming.healthcheck.RsInfo,com.alibaba.nacos.naming.pojo.instance.BeatInfoInstanceBuilder)已过时
[WARNING] /Users/xinluo/sources/nacos/naming/src/test/java/com/alibaba/nacos/naming/paramcheck/ParamExtractorTest.java:[58,80] com.alibaba.nacos.naming.controllers中的com.alibaba.nacos.naming.controllers.InstanceController已过时
[WARNING] /Users/xinluo/sources/nacos/naming/src/test/java/com/alibaba/nacos/naming/paramcheck/ParamExtractorTest.java:[66,80] com.alibaba.nacos.naming.controllers中的com.alibaba.nacos.naming.controllers.InstanceController已过时
[WARNING] /Users/xinluo/sources/nacos/naming/src/test/java/com/alibaba/nacos/naming/paramcheck/ParamExtractorTest.java:[73,80] com.alibaba.nacos.naming.controllers中的com.alibaba.nacos.naming.controllers.InstanceController已过时
[WARNING] /Users/xinluo/sources/nacos/naming/src/test/java/com/alibaba/nacos/naming/paramcheck/ParamExtractorTest.java:[81,80] com.alibaba.nacos.naming.controllers中的com.alibaba.nacos.naming.controllers.InstanceController已过时
[WARNING] /Users/xinluo/sources/nacos/naming/src/test/java/com/alibaba/nacos/naming/controllers/ClusterControllerTest.java:[50,13] com.alibaba.nacos.naming.controllers中的com.alibaba.nacos.naming.controllers.ClusterController已过时
[WARNING] /Users/xinluo/sources/nacos/naming/src/test/java/com/alibaba/nacos/naming/controllers/ClusterControllerTest.java:[55,33] com.alibaba.nacos.naming.controllers中的com.alibaba.nacos.naming.controllers.ClusterController已过时
[WARNING] /Users/xinluo/sources/nacos/naming/src/test/java/com/alibaba/nacos/naming/controllers/ServiceControllerTest.java:[53,13] com.alibaba.nacos.naming.controllers中的com.alibaba.nacos.naming.controllers.ServiceController已过时
[WARNING] /Users/xinluo/sources/nacos/naming/src/test/java/com/alibaba/nacos/naming/controllers/v2/OperatorControllerV2Test.java:[51,13] com.alibaba.nacos.naming.controllers.v2中的com.alibaba.nacos.naming.controllers.v2.OperatorControllerV2已过时
[WARNING] /Users/xinluo/sources/nacos/naming/src/test/java/com/alibaba/nacos/naming/controllers/v2/OperatorControllerV2Test.java:[70,41] com.alibaba.nacos.naming.controllers.v2中的com.alibaba.nacos.naming.controllers.v2.OperatorControllerV2已过时
[WARNING] /Users/xinluo/sources/nacos/naming/src/test/java/com/alibaba/nacos/naming/controllers/v2/OperatorControllerV2Test.java:[106,9] com.alibaba.nacos.naming.model.vo中的com.alibaba.nacos.naming.model.vo.MetricsInfoVo已过时
[WARNING] /Users/xinluo/sources/nacos/naming/src/test/java/com/alibaba/nacos/naming/controllers/v2/OperatorControllerV2Test.java:[106,43] com.alibaba.nacos.naming.model.vo中的com.alibaba.nacos.naming.model.vo.MetricsInfoVo已过时
[WARNING] /Users/xinluo/sources/nacos/naming/src/test/java/com/alibaba/nacos/naming/controllers/v2/OperatorControllerV2Test.java:[109,16] com.alibaba.nacos.naming.model.vo中的com.alibaba.nacos.naming.model.vo.MetricsInfoVo已过时
[WARNING] /Users/xinluo/sources/nacos/naming/src/test/java/com/alibaba/nacos/naming/controllers/v2/InstanceControllerV2Test.java:[63,13] com.alibaba.nacos.naming.controllers.v2中的com.alibaba.nacos.naming.controllers.v2.InstanceControllerV2已过时
[WARNING] /Users/xinluo/sources/nacos/naming/src/test/java/com/alibaba/nacos/naming/controllers/v2/InstanceControllerV2Test.java:[121,34] com.alibaba.nacos.naming.core.InstanceOperator中的registerInstance(java.lang.String,java.lang.String,com.alibaba.nacos.api.naming.pojo.Instance)已过时
[WARNING] /Users/xinluo/sources/nacos/naming/src/test/java/com/alibaba/nacos/naming/controllers/v2/InstanceControllerV2Test.java:[145,34] com.alibaba.nacos.naming.core.InstanceOperator中的removeInstance(java.lang.String,java.lang.String,com.alibaba.nacos.api.naming.pojo.Instance)已过时
[WARNING] /Users/xinluo/sources/nacos/naming/src/test/java/com/alibaba/nacos/naming/controllers/v2/InstanceControllerV2Test.java:[169,34] com.alibaba.nacos.naming.core.InstanceOperator中的updateInstance(java.lang.String,java.lang.String,com.alibaba.nacos.api.naming.pojo.Instance)已过时
[WARNING] /Users/xinluo/sources/nacos/naming/src/test/java/com/alibaba/nacos/naming/controllers/v2/InstanceControllerV2Test.java:[220,31] com.alibaba.nacos.naming.core.InstanceOperator中的listInstance(java.lang.String,java.lang.String,com.alibaba.nacos.naming.pojo.Subscriber,java.lang.String,boolean)已过时
[WARNING] /Users/xinluo/sources/nacos/naming/src/test/java/com/alibaba/nacos/naming/controllers/v2/InstanceControllerV2Test.java:[226,34] com.alibaba.nacos.naming.core.InstanceOperator中的listInstance(java.lang.String,java.lang.String,com.alibaba.nacos.naming.pojo.Subscriber,java.lang.String,boolean)已过时
[WARNING] /Users/xinluo/sources/nacos/naming/src/test/java/com/alibaba/nacos/naming/controllers/v2/InstanceControllerV2Test.java:[239,31] com.alibaba.nacos.naming.core.InstanceOperator中的getInstance(java.lang.String,java.lang.String,java.lang.String,java.lang.String,int)已过时
[WARNING] /Users/xinluo/sources/nacos/naming/src/test/java/com/alibaba/nacos/naming/controllers/v2/InstanceControllerV2Test.java:[242,16] com.alibaba.nacos.naming.model.vo中的com.alibaba.nacos.naming.model.vo.InstanceDetailInfoVo已过时
[WARNING] /Users/xinluo/sources/nacos/naming/src/test/java/com/alibaba/nacos/naming/controllers/v2/InstanceControllerV2Test.java:[245,34] com.alibaba.nacos.naming.core.InstanceOperator中的getInstance(java.lang.String,java.lang.String,java.lang.String,java.lang.String,int)已过时
[WARNING] /Users/xinluo/sources/nacos/naming/src/test/java/com/alibaba/nacos/naming/controllers/HealthControllerTest.java:[48,13] com.alibaba.nacos.naming.controllers中的com.alibaba.nacos.naming.controllers.HealthController已过时
[WARNING] /Users/xinluo/sources/nacos/naming/src/test/java/com/alibaba/nacos/naming/controllers/HealthControllerTest.java:[61,41] org.springframework.http.ResponseEntity中的getStatusCodeValue()已过时
[WARNING] /Users/xinluo/sources/nacos/naming/src/test/java/com/alibaba/nacos/naming/controllers/HealthControllerTest.java:[74,45] org.springframework.http.ResponseEntity中的getStatusCodeValue()已过时
[WARNING] /Users/xinluo/sources/nacos/naming/src/test/java/com/alibaba/nacos/naming/controllers/HealthControllerTest.java:[84,41] org.springframework.http.ResponseEntity中的getStatusCodeValue()已过时
[WARNING] /Users/xinluo/sources/nacos/naming/src/test/java/com/alibaba/nacos/naming/core/HealthOperatorV2ImplTest.java:[85,29] com.alibaba.nacos.naming.core.HealthOperator中的updateHealthStatusForPersistentInstance(java.lang.String,java.lang.String,java.lang.String,java.lang.String,int,boolean)已过时
[WARNING] /Users/xinluo/sources/nacos/naming/src/test/java/com/alibaba/nacos/naming/controllers/CatalogControllerTest.java:[56,13] com.alibaba.nacos.naming.controllers中的com.alibaba.nacos.naming.controllers.CatalogController已过时
[WARNING] /Users/xinluo/sources/nacos/naming/src/test/java/com/alibaba/nacos/naming/exception/ResponseExceptionHandlerTest.java:[52,13] com.alibaba.nacos.naming.controllers.v2中的com.alibaba.nacos.naming.controllers.v2.InstanceControllerV2已过时
[WARNING] /Users/xinluo/sources/nacos/naming/src/test/java/com/alibaba/nacos/naming/exception/ResponseExceptionHandlerTest.java:[51,6] org.springframework.boot.test.mock.mockito 中的 org.springframework.boot.test.mock.mockito.MockBean 已过时, 且标记为待删除
[WARNING] /Users/xinluo/sources/nacos/naming/src/test/java/com/alibaba/nacos/naming/controllers/v2/ClientInfoControllerV2Test.java:[63,5] com.alibaba.nacos.naming.controllers.v2中的com.alibaba.nacos.naming.controllers.v2.ClientInfoControllerV2已过时
[WARNING] /Users/xinluo/sources/nacos/naming/src/test/java/com/alibaba/nacos/naming/controllers/v2/ClientInfoControllerV2Test.java:[90,38] com.alibaba.nacos.naming.controllers.v2中的com.alibaba.nacos.naming.controllers.v2.ClientInfoControllerV2已过时
[WARNING] /Users/xinluo/sources/nacos/naming/src/test/java/com/alibaba/nacos/naming/controllers/v3/OperatorControllerV3Test.java:[92,9] com.alibaba.nacos.naming.model.vo中的com.alibaba.nacos.naming.model.vo.MetricsInfoVo已过时
[WARNING] /Users/xinluo/sources/nacos/naming/src/test/java/com/alibaba/nacos/naming/controllers/v3/OperatorControllerV3Test.java:[92,43] com.alibaba.nacos.naming.model.vo中的com.alibaba.nacos.naming.model.vo.MetricsInfoVo已过时
[WARNING] /Users/xinluo/sources/nacos/naming/src/test/java/com/alibaba/nacos/naming/controllers/v2/ServiceControllerV2Test.java:[61,13] com.alibaba.nacos.naming.controllers.v2中的com.alibaba.nacos.naming.controllers.v2.ServiceControllerV2已过时
[WARNING] /Users/xinluo/sources/nacos/naming/src/test/java/com/alibaba/nacos/naming/controllers/v2/ServiceControllerV2Test.java:[69,33] com.alibaba.nacos.naming.controllers.v2中的com.alibaba.nacos.naming.controllers.v2.ServiceControllerV2已过时
[WARNING] /Users/xinluo/sources/nacos/naming/src/test/java/com/alibaba/nacos/naming/controllers/v2/ServiceControllerV2Test.java:[132,45] com.alibaba.nacos.naming.pojo中的com.alibaba.nacos.naming.pojo.ServiceDetailInfo已过时
[WARNING] /Users/xinluo/sources/nacos/naming/src/test/java/com/alibaba/nacos/naming/controllers/v2/HealthControllerV2Test.java:[48,13] com.alibaba.nacos.naming.controllers.v2中的com.alibaba.nacos.naming.controllers.v2.HealthControllerV2已过时
[WARNING] /Users/xinluo/sources/nacos/naming/src/test/java/com/alibaba/nacos/naming/controllers/v2/HealthControllerV2Test.java:[70,43] com.alibaba.nacos.naming.core.HealthOperator中的updateHealthStatusForPersistentInstance(java.lang.String,java.lang.String,java.lang.String,java.lang.String,int,boolean)已过时
[WARNING] /Users/xinluo/sources/nacos/naming/src/test/java/com/alibaba/nacos/naming/core/InstanceOperatorClientImplTest.java:[130,31] com.alibaba.nacos.naming.core.InstanceOperator中的registerInstance(java.lang.String,java.lang.String,com.alibaba.nacos.api.naming.pojo.Instance)已过时
[WARNING] /Users/xinluo/sources/nacos/naming/src/test/java/com/alibaba/nacos/naming/core/InstanceOperatorClientImplTest.java:[142,85] com.alibaba.nacos.naming.core.InstanceOperator中的registerInstance(java.lang.String,java.lang.String,com.alibaba.nacos.api.naming.pojo.Instance)已过时
[WARNING] /Users/xinluo/sources/nacos/naming/src/test/java/com/alibaba/nacos/naming/core/InstanceOperatorClientImplTest.java:[224,41] com.alibaba.nacos.naming.core.InstanceOperator中的handleBeat(java.lang.String,java.lang.String,java.lang.String,int,java.lang.String,com.alibaba.nacos.naming.healthcheck.RsInfo,com.alibaba.nacos.naming.pojo.instance.BeatInfoInstanceBuilder)已过时
[INFO] /Users/xinluo/sources/nacos/naming/src/test/java/com/alibaba/nacos/naming/core/v2/metadata/NamingMetadataManagerTest.java: 某些输入文件使用了未经检查或不安全的操作。
[INFO] /Users/xinluo/sources/nacos/naming/src/test/java/com/alibaba/nacos/naming/core/v2/metadata/NamingMetadataManagerTest.java: 有关详细信息, 请使用 -Xlint:unchecked 重新编译。
[INFO] 
[INFO] --- maven-surefire-plugin:3.2.5:test (default-test) @ nacos-naming ---
[INFO] Surefire report directory: /Users/xinluo/sources/nacos/naming/target/surefire-reports
[INFO] Using auto detected provider org.apache.maven.surefire.junitplatform.JUnitPlatformProvider
[INFO] 
[INFO] -------------------------------------------------------
[INFO]  T E S T S
[INFO] -------------------------------------------------------
[INFO] Running com.alibaba.nacos.naming.misc.ClientConfigTest
17:53:02.245 [main] INFO com.alibaba.nacos.core -- Get NamingClient config from env, ClientConfig{clientExpiredTime=180000}
17:53:02.269 [main] INFO com.alibaba.nacos.core -- Get NamingClient config from env, ClientConfig{clientExpiredTime=10000}
17:53:02.275 [nacos.publisher-com.alibaba.nacos.common.event.ServerConfigChangeEvent] INFO com.alibaba.nacos.core -- Get NamingClient config from env, ClientConfig{clientExpiredTime=10000}
17:53:02.275 [nacos.publisher-com.alibaba.nacos.common.event.ServerConfigChangeEvent] INFO com.alibaba.nacos.core -- Get NamingClient config from env, ClientConfig{clientExpiredTime=10000}
[INFO] Tests run: 2, Failures: 0, Errors: 0, Skipped: 0, Time elapsed: 1.106 s -- in com.alibaba.nacos.naming.misc.ClientConfigTest
[INFO] Running com.alibaba.nacos.naming.misc.UtilsAndCommonsTest
[INFO] Tests run: 3, Failures: 0, Errors: 0, Skipped: 0, Time elapsed: 0.156 s -- in com.alibaba.nacos.naming.misc.UtilsAndCommonsTest
[INFO] Running com.alibaba.nacos.naming.cluster.ServerStatusManagerTest
[INFO] Tests run: 10, Failures: 0, Errors: 0, Skipped: 0, Time elapsed: 1.053 s -- in com.alibaba.nacos.naming.cluster.ServerStatusManagerTest
[INFO] Running com.alibaba.nacos.naming.cluster.transport.JacksonSerializerTest
[INFO] Tests run: 2, Failures: 0, Errors: 0, Skipped: 0, Time elapsed: 0.084 s -- in com.alibaba.nacos.naming.cluster.transport.JacksonSerializerTest
[INFO] Running com.alibaba.nacos.naming.cluster.remote.response.DistroDataResponseTest
[INFO] Tests run: 1, Failures: 0, Errors: 0, Skipped: 0, Time elapsed: 0.015 s -- in com.alibaba.nacos.naming.cluster.remote.response.DistroDataResponseTest
[INFO] Running com.alibaba.nacos.naming.cluster.remote.request.AbstractClusterRequestTest
[INFO] Tests run: 1, Failures: 0, Errors: 0, Skipped: 0, Time elapsed: 0.001 s -- in com.alibaba.nacos.naming.cluster.remote.request.AbstractClusterRequestTest
[INFO] Running com.alibaba.nacos.naming.cluster.remote.request.DistroDataRequestTest
[INFO] Tests run: 3, Failures: 0, Errors: 0, Skipped: 0, Time elapsed: 0.025 s -- in com.alibaba.nacos.naming.cluster.remote.request.DistroDataRequestTest
[INFO] Running com.alibaba.nacos.naming.selector.context.NoneSelectorContextBuilderTest
[INFO] Tests run: 1, Failures: 0, Errors: 0, Skipped: 0, Time elapsed: 0.002 s -- in com.alibaba.nacos.naming.selector.context.NoneSelectorContextBuilderTest
[INFO] Running com.alibaba.nacos.naming.selector.SelectorManagerTest
17:53:04.646 [main] INFO com.alibaba.nacos.naming.main -- [SelectorManager] Load SelectorContextBuilder(class com.alibaba.nacos.naming.selector.MockCmdbContextBuilder) contextType(MOCK_CMDB) successfully.
17:53:04.647 [main] INFO com.alibaba.nacos.naming.main -- [SelectorManager] Load SelectorContextBuilder(class com.alibaba.nacos.naming.selector.context.CmdbSelectorContextBuilder) contextType(CMDB) successfully.
17:53:04.647 [main] INFO com.alibaba.nacos.naming.main -- [SelectorManager] Load SelectorContextBuilder(class com.alibaba.nacos.naming.selector.context.NoneSelectorContextBuilder) contextType(NONE) successfully.
17:53:04.650 [main] INFO com.alibaba.nacos.naming.main -- [SelectorManager] Load Selector(class com.alibaba.nacos.naming.selector.MockSelector) type(mock) contextType(MOCK_CMDB) successfully.
17:53:04.651 [main] INFO com.alibaba.nacos.naming.main -- [SelectorManager] Load Selector(class com.alibaba.nacos.naming.selector.LabelSelector) type(label) contextType(CMDB) successfully.
17:53:04.651 [main] INFO com.alibaba.nacos.naming.main -- [SelectorManager] Load Selector(class com.alibaba.nacos.naming.selector.NoneSelector) type(none) contextType(NONE) successfully.
17:53:04.651 [main] INFO com.alibaba.nacos.naming.main -- [SelectorManager] Load SelectorContextBuilder(class com.alibaba.nacos.naming.selector.MockCmdbContextBuilder) contextType(MOCK_CMDB) successfully.
17:53:04.651 [main] INFO com.alibaba.nacos.naming.main -- [SelectorManager] Load SelectorContextBuilder(class com.alibaba.nacos.naming.selector.context.CmdbSelectorContextBuilder) contextType(CMDB) successfully.
17:53:04.651 [main] INFO com.alibaba.nacos.naming.main -- [SelectorManager] Load SelectorContextBuilder(class com.alibaba.nacos.naming.selector.context.NoneSelectorContextBuilder) contextType(NONE) successfully.
17:53:04.651 [main] INFO com.alibaba.nacos.naming.main -- [SelectorManager] Load Selector(class com.alibaba.nacos.naming.selector.MockSelector) type(mock) contextType(MOCK_CMDB) successfully.
17:53:04.651 [main] INFO com.alibaba.nacos.naming.main -- [SelectorManager] Load Selector(class com.alibaba.nacos.naming.selector.LabelSelector) type(label) contextType(CMDB) successfully.
17:53:04.651 [main] INFO com.alibaba.nacos.naming.main -- [SelectorManager] Load Selector(class com.alibaba.nacos.naming.selector.NoneSelector) type(none) contextType(NONE) successfully.
17:53:04.652 [main] INFO com.alibaba.nacos.naming.main -- [SelectorManager] Load SelectorContextBuilder(class com.alibaba.nacos.naming.selector.MockCmdbContextBuilder) contextType(MOCK_CMDB) successfully.
17:53:04.652 [main] INFO com.alibaba.nacos.naming.main -- [SelectorManager] Load SelectorContextBuilder(class com.alibaba.nacos.naming.selector.context.CmdbSelectorContextBuilder) contextType(CMDB) successfully.
17:53:04.652 [main] INFO com.alibaba.nacos.naming.main -- [SelectorManager] Load SelectorContextBuilder(class com.alibaba.nacos.naming.selector.context.NoneSelectorContextBuilder) contextType(NONE) successfully.
17:53:04.652 [main] INFO com.alibaba.nacos.naming.main -- [SelectorManager] Load Selector(class com.alibaba.nacos.naming.selector.MockSelector) type(mock) contextType(MOCK_CMDB) successfully.
17:53:04.652 [main] INFO com.alibaba.nacos.naming.main -- [SelectorManager] Load Selector(class com.alibaba.nacos.naming.selector.LabelSelector) type(label) contextType(CMDB) successfully.
17:53:04.652 [main] INFO com.alibaba.nacos.naming.main -- [SelectorManager] Load Selector(class com.alibaba.nacos.naming.selector.NoneSelector) type(none) contextType(NONE) successfully.
[INFO] Tests run: 3, Failures: 0, Errors: 0, Skipped: 0, Time elapsed: 0.051 s -- in com.alibaba.nacos.naming.selector.SelectorManagerTest
[INFO] Running com.alibaba.nacos.naming.selector.NoneSelectorTest
[INFO] Tests run: 1, Failures: 0, Errors: 0, Skipped: 0, Time elapsed: 0.001 s -- in com.alibaba.nacos.naming.selector.NoneSelectorTest
[INFO] Running com.alibaba.nacos.naming.selector.LabelSelectorTest
17:53:04.689 [main] INFO com.alibaba.nacos.naming.main -- [SelectorManager] Load SelectorContextBuilder(class com.alibaba.nacos.naming.selector.MockCmdbContextBuilder) contextType(MOCK_CMDB) successfully.
17:53:04.689 [main] INFO com.alibaba.nacos.naming.main -- [SelectorManager] Load SelectorContextBuilder(class com.alibaba.nacos.naming.selector.context.CmdbSelectorContextBuilder) contextType(CMDB) successfully.
17:53:04.689 [main] INFO com.alibaba.nacos.naming.main -- [SelectorManager] Load SelectorContextBuilder(class com.alibaba.nacos.naming.selector.context.NoneSelectorContextBuilder) contextType(NONE) successfully.
17:53:04.689 [main] INFO com.alibaba.nacos.naming.main -- [SelectorManager] Load Selector(class com.alibaba.nacos.naming.selector.MockSelector) type(mock) contextType(MOCK_CMDB) successfully.
17:53:04.689 [main] INFO com.alibaba.nacos.naming.main -- [SelectorManager] Load Selector(class com.alibaba.nacos.naming.selector.LabelSelector) type(label) contextType(CMDB) successfully.
17:53:04.689 [main] INFO com.alibaba.nacos.naming.main -- [SelectorManager] Load Selector(class com.alibaba.nacos.naming.selector.NoneSelector) type(none) contextType(NONE) successfully.
[INFO] Tests run: 1, Failures: 0, Errors: 0, Skipped: 0, Time elapsed: 0.003 s -- in com.alibaba.nacos.naming.selector.LabelSelectorTest
[INFO] Running com.alibaba.nacos.naming.monitor.MetricsMonitorTest
[INFO] Tests run: 4, Failures: 0, Errors: 0, Skipped: 0, Time elapsed: 0.100 s -- in com.alibaba.nacos.naming.monitor.MetricsMonitorTest
[INFO] Running com.alibaba.nacos.naming.paramcheck.RpcParamCheckTest
17:53:04.844 [main] INFO com.alibaba.nacos.core -- Get ParamCheck config from env, ParamCheckConfig{paramCheckEnabled=true, activeParamChecker=default}
17:53:04.866 [main] INFO com.alibaba.nacos.plugin.control -- Param check invalid,Param 'namespaceId/tenant' is illegal, illegal characters should not appear in the param.,request:InstanceRequest:
[INFO] Tests run: 1, Failures: 0, Errors: 0, Skipped: 0, Time elapsed: 0.073 s -- in com.alibaba.nacos.naming.paramcheck.RpcParamCheckTest
[INFO] Running com.alibaba.nacos.naming.paramcheck.ParamExtractorTest
[INFO] Tests run: 4, Failures: 0, Errors: 0, Skipped: 0, Time elapsed: 0.128 s -- in com.alibaba.nacos.naming.paramcheck.ParamExtractorTest
[INFO] Running com.alibaba.nacos.naming.core.InstanceOperatorClientImplTest
17:53:05.169 [main] WARN com.alibaba.nacos.common.notify.NotifyCenter -- There are no [com.alibaba.nacos.naming.core.v2.event.metadata.MetadataEvent.ServiceMetadataEvent] publishers for this event, please register
17:53:05.174 [main] WARN com.alibaba.nacos.common.notify.NotifyCenter -- There are no [com.alibaba.nacos.naming.core.v2.event.metadata.MetadataEvent.ServiceMetadataEvent] publishers for this event, please register
17:53:05.187 [main] WARN com.alibaba.nacos.common.notify.NotifyCenter -- There are no [com.alibaba.nacos.naming.core.v2.event.metadata.MetadataEvent.ServiceMetadataEvent] publishers for this event, please register
17:53:05.190 [main] WARN com.alibaba.nacos.common.notify.NotifyCenter -- There are no [com.alibaba.nacos.naming.core.v2.event.metadata.InfoChangeEvent.InstanceInfoChangeEvent] publishers for this event, please register
17:53:05.192 [main] WARN com.alibaba.nacos.common.notify.NotifyCenter -- There are no [com.alibaba.nacos.naming.core.v2.event.metadata.MetadataEvent.ServiceMetadataEvent] publishers for this event, please register
17:53:05.195 [main] WARN com.alibaba.nacos.common.notify.NotifyCenter -- There are no [com.alibaba.nacos.naming.core.v2.event.metadata.MetadataEvent.ServiceMetadataEvent] publishers for this event, please register
17:53:05.199 [main] WARN com.alibaba.nacos.common.notify.NotifyCenter -- There are no [com.alibaba.nacos.naming.core.v2.event.metadata.MetadataEvent.ServiceMetadataEvent] publishers for this event, please register
17:53:05.204 [main] WARN com.alibaba.nacos.common.notify.NotifyCenter -- There are no [com.alibaba.nacos.naming.core.v2.event.metadata.MetadataEvent.ServiceMetadataEvent] publishers for this event, please register
17:53:05.204 [main] WARN com.alibaba.nacos.common.notify.NotifyCenter -- There are no [com.alibaba.nacos.naming.core.v2.event.metadata.InfoChangeEvent.InstanceInfoChangeEvent] publishers for this event, please register
17:53:05.206 [main] WARN com.alibaba.nacos.common.notify.NotifyCenter -- There are no [com.alibaba.nacos.naming.core.v2.event.metadata.MetadataEvent.ServiceMetadataEvent] publishers for this event, please register
17:53:05.209 [main] WARN com.alibaba.nacos.common.notify.NotifyCenter -- There are no [com.alibaba.nacos.naming.core.v2.event.metadata.MetadataEvent.ServiceMetadataEvent] publishers for this event, please register
17:53:05.214 [main] WARN com.alibaba.nacos.common.notify.NotifyCenter -- There are no [com.alibaba.nacos.naming.core.v2.event.metadata.MetadataEvent.ServiceMetadataEvent] publishers for this event, please register
17:53:05.218 [main] WARN com.alibaba.nacos.common.notify.NotifyCenter -- There are no [com.alibaba.nacos.naming.core.v2.event.metadata.MetadataEvent.ServiceMetadataEvent] publishers for this event, please register
17:53:05.286 [main] WARN com.alibaba.nacos.common.notify.NotifyCenter -- There are no [com.alibaba.nacos.naming.core.v2.event.metadata.MetadataEvent.ServiceMetadataEvent] publishers for this event, please register
[INFO] Tests run: 12, Failures: 0, Errors: 0, Skipped: 0, Time elapsed: 0.283 s -- in com.alibaba.nacos.naming.core.InstanceOperatorClientImplTest
[INFO] Running com.alibaba.nacos.naming.core.ServiceOperatorV2ImplTest
17:53:05.297 [main] WARN com.alibaba.nacos.common.notify.NotifyCenter -- There are no [com.alibaba.nacos.naming.core.v2.event.metadata.MetadataEvent.ServiceMetadataEvent] publishers for this event, please register
17:53:05.300 [main] WARN com.alibaba.nacos.common.notify.NotifyCenter -- There are no [com.alibaba.nacos.naming.core.v2.event.metadata.MetadataEvent.ServiceMetadataEvent] publishers for this event, please register
17:53:05.301 [main] WARN com.alibaba.nacos.common.notify.NotifyCenter -- There are no [com.alibaba.nacos.naming.core.v2.event.metadata.MetadataEvent.ServiceMetadataEvent] publishers for this event, please register
17:53:05.314 [main] WARN com.alibaba.nacos.common.notify.NotifyCenter -- There are no [com.alibaba.nacos.naming.core.v2.event.metadata.MetadataEvent.ServiceMetadataEvent] publishers for this event, please register
17:53:05.316 [main] WARN com.alibaba.nacos.common.notify.NotifyCenter -- There are no [com.alibaba.nacos.naming.core.v2.event.metadata.MetadataEvent.ServiceMetadataEvent] publishers for this event, please register
17:53:05.318 [main] WARN com.alibaba.nacos.common.notify.NotifyCenter -- There are no [com.alibaba.nacos.naming.core.v2.event.metadata.MetadataEvent.ServiceMetadataEvent] publishers for this event, please register
17:53:05.319 [main] WARN com.alibaba.nacos.common.notify.NotifyCenter -- There are no [com.alibaba.nacos.naming.core.v2.event.metadata.MetadataEvent.ServiceMetadataEvent] publishers for this event, please register
17:53:05.319 [main] WARN com.alibaba.nacos.common.notify.NotifyCenter -- There are no [com.alibaba.nacos.naming.core.v2.event.metadata.InfoChangeEvent.ServiceInfoChangeEvent] publishers for this event, please register
[INFO] Tests run: 7, Failures: 0, Errors: 0, Skipped: 0, Time elapsed: 0.028 s -- in com.alibaba.nacos.naming.core.ServiceOperatorV2ImplTest
[INFO] Running com.alibaba.nacos.naming.core.CatalogServiceV2ImplTest
17:53:05.358 [main] WARN com.alibaba.nacos.common.notify.NotifyCenter -- There are no [com.alibaba.nacos.naming.core.v2.event.metadata.MetadataEvent.ServiceMetadataEvent] publishers for this event, please register
17:53:05.365 [main] WARN com.alibaba.nacos.common.notify.NotifyCenter -- There are no [com.alibaba.nacos.naming.core.v2.event.metadata.MetadataEvent.ServiceMetadataEvent] publishers for this event, please register
17:53:05.366 [main] WARN com.alibaba.nacos.common.notify.NotifyCenter -- There are no [com.alibaba.nacos.naming.core.v2.event.metadata.MetadataEvent.ServiceMetadataEvent] publishers for this event, please register
17:53:05.366 [main] WARN com.alibaba.nacos.common.notify.NotifyCenter -- There are no [com.alibaba.nacos.naming.core.v2.event.metadata.MetadataEvent.ServiceMetadataEvent] publishers for this event, please register
17:53:05.366 [main] WARN com.alibaba.nacos.common.notify.NotifyCenter -- There are no [com.alibaba.nacos.naming.core.v2.event.metadata.MetadataEvent.ServiceMetadataEvent] publishers for this event, please register
17:53:05.371 [main] WARN com.alibaba.nacos.common.notify.NotifyCenter -- There are no [com.alibaba.nacos.naming.core.v2.event.metadata.MetadataEvent.ServiceMetadataEvent] publishers for this event, please register
17:53:05.373 [main] WARN com.alibaba.nacos.common.notify.NotifyCenter -- There are no [com.alibaba.nacos.naming.core.v2.event.metadata.MetadataEvent.ServiceMetadataEvent] publishers for this event, please register
17:53:05.375 [main] WARN com.alibaba.nacos.common.notify.NotifyCenter -- There are no [com.alibaba.nacos.naming.core.v2.event.metadata.MetadataEvent.ServiceMetadataEvent] publishers for this event, please register
17:53:05.377 [main] WARN com.alibaba.nacos.common.notify.NotifyCenter -- There are no [com.alibaba.nacos.naming.core.v2.event.metadata.MetadataEvent.ServiceMetadataEvent] publishers for this event, please register
17:53:05.378 [main] WARN com.alibaba.nacos.common.notify.NotifyCenter -- There are no [com.alibaba.nacos.naming.core.v2.event.metadata.MetadataEvent.ServiceMetadataEvent] publishers for this event, please register
17:53:05.379 [main] WARN com.alibaba.nacos.common.notify.NotifyCenter -- There are no [com.alibaba.nacos.naming.core.v2.event.metadata.MetadataEvent.ServiceMetadataEvent] publishers for this event, please register
17:53:05.381 [main] WARN com.alibaba.nacos.common.notify.NotifyCenter -- There are no [com.alibaba.nacos.naming.core.v2.event.metadata.MetadataEvent.ServiceMetadataEvent] publishers for this event, please register
17:53:05.385 [main] WARN com.alibaba.nacos.common.notify.NotifyCenter -- There are no [com.alibaba.nacos.naming.core.v2.event.metadata.MetadataEvent.ServiceMetadataEvent] publishers for this event, please register
17:53:05.385 [main] WARN com.alibaba.nacos.common.notify.NotifyCenter -- There are no [com.alibaba.nacos.naming.core.v2.event.metadata.MetadataEvent.ServiceMetadataEvent] publishers for this event, please register
17:53:05.386 [main] WARN com.alibaba.nacos.common.notify.NotifyCenter -- There are no [com.alibaba.nacos.naming.core.v2.event.metadata.MetadataEvent.ServiceMetadataEvent] publishers for this event, please register
17:53:05.386 [main] WARN com.alibaba.nacos.common.notify.NotifyCenter -- There are no [com.alibaba.nacos.naming.core.v2.event.metadata.MetadataEvent.ServiceMetadataEvent] publishers for this event, please register
17:53:05.391 [main] WARN com.alibaba.nacos.common.notify.NotifyCenter -- There are no [com.alibaba.nacos.naming.core.v2.event.metadata.MetadataEvent.ServiceMetadataEvent] publishers for this event, please register
[INFO] Tests run: 11, Failures: 0, Errors: 0, Skipped: 0, Time elapsed: 0.039 s -- in com.alibaba.nacos.naming.core.CatalogServiceV2ImplTest
[INFO] Running com.alibaba.nacos.naming.core.DistroMapperTest
[INFO] Tests run: 2, Failures: 0, Errors: 0, Skipped: 0, Time elapsed: 0.089 s -- in com.alibaba.nacos.naming.core.DistroMapperTest
[INFO] Running com.alibaba.nacos.naming.core.HealthOperatorV2ImplTest
[INFO] Tests run: 1, Failures: 0, Errors: 0, Skipped: 0, Time elapsed: 0.065 s -- in com.alibaba.nacos.naming.core.HealthOperatorV2ImplTest
[INFO] Running com.alibaba.nacos.naming.core.v2.index.ClientServiceIndexesManagerTest
17:53:05.643 [main] WARN com.alibaba.nacos.common.notify.NotifyCenter -- There are no [com.alibaba.nacos.naming.core.v2.event.service.ServiceEvent.ServiceChangedEvent] publishers for this event, please register
17:53:05.649 [main] WARN com.alibaba.nacos.common.notify.NotifyCenter -- There are no [com.alibaba.nacos.naming.core.v2.event.service.ServiceEvent.ServiceChangedEvent] publishers for this event, please register
17:53:05.651 [main] WARN com.alibaba.nacos.common.notify.NotifyCenter -- There are no [com.alibaba.nacos.naming.core.v2.event.service.ServiceEvent.ServiceSubscribedEvent] publishers for this event, please register
[INFO] Tests run: 10, Failures: 0, Errors: 0, Skipped: 0, Time elapsed: 0.089 s -- in com.alibaba.nacos.naming.core.v2.index.ClientServiceIndexesManagerTest
[INFO] Running com.alibaba.nacos.naming.core.v2.index.ServiceStorageTest
[INFO] Tests run: 7, Failures: 0, Errors: 0, Skipped: 0, Time elapsed: 0.099 s -- in com.alibaba.nacos.naming.core.v2.index.ServiceStorageTest
[INFO] Running com.alibaba.nacos.naming.core.v2.index.NamingFuzzyWatchContextServiceTest
17:53:05.780 [main] INFO com.alibaba.nacos.naming.main -- FUZZY_WATCH: pattern namespace>>group*>>service*0 match 0 services, overMatchCount=false,cost 1ms
17:53:05.780 [main] INFO com.alibaba.nacos.naming.main -- FUZZY_WATCH: pattern namespace>>group*>>service*1 match 0 services, overMatchCount=false,cost 0ms
17:53:05.780 [main] INFO com.alibaba.nacos.naming.main -- FUZZY_WATCH: pattern namespace>>group*>>service*2 match 0 services, overMatchCount=false,cost 0ms
17:53:05.781 [main] INFO com.alibaba.nacos.naming.main -- FUZZY_WATCH: pattern namespace>>group*>>service*3 match 0 services, overMatchCount=false,cost 1ms
17:53:05.781 [main] INFO com.alibaba.nacos.naming.main -- FUZZY_WATCH: pattern namespace>>group*>>service*4 match 0 services, overMatchCount=false,cost 0ms
17:53:05.781 [main] WARN com.alibaba.nacos.naming.main -- FUZZY_WATCH: fuzzy watch pattern count is over limit ,pattern namespace>>group*>>service*5 init fail,current count is 5
17:53:05.781 [main] WARN com.alibaba.nacos.naming.main -- FUZZY_WATCH: fuzzy watch pattern count is over limit ,pattern namespace>>group*>>service*6 init fail,current count is 5
17:53:05.781 [main] WARN com.alibaba.nacos.naming.main -- FUZZY_WATCH: fuzzy watch pattern count is over limit ,pattern namespace>>group*>>service*7 init fail,current count is 5
17:53:05.782 [main] WARN com.alibaba.nacos.naming.main -- FUZZY_WATCH: fuzzy watch pattern count is over limit ,pattern namespace>>group*>>service*8 init fail,current count is 5
17:53:05.782 [main] WARN com.alibaba.nacos.naming.main -- FUZZY_WATCH: fuzzy watch pattern count is over limit ,pattern namespace>>group*>>service*9 init fail,current count is 5
17:53:05.784 [main] WARN com.alibaba.nacos.naming.main -- [fuzzy-watch] pattern matched service count is over limit , other services will stop notify for pattern namespace>>group*>>service* ,current count is 5
17:53:05.784 [main] INFO com.alibaba.nacos.naming.main -- FUZZY_WATCH: pattern namespace>>group*>>service* match 5 services, overMatchCount=true,cost 0ms
17:53:05.784 [main] WARN com.alibaba.nacos.naming.main -- [fuzzy-watch] pattern namespace>>group*>>service* matched serviceKey count is reach to upper limit 5, fuzzy watch notify may be suppressed 
17:53:05.785 [main] INFO com.alibaba.nacos.naming.main -- [fuzzy-watch] no client watched pattern namespace>>group*>>service*,remove watchedClients context
17:53:05.785 [main] INFO com.alibaba.nacos.naming.main -- [fuzzy-watch] no watchedClients context for pattern namespace>>group*>>service*,remove matchedGroupKeys context
17:53:05.786 [main] WARN com.alibaba.nacos.naming.main -- [fuzzy-watch] pattern matched service count is over limit , other services will stop notify for pattern namespace>>group*>>service* ,current count is 5
17:53:05.786 [main] INFO com.alibaba.nacos.naming.main -- FUZZY_WATCH: pattern namespace>>group*>>service* match 5 services, overMatchCount=true,cost 0ms
17:53:05.788 [main] INFO com.alibaba.nacos.naming.main -- FUZZY_WATCH: pattern namespace>>group*>>service* match 10 services, overMatchCount=false,cost 0ms
17:53:05.790 [main] INFO com.alibaba.nacos.naming.main -- FUZZY_WATCH: pattern 3namespace>>2group*>>1service* match 0 services, overMatchCount=false,cost 0ms
17:53:05.791 [main] WARN com.alibaba.nacos.naming.main -- [fuzzy-watch] service change matched,service key 3namespace@@2group@@1service,changed type ADD_SERVICE 
17:53:05.791 [main] INFO com.alibaba.nacos.naming.main -- [fuzzy-watch] pattern 3namespace>>2group*>>1service* matched service keys count changed to 1
17:53:05.791 [main] WARN com.alibaba.nacos.naming.main -- [fuzzy-watch] service change matched,service key 3namespace@@2group@@1service,changed type ADD_SERVICE 
17:53:05.791 [main] WARN com.alibaba.nacos.naming.main -- [fuzzy-watch] service change matched,service key 345namespace@@2group@@1service,changed type ADD_SERVICE 
17:53:05.791 [main] WARN com.alibaba.nacos.naming.main -- [fuzzy-watch] service change matched,service key 3namespace@@2group@@1service,changed type DELETE_SERVICE 
17:53:05.791 [main] INFO com.alibaba.nacos.naming.main -- [fuzzy-watch]  pattern 3namespace>>2group*>>1service* matched service keys count changed to 0
17:53:05.791 [main] WARN com.alibaba.nacos.naming.main -- [fuzzy-watch] service change matched,service key 3namespace@@2group@@1service,changed type DELETE_SERVICE 
17:53:05.794 [main] WARN com.alibaba.nacos.naming.main -- [fuzzy-watch] pattern matched service count is over limit , other services will stop notify for pattern namespace>>group*>>service* ,current count is 10
17:53:05.794 [main] INFO com.alibaba.nacos.naming.main -- FUZZY_WATCH: pattern namespace>>group*>>service* match 10 services, overMatchCount=true,cost 1ms
17:53:05.794 [main] WARN com.alibaba.nacos.naming.main -- [fuzzy-watch] service change matched,service key namespace@@group2@@service2,changed type DELETE_SERVICE 
17:53:05.794 [main] INFO com.alibaba.nacos.naming.main -- [fuzzy-watch]  pattern namespace>>group*>>service* matched service keys count changed to 9
17:53:05.794 [main] INFO com.alibaba.nacos.naming.main -- [fuzzy-watch] pattern namespace>>group*>>service* makeup service key namespace@@group8@@service8
17:53:05.795 [main] WARN com.alibaba.nacos.naming.main -- [fuzzy-watch] pattern namespace>>group*>>service* matched service count reach to up limit ,makeup group keys skip.
[INFO] Tests run: 6, Failures: 0, Errors: 0, Skipped: 0, Time elapsed: 0.040 s -- in com.alibaba.nacos.naming.core.v2.index.NamingFuzzyWatchContextServiceTest
[INFO] Running com.alibaba.nacos.naming.core.v2.service.impl.PersistentClientOperationServiceImplTest
17:53:05.927 [main] WARN com.alibaba.nacos.common.notify.NotifyCenter -- There are no [com.alibaba.nacos.naming.core.v2.event.metadata.MetadataEvent.ServiceMetadataEvent] publishers for this event, please register
17:53:05.928 [main] WARN com.alibaba.nacos.common.notify.NotifyCenter -- There are no [com.alibaba.nacos.naming.core.v2.event.metadata.MetadataEvent.InstanceMetadataEvent] publishers for this event, please register
17:53:05.939 [main] WARN com.alibaba.nacos.common.notify.NotifyCenter -- There are no [com.alibaba.nacos.naming.core.v2.event.metadata.MetadataEvent.ServiceMetadataEvent] publishers for this event, please register
17:53:05.947 [main] WARN com.alibaba.nacos.common.notify.NotifyCenter -- There are no [com.alibaba.nacos.naming.core.v2.event.metadata.MetadataEvent.ServiceMetadataEvent] publishers for this event, please register
17:53:05.947 [main] WARN com.alibaba.nacos.common.notify.NotifyCenter -- There are no [com.alibaba.nacos.naming.core.v2.event.metadata.MetadataEvent.InstanceMetadataEvent] publishers for this event, please register
17:53:05.948 [main] WARN com.alibaba.nacos.common.notify.NotifyCenter -- There are no [com.alibaba.nacos.naming.core.v2.event.metadata.MetadataEvent.InstanceMetadataEvent] publishers for this event, please register
17:53:05.952 [main] WARN com.alibaba.nacos.common.notify.NotifyCenter -- There are no [com.alibaba.nacos.naming.core.v2.event.metadata.MetadataEvent.ServiceMetadataEvent] publishers for this event, please register
17:53:05.954 [main] WARN com.alibaba.nacos.common.notify.NotifyCenter -- There are no [com.alibaba.nacos.naming.core.v2.event.metadata.MetadataEvent.ServiceMetadataEvent] publishers for this event, please register
17:53:05.954 [main] INFO com.alibaba.nacos.core.protocol.raft -- Client registered. service=service, clientId=1.1.1.1:80#false, instance=instance
17:53:05.956 [main] INFO com.alibaba.nacos.core.protocol.raft -- Client unregistered. service=service, clientId=1.1.1.1:80#false, instance=instance
[INFO] Tests run: 8, Failures: 0, Errors: 0, Skipped: 0, Time elapsed: 0.160 s -- in com.alibaba.nacos.naming.core.v2.service.impl.PersistentClientOperationServiceImplTest
[INFO] Running com.alibaba.nacos.naming.core.v2.service.impl.EphemeralClientOperationServiceImplTest
17:53:05.963 [main] WARN com.alibaba.nacos.common.notify.NotifyCenter -- There are no [com.alibaba.nacos.naming.core.v2.event.metadata.MetadataEvent.ServiceMetadataEvent] publishers for this event, please register
17:53:05.964 [main] WARN com.alibaba.nacos.common.notify.NotifyCenter -- There are no [com.alibaba.nacos.naming.core.v2.event.client.ClientEvent.ClientChangedEvent] publishers for this event, please register
17:53:05.965 [main] INFO com.alibaba.nacos.naming.main -- Client change for service service, 1.1.1.1:80#true
17:53:05.970 [main] WARN com.alibaba.nacos.common.notify.NotifyCenter -- There are no [com.alibaba.nacos.naming.core.v2.event.metadata.MetadataEvent.InstanceMetadataEvent] publishers for this event, please register
17:53:05.971 [main] WARN com.alibaba.nacos.naming.main -- Client connection 1.1.1.1:80#true already disconnect
17:53:05.974 [main] WARN com.alibaba.nacos.common.notify.NotifyCenter -- There are no [com.alibaba.nacos.naming.core.v2.event.metadata.MetadataEvent.ServiceMetadataEvent] publishers for this event, please register
17:53:05.974 [main] WARN com.alibaba.nacos.naming.main -- Client connection 1.1.1.1:80#true already disconnect
17:53:05.976 [main] WARN com.alibaba.nacos.common.notify.NotifyCenter -- There are no [com.alibaba.nacos.naming.core.v2.event.metadata.MetadataEvent.ServiceMetadataEvent] publishers for this event, please register
17:53:05.976 [main] WARN com.alibaba.nacos.naming.main -- Client connection 1.1.1.1:80#true type is not ephemeral
17:53:05.978 [main] WARN com.alibaba.nacos.common.notify.NotifyCenter -- There are no [com.alibaba.nacos.naming.core.v2.event.metadata.MetadataEvent.ServiceMetadataEvent] publishers for this event, please register
17:53:05.979 [main] WARN com.alibaba.nacos.common.notify.NotifyCenter -- There are no [com.alibaba.nacos.naming.core.v2.event.metadata.MetadataEvent.ServiceMetadataEvent] publishers for this event, please register
17:53:05.979 [main] WARN com.alibaba.nacos.naming.main -- Client connection 1.1.1.1:80#true type is not ephemeral
17:53:05.981 [main] WARN com.alibaba.nacos.naming.main -- Client connection 1.1.1.1:80#true already disconnect
17:53:05.984 [main] WARN com.alibaba.nacos.common.notify.NotifyCenter -- There are no [com.alibaba.nacos.naming.core.v2.event.metadata.MetadataEvent.ServiceMetadataEvent] publishers for this event, please register
17:53:05.984 [main] WARN com.alibaba.nacos.common.notify.NotifyCenter -- There are no [com.alibaba.nacos.naming.core.v2.event.client.ClientEvent.ClientChangedEvent] publishers for this event, please register
17:53:05.984 [main] INFO com.alibaba.nacos.naming.main -- Client change for service service, test
17:53:05.985 [main] WARN com.alibaba.nacos.common.notify.NotifyCenter -- There are no [com.alibaba.nacos.naming.core.v2.event.metadata.MetadataEvent.InstanceMetadataEvent] publishers for this event, please register
17:53:05.986 [main] WARN com.alibaba.nacos.naming.main -- Client connection 1.1.1.1:80#true type is not ephemeral
17:53:05.988 [main] WARN com.alibaba.nacos.common.notify.NotifyCenter -- There are no [com.alibaba.nacos.naming.core.v2.event.metadata.MetadataEvent.ServiceMetadataEvent] publishers for this event, please register
17:53:05.988 [main] WARN com.alibaba.nacos.common.notify.NotifyCenter -- There are no [com.alibaba.nacos.naming.core.v2.event.client.ClientEvent.ClientChangedEvent] publishers for this event, please register
17:53:05.988 [main] INFO com.alibaba.nacos.naming.main -- Client change for service service, 1.1.1.1:80#true
17:53:05.988 [main] WARN com.alibaba.nacos.common.notify.NotifyCenter -- There are no [com.alibaba.nacos.naming.core.v2.event.metadata.MetadataEvent.InstanceMetadataEvent] publishers for this event, please register
17:53:05.988 [main] WARN com.alibaba.nacos.naming.main -- Client connection 1.1.1.1:80#true type is not ephemeral
17:53:05.990 [main] WARN com.alibaba.nacos.naming.main -- Client connection 1.1.1.1:80#true already disconnect
17:53:05.992 [main] WARN com.alibaba.nacos.common.notify.NotifyCenter -- There are no [com.alibaba.nacos.naming.core.v2.event.metadata.MetadataEvent.ServiceMetadataEvent] publishers for this event, please register
17:53:05.992 [main] WARN com.alibaba.nacos.naming.main -- Client connection 1.1.1.1:80#true already disconnect
17:53:05.998 [main] WARN com.alibaba.nacos.common.notify.NotifyCenter -- There are no [com.alibaba.nacos.naming.core.v2.event.metadata.MetadataEvent.ServiceMetadataEvent] publishers for this event, please register
17:53:05.998 [main] WARN com.alibaba.nacos.common.notify.NotifyCenter -- There are no [com.alibaba.nacos.naming.core.v2.event.client.ClientEvent.ClientChangedEvent] publishers for this event, please register
17:53:05.998 [main] INFO com.alibaba.nacos.naming.main -- Client change for service service, 1.1.1.1:80#true
17:53:05.999 [main] WARN com.alibaba.nacos.common.notify.NotifyCenter -- There are no [com.alibaba.nacos.naming.core.v2.event.metadata.MetadataEvent.InstanceMetadataEvent] publishers for this event, please register
17:53:05.999 [main] WARN com.alibaba.nacos.common.notify.NotifyCenter -- There are no [com.alibaba.nacos.naming.core.v2.event.client.ClientEvent.ClientChangedEvent] publishers for this event, please register
17:53:05.999 [main] INFO com.alibaba.nacos.naming.main -- Client remove for service service, 1.1.1.1:80#true
17:53:05.999 [main] WARN com.alibaba.nacos.common.notify.NotifyCenter -- There are no [com.alibaba.nacos.naming.core.v2.event.metadata.MetadataEvent.InstanceMetadataEvent] publishers for this event, please register
17:53:06.001 [main] WARN com.alibaba.nacos.naming.main -- Client connection 1.1.1.1:80#true type is not ephemeral
[INFO] Tests run: 15, Failures: 0, Errors: 0, Skipped: 0, Time elapsed: 0.044 s -- in com.alibaba.nacos.naming.core.v2.service.impl.EphemeralClientOperationServiceImplTest
[INFO] Running com.alibaba.nacos.naming.core.v2.service.ClientOperationServiceProxyTest
17:53:06.067 [main] WARN com.alibaba.nacos.common.notify.NotifyCenter -- There are no [com.alibaba.nacos.naming.core.v2.event.metadata.MetadataEvent.ServiceMetadataEvent] publishers for this event, please register
17:53:06.069 [main] WARN com.alibaba.nacos.naming.main -- remove instance from non-exist service: service
17:53:06.069 [main] WARN com.alibaba.nacos.common.notify.NotifyCenter -- There are no [com.alibaba.nacos.naming.core.v2.event.metadata.MetadataEvent.ServiceMetadataEvent] publishers for this event, please register
[INFO] Tests run: 4, Failures: 0, Errors: 0, Skipped: 0, Time elapsed: 0.068 s -- in com.alibaba.nacos.naming.core.v2.service.ClientOperationServiceProxyTest
[INFO] Running com.alibaba.nacos.naming.core.v2.cleaner.EmptyServiceAutoCleanerV2Test
17:53:06.076 [main] WARN com.alibaba.nacos.common.notify.NotifyCenter -- There are no [com.alibaba.nacos.naming.core.v2.event.metadata.MetadataEvent.ServiceMetadataEvent] publishers for this event, please register
17:53:06.077 [main] WARN com.alibaba.nacos.common.notify.NotifyCenter -- There are no [com.alibaba.nacos.naming.core.v2.event.metadata.MetadataEvent.ServiceMetadataEvent] publishers for this event, please register
17:53:06.078 [main] WARN com.alibaba.nacos.naming.main -- namespace : public, [null] services are automatically cleaned
17:53:06.078 [main] WARN com.alibaba.nacos.common.notify.NotifyCenter -- There are no [com.alibaba.nacos.naming.core.v2.event.metadata.MetadataEvent.ServiceMetadataEvent] publishers for this event, please register
17:53:06.078 [main] WARN com.alibaba.nacos.naming.main -- namespace : public, [G@@S] services are automatically cleaned
17:53:06.078 [main] WARN com.alibaba.nacos.common.notify.NotifyCenter -- There are no [com.alibaba.nacos.naming.core.v2.event.metadata.MetadataEvent.ServiceMetadataEvent] publishers for this event, please register
17:53:06.078 [main] WARN com.alibaba.nacos.naming.main -- namespace : public, [G@@S] services are automatically cleaned
17:53:06.078 [main] WARN com.alibaba.nacos.common.notify.NotifyCenter -- There are no [com.alibaba.nacos.naming.core.v2.event.metadata.MetadataEvent.ServiceMetadataEvent] publishers for this event, please register
17:53:06.079 [main] WARN com.alibaba.nacos.naming.main -- namespace : public, [G@@S] services are automatically cleaned
17:53:06.079 [main] WARN com.alibaba.nacos.common.notify.NotifyCenter -- There are no [com.alibaba.nacos.naming.core.v2.event.metadata.MetadataEvent.ServiceMetadataEvent] publishers for this event, please register
17:53:06.079 [main] WARN com.alibaba.nacos.naming.main -- namespace : public, [G@@S] services are automatically cleaned
17:53:06.079 [main] WARN com.alibaba.nacos.common.notify.NotifyCenter -- There are no [com.alibaba.nacos.naming.core.v2.event.metadata.MetadataEvent.ServiceMetadataEvent] publishers for this event, please register
17:53:06.079 [main] WARN com.alibaba.nacos.naming.main -- namespace : public, [null] services are automatically cleaned
17:53:06.079 [main] WARN com.alibaba.nacos.common.notify.NotifyCenter -- There are no [com.alibaba.nacos.naming.core.v2.event.metadata.MetadataEvent.ServiceMetadataEvent] publishers for this event, please register
17:53:06.079 [main] WARN com.alibaba.nacos.naming.main -- namespace : public, [G@@S] services are automatically cleaned
17:53:06.080 [main] WARN com.alibaba.nacos.common.notify.NotifyCenter -- There are no [com.alibaba.nacos.naming.core.v2.event.metadata.MetadataEvent.ServiceMetadataEvent] publishers for this event, please register
17:53:06.080 [main] WARN com.alibaba.nacos.naming.main -- namespace : public, [G@@S] services are automatically cleaned
17:53:06.080 [main] WARN com.alibaba.nacos.common.notify.NotifyCenter -- There are no [com.alibaba.nacos.naming.core.v2.event.metadata.MetadataEvent.ServiceMetadataEvent] publishers for this event, please register
17:53:06.080 [main] WARN com.alibaba.nacos.naming.main -- namespace : public, [G@@S] services are automatically cleaned
17:53:06.080 [main] WARN com.alibaba.nacos.common.notify.NotifyCenter -- There are no [com.alibaba.nacos.naming.core.v2.event.metadata.MetadataEvent.ServiceMetadataEvent] publishers for this event, please register
17:53:06.080 [main] WARN com.alibaba.nacos.naming.main -- namespace : public, [G@@S] services are automatically cleaned
17:53:06.080 [main] WARN com.alibaba.nacos.common.notify.NotifyCenter -- There are no [com.alibaba.nacos.naming.core.v2.event.metadata.MetadataEvent.ServiceMetadataEvent] publishers for this event, please register
17:53:06.081 [main] WARN com.alibaba.nacos.naming.main -- namespace : public, [null] services are automatically cleaned
17:53:06.081 [main] WARN com.alibaba.nacos.common.notify.NotifyCenter -- There are no [com.alibaba.nacos.naming.core.v2.event.metadata.MetadataEvent.ServiceMetadataEvent] publishers for this event, please register
17:53:06.081 [main] WARN com.alibaba.nacos.naming.main -- namespace : public, [G@@S] services are automatically cleaned
17:53:06.081 [main] WARN com.alibaba.nacos.common.notify.NotifyCenter -- There are no [com.alibaba.nacos.naming.core.v2.event.metadata.MetadataEvent.ServiceMetadataEvent] publishers for this event, please register
17:53:06.082 [main] WARN com.alibaba.nacos.naming.main -- namespace : n, [null] services are automatically cleaned
17:53:06.082 [main] WARN com.alibaba.nacos.common.notify.NotifyCenter -- There are no [com.alibaba.nacos.naming.core.v2.event.metadata.MetadataEvent.ServiceMetadataEvent] publishers for this event, please register
17:53:06.082 [main] WARN com.alibaba.nacos.naming.main -- namespace : n, [null] services are automatically cleaned
17:53:06.082 [main] WARN com.alibaba.nacos.common.notify.NotifyCenter -- There are no [com.alibaba.nacos.naming.core.v2.event.metadata.MetadataEvent.ServiceMetadataEvent] publishers for this event, please register
17:53:06.083 [main] WARN com.alibaba.nacos.naming.main -- namespace : n, [null] services are automatically cleaned
17:53:06.083 [main] WARN com.alibaba.nacos.common.notify.NotifyCenter -- There are no [com.alibaba.nacos.naming.core.v2.event.metadata.MetadataEvent.ServiceMetadataEvent] publishers for this event, please register
[INFO] Tests run: 2, Failures: 0, Errors: 0, Skipped: 0, Time elapsed: 0.008 s -- in com.alibaba.nacos.naming.core.v2.cleaner.EmptyServiceAutoCleanerV2Test
[INFO] Running com.alibaba.nacos.naming.core.v2.cleaner.ExpiredMetadataCleanerTest
17:53:06.110 [main] INFO com.alibaba.nacos.naming.main -- Remove expired metadata expiredMetadataInfoMock
[INFO] Tests run: 1, Failures: 0, Errors: 0, Skipped: 0, Time elapsed: 0.025 s -- in com.alibaba.nacos.naming.core.v2.cleaner.ExpiredMetadataCleanerTest
[INFO] Running com.alibaba.nacos.naming.core.v2.event.publisher.NamingEventPublisherFactoryTest
[INFO] Tests run: 1, Failures: 0, Errors: 0, Skipped: 0, Time elapsed: 0.004 s -- in com.alibaba.nacos.naming.core.v2.event.publisher.NamingEventPublisherFactoryTest
[INFO] Running com.alibaba.nacos.naming.core.v2.event.publisher.NamingEventPublisherTest
17:53:06.637 [naming.publisher-ClientOperationEvent] WARN com.alibaba.nacos.common.notify.NotifyCenter -- There are no [com.alibaba.nacos.naming.core.v2.event.service.ServiceEvent.ServiceChangedEvent] publishers for this event, please register
17:53:06.638 [naming.publisher-ClientOperationEvent] WARN com.alibaba.nacos.common.notify.NotifyCenter -- There are no [com.alibaba.nacos.naming.core.v2.event.service.ServiceEvent.ServiceChangedEvent] publishers for this event, please register
17:53:06.638 [naming.publisher-ClientOperationEvent] WARN com.alibaba.nacos.common.notify.NotifyCenter -- There are no [com.alibaba.nacos.naming.core.v2.event.service.ServiceEvent.ServiceChangedEvent] publishers for this event, please register
17:53:06.638 [naming.publisher-ClientOperationEvent] WARN com.alibaba.nacos.common.notify.NotifyCenter -- There are no [com.alibaba.nacos.naming.core.v2.event.service.ServiceEvent.ServiceChangedEvent] publishers for this event, please register
17:53:06.638 [naming.publisher-ClientOperationEvent] WARN com.alibaba.nacos.common.notify.NotifyCenter -- There are no [com.alibaba.nacos.naming.core.v2.event.service.ServiceEvent.ServiceChangedEvent] publishers for this event, please register
17:53:06.638 [naming.publisher-ClientOperationEvent] WARN com.alibaba.nacos.common.notify.NotifyCenter -- There are no [com.alibaba.nacos.naming.core.v2.event.service.ServiceEvent.ServiceChangedEvent] publishers for this event, please register
17:53:06.638 [naming.publisher-ClientOperationEvent] WARN com.alibaba.nacos.common.notify.NotifyCenter -- There are no [com.alibaba.nacos.naming.core.v2.event.service.ServiceEvent.ServiceChangedEvent] publishers for this event, please register
17:53:06.638 [naming.publisher-ClientOperationEvent] WARN com.alibaba.nacos.common.notify.NotifyCenter -- There are no [com.alibaba.nacos.naming.core.v2.event.service.ServiceEvent.ServiceChangedEvent] publishers for this event, please register
17:53:06.638 [naming.publisher-ClientOperationEvent] WARN com.alibaba.nacos.common.notify.NotifyCenter -- There are no [com.alibaba.nacos.naming.core.v2.event.service.ServiceEvent.ServiceChangedEvent] publishers for this event, please register
17:53:06.638 [naming.publisher-ClientOperationEvent] WARN com.alibaba.nacos.common.notify.NotifyCenter -- There are no [com.alibaba.nacos.naming.core.v2.event.service.ServiceEvent.ServiceChangedEvent] publishers for this event, please register
17:53:06.638 [naming.publisher-ClientOperationEvent] WARN com.alibaba.nacos.common.notify.NotifyCenter -- There are no [com.alibaba.nacos.naming.core.v2.event.service.ServiceEvent.ServiceChangedEvent] publishers for this event, please register
17:53:06.638 [naming.publisher-ClientOperationEvent] WARN com.alibaba.nacos.common.notify.NotifyCenter -- There are no [com.alibaba.nacos.naming.core.v2.event.service.ServiceEvent.ServiceChangedEvent] publishers for this event, please register
17:53:06.638 [naming.publisher-ClientOperationEvent] WARN com.alibaba.nacos.common.notify.NotifyCenter -- There are no [com.alibaba.nacos.naming.core.v2.event.service.ServiceEvent.ServiceChangedEvent] publishers for this event, please register
17:53:06.638 [naming.publisher-ClientOperationEvent] WARN com.alibaba.nacos.common.notify.NotifyCenter -- There are no [com.alibaba.nacos.naming.core.v2.event.service.ServiceEvent.ServiceChangedEvent] publishers for this event, please register
17:53:06.638 [naming.publisher-ClientOperationEvent] WARN com.alibaba.nacos.common.notify.NotifyCenter -- There are no [com.alibaba.nacos.naming.core.v2.event.service.ServiceEvent.ServiceChangedEvent] publishers for this event, please register
17:53:06.638 [naming.publisher-ClientOperationEvent] WARN com.alibaba.nacos.common.notify.NotifyCenter -- There are no [com.alibaba.nacos.naming.core.v2.event.service.ServiceEvent.ServiceChangedEvent] publishers for this event, please register
17:53:06.638 [naming.publisher-ClientOperationEvent] WARN com.alibaba.nacos.common.notify.NotifyCenter -- There are no [com.alibaba.nacos.naming.core.v2.event.service.ServiceEvent.ServiceChangedEvent] publishers for this event, please register
17:53:06.638 [naming.publisher-ClientOperationEvent] WARN com.alibaba.nacos.common.notify.NotifyCenter -- There are no [com.alibaba.nacos.naming.core.v2.event.service.ServiceEvent.ServiceChangedEvent] publishers for this event, please register
17:53:06.638 [naming.publisher-ClientOperationEvent] WARN com.alibaba.nacos.common.notify.NotifyCenter -- There are no [com.alibaba.nacos.naming.core.v2.event.service.ServiceEvent.ServiceChangedEvent] publishers for this event, please register
17:53:06.638 [naming.publisher-ClientOperationEvent] WARN com.alibaba.nacos.common.notify.NotifyCenter -- There are no [com.alibaba.nacos.naming.core.v2.event.service.ServiceEvent.ServiceChangedEvent] publishers for this event, please register
17:53:06.638 [naming.publisher-ClientOperationEvent] WARN com.alibaba.nacos.common.notify.NotifyCenter -- There are no [com.alibaba.nacos.naming.core.v2.event.service.ServiceEvent.ServiceChangedEvent] publishers for this event, please register
17:53:06.638 [naming.publisher-ClientOperationEvent] WARN com.alibaba.nacos.common.notify.NotifyCenter -- There are no [com.alibaba.nacos.naming.core.v2.event.service.ServiceEvent.ServiceChangedEvent] publishers for this event, please register
17:53:06.638 [naming.publisher-ClientOperationEvent] WARN com.alibaba.nacos.common.notify.NotifyCenter -- There are no [com.alibaba.nacos.naming.core.v2.event.service.ServiceEvent.ServiceChangedEvent] publishers for this event, please register
17:53:06.638 [naming.publisher-ClientOperationEvent] WARN com.alibaba.nacos.common.notify.NotifyCenter -- There are no [com.alibaba.nacos.naming.core.v2.event.service.ServiceEvent.ServiceChangedEvent] publishers for this event, please register
17:53:06.638 [naming.publisher-ClientOperationEvent] WARN com.alibaba.nacos.common.notify.NotifyCenter -- There are no [com.alibaba.nacos.naming.core.v2.event.service.ServiceEvent.ServiceChangedEvent] publishers for this event, please register
17:53:06.638 [naming.publisher-ClientOperationEvent] WARN com.alibaba.nacos.common.notify.NotifyCenter -- There are no [com.alibaba.nacos.naming.core.v2.event.service.ServiceEvent.ServiceChangedEvent] publishers for this event, please register
17:53:06.638 [naming.publisher-ClientOperationEvent] WARN com.alibaba.nacos.common.notify.NotifyCenter -- There are no [com.alibaba.nacos.naming.core.v2.event.service.ServiceEvent.ServiceChangedEvent] publishers for this event, please register
17:53:06.638 [naming.publisher-ClientOperationEvent] WARN com.alibaba.nacos.common.notify.NotifyCenter -- There are no [com.alibaba.nacos.naming.core.v2.event.service.ServiceEvent.ServiceChangedEvent] publishers for this event, please register
17:53:06.638 [naming.publisher-ClientOperationEvent] WARN com.alibaba.nacos.common.notify.NotifyCenter -- There are no [com.alibaba.nacos.naming.core.v2.event.service.ServiceEvent.ServiceChangedEvent] publishers for this event, please register
17:53:06.638 [naming.publisher-ClientOperationEvent] WARN com.alibaba.nacos.common.notify.NotifyCenter -- There are no [com.alibaba.nacos.naming.core.v2.event.service.ServiceEvent.ServiceChangedEvent] publishers for this event, please register
17:53:06.638 [naming.publisher-ClientOperationEvent] WARN com.alibaba.nacos.common.notify.NotifyCenter -- There are no [com.alibaba.nacos.naming.core.v2.event.service.ServiceEvent.ServiceChangedEvent] publishers for this event, please register
17:53:06.638 [naming.publisher-ClientOperationEvent] WARN com.alibaba.nacos.common.notify.NotifyCenter -- There are no [com.alibaba.nacos.naming.core.v2.event.service.ServiceEvent.ServiceChangedEvent] publishers for this event, please register
17:53:06.638 [naming.publisher-ClientOperationEvent] WARN com.alibaba.nacos.common.notify.NotifyCenter -- There are no [com.alibaba.nacos.naming.core.v2.event.service.ServiceEvent.ServiceChangedEvent] publishers for this event, please register
17:53:06.638 [naming.publisher-ClientOperationEvent] WARN com.alibaba.nacos.common.notify.NotifyCenter -- There are no [com.alibaba.nacos.naming.core.v2.event.service.ServiceEvent.ServiceChangedEvent] publishers for this event, please register
17:53:06.638 [naming.publisher-ClientOperationEvent] WARN com.alibaba.nacos.common.notify.NotifyCenter -- There are no [com.alibaba.nacos.naming.core.v2.event.service.ServiceEvent.ServiceChangedEvent] publishers for this event, please register
17:53:06.638 [naming.publisher-ClientOperationEvent] WARN com.alibaba.nacos.common.notify.NotifyCenter -- There are no [com.alibaba.nacos.naming.core.v2.event.service.ServiceEvent.ServiceChangedEvent] publishers for this event, please register
17:53:06.638 [naming.publisher-ClientOperationEvent] WARN com.alibaba.nacos.common.notify.NotifyCenter -- There are no [com.alibaba.nacos.naming.core.v2.event.service.ServiceEvent.ServiceChangedEvent] publishers for this event, please register
17:53:06.638 [naming.publisher-ClientOperationEvent] WARN com.alibaba.nacos.common.notify.NotifyCenter -- There are no [com.alibaba.nacos.naming.core.v2.event.service.ServiceEvent.ServiceChangedEvent] publishers for this event, please register
17:53:06.638 [naming.publisher-ClientOperationEvent] WARN com.alibaba.nacos.common.notify.NotifyCenter -- There are no [com.alibaba.nacos.naming.core.v2.event.service.ServiceEvent.ServiceChangedEvent] publishers for this event, please register
17:53:06.638 [naming.publisher-ClientOperationEvent] WARN com.alibaba.nacos.common.notify.NotifyCenter -- There are no [com.alibaba.nacos.naming.core.v2.event.service.ServiceEvent.ServiceChangedEvent] publishers for this event, please register
17:53:06.639 [naming.publisher-ClientOperationEvent] WARN com.alibaba.nacos.common.notify.NotifyCenter -- There are no [com.alibaba.nacos.naming.core.v2.event.service.ServiceEvent.ServiceSubscribedEvent] publishers for this event, please register
17:53:06.639 [naming.publisher-ClientOperationEvent] WARN com.alibaba.nacos.common.notify.NotifyCenter -- There are no [com.alibaba.nacos.naming.core.v2.event.service.ServiceEvent.ServiceSubscribedEvent] publishers for this event, please register
17:53:06.639 [naming.publisher-ClientOperationEvent] WARN com.alibaba.nacos.common.notify.NotifyCenter -- There are no [com.alibaba.nacos.naming.core.v2.event.service.ServiceEvent.ServiceSubscribedEvent] publishers for this event, please register
17:53:06.639 [naming.publisher-ClientOperationEvent] WARN com.alibaba.nacos.common.notify.NotifyCenter -- There are no [com.alibaba.nacos.naming.core.v2.event.service.ServiceEvent.ServiceSubscribedEvent] publishers for this event, please register
17:53:06.639 [naming.publisher-ClientOperationEvent] WARN com.alibaba.nacos.common.notify.NotifyCenter -- There are no [com.alibaba.nacos.naming.core.v2.event.service.ServiceEvent.ServiceSubscribedEvent] publishers for this event, please register
17:53:06.639 [naming.publisher-ClientOperationEvent] WARN com.alibaba.nacos.common.notify.NotifyCenter -- There are no [com.alibaba.nacos.naming.core.v2.event.service.ServiceEvent.ServiceSubscribedEvent] publishers for this event, please register
17:53:06.639 [naming.publisher-ClientOperationEvent] WARN com.alibaba.nacos.common.notify.NotifyCenter -- There are no [com.alibaba.nacos.naming.core.v2.event.service.ServiceEvent.ServiceSubscribedEvent] publishers for this event, please register
17:53:06.639 [naming.publisher-ClientOperationEvent] WARN com.alibaba.nacos.common.notify.NotifyCenter -- There are no [com.alibaba.nacos.naming.core.v2.event.service.ServiceEvent.ServiceSubscribedEvent] publishers for this event, please register
17:53:06.639 [naming.publisher-ClientOperationEvent] WARN com.alibaba.nacos.common.notify.NotifyCenter -- There are no [com.alibaba.nacos.naming.core.v2.event.service.ServiceEvent.ServiceSubscribedEvent] publishers for this event, please register
17:53:06.639 [naming.publisher-ClientOperationEvent] WARN com.alibaba.nacos.common.notify.NotifyCenter -- There are no [com.alibaba.nacos.naming.core.v2.event.service.ServiceEvent.ServiceSubscribedEvent] publishers for this event, please register
17:53:06.639 [naming.publisher-ClientOperationEvent] WARN com.alibaba.nacos.common.notify.NotifyCenter -- There are no [com.alibaba.nacos.naming.core.v2.event.service.ServiceEvent.ServiceChangedEvent] publishers for this event, please register
17:53:06.640 [naming.publisher-ClientOperationEvent] WARN com.alibaba.nacos.common.notify.NotifyCenter -- There are no [com.alibaba.nacos.naming.core.v2.event.service.ServiceEvent.ServiceChangedEvent] publishers for this event, please register
17:53:06.640 [naming.publisher-ClientOperationEvent] WARN com.alibaba.nacos.common.notify.NotifyCenter -- There are no [com.alibaba.nacos.naming.core.v2.event.service.ServiceEvent.ServiceChangedEvent] publishers for this event, please register
17:53:06.640 [naming.publisher-ClientOperationEvent] WARN com.alibaba.nacos.common.notify.NotifyCenter -- There are no [com.alibaba.nacos.naming.core.v2.event.service.ServiceEvent.ServiceChangedEvent] publishers for this event, please register
17:53:06.640 [naming.publisher-ClientOperationEvent] WARN com.alibaba.nacos.common.notify.NotifyCenter -- There are no [com.alibaba.nacos.naming.core.v2.event.service.ServiceEvent.ServiceChangedEvent] publishers for this event, please register
17:53:06.640 [naming.publisher-ClientOperationEvent] WARN com.alibaba.nacos.common.notify.NotifyCenter -- There are no [com.alibaba.nacos.naming.core.v2.event.service.ServiceEvent.ServiceChangedEvent] publishers for this event, please register
17:53:06.640 [naming.publisher-ClientOperationEvent] WARN com.alibaba.nacos.common.notify.NotifyCenter -- There are no [com.alibaba.nacos.naming.core.v2.event.service.ServiceEvent.ServiceChangedEvent] publishers for this event, please register
17:53:06.640 [naming.publisher-ClientOperationEvent] WARN com.alibaba.nacos.common.notify.NotifyCenter -- There are no [com.alibaba.nacos.naming.core.v2.event.service.ServiceEvent.ServiceChangedEvent] publishers for this event, please register
17:53:06.640 [naming.publisher-ClientOperationEvent] WARN com.alibaba.nacos.common.notify.NotifyCenter -- There are no [com.alibaba.nacos.naming.core.v2.event.service.ServiceEvent.ServiceChangedEvent] publishers for this event, please register
17:53:06.640 [naming.publisher-ClientOperationEvent] WARN com.alibaba.nacos.common.notify.NotifyCenter -- There are no [com.alibaba.nacos.naming.core.v2.event.service.ServiceEvent.ServiceChangedEvent] publishers for this event, please register
17:53:06.640 [naming.publisher-ClientOperationEvent] WARN com.alibaba.nacos.common.notify.NotifyCenter -- There are no [com.alibaba.nacos.naming.core.v2.event.service.ServiceEvent.ServiceChangedEvent] publishers for this event, please register
17:53:06.640 [naming.publisher-ClientOperationEvent] WARN com.alibaba.nacos.common.notify.NotifyCenter -- There are no [com.alibaba.nacos.naming.core.v2.event.service.ServiceEvent.ServiceChangedEvent] publishers for this event, please register
17:53:06.640 [naming.publisher-ClientOperationEvent] WARN com.alibaba.nacos.common.notify.NotifyCenter -- There are no [com.alibaba.nacos.naming.core.v2.event.service.ServiceEvent.ServiceChangedEvent] publishers for this event, please register
17:53:06.640 [naming.publisher-ClientOperationEvent] WARN com.alibaba.nacos.common.notify.NotifyCenter -- There are no [com.alibaba.nacos.naming.core.v2.event.service.ServiceEvent.ServiceChangedEvent] publishers for this event, please register
17:53:06.641 [naming.publisher-ClientOperationEvent] WARN com.alibaba.nacos.common.notify.NotifyCenter -- There are no [com.alibaba.nacos.naming.core.v2.event.service.ServiceEvent.ServiceChangedEvent] publishers for this event, please register
17:53:06.641 [naming.publisher-ClientOperationEvent] WARN com.alibaba.nacos.common.notify.NotifyCenter -- There are no [com.alibaba.nacos.naming.core.v2.event.service.ServiceEvent.ServiceChangedEvent] publishers for this event, please register
17:53:06.641 [naming.publisher-ClientOperationEvent] WARN com.alibaba.nacos.common.notify.NotifyCenter -- There are no [com.alibaba.nacos.naming.core.v2.event.service.ServiceEvent.ServiceChangedEvent] publishers for this event, please register
17:53:06.641 [naming.publisher-ClientOperationEvent] WARN com.alibaba.nacos.common.notify.NotifyCenter -- There are no [com.alibaba.nacos.naming.core.v2.event.service.ServiceEvent.ServiceChangedEvent] publishers for this event, please register
17:53:06.641 [naming.publisher-ClientOperationEvent] WARN com.alibaba.nacos.common.notify.NotifyCenter -- There are no [com.alibaba.nacos.naming.core.v2.event.service.ServiceEvent.ServiceChangedEvent] publishers for this event, please register
17:53:06.641 [naming.publisher-ClientOperationEvent] WARN com.alibaba.nacos.common.notify.NotifyCenter -- There are no [com.alibaba.nacos.naming.core.v2.event.service.ServiceEvent.ServiceChangedEvent] publishers for this event, please register
17:53:06.641 [naming.publisher-ClientOperationEvent] WARN com.alibaba.nacos.common.notify.NotifyCenter -- There are no [com.alibaba.nacos.naming.core.v2.event.service.ServiceEvent.ServiceChangedEvent] publishers for this event, please register
17:53:06.641 [naming.publisher-ClientOperationEvent] WARN com.alibaba.nacos.common.notify.NotifyCenter -- There are no [com.alibaba.nacos.naming.core.v2.event.service.ServiceEvent.ServiceChangedEvent] publishers for this event, please register
17:53:06.641 [naming.publisher-ClientOperationEvent] WARN com.alibaba.nacos.common.notify.NotifyCenter -- There are no [com.alibaba.nacos.naming.core.v2.event.service.ServiceEvent.ServiceChangedEvent] publishers for this event, please register
17:53:06.641 [naming.publisher-ClientOperationEvent] WARN com.alibaba.nacos.common.notify.NotifyCenter -- There are no [com.alibaba.nacos.naming.core.v2.event.service.ServiceEvent.ServiceChangedEvent] publishers for this event, please register
17:53:06.641 [naming.publisher-ClientOperationEvent] WARN com.alibaba.nacos.common.notify.NotifyCenter -- There are no [com.alibaba.nacos.naming.core.v2.event.service.ServiceEvent.ServiceChangedEvent] publishers for this event, please register
17:53:06.641 [naming.publisher-ClientOperationEvent] WARN com.alibaba.nacos.common.notify.NotifyCenter -- There are no [com.alibaba.nacos.naming.core.v2.event.service.ServiceEvent.ServiceChangedEvent] publishers for this event, please register
17:53:06.641 [naming.publisher-ClientOperationEvent] WARN com.alibaba.nacos.common.notify.NotifyCenter -- There are no [com.alibaba.nacos.naming.core.v2.event.service.ServiceEvent.ServiceChangedEvent] publishers for this event, please register
17:53:06.641 [naming.publisher-ClientOperationEvent] WARN com.alibaba.nacos.common.notify.NotifyCenter -- There are no [com.alibaba.nacos.naming.core.v2.event.service.ServiceEvent.ServiceChangedEvent] publishers for this event, please register
17:53:06.642 [naming.publisher-ClientOperationEvent] WARN com.alibaba.nacos.common.notify.NotifyCenter -- There are no [com.alibaba.nacos.naming.core.v2.event.service.ServiceEvent.ServiceChangedEvent] publishers for this event, please register
17:53:06.642 [naming.publisher-ClientOperationEvent] WARN com.alibaba.nacos.common.notify.NotifyCenter -- There are no [com.alibaba.nacos.naming.core.v2.event.service.ServiceEvent.ServiceChangedEvent] publishers for this event, please register
17:53:06.642 [naming.publisher-ClientOperationEvent] WARN com.alibaba.nacos.common.notify.NotifyCenter -- There are no [com.alibaba.nacos.naming.core.v2.event.service.ServiceEvent.ServiceChangedEvent] publishers for this event, please register
17:53:06.642 [naming.publisher-ClientOperationEvent] WARN com.alibaba.nacos.common.notify.NotifyCenter -- There are no [com.alibaba.nacos.naming.core.v2.event.service.ServiceEvent.ServiceChangedEvent] publishers for this event, please register
17:53:06.642 [naming.publisher-ClientOperationEvent] WARN com.alibaba.nacos.common.notify.NotifyCenter -- There are no [com.alibaba.nacos.naming.core.v2.event.service.ServiceEvent.ServiceChangedEvent] publishers for this event, please register
17:53:06.642 [naming.publisher-ClientOperationEvent] WARN com.alibaba.nacos.common.notify.NotifyCenter -- There are no [com.alibaba.nacos.naming.core.v2.event.service.ServiceEvent.ServiceChangedEvent] publishers for this event, please register
17:53:06.642 [naming.publisher-ClientOperationEvent] WARN com.alibaba.nacos.common.notify.NotifyCenter -- There are no [com.alibaba.nacos.naming.core.v2.event.service.ServiceEvent.ServiceChangedEvent] publishers for this event, please register
17:53:06.642 [naming.publisher-ClientOperationEvent] WARN com.alibaba.nacos.common.notify.NotifyCenter -- There are no [com.alibaba.nacos.naming.core.v2.event.service.ServiceEvent.ServiceChangedEvent] publishers for this event, please register
17:53:06.642 [naming.publisher-ClientOperationEvent] WARN com.alibaba.nacos.common.notify.NotifyCenter -- There are no [com.alibaba.nacos.naming.core.v2.event.service.ServiceEvent.ServiceChangedEvent] publishers for this event, please register
17:53:06.642 [naming.publisher-ClientOperationEvent] WARN com.alibaba.nacos.common.notify.NotifyCenter -- There are no [com.alibaba.nacos.naming.core.v2.event.service.ServiceEvent.ServiceChangedEvent] publishers for this event, please register
17:53:06.642 [naming.publisher-ClientOperationEvent] WARN com.alibaba.nacos.common.notify.NotifyCenter -- There are no [com.alibaba.nacos.naming.core.v2.event.service.ServiceEvent.ServiceChangedEvent] publishers for this event, please register
17:53:06.642 [naming.publisher-ClientOperationEvent] WARN com.alibaba.nacos.common.notify.NotifyCenter -- There are no [com.alibaba.nacos.naming.core.v2.event.service.ServiceEvent.ServiceChangedEvent] publishers for this event, please register
17:53:06.642 [naming.publisher-ClientOperationEvent] WARN com.alibaba.nacos.common.notify.NotifyCenter -- There are no [com.alibaba.nacos.naming.core.v2.event.service.ServiceEvent.ServiceChangedEvent] publishers for this event, please register
17:53:06.642 [naming.publisher-ClientOperationEvent] WARN com.alibaba.nacos.common.notify.NotifyCenter -- There are no [com.alibaba.nacos.naming.core.v2.event.service.ServiceEvent.ServiceChangedEvent] publishers for this event, please register
17:53:06.643 [naming.publisher-ClientOperationEvent] WARN com.alibaba.nacos.common.notify.NotifyCenter -- There are no [com.alibaba.nacos.naming.core.v2.event.service.ServiceEvent.ServiceChangedEvent] publishers for this event, please register
17:53:06.643 [naming.publisher-ClientOperationEvent] WARN com.alibaba.nacos.common.notify.NotifyCenter -- There are no [com.alibaba.nacos.naming.core.v2.event.service.ServiceEvent.ServiceChangedEvent] publishers for this event, please register
17:53:06.643 [naming.publisher-ClientOperationEvent] WARN com.alibaba.nacos.common.notify.NotifyCenter -- There are no [com.alibaba.nacos.naming.core.v2.event.service.ServiceEvent.ServiceChangedEvent] publishers for this event, please register
17:53:06.643 [naming.publisher-ClientOperationEvent] WARN com.alibaba.nacos.common.notify.NotifyCenter -- There are no [com.alibaba.nacos.naming.core.v2.event.service.ServiceEvent.ServiceChangedEvent] publishers for this event, please register
17:53:06.643 [naming.publisher-ClientOperationEvent] WARN com.alibaba.nacos.common.notify.NotifyCenter -- There are no [com.alibaba.nacos.naming.core.v2.event.service.ServiceEvent.ServiceChangedEvent] publishers for this event, please register
17:53:06.643 [naming.publisher-ClientOperationEvent] WARN com.alibaba.nacos.common.notify.NotifyCenter -- There are no [com.alibaba.nacos.naming.core.v2.event.service.ServiceEvent.ServiceChangedEvent] publishers for this event, please register
17:53:06.643 [naming.publisher-ClientOperationEvent] WARN com.alibaba.nacos.common.notify.NotifyCenter -- There are no [com.alibaba.nacos.naming.core.v2.event.service.ServiceEvent.ServiceChangedEvent] publishers for this event, please register
17:53:06.643 [naming.publisher-ClientOperationEvent] WARN com.alibaba.nacos.common.notify.NotifyCenter -- There are no [com.alibaba.nacos.naming.core.v2.event.service.ServiceEvent.ServiceChangedEvent] publishers for this event, please register
17:53:11.116 [com.alibaba.nacos.naming.remote-connection-manager.0] INFO com.alibaba.nacos.naming.main -- Remove expired metadata expiredMetadataInfoMock
17:53:12.681 [main] WARN com.alibaba.nacos.naming.event -- Unable to plug in due to interruption, synchronize sending time, event : com.alibaba.nacos.naming.core.v2.event.publisher.TestEvent@77971bbf
[INFO] Tests run: 4, Failures: 0, Errors: 0, Skipped: 0, Time elapsed: 6.583 s -- in com.alibaba.nacos.naming.core.v2.event.publisher.NamingEventPublisherTest
[INFO] Running com.alibaba.nacos.naming.core.v2.client.impl.ConnectionBasedClientTest
[INFO] Tests run: 4, Failures: 0, Errors: 0, Skipped: 0, Time elapsed: 1.012 s -- in com.alibaba.nacos.naming.core.v2.client.impl.ConnectionBasedClientTest
[INFO] Running com.alibaba.nacos.naming.core.v2.client.impl.IpPortBasedClientTest
17:53:13.762 [main] WARN com.alibaba.nacos.common.notify.NotifyCenter -- There are no [com.alibaba.nacos.naming.core.v2.event.client.ClientEvent.ClientChangedEvent] publishers for this event, please register
17:53:13.762 [main] INFO com.alibaba.nacos.naming.main -- Client change for service service, 127.0.0.1:80#true
[INFO] Tests run: 6, Failures: 0, Errors: 0, Skipped: 0, Time elapsed: 0.041 s -- in com.alibaba.nacos.naming.core.v2.client.impl.IpPortBasedClientTest
[INFO] Running com.alibaba.nacos.naming.core.v2.client.manager.impl.EphemeralIpPortClientManagerTest
17:53:13.818 [main] INFO com.alibaba.nacos.naming.main -- Client connection 127.0.0.1:80#true connect
17:53:13.818 [main] INFO com.alibaba.nacos.naming.main -- Client connection 127.0.0.1:8080#true connect
17:53:13.826 [main] INFO com.alibaba.nacos.naming.main -- Client connection 127.0.0.1:80#true connect
17:53:13.826 [main] INFO com.alibaba.nacos.naming.main -- Client connection 127.0.0.1:8080#true connect
17:53:13.827 [main] INFO com.alibaba.nacos.naming.main -- Client connection 127.0.0.1:80#true connect
17:53:13.827 [main] INFO com.alibaba.nacos.naming.main -- Client connection 127.0.0.1:8080#true connect
17:53:13.828 [main] INFO com.alibaba.nacos.naming.distro -- [DISTRO-VERIFY-FAILED] IpPortBasedClient[127.0.0.1:80#true] revision local=1320, remote=1
17:53:13.828 [main] INFO com.alibaba.nacos.naming.distro -- [DISTRO-VERIFY-FAILED] IpPortBasedClient[127.0.0.1:8080#true] revision local=5120, remote=1
17:53:13.828 [main] INFO com.alibaba.nacos.naming.main -- Client connection 127.0.0.1:80#true connect
17:53:13.828 [main] INFO com.alibaba.nacos.naming.main -- Client connection 127.0.0.1:8080#true connect
17:53:13.829 [main] INFO com.alibaba.nacos.naming.main -- Client connection 127.0.0.1:80#true connect
17:53:13.829 [main] INFO com.alibaba.nacos.naming.main -- Client connection 127.0.0.1:8080#true connect
[INFO] Tests run: 5, Failures: 0, Errors: 0, Skipped: 0, Time elapsed: 0.066 s -- in com.alibaba.nacos.naming.core.v2.client.manager.impl.EphemeralIpPortClientManagerTest
[INFO] Running com.alibaba.nacos.naming.core.v2.client.manager.impl.ConnectionBasedClientManagerTest
17:53:13.891 [main] INFO com.alibaba.nacos.naming.main -- Client connection 1757929993832_127.0.0.1_80 connect
17:53:13.892 [main] INFO com.alibaba.nacos.naming.main -- Client connection 1757929993832_127.0.0.1_80 disconnect, remove instances and subscribers
17:53:13.892 [main] WARN com.alibaba.nacos.common.notify.NotifyCenter -- There are no [com.alibaba.nacos.naming.core.v2.event.client.ClientEvent.ClientDisconnectEvent] publishers for this event, please register
17:53:13.893 [main] INFO com.alibaba.nacos.naming.main -- Client connection 1757929993892_127.0.0.1_80 connect
17:53:13.894 [main] INFO com.alibaba.nacos.naming.main -- Client connection 1757929993892_127.0.0.1_80 disconnect, remove instances and subscribers
17:53:13.894 [main] WARN com.alibaba.nacos.common.notify.NotifyCenter -- There are no [com.alibaba.nacos.naming.core.v2.event.client.ClientEvent.ClientDisconnectEvent] publishers for this event, please register
17:53:13.897 [main] INFO com.alibaba.nacos.naming.main -- Client connection 1757929993895_127.0.0.1_80 connect
17:53:13.897 [main] INFO com.alibaba.nacos.naming.main -- Client connection 1757929993895_127.0.0.1_80 disconnect, remove instances and subscribers
17:53:13.897 [main] WARN com.alibaba.nacos.common.notify.NotifyCenter -- There are no [com.alibaba.nacos.naming.core.v2.event.client.ClientEvent.ClientDisconnectEvent] publishers for this event, please register
[INFO] Tests run: 3, Failures: 0, Errors: 0, Skipped: 0, Time elapsed: 0.066 s -- in com.alibaba.nacos.naming.core.v2.client.manager.impl.ConnectionBasedClientManagerTest
[INFO] Running com.alibaba.nacos.naming.core.v2.client.manager.impl.PersistentIpPortClientManagerTest
17:53:13.900 [main] INFO com.alibaba.nacos.naming.main -- Client connection 1757929993899_127.0.0.1_80 connect
17:53:13.900 [main] INFO com.alibaba.nacos.naming.main -- Persistent client connection 1757929993899_127.0.0.1_80 disconnect
17:53:13.900 [main] WARN com.alibaba.nacos.common.notify.NotifyCenter -- There are no [com.alibaba.nacos.naming.core.v2.event.client.ClientEvent.ClientDisconnectEvent] publishers for this event, please register
17:53:13.901 [main] INFO com.alibaba.nacos.naming.main -- Client connection 1757929993901_127.0.0.1_80 connect
17:53:13.901 [main] INFO com.alibaba.nacos.naming.main -- Persistent client connection 1757929993901_127.0.0.1_80 disconnect
17:53:13.901 [main] WARN com.alibaba.nacos.common.notify.NotifyCenter -- There are no [com.alibaba.nacos.naming.core.v2.event.client.ClientEvent.ClientDisconnectEvent] publishers for this event, please register
17:53:13.902 [main] INFO com.alibaba.nacos.naming.main -- Client connection 1757929993901_127.0.0.1_80 connect
17:53:13.903 [main] INFO com.alibaba.nacos.naming.main -- Persistent client connection 1757929993901_127.0.0.1_80 disconnect
17:53:13.903 [main] WARN com.alibaba.nacos.common.notify.NotifyCenter -- There are no [com.alibaba.nacos.naming.core.v2.event.client.ClientEvent.ClientDisconnectEvent] publishers for this event, please register
17:53:13.904 [main] INFO com.alibaba.nacos.naming.main -- Client connection 1757929993903_127.0.0.1_80 connect
17:53:13.904 [main] INFO com.alibaba.nacos.naming.main -- Persistent client connection 1757929993903_127.0.0.1_80 disconnect
17:53:13.904 [main] WARN com.alibaba.nacos.common.notify.NotifyCenter -- There are no [com.alibaba.nacos.naming.core.v2.event.client.ClientEvent.ClientDisconnectEvent] publishers for this event, please register
17:53:13.905 [main] INFO com.alibaba.nacos.naming.main -- Client connection 1757929993904_127.0.0.1_80 connect
17:53:13.905 [main] INFO com.alibaba.nacos.naming.main -- Persistent client connection 1757929993904_127.0.0.1_80 disconnect
17:53:13.905 [main] INFO com.alibaba.nacos.naming.main -- Client connection 1757929993905_127.0.0.1_80 connect
17:53:13.905 [main] INFO com.alibaba.nacos.naming.main -- Persistent client connection 1757929993905_127.0.0.1_80 disconnect
17:53:13.905 [main] WARN com.alibaba.nacos.common.notify.NotifyCenter -- There are no [com.alibaba.nacos.naming.core.v2.event.client.ClientEvent.ClientDisconnectEvent] publishers for this event, please register
[INFO] Tests run: 6, Failures: 0, Errors: 0, Skipped: 0, Time elapsed: 0.008 s -- in com.alibaba.nacos.naming.core.v2.client.manager.impl.PersistentIpPortClientManagerTest
[INFO] Running com.alibaba.nacos.naming.core.v2.client.manager.ClientManagerDelegateTest
[INFO] Tests run: 9, Failures: 0, Errors: 0, Skipped: 0, Time elapsed: 0.047 s -- in com.alibaba.nacos.naming.core.v2.client.manager.ClientManagerDelegateTest
[INFO] Running com.alibaba.nacos.naming.core.v2.client.AbstractClientTest
17:53:13.955 [main] WARN com.alibaba.nacos.common.notify.NotifyCenter -- There are no [com.alibaba.nacos.naming.core.v2.event.client.ClientEvent.ClientChangedEvent] publishers for this event, please register
17:53:13.955 [main] INFO com.alibaba.nacos.naming.main -- Client change for service Service{namespace='ns1', group='group1', name='serviceName001', ephemeral=true, revision=0}, -1
17:53:13.957 [main] WARN com.alibaba.nacos.common.notify.NotifyCenter -- There are no [com.alibaba.nacos.naming.core.v2.event.client.ClientEvent.ClientChangedEvent] publishers for this event, please register
17:53:13.957 [main] INFO com.alibaba.nacos.naming.main -- Client remove for service Service{namespace='ns1', group='group1', name='serviceName001', ephemeral=true, revision=0}, -1
17:53:13.959 [main] WARN com.alibaba.nacos.common.notify.NotifyCenter -- There are no [com.alibaba.nacos.naming.core.v2.event.client.ClientEvent.ClientChangedEvent] publishers for this event, please register
17:53:13.959 [main] INFO com.alibaba.nacos.naming.main -- Client change for service Service{namespace='ns1', group='group1', name='serviceName001', ephemeral=true, revision=0}, -1
17:53:13.959 [main] WARN com.alibaba.nacos.common.notify.NotifyCenter -- There are no [com.alibaba.nacos.naming.core.v2.event.client.ClientEvent.ClientChangedEvent] publishers for this event, please register
17:53:13.959 [main] INFO com.alibaba.nacos.naming.main -- Client change for service Service{namespace='ns1', group='group1', name='serviceName001', ephemeral=true, revision=0}, -1
17:53:13.960 [main] WARN com.alibaba.nacos.common.notify.NotifyCenter -- There are no [com.alibaba.nacos.naming.core.v2.event.client.ClientEvent.ClientChangedEvent] publishers for this event, please register
17:53:13.960 [main] INFO com.alibaba.nacos.naming.main -- Client change for service Service{namespace='ns1', group='group1', name='serviceName001', ephemeral=true, revision=0}, -1
[INFO] Tests run: 11, Failures: 0, Errors: 0, Skipped: 0, Time elapsed: 0.006 s -- in com.alibaba.nacos.naming.core.v2.client.AbstractClientTest
[INFO] Running com.alibaba.nacos.naming.core.v2.metadata.ServiceMetadataTest
[INFO] Tests run: 11, Failures: 0, Errors: 0, Skipped: 0, Time elapsed: 0.003 s -- in com.alibaba.nacos.naming.core.v2.metadata.ServiceMetadataTest
[INFO] Running com.alibaba.nacos.naming.core.v2.metadata.MetadataOperationTest
[INFO] Tests run: 10, Failures: 0, Errors: 0, Skipped: 0, Time elapsed: 0.002 s -- in com.alibaba.nacos.naming.core.v2.metadata.MetadataOperationTest
[INFO] Running com.alibaba.nacos.naming.core.v2.metadata.ServiceMetadataSnapshotOperationTest
[INFO] Tests run: 5, Failures: 0, Errors: 0, Skipped: 0, Time elapsed: 0.007 s -- in com.alibaba.nacos.naming.core.v2.metadata.ServiceMetadataSnapshotOperationTest
[INFO] Running com.alibaba.nacos.naming.core.v2.metadata.NamingMetadataOperateServiceTest
[INFO] Tests run: 5, Failures: 0, Errors: 0, Skipped: 0, Time elapsed: 0.004 s -- in com.alibaba.nacos.naming.core.v2.metadata.NamingMetadataOperateServiceTest
[INFO] Running com.alibaba.nacos.naming.core.v2.metadata.ServiceMetadataProcessorTest
17:53:13.987 [main] WARN com.alibaba.nacos.common.notify.NotifyCenter -- There are no [com.alibaba.nacos.naming.core.v2.event.metadata.MetadataEvent.ServiceMetadataEvent] publishers for this event, please register
[INFO] Tests run: 4, Failures: 0, Errors: 0, Skipped: 0, Time elapsed: 0.009 s -- in com.alibaba.nacos.naming.core.v2.metadata.ServiceMetadataProcessorTest
[INFO] Running com.alibaba.nacos.naming.core.v2.metadata.NamingMetadataManagerTest
[INFO] Tests run: 15, Failures: 0, Errors: 0, Skipped: 0, Time elapsed: 0.084 s -- in com.alibaba.nacos.naming.core.v2.metadata.NamingMetadataManagerTest
[INFO] Running com.alibaba.nacos.naming.core.SubscribeManagerTest
[INFO] Tests run: 3, Failures: 0, Errors: 0, Skipped: 0, Time elapsed: 0.040 s -- in com.alibaba.nacos.naming.core.SubscribeManagerTest
[INFO] Running com.alibaba.nacos.naming.core.ClusterOperatorV2ImplTest
[INFO] Tests run: 1, Failures: 0, Errors: 0, Skipped: 0, Time elapsed: 0.001 s -- in com.alibaba.nacos.naming.core.ClusterOperatorV2ImplTest
[INFO] Running com.alibaba.nacos.naming.web.ClientAttributesFilterTest
[INFO] Tests run: 2, Failures: 0, Errors: 0, Skipped: 0, Time elapsed: 0.093 s -- in com.alibaba.nacos.naming.web.ClientAttributesFilterTest
[INFO] Running com.alibaba.nacos.naming.healthcheck.extend.HealthCheckExtendProviderTest
[INFO] Tests run: 1, Failures: 0, Errors: 0, Skipped: 0, Time elapsed: 0.019 s -- in com.alibaba.nacos.naming.healthcheck.extend.HealthCheckExtendProviderTest
[INFO] Running com.alibaba.nacos.naming.healthcheck.extend.HealthCheckProcessorExtendV2Test
[INFO] Tests run: 1, Failures: 0, Errors: 0, Skipped: 0, Time elapsed: 0.018 s -- in com.alibaba.nacos.naming.healthcheck.extend.HealthCheckProcessorExtendV2Test
[INFO] Running com.alibaba.nacos.naming.healthcheck.v2.processor.HealthCheckCommonV2Test
17:53:14.315 [main] ERROR com.alibaba.nacos.naming.main -- [CHECK-FAIL] error when close check task.
java.lang.NullPointerException: Cannot invoke "com.alibaba.nacos.naming.misc.SwitchDomain.isHealthCheckEnabled(String)" because "this.switchDomain" is null
	at com.alibaba.nacos.naming.healthcheck.v2.processor.HealthCheckCommonV2.checkFailNow(HealthCheckCommonV2.java:190)
	at com.alibaba.nacos.naming.healthcheck.v2.processor.HealthCheckCommonV2Test.testCheckFailNow(HealthCheckCommonV2Test.java:112)
	at java.base/jdk.internal.reflect.DirectMethodHandleAccessor.invoke(DirectMethodHandleAccessor.java:103)
	at java.base/java.lang.reflect.Method.invoke(Method.java:580)
	at org.junit.platform.commons.util.ReflectionUtils.invokeMethod(ReflectionUtils.java:728)
	at org.junit.jupiter.engine.execution.MethodInvocation.proceed(MethodInvocation.java:60)
	at org.junit.jupiter.engine.execution.InvocationInterceptorChain$ValidatingInvocation.proceed(InvocationInterceptorChain.java:131)
	at org.junit.jupiter.engine.extension.TimeoutExtension.intercept(TimeoutExtension.java:156)
	at org.junit.jupiter.engine.extension.TimeoutExtension.interceptTestableMethod(TimeoutExtension.java:147)
	at org.junit.jupiter.engine.extension.TimeoutExtension.interceptTestMethod(TimeoutExtension.java:86)
	at org.junit.jupiter.engine.execution.InterceptingExecutableInvoker$ReflectiveInterceptorCall.lambda$ofVoidMethod$0(InterceptingExecutableInvoker.java:103)
	at org.junit.jupiter.engine.execution.InterceptingExecutableInvoker.lambda$invoke$0(InterceptingExecutableInvoker.java:93)
	at org.junit.jupiter.engine.execution.InvocationInterceptorChain$InterceptedInvocation.proceed(InvocationInterceptorChain.java:106)
	at org.junit.jupiter.engine.execution.InvocationInterceptorChain.proceed(InvocationInterceptorChain.java:64)
	at org.junit.jupiter.engine.execution.InvocationInterceptorChain.chainAndInvoke(InvocationInterceptorChain.java:45)
	at org.junit.jupiter.engine.execution.InvocationInterceptorChain.invoke(InvocationInterceptorChain.java:37)
	at org.junit.jupiter.engine.execution.InterceptingExecutableInvoker.invoke(InterceptingExecutableInvoker.java:92)
	at org.junit.jupiter.engine.execution.InterceptingExecutableInvoker.invoke(InterceptingExecutableInvoker.java:86)
	at org.junit.jupiter.engine.descriptor.TestMethodTestDescriptor.lambda$invokeTestMethod$7(TestMethodTestDescriptor.java:218)
	at org.junit.platform.engine.support.hierarchical.ThrowableCollector.execute(ThrowableCollector.java:73)
	at org.junit.jupiter.engine.descriptor.TestMethodTestDescriptor.invokeTestMethod(TestMethodTestDescriptor.java:214)
	at org.junit.jupiter.engine.descriptor.TestMethodTestDescriptor.execute(TestMethodTestDescriptor.java:139)
	at org.junit.jupiter.engine.descriptor.TestMethodTestDescriptor.execute(TestMethodTestDescriptor.java:69)
	at org.junit.platform.engine.support.hierarchical.NodeTestTask.lambda$executeRecursively$6(NodeTestTask.java:151)
	at org.junit.platform.engine.support.hierarchical.ThrowableCollector.execute(ThrowableCollector.java:73)
	at org.junit.platform.engine.support.hierarchical.NodeTestTask.lambda$executeRecursively$8(NodeTestTask.java:141)
	at org.junit.platform.engine.support.hierarchical.Node.around(Node.java:137)
	at org.junit.platform.engine.support.hierarchical.NodeTestTask.lambda$executeRecursively$9(NodeTestTask.java:139)
	at org.junit.platform.engine.support.hierarchical.ThrowableCollector.execute(ThrowableCollector.java:73)
	at org.junit.platform.engine.support.hierarchical.NodeTestTask.executeRecursively(NodeTestTask.java:138)
	at org.junit.platform.engine.support.hierarchical.NodeTestTask.execute(NodeTestTask.java:95)
	at java.base/java.util.ArrayList.forEach(ArrayList.java:1596)
	at org.junit.platform.engine.support.hierarchical.SameThreadHierarchicalTestExecutorService.invokeAll(SameThreadHierarchicalTestExecutorService.java:41)
	at org.junit.platform.engine.support.hierarchical.NodeTestTask.lambda$executeRecursively$6(NodeTestTask.java:155)
	at org.junit.platform.engine.support.hierarchical.ThrowableCollector.execute(ThrowableCollector.java:73)
	at org.junit.platform.engine.support.hierarchical.NodeTestTask.lambda$executeRecursively$8(NodeTestTask.java:141)
	at org.junit.platform.engine.support.hierarchical.Node.around(Node.java:137)
	at org.junit.platform.engine.support.hierarchical.NodeTestTask.lambda$executeRecursively$9(NodeTestTask.java:139)
	at org.junit.platform.engine.support.hierarchical.ThrowableCollector.execute(ThrowableCollector.java:73)
	at org.junit.platform.engine.support.hierarchical.NodeTestTask.executeRecursively(NodeTestTask.java:138)
	at org.junit.platform.engine.support.hierarchical.NodeTestTask.execute(NodeTestTask.java:95)
	at java.base/java.util.ArrayList.forEach(ArrayList.java:1596)
	at org.junit.platform.engine.support.hierarchical.SameThreadHierarchicalTestExecutorService.invokeAll(SameThreadHierarchicalTestExecutorService.java:41)
	at org.junit.platform.engine.support.hierarchical.NodeTestTask.lambda$executeRecursively$6(NodeTestTask.java:155)
	at org.junit.platform.engine.support.hierarchical.ThrowableCollector.execute(ThrowableCollector.java:73)
	at org.junit.platform.engine.support.hierarchical.NodeTestTask.lambda$executeRecursively$8(NodeTestTask.java:141)
	at org.junit.platform.engine.support.hierarchical.Node.around(Node.java:137)
	at org.junit.platform.engine.support.hierarchical.NodeTestTask.lambda$executeRecursively$9(NodeTestTask.java:139)
	at org.junit.platform.engine.support.hierarchical.ThrowableCollector.execute(ThrowableCollector.java:73)
	at org.junit.platform.engine.support.hierarchical.NodeTestTask.executeRecursively(NodeTestTask.java:138)
	at org.junit.platform.engine.support.hierarchical.NodeTestTask.execute(NodeTestTask.java:95)
	at org.junit.platform.engine.support.hierarchical.SameThreadHierarchicalTestExecutorService.submit(SameThreadHierarchicalTestExecutorService.java:35)
	at org.junit.platform.engine.support.hierarchical.HierarchicalTestExecutor.execute(HierarchicalTestExecutor.java:57)
	at org.junit.platform.engine.support.hierarchical.HierarchicalTestEngine.execute(HierarchicalTestEngine.java:54)
	at org.junit.platform.launcher.core.EngineExecutionOrchestrator.execute(EngineExecutionOrchestrator.java:198)
	at org.junit.platform.launcher.core.EngineExecutionOrchestrator.execute(EngineExecutionOrchestrator.java:169)
	at org.junit.platform.launcher.core.EngineExecutionOrchestrator.execute(EngineExecutionOrchestrator.java:93)
	at org.junit.platform.launcher.core.EngineExecutionOrchestrator.lambda$execute$0(EngineExecutionOrchestrator.java:58)
	at org.junit.platform.launcher.core.EngineExecutionOrchestrator.withInterceptedStreams(EngineExecutionOrchestrator.java:141)
	at org.junit.platform.launcher.core.EngineExecutionOrchestrator.execute(EngineExecutionOrchestrator.java:57)
	at org.junit.platform.launcher.core.DefaultLauncher.execute(DefaultLauncher.java:103)
	at org.junit.platform.launcher.core.DefaultLauncher.execute(DefaultLauncher.java:85)
	at org.junit.platform.launcher.core.DelegatingLauncher.execute(DelegatingLauncher.java:47)
	at org.apache.maven.surefire.junitplatform.LazyLauncher.execute(LazyLauncher.java:56)
	at org.apache.maven.surefire.junitplatform.JUnitPlatformProvider.execute(JUnitPlatformProvider.java:184)
	at org.apache.maven.surefire.junitplatform.JUnitPlatformProvider.invokeAllTests(JUnitPlatformProvider.java:148)
	at org.apache.maven.surefire.junitplatform.JUnitPlatformProvider.invoke(JUnitPlatformProvider.java:122)
	at org.apache.maven.surefire.booter.ForkedBooter.runSuitesInProcess(ForkedBooter.java:385)
	at org.apache.maven.surefire.booter.ForkedBooter.execute(ForkedBooter.java:162)
	at org.apache.maven.surefire.booter.ForkedBooter.run(ForkedBooter.java:507)
	at org.apache.maven.surefire.booter.ForkedBooter.main(ForkedBooter.java:495)
17:53:14.317 [main] ERROR com.alibaba.nacos.naming.main -- [CHECK-OK] error when close check task.
java.lang.NullPointerException: Cannot invoke "java.util.concurrent.atomic.AtomicInteger.incrementAndGet()" because the return value of "com.alibaba.nacos.naming.core.v2.pojo.HealthCheckInstancePublishInfo.getOkCount()" is null
	at com.alibaba.nacos.naming.healthcheck.v2.processor.HealthCheckCommonV2.checkOk(HealthCheckCommonV2.java:102)
	at com.alibaba.nacos.naming.healthcheck.v2.processor.HealthCheckCommonV2Test.testCheckOk(HealthCheckCommonV2Test.java:83)
	at java.base/jdk.internal.reflect.DirectMethodHandleAccessor.invoke(DirectMethodHandleAccessor.java:103)
	at java.base/java.lang.reflect.Method.invoke(Method.java:580)
	at org.junit.platform.commons.util.ReflectionUtils.invokeMethod(ReflectionUtils.java:728)
	at org.junit.jupiter.engine.execution.MethodInvocation.proceed(MethodInvocation.java:60)
	at org.junit.jupiter.engine.execution.InvocationInterceptorChain$ValidatingInvocation.proceed(InvocationInterceptorChain.java:131)
	at org.junit.jupiter.engine.extension.TimeoutExtension.intercept(TimeoutExtension.java:156)
	at org.junit.jupiter.engine.extension.TimeoutExtension.interceptTestableMethod(TimeoutExtension.java:147)
	at org.junit.jupiter.engine.extension.TimeoutExtension.interceptTestMethod(TimeoutExtension.java:86)
	at org.junit.jupiter.engine.execution.InterceptingExecutableInvoker$ReflectiveInterceptorCall.lambda$ofVoidMethod$0(InterceptingExecutableInvoker.java:103)
	at org.junit.jupiter.engine.execution.InterceptingExecutableInvoker.lambda$invoke$0(InterceptingExecutableInvoker.java:93)
	at org.junit.jupiter.engine.execution.InvocationInterceptorChain$InterceptedInvocation.proceed(InvocationInterceptorChain.java:106)
	at org.junit.jupiter.engine.execution.InvocationInterceptorChain.proceed(InvocationInterceptorChain.java:64)
	at org.junit.jupiter.engine.execution.InvocationInterceptorChain.chainAndInvoke(InvocationInterceptorChain.java:45)
	at org.junit.jupiter.engine.execution.InvocationInterceptorChain.invoke(InvocationInterceptorChain.java:37)
	at org.junit.jupiter.engine.execution.InterceptingExecutableInvoker.invoke(InterceptingExecutableInvoker.java:92)
	at org.junit.jupiter.engine.execution.InterceptingExecutableInvoker.invoke(InterceptingExecutableInvoker.java:86)
	at org.junit.jupiter.engine.descriptor.TestMethodTestDescriptor.lambda$invokeTestMethod$7(TestMethodTestDescriptor.java:218)
	at org.junit.platform.engine.support.hierarchical.ThrowableCollector.execute(ThrowableCollector.java:73)
	at org.junit.jupiter.engine.descriptor.TestMethodTestDescriptor.invokeTestMethod(TestMethodTestDescriptor.java:214)
	at org.junit.jupiter.engine.descriptor.TestMethodTestDescriptor.execute(TestMethodTestDescriptor.java:139)
	at org.junit.jupiter.engine.descriptor.TestMethodTestDescriptor.execute(TestMethodTestDescriptor.java:69)
	at org.junit.platform.engine.support.hierarchical.NodeTestTask.lambda$executeRecursively$6(NodeTestTask.java:151)
	at org.junit.platform.engine.support.hierarchical.ThrowableCollector.execute(ThrowableCollector.java:73)
	at org.junit.platform.engine.support.hierarchical.NodeTestTask.lambda$executeRecursively$8(NodeTestTask.java:141)
	at org.junit.platform.engine.support.hierarchical.Node.around(Node.java:137)
	at org.junit.platform.engine.support.hierarchical.NodeTestTask.lambda$executeRecursively$9(NodeTestTask.java:139)
	at org.junit.platform.engine.support.hierarchical.ThrowableCollector.execute(ThrowableCollector.java:73)
	at org.junit.platform.engine.support.hierarchical.NodeTestTask.executeRecursively(NodeTestTask.java:138)
	at org.junit.platform.engine.support.hierarchical.NodeTestTask.execute(NodeTestTask.java:95)
	at java.base/java.util.ArrayList.forEach(ArrayList.java:1596)
	at org.junit.platform.engine.support.hierarchical.SameThreadHierarchicalTestExecutorService.invokeAll(SameThreadHierarchicalTestExecutorService.java:41)
	at org.junit.platform.engine.support.hierarchical.NodeTestTask.lambda$executeRecursively$6(NodeTestTask.java:155)
	at org.junit.platform.engine.support.hierarchical.ThrowableCollector.execute(ThrowableCollector.java:73)
	at org.junit.platform.engine.support.hierarchical.NodeTestTask.lambda$executeRecursively$8(NodeTestTask.java:141)
	at org.junit.platform.engine.support.hierarchical.Node.around(Node.java:137)
	at org.junit.platform.engine.support.hierarchical.NodeTestTask.lambda$executeRecursively$9(NodeTestTask.java:139)
	at org.junit.platform.engine.support.hierarchical.ThrowableCollector.execute(ThrowableCollector.java:73)
	at org.junit.platform.engine.support.hierarchical.NodeTestTask.executeRecursively(NodeTestTask.java:138)
	at org.junit.platform.engine.support.hierarchical.NodeTestTask.execute(NodeTestTask.java:95)
	at java.base/java.util.ArrayList.forEach(ArrayList.java:1596)
	at org.junit.platform.engine.support.hierarchical.SameThreadHierarchicalTestExecutorService.invokeAll(SameThreadHierarchicalTestExecutorService.java:41)
	at org.junit.platform.engine.support.hierarchical.NodeTestTask.lambda$executeRecursively$6(NodeTestTask.java:155)
	at org.junit.platform.engine.support.hierarchical.ThrowableCollector.execute(ThrowableCollector.java:73)
	at org.junit.platform.engine.support.hierarchical.NodeTestTask.lambda$executeRecursively$8(NodeTestTask.java:141)
	at org.junit.platform.engine.support.hierarchical.Node.around(Node.java:137)
	at org.junit.platform.engine.support.hierarchical.NodeTestTask.lambda$executeRecursively$9(NodeTestTask.java:139)
	at org.junit.platform.engine.support.hierarchical.ThrowableCollector.execute(ThrowableCollector.java:73)
	at org.junit.platform.engine.support.hierarchical.NodeTestTask.executeRecursively(NodeTestTask.java:138)
	at org.junit.platform.engine.support.hierarchical.NodeTestTask.execute(NodeTestTask.java:95)
	at org.junit.platform.engine.support.hierarchical.SameThreadHierarchicalTestExecutorService.submit(SameThreadHierarchicalTestExecutorService.java:35)
	at org.junit.platform.engine.support.hierarchical.HierarchicalTestExecutor.execute(HierarchicalTestExecutor.java:57)
	at org.junit.platform.engine.support.hierarchical.HierarchicalTestEngine.execute(HierarchicalTestEngine.java:54)
	at org.junit.platform.launcher.core.EngineExecutionOrchestrator.execute(EngineExecutionOrchestrator.java:198)
	at org.junit.platform.launcher.core.EngineExecutionOrchestrator.execute(EngineExecutionOrchestrator.java:169)
	at org.junit.platform.launcher.core.EngineExecutionOrchestrator.execute(EngineExecutionOrchestrator.java:93)
	at org.junit.platform.launcher.core.EngineExecutionOrchestrator.lambda$execute$0(EngineExecutionOrchestrator.java:58)
	at org.junit.platform.launcher.core.EngineExecutionOrchestrator.withInterceptedStreams(EngineExecutionOrchestrator.java:141)
	at org.junit.platform.launcher.core.EngineExecutionOrchestrator.execute(EngineExecutionOrchestrator.java:57)
	at org.junit.platform.launcher.core.DefaultLauncher.execute(DefaultLauncher.java:103)
	at org.junit.platform.launcher.core.DefaultLauncher.execute(DefaultLauncher.java:85)
	at org.junit.platform.launcher.core.DelegatingLauncher.execute(DelegatingLauncher.java:47)
	at org.apache.maven.surefire.junitplatform.LazyLauncher.execute(LazyLauncher.java:56)
	at org.apache.maven.surefire.junitplatform.JUnitPlatformProvider.execute(JUnitPlatformProvider.java:184)
	at org.apache.maven.surefire.junitplatform.JUnitPlatformProvider.invokeAllTests(JUnitPlatformProvider.java:148)
	at org.apache.maven.surefire.junitplatform.JUnitPlatformProvider.invoke(JUnitPlatformProvider.java:122)
	at org.apache.maven.surefire.booter.ForkedBooter.runSuitesInProcess(ForkedBooter.java:385)
	at org.apache.maven.surefire.booter.ForkedBooter.execute(ForkedBooter.java:162)
	at org.apache.maven.surefire.booter.ForkedBooter.run(ForkedBooter.java:507)
	at org.apache.maven.surefire.booter.ForkedBooter.main(ForkedBooter.java:495)
17:53:14.318 [main] ERROR com.alibaba.nacos.naming.main -- [CHECK-FAIL] error when close check task.
java.lang.NullPointerException: Cannot invoke "com.alibaba.nacos.naming.misc.SwitchDomain.getCheckTimes()" because "this.switchDomain" is null
	at com.alibaba.nacos.naming.healthcheck.v2.processor.HealthCheckCommonV2.checkFail(HealthCheckCommonV2.java:145)
	at com.alibaba.nacos.naming.healthcheck.v2.processor.HealthCheckCommonV2Test.testCheckFail(HealthCheckCommonV2Test.java:98)
	at java.base/jdk.internal.reflect.DirectMethodHandleAccessor.invoke(DirectMethodHandleAccessor.java:103)
	at java.base/java.lang.reflect.Method.invoke(Method.java:580)
	at org.junit.platform.commons.util.ReflectionUtils.invokeMethod(ReflectionUtils.java:728)
	at org.junit.jupiter.engine.execution.MethodInvocation.proceed(MethodInvocation.java:60)
	at org.junit.jupiter.engine.execution.InvocationInterceptorChain$ValidatingInvocation.proceed(InvocationInterceptorChain.java:131)
	at org.junit.jupiter.engine.extension.TimeoutExtension.intercept(TimeoutExtension.java:156)
	at org.junit.jupiter.engine.extension.TimeoutExtension.interceptTestableMethod(TimeoutExtension.java:147)
	at org.junit.jupiter.engine.extension.TimeoutExtension.interceptTestMethod(TimeoutExtension.java:86)
	at org.junit.jupiter.engine.execution.InterceptingExecutableInvoker$ReflectiveInterceptorCall.lambda$ofVoidMethod$0(InterceptingExecutableInvoker.java:103)
	at org.junit.jupiter.engine.execution.InterceptingExecutableInvoker.lambda$invoke$0(InterceptingExecutableInvoker.java:93)
	at org.junit.jupiter.engine.execution.InvocationInterceptorChain$InterceptedInvocation.proceed(InvocationInterceptorChain.java:106)
	at org.junit.jupiter.engine.execution.InvocationInterceptorChain.proceed(InvocationInterceptorChain.java:64)
	at org.junit.jupiter.engine.execution.InvocationInterceptorChain.chainAndInvoke(InvocationInterceptorChain.java:45)
	at org.junit.jupiter.engine.execution.InvocationInterceptorChain.invoke(InvocationInterceptorChain.java:37)
	at org.junit.jupiter.engine.execution.InterceptingExecutableInvoker.invoke(InterceptingExecutableInvoker.java:92)
	at org.junit.jupiter.engine.execution.InterceptingExecutableInvoker.invoke(InterceptingExecutableInvoker.java:86)
	at org.junit.jupiter.engine.descriptor.TestMethodTestDescriptor.lambda$invokeTestMethod$7(TestMethodTestDescriptor.java:218)
	at org.junit.platform.engine.support.hierarchical.ThrowableCollector.execute(ThrowableCollector.java:73)
	at org.junit.jupiter.engine.descriptor.TestMethodTestDescriptor.invokeTestMethod(TestMethodTestDescriptor.java:214)
	at org.junit.jupiter.engine.descriptor.TestMethodTestDescriptor.execute(TestMethodTestDescriptor.java:139)
	at org.junit.jupiter.engine.descriptor.TestMethodTestDescriptor.execute(TestMethodTestDescriptor.java:69)
	at org.junit.platform.engine.support.hierarchical.NodeTestTask.lambda$executeRecursively$6(NodeTestTask.java:151)
	at org.junit.platform.engine.support.hierarchical.ThrowableCollector.execute(ThrowableCollector.java:73)
	at org.junit.platform.engine.support.hierarchical.NodeTestTask.lambda$executeRecursively$8(NodeTestTask.java:141)
	at org.junit.platform.engine.support.hierarchical.Node.around(Node.java:137)
	at org.junit.platform.engine.support.hierarchical.NodeTestTask.lambda$executeRecursively$9(NodeTestTask.java:139)
	at org.junit.platform.engine.support.hierarchical.ThrowableCollector.execute(ThrowableCollector.java:73)
	at org.junit.platform.engine.support.hierarchical.NodeTestTask.executeRecursively(NodeTestTask.java:138)
	at org.junit.platform.engine.support.hierarchical.NodeTestTask.execute(NodeTestTask.java:95)
	at java.base/java.util.ArrayList.forEach(ArrayList.java:1596)
	at org.junit.platform.engine.support.hierarchical.SameThreadHierarchicalTestExecutorService.invokeAll(SameThreadHierarchicalTestExecutorService.java:41)
	at org.junit.platform.engine.support.hierarchical.NodeTestTask.lambda$executeRecursively$6(NodeTestTask.java:155)
	at org.junit.platform.engine.support.hierarchical.ThrowableCollector.execute(ThrowableCollector.java:73)
	at org.junit.platform.engine.support.hierarchical.NodeTestTask.lambda$executeRecursively$8(NodeTestTask.java:141)
	at org.junit.platform.engine.support.hierarchical.Node.around(Node.java:137)
	at org.junit.platform.engine.support.hierarchical.NodeTestTask.lambda$executeRecursively$9(NodeTestTask.java:139)
	at org.junit.platform.engine.support.hierarchical.ThrowableCollector.execute(ThrowableCollector.java:73)
	at org.junit.platform.engine.support.hierarchical.NodeTestTask.executeRecursively(NodeTestTask.java:138)
	at org.junit.platform.engine.support.hierarchical.NodeTestTask.execute(NodeTestTask.java:95)
	at java.base/java.util.ArrayList.forEach(ArrayList.java:1596)
	at org.junit.platform.engine.support.hierarchical.SameThreadHierarchicalTestExecutorService.invokeAll(SameThreadHierarchicalTestExecutorService.java:41)
	at org.junit.platform.engine.support.hierarchical.NodeTestTask.lambda$executeRecursively$6(NodeTestTask.java:155)
	at org.junit.platform.engine.support.hierarchical.ThrowableCollector.execute(ThrowableCollector.java:73)
	at org.junit.platform.engine.support.hierarchical.NodeTestTask.lambda$executeRecursively$8(NodeTestTask.java:141)
	at org.junit.platform.engine.support.hierarchical.Node.around(Node.java:137)
	at org.junit.platform.engine.support.hierarchical.NodeTestTask.lambda$executeRecursively$9(NodeTestTask.java:139)
	at org.junit.platform.engine.support.hierarchical.ThrowableCollector.execute(ThrowableCollector.java:73)
	at org.junit.platform.engine.support.hierarchical.NodeTestTask.executeRecursively(NodeTestTask.java:138)
	at org.junit.platform.engine.support.hierarchical.NodeTestTask.execute(NodeTestTask.java:95)
	at org.junit.platform.engine.support.hierarchical.SameThreadHierarchicalTestExecutorService.submit(SameThreadHierarchicalTestExecutorService.java:35)
	at org.junit.platform.engine.support.hierarchical.HierarchicalTestExecutor.execute(HierarchicalTestExecutor.java:57)
	at org.junit.platform.engine.support.hierarchical.HierarchicalTestEngine.execute(HierarchicalTestEngine.java:54)
	at org.junit.platform.launcher.core.EngineExecutionOrchestrator.execute(EngineExecutionOrchestrator.java:198)
	at org.junit.platform.launcher.core.EngineExecutionOrchestrator.execute(EngineExecutionOrchestrator.java:169)
	at org.junit.platform.launcher.core.EngineExecutionOrchestrator.execute(EngineExecutionOrchestrator.java:93)
	at org.junit.platform.launcher.core.EngineExecutionOrchestrator.lambda$execute$0(EngineExecutionOrchestrator.java:58)
	at org.junit.platform.launcher.core.EngineExecutionOrchestrator.withInterceptedStreams(EngineExecutionOrchestrator.java:141)
	at org.junit.platform.launcher.core.EngineExecutionOrchestrator.execute(EngineExecutionOrchestrator.java:57)
	at org.junit.platform.launcher.core.DefaultLauncher.execute(DefaultLauncher.java:103)
	at org.junit.platform.launcher.core.DefaultLauncher.execute(DefaultLauncher.java:85)
	at org.junit.platform.launcher.core.DelegatingLauncher.execute(DelegatingLauncher.java:47)
	at org.apache.maven.surefire.junitplatform.LazyLauncher.execute(LazyLauncher.java:56)
	at org.apache.maven.surefire.junitplatform.JUnitPlatformProvider.execute(JUnitPlatformProvider.java:184)
	at org.apache.maven.surefire.junitplatform.JUnitPlatformProvider.invokeAllTests(JUnitPlatformProvider.java:148)
	at org.apache.maven.surefire.junitplatform.JUnitPlatformProvider.invoke(JUnitPlatformProvider.java:122)
	at org.apache.maven.surefire.booter.ForkedBooter.runSuitesInProcess(ForkedBooter.java:385)
	at org.apache.maven.surefire.booter.ForkedBooter.execute(ForkedBooter.java:162)
	at org.apache.maven.surefire.booter.ForkedBooter.run(ForkedBooter.java:507)
	at org.apache.maven.surefire.booter.ForkedBooter.main(ForkedBooter.java:495)
[INFO] Tests run: 4, Failures: 0, Errors: 0, Skipped: 0, Time elapsed: 0.058 s -- in com.alibaba.nacos.naming.healthcheck.v2.processor.HealthCheckCommonV2Test
[INFO] Running com.alibaba.nacos.naming.healthcheck.v2.processor.HealthCheckProcessorV2DelegateTest
[INFO] Tests run: 3, Failures: 0, Errors: 0, Skipped: 0, Time elapsed: 0.036 s -- in com.alibaba.nacos.naming.healthcheck.v2.processor.HealthCheckProcessorV2DelegateTest
[INFO] Running com.alibaba.nacos.naming.healthcheck.v2.processor.HttpHealthCheckProcessorTest
17:53:14.569 [main] WARN com.alibaba.nacos.naming.main -- http check started before last one finished, service: null : null : null:0
[INFO] Tests run: 7, Failures: 0, Errors: 0, Skipped: 0, Time elapsed: 0.212 s -- in com.alibaba.nacos.naming.healthcheck.v2.processor.HttpHealthCheckProcessorTest
[INFO] Running com.alibaba.nacos.naming.healthcheck.v2.HealthCheckTaskV2Test
[INFO] Tests run: 4, Failures: 0, Errors: 0, Skipped: 0, Time elapsed: 0.003 s -- in com.alibaba.nacos.naming.healthcheck.v2.HealthCheckTaskV2Test
[INFO] Running com.alibaba.nacos.naming.healthcheck.v2.PersistentHealthStatusSynchronizerTest
[INFO] Tests run: 1, Failures: 0, Errors: 0, Skipped: 0, Time elapsed: 0.001 s -- in com.alibaba.nacos.naming.healthcheck.v2.PersistentHealthStatusSynchronizerTest
[INFO] Running com.alibaba.nacos.naming.healthcheck.heartbeat.ClientBeatCheckTaskV2Test
17:53:14.578 [main] WARN com.alibaba.nacos.common.notify.NotifyCenter -- There are no [com.alibaba.nacos.naming.core.v2.event.client.ClientEvent.ClientChangedEvent] publishers for this event, please register
17:53:14.578 [main] INFO com.alibaba.nacos.naming.main -- Client change for service Service{namespace='namespace', group='group', name='service', ephemeral=true, revision=0}, 1.1.1.1:10000#true
17:53:14.585 [main] INFO com.alibaba.nacos.naming.event -- {POS} {IP-DISABLED} valid: 1.1.1.1:10000@DEFAULT@service, region: unknown, msg: client last beat: 0
17:53:14.585 [main] WARN com.alibaba.nacos.common.notify.NotifyCenter -- There are no [com.alibaba.nacos.naming.core.v2.event.service.ServiceEvent.ServiceChangedEvent] publishers for this event, please register
17:53:14.585 [main] WARN com.alibaba.nacos.common.notify.NotifyCenter -- There are no [com.alibaba.nacos.naming.core.v2.event.client.ClientEvent.ClientChangedEvent] publishers for this event, please register
17:53:14.587 [main] WARN com.alibaba.nacos.common.notify.NotifyCenter -- There are no [com.alibaba.nacos.naming.core.v2.event.client.ClientEvent.ClientChangedEvent] publishers for this event, please register
17:53:14.587 [main] INFO com.alibaba.nacos.naming.main -- Client change for service Service{namespace='namespace', group='group', name='service', ephemeral=true, revision=0}, 1.1.1.1:10000#true
17:53:15.593 [main] INFO com.alibaba.nacos.naming.event -- {POS} {IP-DISABLED} valid: 1.1.1.1:10000@DEFAULT@service, region: unknown, msg: client last beat: 1757929994587
17:53:15.594 [main] WARN com.alibaba.nacos.common.notify.NotifyCenter -- There are no [com.alibaba.nacos.naming.core.v2.event.service.ServiceEvent.ServiceChangedEvent] publishers for this event, please register
17:53:15.594 [main] WARN com.alibaba.nacos.common.notify.NotifyCenter -- There are no [com.alibaba.nacos.naming.core.v2.event.client.ClientEvent.ClientChangedEvent] publishers for this event, please register
17:53:15.606 [main] WARN com.alibaba.nacos.common.notify.NotifyCenter -- There are no [com.alibaba.nacos.naming.core.v2.event.client.ClientEvent.ClientChangedEvent] publishers for this event, please register
17:53:15.607 [main] INFO com.alibaba.nacos.naming.main -- Client change for service Service{namespace='namespace', group='group', name='service', ephemeral=true, revision=0}, 1.1.1.1:10000#true
17:53:16.119 [com.alibaba.nacos.naming.remote-connection-manager.0] INFO com.alibaba.nacos.naming.main -- Remove expired metadata expiredMetadataInfoMock
17:53:16.616 [main] INFO com.alibaba.nacos.naming.event -- {POS} {IP-DISABLED} valid: 1.1.1.1:10000@DEFAULT@service, region: unknown, msg: client last beat: 1757929995606
17:53:16.616 [main] WARN com.alibaba.nacos.common.notify.NotifyCenter -- There are no [com.alibaba.nacos.naming.core.v2.event.service.ServiceEvent.ServiceChangedEvent] publishers for this event, please register
17:53:16.616 [main] WARN com.alibaba.nacos.common.notify.NotifyCenter -- There are no [com.alibaba.nacos.naming.core.v2.event.client.ClientEvent.ClientChangedEvent] publishers for this event, please register
17:53:16.620 [main] WARN com.alibaba.nacos.common.notify.NotifyCenter -- There are no [com.alibaba.nacos.naming.core.v2.event.client.ClientEvent.ClientChangedEvent] publishers for this event, please register
17:53:16.620 [main] INFO com.alibaba.nacos.naming.main -- Client change for service Service{namespace='namespace', group='group', name='service', ephemeral=true, revision=0}, 1.1.1.1:10000#true
17:53:16.623 [main] WARN com.alibaba.nacos.common.notify.NotifyCenter -- There are no [com.alibaba.nacos.naming.core.v2.event.client.ClientEvent.ClientChangedEvent] publishers for this event, please register
17:53:16.623 [main] INFO com.alibaba.nacos.naming.main -- Client change for service Service{namespace='namespace', group='group', name='service', ephemeral=true, revision=0}, 1.1.1.1:10000#true
17:53:16.623 [main] INFO com.alibaba.nacos.naming.event -- {POS} {IP-DISABLED} valid: 1.1.1.1:10000@DEFAULT@service, region: unknown, msg: client last beat: 0
17:53:16.623 [main] WARN com.alibaba.nacos.common.notify.NotifyCenter -- There are no [com.alibaba.nacos.naming.core.v2.event.service.ServiceEvent.ServiceChangedEvent] publishers for this event, please register
17:53:16.624 [main] WARN com.alibaba.nacos.common.notify.NotifyCenter -- There are no [com.alibaba.nacos.naming.core.v2.event.client.ClientEvent.ClientChangedEvent] publishers for this event, please register
17:53:16.630 [main] INFO com.alibaba.nacos.naming.main -- [AUTO-DELETE-IP] service: Service{namespace='namespace', group='group', name='service', ephemeral=true, revision=0}, ip: {"ip":"1.1.1.1","port":10000,"healthy":false,"cluster":"DEFAULT","extendDatum":{},"lastHeartBeatTime":0,"metadataId":"1.1.1.1:10000:DEFAULT"}
17:53:16.630 [main] WARN com.alibaba.nacos.common.notify.NotifyCenter -- There are no [com.alibaba.nacos.naming.core.v2.event.client.ClientEvent.ClientChangedEvent] publishers for this event, please register
17:53:16.630 [main] INFO com.alibaba.nacos.naming.main -- Client remove for service Service{namespace='namespace', group='group', name='service', ephemeral=true, revision=0}, 1.1.1.1:10000#true
17:53:16.632 [main] WARN com.alibaba.nacos.common.notify.NotifyCenter -- There are no [com.alibaba.nacos.naming.core.v2.event.client.ClientEvent.ClientChangedEvent] publishers for this event, please register
17:53:16.632 [main] INFO com.alibaba.nacos.naming.main -- Client change for service Service{namespace='namespace', group='group', name='service', ephemeral=true, revision=0}, 1.1.1.1:10000#true
17:53:16.633 [main] WARN com.alibaba.nacos.common.notify.NotifyCenter -- There are no [com.alibaba.nacos.naming.core.v2.event.client.ClientEvent.ClientChangedEvent] publishers for this event, please register
17:53:16.633 [main] INFO com.alibaba.nacos.naming.main -- Client change for service Service{namespace='namespace', group='group', name='service', ephemeral=true, revision=0}, 1.1.1.1:10000#true
17:53:16.633 [main] INFO com.alibaba.nacos.naming.main -- [AUTO-DELETE-IP] service: Service{namespace='namespace', group='group', name='service', ephemeral=true, revision=0}, ip: {"ip":"1.1.1.1","port":10000,"healthy":false,"cluster":"DEFAULT","extendDatum":{},"lastHeartBeatTime":0,"metadataId":"1.1.1.1:10000:DEFAULT"}
17:53:16.633 [main] WARN com.alibaba.nacos.common.notify.NotifyCenter -- There are no [com.alibaba.nacos.naming.core.v2.event.client.ClientEvent.ClientChangedEvent] publishers for this event, please register
17:53:16.633 [main] INFO com.alibaba.nacos.naming.main -- Client remove for service Service{namespace='namespace', group='group', name='service', ephemeral=true, revision=0}, 1.1.1.1:10000#true
[INFO] Tests run: 8, Failures: 0, Errors: 0, Skipped: 0, Time elapsed: 2.057 s -- in com.alibaba.nacos.naming.healthcheck.heartbeat.ClientBeatCheckTaskV2Test
[INFO] Running com.alibaba.nacos.naming.healthcheck.interceptor.HealthCheckTaskInterceptWrapperTest
17:53:16.635 [main] WARN com.alibaba.nacos.common.notify.NotifyCenter -- There are no [com.alibaba.nacos.naming.core.v2.event.client.ClientEvent.ClientChangedEvent] publishers for this event, please register
17:53:16.635 [main] INFO com.alibaba.nacos.naming.main -- Client change for service Service{namespace='namespace', group='group', name='service', ephemeral=true, revision=0}, 1.1.1.1:10000#true
17:53:16.635 [main] INFO com.alibaba.nacos.naming.event -- {POS} {IP-DISABLED} valid: 1.1.1.1:10000@null@service, region: unknown, msg: client last beat: 0
17:53:16.635 [main] WARN com.alibaba.nacos.common.notify.NotifyCenter -- There are no [com.alibaba.nacos.naming.core.v2.event.service.ServiceEvent.ServiceChangedEvent] publishers for this event, please register
17:53:16.635 [main] WARN com.alibaba.nacos.common.notify.NotifyCenter -- There are no [com.alibaba.nacos.naming.core.v2.event.client.ClientEvent.ClientChangedEvent] publishers for this event, please register
17:53:16.636 [main] WARN com.alibaba.nacos.common.notify.NotifyCenter -- There are no [com.alibaba.nacos.naming.core.v2.event.client.ClientEvent.ClientChangedEvent] publishers for this event, please register
17:53:16.636 [main] INFO com.alibaba.nacos.naming.main -- Client change for service Service{namespace='namespace', group='group', name='service', ephemeral=true, revision=0}, 1.1.1.1:10000#true
17:53:17.740 [main] INFO com.alibaba.nacos.naming.event -- {POS} {IP-DISABLED} valid: 1.1.1.1:10000@null@service, region: unknown, msg: client last beat: 1757929996636
17:53:17.740 [main] WARN com.alibaba.nacos.common.notify.NotifyCenter -- There are no [com.alibaba.nacos.naming.core.v2.event.service.ServiceEvent.ServiceChangedEvent] publishers for this event, please register
17:53:17.740 [main] WARN com.alibaba.nacos.common.notify.NotifyCenter -- There are no [com.alibaba.nacos.naming.core.v2.event.client.ClientEvent.ClientChangedEvent] publishers for this event, please register
17:53:17.742 [main] WARN com.alibaba.nacos.common.notify.NotifyCenter -- There are no [com.alibaba.nacos.naming.core.v2.event.client.ClientEvent.ClientChangedEvent] publishers for this event, please register
17:53:17.742 [main] INFO com.alibaba.nacos.naming.main -- Client change for service Service{namespace='namespace', group='group', name='service', ephemeral=true, revision=0}, 1.1.1.1:10000#true
17:53:18.848 [main] INFO com.alibaba.nacos.naming.event -- {POS} {IP-DISABLED} valid: 1.1.1.1:10000@null@service, region: unknown, msg: client last beat: 1757929997742
17:53:18.848 [main] WARN com.alibaba.nacos.common.notify.NotifyCenter -- There are no [com.alibaba.nacos.naming.core.v2.event.service.ServiceEvent.ServiceChangedEvent] publishers for this event, please register
17:53:18.848 [main] WARN com.alibaba.nacos.common.notify.NotifyCenter -- There are no [com.alibaba.nacos.naming.core.v2.event.client.ClientEvent.ClientChangedEvent] publishers for this event, please register
17:53:18.853 [main] WARN com.alibaba.nacos.common.notify.NotifyCenter -- There are no [com.alibaba.nacos.naming.core.v2.event.client.ClientEvent.ClientChangedEvent] publishers for this event, please register
17:53:18.853 [main] INFO com.alibaba.nacos.naming.main -- Client change for service Service{namespace='namespace', group='group', name='service', ephemeral=true, revision=0}, 1.1.1.1:10000#true
17:53:18.860 [main] WARN com.alibaba.nacos.common.notify.NotifyCenter -- There are no [com.alibaba.nacos.naming.core.v2.event.client.ClientEvent.ClientChangedEvent] publishers for this event, please register
17:53:18.860 [main] INFO com.alibaba.nacos.naming.main -- Client change for service Service{namespace='namespace', group='group', name='service', ephemeral=true, revision=0}, 1.1.1.1:10000#true
17:53:18.860 [main] INFO com.alibaba.nacos.naming.event -- {POS} {IP-DISABLED} valid: 1.1.1.1:10000@null@service, region: unknown, msg: client last beat: 0
17:53:18.860 [main] WARN com.alibaba.nacos.common.notify.NotifyCenter -- There are no [com.alibaba.nacos.naming.core.v2.event.service.ServiceEvent.ServiceChangedEvent] publishers for this event, please register
17:53:18.861 [main] WARN com.alibaba.nacos.common.notify.NotifyCenter -- There are no [com.alibaba.nacos.naming.core.v2.event.client.ClientEvent.ClientChangedEvent] publishers for this event, please register
17:53:18.861 [main] INFO com.alibaba.nacos.naming.main -- [AUTO-DELETE-IP] service: Service{namespace='namespace', group='group', name='service', ephemeral=true, revision=0}, ip: {"ip":"1.1.1.1","port":10000,"healthy":false,"extendDatum":{},"lastHeartBeatTime":0,"metadataId":"1.1.1.1:10000:null"}
17:53:18.861 [main] WARN com.alibaba.nacos.common.notify.NotifyCenter -- There are no [com.alibaba.nacos.naming.core.v2.event.client.ClientEvent.ClientChangedEvent] publishers for this event, please register
17:53:18.861 [main] INFO com.alibaba.nacos.naming.main -- Client remove for service Service{namespace='namespace', group='group', name='service', ephemeral=true, revision=0}, 1.1.1.1:10000#true
17:53:18.863 [main] WARN com.alibaba.nacos.common.notify.NotifyCenter -- There are no [com.alibaba.nacos.naming.core.v2.event.client.ClientEvent.ClientChangedEvent] publishers for this event, please register
17:53:18.863 [main] INFO com.alibaba.nacos.naming.main -- Client change for service Service{namespace='namespace', group='group', name='service', ephemeral=true, revision=0}, 1.1.1.1:10000#true
17:53:18.864 [main] WARN com.alibaba.nacos.common.notify.NotifyCenter -- There are no [com.alibaba.nacos.naming.core.v2.event.client.ClientEvent.ClientChangedEvent] publishers for this event, please register
17:53:18.865 [main] INFO com.alibaba.nacos.naming.main -- Client change for service Service{namespace='namespace', group='group', name='service', ephemeral=true, revision=0}, 1.1.1.1:10000#true
17:53:18.865 [main] INFO com.alibaba.nacos.naming.main -- [AUTO-DELETE-IP] service: Service{namespace='namespace', group='group', name='service', ephemeral=true, revision=0}, ip: {"ip":"1.1.1.1","port":10000,"healthy":false,"extendDatum":{},"lastHeartBeatTime":0,"metadataId":"1.1.1.1:10000:null"}
17:53:18.865 [main] WARN com.alibaba.nacos.common.notify.NotifyCenter -- There are no [com.alibaba.nacos.naming.core.v2.event.client.ClientEvent.ClientChangedEvent] publishers for this event, please register
17:53:18.865 [main] INFO com.alibaba.nacos.naming.main -- Client remove for service Service{namespace='namespace', group='group', name='service', ephemeral=true, revision=0}, 1.1.1.1:10000#true
[INFO] Tests run: 9, Failures: 0, Errors: 0, Skipped: 0, Time elapsed: 2.231 s -- in com.alibaba.nacos.naming.healthcheck.interceptor.HealthCheckTaskInterceptWrapperTest
[INFO] Running com.alibaba.nacos.naming.utils.ServiceUtilTest
[INFO] Tests run: 1, Failures: 0, Errors: 0, Skipped: 0, Time elapsed: 0.001 s -- in com.alibaba.nacos.naming.utils.ServiceUtilTest
[INFO] Running com.alibaba.nacos.naming.utils.DistroUtilsTest
17:53:21.122 [com.alibaba.nacos.naming.remote-connection-manager.0] INFO com.alibaba.nacos.naming.main -- Remove expired metadata expiredMetadataInfoMock
Distro Verify Checksum Performance: 41423.70 ivk/ns
Distro Verify Hash Performance: 5209.92 ivk/ns
17:53:23.833 [com.alibaba.nacos.naming.remote-connection-manager.0] INFO com.alibaba.nacos.naming.main -- Client connection 127.0.0.1:8080#true disconnect, remove instances and subscribers
17:53:23.833 [com.alibaba.nacos.naming.remote-connection-manager.0] INFO com.alibaba.nacos.naming.main -- Client connection 127.0.0.1:8080#true disconnect, remove instances and subscribers
17:53:23.833 [com.alibaba.nacos.naming.remote-connection-manager.0] INFO com.alibaba.nacos.naming.main -- Client connection 127.0.0.1:8080#true disconnect, remove instances and subscribers
17:53:23.833 [com.alibaba.nacos.naming.remote-connection-manager.0] INFO com.alibaba.nacos.naming.main -- Client connection 127.0.0.1:8080#true disconnect, remove instances and subscribers
17:53:26.128 [com.alibaba.nacos.naming.remote-connection-manager.0] INFO com.alibaba.nacos.naming.main -- Remove expired metadata expiredMetadataInfoMock
Distro Verify Revision Performance: 33804.37 ivk/ns
[INFO] Tests run: 9, Failures: 0, Errors: 0, Skipped: 0, Time elapsed: 8.052 s -- in com.alibaba.nacos.naming.utils.DistroUtilsTest
[INFO] Running com.alibaba.nacos.naming.utils.NamingRequestUtilTest
[INFO] Tests run: 3, Failures: 0, Errors: 0, Skipped: 0, Time elapsed: 0.039 s -- in com.alibaba.nacos.naming.utils.NamingRequestUtilTest
[INFO] Running com.alibaba.nacos.naming.utils.InstanceUtilTest
[INFO] Tests run: 5, Failures: 0, Errors: 0, Skipped: 0, Time elapsed: 0.001 s -- in com.alibaba.nacos.naming.utils.InstanceUtilTest
[INFO] Running com.alibaba.nacos.naming.consistency.ephemeral.distro.v2.DistroClientComponentRegistryTest
[INFO] Tests run: 1, Failures: 0, Errors: 0, Skipped: 0, Time elapsed: 0.043 s -- in com.alibaba.nacos.naming.consistency.ephemeral.distro.v2.DistroClientComponentRegistryTest
[INFO] Running com.alibaba.nacos.naming.consistency.ephemeral.distro.v2.DistroClientDataProcessorTest
17:53:27.032 [main] INFO com.alibaba.nacos.naming.distro -- [Client-Delete] Received distro client sync data 11111_1.1.1.1_3306
17:53:27.035 [main] INFO com.alibaba.nacos.naming.distro -- [Client-Add] Received distro client sync data 11111_1.1.1.1_3306, revision=1
17:53:27.035 [main] INFO com.alibaba.nacos.naming.distro -- [processBatchInstanceDistroData] BatchInstanceData is null , clientId is :11111_1.1.1.1_3306
17:53:27.035 [main] INFO com.alibaba.nacos.naming.main -- Client change for service Service{namespace='ns', group='group', name='service', ephemeral=true, revision=0}, 11111_1.1.1.1_3306
17:53:27.035 [naming.publisher-ClientOperationEvent] WARN com.alibaba.nacos.common.notify.NotifyCenter -- There are no [com.alibaba.nacos.naming.core.v2.event.service.ServiceEvent.ServiceChangedEvent] publishers for this event, please register
17:53:27.035 [naming.publisher-ClientOperationEvent] WARN com.alibaba.nacos.common.notify.NotifyCenter -- There are no [com.alibaba.nacos.naming.core.v2.event.service.ServiceEvent.ServiceChangedEvent] publishers for this event, please register
17:53:27.035 [naming.publisher-ClientOperationEvent] WARN com.alibaba.nacos.common.notify.NotifyCenter -- There are no [com.alibaba.nacos.naming.core.v2.event.service.ServiceEvent.ServiceChangedEvent] publishers for this event, please register
17:53:27.035 [naming.publisher-ClientOperationEvent] WARN com.alibaba.nacos.common.notify.NotifyCenter -- There are no [com.alibaba.nacos.naming.core.v2.event.service.ServiceEvent.ServiceChangedEvent] publishers for this event, please register
17:53:27.035 [naming.publisher-ClientOperationEvent] WARN com.alibaba.nacos.common.notify.NotifyCenter -- There are no [com.alibaba.nacos.naming.core.v2.event.service.ServiceEvent.ServiceChangedEvent] publishers for this event, please register
17:53:27.035 [naming.publisher-ClientOperationEvent] WARN com.alibaba.nacos.common.notify.NotifyCenter -- There are no [com.alibaba.nacos.naming.core.v2.event.service.ServiceEvent.ServiceChangedEvent] publishers for this event, please register
17:53:27.035 [naming.publisher-ClientOperationEvent] WARN com.alibaba.nacos.common.notify.NotifyCenter -- There are no [com.alibaba.nacos.naming.core.v2.event.service.ServiceEvent.ServiceChangedEvent] publishers for this event, please register
17:53:27.035 [naming.publisher-ClientOperationEvent] WARN com.alibaba.nacos.common.notify.NotifyCenter -- There are no [com.alibaba.nacos.naming.core.v2.event.service.ServiceEvent.ServiceChangedEvent] publishers for this event, please register
17:53:27.035 [naming.publisher-ClientOperationEvent] WARN com.alibaba.nacos.common.notify.NotifyCenter -- There are no [com.alibaba.nacos.naming.core.v2.event.service.ServiceEvent.ServiceChangedEvent] publishers for this event, please register
17:53:27.035 [naming.publisher-ClientOperationEvent] WARN com.alibaba.nacos.common.notify.NotifyCenter -- There are no [com.alibaba.nacos.naming.core.v2.event.service.ServiceEvent.ServiceChangedEvent] publishers for this event, please register
17:53:27.038 [main] INFO com.alibaba.nacos.naming.distro -- [Client-Add] Received distro client sync data 11111_1.1.1.1_3306, revision=1
17:53:27.038 [main] INFO com.alibaba.nacos.naming.distro -- [processBatchInstanceDistroData] BatchInstanceData is null , clientId is :11111_1.1.1.1_3306
17:53:27.038 [main] INFO com.alibaba.nacos.naming.main -- Client change for service Service{namespace='batchData', group='batchData', name='batchData', ephemeral=true, revision=0}, 11111_1.1.1.1_3306
17:53:27.038 [naming.publisher-ClientOperationEvent] WARN com.alibaba.nacos.common.notify.NotifyCenter -- There are no [com.alibaba.nacos.naming.core.v2.event.service.ServiceEvent.ServiceChangedEvent] publishers for this event, please register
17:53:27.038 [naming.publisher-ClientOperationEvent] WARN com.alibaba.nacos.common.notify.NotifyCenter -- There are no [com.alibaba.nacos.naming.core.v2.event.service.ServiceEvent.ServiceChangedEvent] publishers for this event, please register
17:53:27.038 [naming.publisher-ClientOperationEvent] WARN com.alibaba.nacos.common.notify.NotifyCenter -- There are no [com.alibaba.nacos.naming.core.v2.event.service.ServiceEvent.ServiceChangedEvent] publishers for this event, please register
17:53:27.038 [naming.publisher-ClientOperationEvent] WARN com.alibaba.nacos.common.notify.NotifyCenter -- There are no [com.alibaba.nacos.naming.core.v2.event.service.ServiceEvent.ServiceChangedEvent] publishers for this event, please register
17:53:27.038 [naming.publisher-ClientOperationEvent] WARN com.alibaba.nacos.common.notify.NotifyCenter -- There are no [com.alibaba.nacos.naming.core.v2.event.service.ServiceEvent.ServiceChangedEvent] publishers for this event, please register
17:53:27.038 [naming.publisher-ClientOperationEvent] WARN com.alibaba.nacos.common.notify.NotifyCenter -- There are no [com.alibaba.nacos.naming.core.v2.event.service.ServiceEvent.ServiceChangedEvent] publishers for this event, please register
17:53:27.038 [naming.publisher-ClientOperationEvent] WARN com.alibaba.nacos.common.notify.NotifyCenter -- There are no [com.alibaba.nacos.naming.core.v2.event.service.ServiceEvent.ServiceChangedEvent] publishers for this event, please register
17:53:27.038 [naming.publisher-ClientOperationEvent] WARN com.alibaba.nacos.common.notify.NotifyCenter -- There are no [com.alibaba.nacos.naming.core.v2.event.service.ServiceEvent.ServiceChangedEvent] publishers for this event, please register
17:53:27.038 [naming.publisher-ClientOperationEvent] WARN com.alibaba.nacos.common.notify.NotifyCenter -- There are no [com.alibaba.nacos.naming.core.v2.event.service.ServiceEvent.ServiceChangedEvent] publishers for this event, please register
17:53:27.038 [naming.publisher-ClientOperationEvent] WARN com.alibaba.nacos.common.notify.NotifyCenter -- There are no [com.alibaba.nacos.naming.core.v2.event.service.ServiceEvent.ServiceChangedEvent] publishers for this event, please register
17:53:27.038 [main] INFO com.alibaba.nacos.naming.distro -- [Client-Add] Received distro client sync data 11111_1.1.1.1_3306, revision=2
17:53:27.038 [main] INFO com.alibaba.nacos.naming.main -- Client change for service Service{namespace='batchData', group='batchData', name='batchData', ephemeral=true, revision=10}, 11111_1.1.1.1_3306
17:53:27.038 [naming.publisher-ClientOperationEvent] WARN com.alibaba.nacos.common.notify.NotifyCenter -- There are no [com.alibaba.nacos.naming.core.v2.event.service.ServiceEvent.ServiceChangedEvent] publishers for this event, please register
17:53:27.038 [naming.publisher-ClientOperationEvent] WARN com.alibaba.nacos.common.notify.NotifyCenter -- There are no [com.alibaba.nacos.naming.core.v2.event.service.ServiceEvent.ServiceChangedEvent] publishers for this event, please register
17:53:27.038 [naming.publisher-ClientOperationEvent] WARN com.alibaba.nacos.common.notify.NotifyCenter -- There are no [com.alibaba.nacos.naming.core.v2.event.service.ServiceEvent.ServiceChangedEvent] publishers for this event, please register
17:53:27.038 [naming.publisher-ClientOperationEvent] WARN com.alibaba.nacos.common.notify.NotifyCenter -- There are no [com.alibaba.nacos.naming.core.v2.event.service.ServiceEvent.ServiceChangedEvent] publishers for this event, please register
17:53:27.038 [naming.publisher-ClientOperationEvent] WARN com.alibaba.nacos.common.notify.NotifyCenter -- There are no [com.alibaba.nacos.naming.core.v2.event.service.ServiceEvent.ServiceChangedEvent] publishers for this event, please register
17:53:27.038 [naming.publisher-ClientOperationEvent] WARN com.alibaba.nacos.common.notify.NotifyCenter -- There are no [com.alibaba.nacos.naming.core.v2.event.service.ServiceEvent.ServiceChangedEvent] publishers for this event, please register
17:53:27.038 [naming.publisher-ClientOperationEvent] WARN com.alibaba.nacos.common.notify.NotifyCenter -- There are no [com.alibaba.nacos.naming.core.v2.event.service.ServiceEvent.ServiceChangedEvent] publishers for this event, please register
17:53:27.038 [naming.publisher-ClientOperationEvent] WARN com.alibaba.nacos.common.notify.NotifyCenter -- There are no [com.alibaba.nacos.naming.core.v2.event.service.ServiceEvent.ServiceChangedEvent] publishers for this event, please register
17:53:27.038 [naming.publisher-ClientOperationEvent] WARN com.alibaba.nacos.common.notify.NotifyCenter -- There are no [com.alibaba.nacos.naming.core.v2.event.service.ServiceEvent.ServiceChangedEvent] publishers for this event, please register
17:53:27.038 [main] INFO com.alibaba.nacos.naming.distro -- [Client-Add] Received distro client sync data 11111_1.1.1.1_3306, revision=3
17:53:27.038 [naming.publisher-ClientOperationEvent] WARN com.alibaba.nacos.common.notify.NotifyCenter -- There are no [com.alibaba.nacos.naming.core.v2.event.service.ServiceEvent.ServiceChangedEvent] publishers for this event, please register
17:53:27.038 [main] INFO com.alibaba.nacos.naming.distro -- [Client-Add] Received distro client sync data 11111_1.1.1.1_3306, revision=4
17:53:27.038 [main] INFO com.alibaba.nacos.naming.distro -- [processBatchInstanceDistroData] BatchInstanceData is null , clientId is :11111_1.1.1.1_3306
17:53:27.038 [main] INFO com.alibaba.nacos.naming.main -- Client change for service Service{namespace='batchData', group='batchData', name='batchData', ephemeral=true, revision=20}, 11111_1.1.1.1_3306
17:53:27.038 [naming.publisher-ClientOperationEvent] WARN com.alibaba.nacos.common.notify.NotifyCenter -- There are no [com.alibaba.nacos.naming.core.v2.event.service.ServiceEvent.ServiceChangedEvent] publishers for this event, please register
17:53:27.038 [naming.publisher-ClientOperationEvent] WARN com.alibaba.nacos.common.notify.NotifyCenter -- There are no [com.alibaba.nacos.naming.core.v2.event.service.ServiceEvent.ServiceChangedEvent] publishers for this event, please register
17:53:27.038 [naming.publisher-ClientOperationEvent] WARN com.alibaba.nacos.common.notify.NotifyCenter -- There are no [com.alibaba.nacos.naming.core.v2.event.service.ServiceEvent.ServiceChangedEvent] publishers for this event, please register
17:53:27.038 [naming.publisher-ClientOperationEvent] WARN com.alibaba.nacos.common.notify.NotifyCenter -- There are no [com.alibaba.nacos.naming.core.v2.event.service.ServiceEvent.ServiceChangedEvent] publishers for this event, please register
17:53:27.038 [naming.publisher-ClientOperationEvent] WARN com.alibaba.nacos.common.notify.NotifyCenter -- There are no [com.alibaba.nacos.naming.core.v2.event.service.ServiceEvent.ServiceChangedEvent] publishers for this event, please register
17:53:27.038 [naming.publisher-ClientOperationEvent] WARN com.alibaba.nacos.common.notify.NotifyCenter -- There are no [com.alibaba.nacos.naming.core.v2.event.service.ServiceEvent.ServiceChangedEvent] publishers for this event, please register
17:53:27.038 [naming.publisher-ClientOperationEvent] WARN com.alibaba.nacos.common.notify.NotifyCenter -- There are no [com.alibaba.nacos.naming.core.v2.event.service.ServiceEvent.ServiceChangedEvent] publishers for this event, please register
17:53:27.038 [naming.publisher-ClientOperationEvent] WARN com.alibaba.nacos.common.notify.NotifyCenter -- There are no [com.alibaba.nacos.naming.core.v2.event.service.ServiceEvent.ServiceChangedEvent] publishers for this event, please register
17:53:27.038 [naming.publisher-ClientOperationEvent] WARN com.alibaba.nacos.common.notify.NotifyCenter -- There are no [com.alibaba.nacos.naming.core.v2.event.service.ServiceEvent.ServiceChangedEvent] publishers for this event, please register
17:53:27.038 [naming.publisher-ClientOperationEvent] WARN com.alibaba.nacos.common.notify.NotifyCenter -- There are no [com.alibaba.nacos.naming.core.v2.event.service.ServiceEvent.ServiceChangedEvent] publishers for this event, please register
17:53:27.044 [main] INFO com.alibaba.nacos.naming.distro -- client 11111_1.1.1.1_3306 is invalid, get new client from 2.2.2.2:8848
17:53:27.045 [main] INFO com.alibaba.nacos.naming.distro -- [Client-Add] Received distro client sync data 11111_1.1.1.1_3306, revision=1
17:53:27.045 [main] INFO com.alibaba.nacos.naming.distro -- [processBatchInstanceDistroData] BatchInstanceData is null , clientId is :11111_1.1.1.1_3306
17:53:27.045 [main] INFO com.alibaba.nacos.naming.main -- Client change for service Service{namespace='ns', group='group', name='service', ephemeral=true, revision=10}, 11111_1.1.1.1_3306
17:53:27.045 [naming.publisher-ClientOperationEvent] WARN com.alibaba.nacos.common.notify.NotifyCenter -- There are no [com.alibaba.nacos.naming.core.v2.event.service.ServiceEvent.ServiceChangedEvent] publishers for this event, please register
17:53:27.045 [naming.publisher-ClientOperationEvent] WARN com.alibaba.nacos.common.notify.NotifyCenter -- There are no [com.alibaba.nacos.naming.core.v2.event.service.ServiceEvent.ServiceChangedEvent] publishers for this event, please register
17:53:27.045 [naming.publisher-ClientOperationEvent] WARN com.alibaba.nacos.common.notify.NotifyCenter -- There are no [com.alibaba.nacos.naming.core.v2.event.service.ServiceEvent.ServiceChangedEvent] publishers for this event, please register
17:53:27.045 [naming.publisher-ClientOperationEvent] WARN com.alibaba.nacos.common.notify.NotifyCenter -- There are no [com.alibaba.nacos.naming.core.v2.event.service.ServiceEvent.ServiceChangedEvent] publishers for this event, please register
17:53:27.045 [naming.publisher-ClientOperationEvent] WARN com.alibaba.nacos.common.notify.NotifyCenter -- There are no [com.alibaba.nacos.naming.core.v2.event.service.ServiceEvent.ServiceChangedEvent] publishers for this event, please register
17:53:27.045 [naming.publisher-ClientOperationEvent] WARN com.alibaba.nacos.common.notify.NotifyCenter -- There are no [com.alibaba.nacos.naming.core.v2.event.service.ServiceEvent.ServiceChangedEvent] publishers for this event, please register
17:53:27.045 [naming.publisher-ClientOperationEvent] WARN com.alibaba.nacos.common.notify.NotifyCenter -- There are no [com.alibaba.nacos.naming.core.v2.event.service.ServiceEvent.ServiceChangedEvent] publishers for this event, please register
17:53:27.045 [naming.publisher-ClientOperationEvent] WARN com.alibaba.nacos.common.notify.NotifyCenter -- There are no [com.alibaba.nacos.naming.core.v2.event.service.ServiceEvent.ServiceChangedEvent] publishers for this event, please register
17:53:27.046 [naming.publisher-ClientOperationEvent] WARN com.alibaba.nacos.common.notify.NotifyCenter -- There are no [com.alibaba.nacos.naming.core.v2.event.service.ServiceEvent.ServiceChangedEvent] publishers for this event, please register
17:53:27.046 [naming.publisher-ClientOperationEvent] WARN com.alibaba.nacos.common.notify.NotifyCenter -- There are no [com.alibaba.nacos.naming.core.v2.event.service.ServiceEvent.ServiceChangedEvent] publishers for this event, please register
[INFO] Tests run: 20, Failures: 0, Errors: 0, Skipped: 0, Time elapsed: 0.036 s -- in com.alibaba.nacos.naming.consistency.ephemeral.distro.v2.DistroClientDataProcessorTest
[INFO] Running com.alibaba.nacos.naming.consistency.ephemeral.distro.v2.DistroClientTransportAgentTest
17:53:27.069 [main] WARN com.alibaba.nacos.naming.distro -- [DISTRO] Cancel distro sync caused by target server 1.1.1.1:8848 unhealthy, key: null
17:53:27.072 [main] INFO com.alibaba.nacos.core -- Get Distro config from env, DistroConfig{syncDelayMillis=1000, syncTimeoutMillis=3000, syncRetryDelayMillis=3000, verifyIntervalMillis=5000, verifyTimeoutMillis=3000, loadDataRetryDelayMillis=30000, loadDataTimeoutMillis=30000}
17:53:27.074 [main] ERROR com.alibaba.nacos.naming.distro -- [DISTRO-FAILED] Verify distro data failed! key: DistroKey{resourceKey='null', resourceType='null', targetServer='1.1.1.1:8848'} 
com.alibaba.nacos.api.exception.NacosException: null
	at com.alibaba.nacos.core.cluster.remote.ClusterRpcClientProxy.sendRequest(ClusterRpcClientProxy.java:178)
	at com.alibaba.nacos.naming.consistency.ephemeral.distro.v2.DistroClientTransportAgent.syncVerifyData(DistroClientTransportAgent.java:126)
	at com.alibaba.nacos.naming.consistency.ephemeral.distro.v2.DistroClientTransportAgentTest.testSyncVerifyDataException(DistroClientTransportAgentTest.java:287)
	at java.base/jdk.internal.reflect.DirectMethodHandleAccessor.invoke(DirectMethodHandleAccessor.java:103)
	at java.base/java.lang.reflect.Method.invoke(Method.java:580)
	at org.junit.platform.commons.util.ReflectionUtils.invokeMethod(ReflectionUtils.java:728)
	at org.junit.jupiter.engine.execution.MethodInvocation.proceed(MethodInvocation.java:60)
	at org.junit.jupiter.engine.execution.InvocationInterceptorChain$ValidatingInvocation.proceed(InvocationInterceptorChain.java:131)
	at org.junit.jupiter.engine.extension.TimeoutExtension.intercept(TimeoutExtension.java:156)
	at org.junit.jupiter.engine.extension.TimeoutExtension.interceptTestableMethod(TimeoutExtension.java:147)
	at org.junit.jupiter.engine.extension.TimeoutExtension.interceptTestMethod(TimeoutExtension.java:86)
	at org.junit.jupiter.engine.execution.InterceptingExecutableInvoker$ReflectiveInterceptorCall.lambda$ofVoidMethod$0(InterceptingExecutableInvoker.java:103)
	at org.junit.jupiter.engine.execution.InterceptingExecutableInvoker.lambda$invoke$0(InterceptingExecutableInvoker.java:93)
	at org.junit.jupiter.engine.execution.InvocationInterceptorChain$InterceptedInvocation.proceed(InvocationInterceptorChain.java:106)
	at org.junit.jupiter.engine.execution.InvocationInterceptorChain.proceed(InvocationInterceptorChain.java:64)
	at org.junit.jupiter.engine.execution.InvocationInterceptorChain.chainAndInvoke(InvocationInterceptorChain.java:45)
	at org.junit.jupiter.engine.execution.InvocationInterceptorChain.invoke(InvocationInterceptorChain.java:37)
	at org.junit.jupiter.engine.execution.InterceptingExecutableInvoker.invoke(InterceptingExecutableInvoker.java:92)
	at org.junit.jupiter.engine.execution.InterceptingExecutableInvoker.invoke(InterceptingExecutableInvoker.java:86)
	at org.junit.jupiter.engine.descriptor.TestMethodTestDescriptor.lambda$invokeTestMethod$7(TestMethodTestDescriptor.java:218)
	at org.junit.platform.engine.support.hierarchical.ThrowableCollector.execute(ThrowableCollector.java:73)
	at org.junit.jupiter.engine.descriptor.TestMethodTestDescriptor.invokeTestMethod(TestMethodTestDescriptor.java:214)
	at org.junit.jupiter.engine.descriptor.TestMethodTestDescriptor.execute(TestMethodTestDescriptor.java:139)
	at org.junit.jupiter.engine.descriptor.TestMethodTestDescriptor.execute(TestMethodTestDescriptor.java:69)
	at org.junit.platform.engine.support.hierarchical.NodeTestTask.lambda$executeRecursively$6(NodeTestTask.java:151)
	at org.junit.platform.engine.support.hierarchical.ThrowableCollector.execute(ThrowableCollector.java:73)
	at org.junit.platform.engine.support.hierarchical.NodeTestTask.lambda$executeRecursively$8(NodeTestTask.java:141)
	at org.junit.platform.engine.support.hierarchical.Node.around(Node.java:137)
	at org.junit.platform.engine.support.hierarchical.NodeTestTask.lambda$executeRecursively$9(NodeTestTask.java:139)
	at org.junit.platform.engine.support.hierarchical.ThrowableCollector.execute(ThrowableCollector.java:73)
	at org.junit.platform.engine.support.hierarchical.NodeTestTask.executeRecursively(NodeTestTask.java:138)
	at org.junit.platform.engine.support.hierarchical.NodeTestTask.execute(NodeTestTask.java:95)
	at java.base/java.util.ArrayList.forEach(ArrayList.java:1596)
	at org.junit.platform.engine.support.hierarchical.SameThreadHierarchicalTestExecutorService.invokeAll(SameThreadHierarchicalTestExecutorService.java:41)
	at org.junit.platform.engine.support.hierarchical.NodeTestTask.lambda$executeRecursively$6(NodeTestTask.java:155)
	at org.junit.platform.engine.support.hierarchical.ThrowableCollector.execute(ThrowableCollector.java:73)
	at org.junit.platform.engine.support.hierarchical.NodeTestTask.lambda$executeRecursively$8(NodeTestTask.java:141)
	at org.junit.platform.engine.support.hierarchical.Node.around(Node.java:137)
	at org.junit.platform.engine.support.hierarchical.NodeTestTask.lambda$executeRecursively$9(NodeTestTask.java:139)
	at org.junit.platform.engine.support.hierarchical.ThrowableCollector.execute(ThrowableCollector.java:73)
	at org.junit.platform.engine.support.hierarchical.NodeTestTask.executeRecursively(NodeTestTask.java:138)
	at org.junit.platform.engine.support.hierarchical.NodeTestTask.execute(NodeTestTask.java:95)
	at java.base/java.util.ArrayList.forEach(ArrayList.java:1596)
	at org.junit.platform.engine.support.hierarchical.SameThreadHierarchicalTestExecutorService.invokeAll(SameThreadHierarchicalTestExecutorService.java:41)
	at org.junit.platform.engine.support.hierarchical.NodeTestTask.lambda$executeRecursively$6(NodeTestTask.java:155)
	at org.junit.platform.engine.support.hierarchical.ThrowableCollector.execute(ThrowableCollector.java:73)
	at org.junit.platform.engine.support.hierarchical.NodeTestTask.lambda$executeRecursively$8(NodeTestTask.java:141)
	at org.junit.platform.engine.support.hierarchical.Node.around(Node.java:137)
	at org.junit.platform.engine.support.hierarchical.NodeTestTask.lambda$executeRecursively$9(NodeTestTask.java:139)
	at org.junit.platform.engine.support.hierarchical.ThrowableCollector.execute(ThrowableCollector.java:73)
	at org.junit.platform.engine.support.hierarchical.NodeTestTask.executeRecursively(NodeTestTask.java:138)
	at org.junit.platform.engine.support.hierarchical.NodeTestTask.execute(NodeTestTask.java:95)
	at org.junit.platform.engine.support.hierarchical.SameThreadHierarchicalTestExecutorService.submit(SameThreadHierarchicalTestExecutorService.java:35)
	at org.junit.platform.engine.support.hierarchical.HierarchicalTestExecutor.execute(HierarchicalTestExecutor.java:57)
	at org.junit.platform.engine.support.hierarchical.HierarchicalTestEngine.execute(HierarchicalTestEngine.java:54)
	at org.junit.platform.launcher.core.EngineExecutionOrchestrator.execute(EngineExecutionOrchestrator.java:198)
	at org.junit.platform.launcher.core.EngineExecutionOrchestrator.execute(EngineExecutionOrchestrator.java:169)
	at org.junit.platform.launcher.core.EngineExecutionOrchestrator.execute(EngineExecutionOrchestrator.java:93)
	at org.junit.platform.launcher.core.EngineExecutionOrchestrator.lambda$execute$0(EngineExecutionOrchestrator.java:58)
	at org.junit.platform.launcher.core.EngineExecutionOrchestrator.withInterceptedStreams(EngineExecutionOrchestrator.java:141)
	at org.junit.platform.launcher.core.EngineExecutionOrchestrator.execute(EngineExecutionOrchestrator.java:57)
	at org.junit.platform.launcher.core.DefaultLauncher.execute(DefaultLauncher.java:103)
	at org.junit.platform.launcher.core.DefaultLauncher.execute(DefaultLauncher.java:85)
	at org.junit.platform.launcher.core.DelegatingLauncher.execute(DelegatingLauncher.java:47)
	at org.apache.maven.surefire.junitplatform.LazyLauncher.execute(LazyLauncher.java:56)
	at org.apache.maven.surefire.junitplatform.JUnitPlatformProvider.execute(JUnitPlatformProvider.java:184)
	at org.apache.maven.surefire.junitplatform.JUnitPlatformProvider.invokeAllTests(JUnitPlatformProvider.java:148)
	at org.apache.maven.surefire.junitplatform.JUnitPlatformProvider.invoke(JUnitPlatformProvider.java:122)
	at org.apache.maven.surefire.booter.ForkedBooter.runSuitesInProcess(ForkedBooter.java:385)
	at org.apache.maven.surefire.booter.ForkedBooter.execute(ForkedBooter.java:162)
	at org.apache.maven.surefire.booter.ForkedBooter.run(ForkedBooter.java:507)
	at org.apache.maven.surefire.booter.ForkedBooter.main(ForkedBooter.java:495)
17:53:27.077 [main] WARN com.alibaba.nacos.naming.distro -- [DISTRO] Cancel distro verify caused by target server 1.1.1.1:8848 unhealthy, key: DistroKey{resourceKey='null', resourceType='null', targetServer='null'}
17:53:27.078 [main] WARN com.alibaba.nacos.naming.distro -- [DISTRO] Cancel distro verify caused by target server 1.1.1.1:8848 unhealthy, key: DistroKey{resourceKey='null', resourceType='null', targetServer='1.1.1.1:8848'}
17:53:27.084 [main] WARN com.alibaba.nacos.naming.distro -- [DISTRO] Cancel distro sync caused by target server 1.1.1.1:8848 unhealthy, key: null
17:53:27.087 [main] WARN com.alibaba.nacos.naming.distro -- [DISTRO] Cancel distro sync caused by target server 1.1.1.1:8848 unhealthy, key: null
17:53:27.093 [main] INFO com.alibaba.nacos.plugin.control -- Not configure type of control plugin, no limit control for current node.
17:53:27.094 [main] INFO com.alibaba.nacos.plugin.control -- Load connection metrics collector,size=1,[com.alibaba.nacos.core.remote.LongConnectionMetricsCollector@7a282bad]
17:53:27.094 [main] INFO com.alibaba.nacos.plugin.control -- No connection rule content found ,use default empty rule 
17:53:27.098 [main] INFO com.alibaba.nacos.plugin.control -- No tps control rule of NAMING_RPC_PUSH found,content =null  
17:53:27.098 [main] WARN com.alibaba.nacos.plugin.control -- Tps point for NAMING_RPC_PUSH registered, But tps control manager is no limit implementation.
17:53:27.098 [main] INFO com.alibaba.nacos.plugin.control -- No tps control rule of NAMING_RPC_PUSH_SUCCESS found,content =null  
17:53:27.098 [main] WARN com.alibaba.nacos.plugin.control -- Tps point for NAMING_RPC_PUSH_SUCCESS registered, But tps control manager is no limit implementation.
17:53:27.098 [main] INFO com.alibaba.nacos.plugin.control -- No tps control rule of NAMING_RPC_PUSH_FAIL found,content =null  
17:53:27.098 [main] WARN com.alibaba.nacos.plugin.control -- Tps point for NAMING_RPC_PUSH_FAIL registered, But tps control manager is no limit implementation.
17:53:27.098 [main] INFO com.alibaba.nacos.plugin.control -- No tps control rule of NAMING_UDP_PUSH found,content =null  
17:53:27.098 [main] WARN com.alibaba.nacos.plugin.control -- Tps point for NAMING_UDP_PUSH registered, But tps control manager is no limit implementation.
17:53:27.099 [main] INFO com.alibaba.nacos.plugin.control -- No tps control rule of NAMING_UDP_PUSH_SUCCESS found,content =null  
17:53:27.099 [main] WARN com.alibaba.nacos.plugin.control -- Tps point for NAMING_UDP_PUSH_SUCCESS registered, But tps control manager is no limit implementation.
17:53:27.099 [main] INFO com.alibaba.nacos.plugin.control -- No tps control rule of NAMING_UDP_PUSH_FAIL found,content =null  
17:53:27.099 [main] WARN com.alibaba.nacos.plugin.control -- Tps point for NAMING_UDP_PUSH_FAIL registered, But tps control manager is no limit implementation.
17:53:27.099 [main] INFO com.alibaba.nacos.plugin.control -- No tps control rule of NAMING_DISTRO_SYNC found,content =null  
17:53:27.099 [main] WARN com.alibaba.nacos.plugin.control -- Tps point for NAMING_DISTRO_SYNC registered, But tps control manager is no limit implementation.
17:53:27.099 [main] INFO com.alibaba.nacos.plugin.control -- No tps control rule of NAMING_DISTRO_SYNC_SUCCESS found,content =null  
17:53:27.099 [main] WARN com.alibaba.nacos.plugin.control -- Tps point for NAMING_DISTRO_SYNC_SUCCESS registered, But tps control manager is no limit implementation.
17:53:27.099 [main] INFO com.alibaba.nacos.plugin.control -- No tps control rule of NAMING_DISTRO_SYNC_FAIL found,content =null  
17:53:27.099 [main] WARN com.alibaba.nacos.plugin.control -- Tps point for NAMING_DISTRO_SYNC_FAIL registered, But tps control manager is no limit implementation.
17:53:27.099 [main] INFO com.alibaba.nacos.plugin.control -- No tps control rule of NAMING_DISTRO_VERIFY found,content =null  
17:53:27.099 [main] WARN com.alibaba.nacos.plugin.control -- Tps point for NAMING_DISTRO_VERIFY registered, But tps control manager is no limit implementation.
17:53:27.099 [main] INFO com.alibaba.nacos.plugin.control -- No tps control rule of NAMING_DISTRO_VERIFY_SUCCESS found,content =null  
17:53:27.099 [main] WARN com.alibaba.nacos.plugin.control -- Tps point for NAMING_DISTRO_VERIFY_SUCCESS registered, But tps control manager is no limit implementation.
17:53:27.099 [main] INFO com.alibaba.nacos.plugin.control -- No tps control rule of NAMING_DISTRO_VERIFY_FAIL found,content =null  
17:53:27.099 [main] WARN com.alibaba.nacos.plugin.control -- Tps point for NAMING_DISTRO_VERIFY_FAIL registered, But tps control manager is no limit implementation.
17:53:27.103 [main] WARN com.alibaba.nacos.naming.distro -- [DISTRO] Cancel distro verify caused by target server 1.1.1.1:8848 unhealthy, key: DistroKey{resourceKey='null', resourceType='null', targetServer='1.1.1.1:8848'}
17:53:27.105 [main] INFO com.alibaba.nacos.naming.distro -- Target 1.1.1.1:8848 verify client null failed, sync new client
17:53:27.107 [main] WARN com.alibaba.nacos.naming.distro -- [DISTRO] Cancel distro sync caused by target server 1.1.1.1:8848 unhealthy, key: null
17:53:27.107 [main] ERROR com.alibaba.nacos.naming.distro -- [DISTRO-FAILED] Sync distro data failed! key: null
com.alibaba.nacos.api.exception.NacosException: null
	at com.alibaba.nacos.core.cluster.remote.ClusterRpcClientProxy.sendRequest(ClusterRpcClientProxy.java:178)
	at com.alibaba.nacos.naming.consistency.ephemeral.distro.v2.DistroClientTransportAgent.syncData(DistroClientTransportAgent.java:80)
	at com.alibaba.nacos.naming.consistency.ephemeral.distro.v2.DistroClientTransportAgentTest.testSyncDataException(DistroClientTransportAgentTest.java:150)
	at java.base/jdk.internal.reflect.DirectMethodHandleAccessor.invoke(DirectMethodHandleAccessor.java:103)
	at java.base/java.lang.reflect.Method.invoke(Method.java:580)
	at org.junit.platform.commons.util.ReflectionUtils.invokeMethod(ReflectionUtils.java:728)
	at org.junit.jupiter.engine.execution.MethodInvocation.proceed(MethodInvocation.java:60)
	at org.junit.jupiter.engine.execution.InvocationInterceptorChain$ValidatingInvocation.proceed(InvocationInterceptorChain.java:131)
	at org.junit.jupiter.engine.extension.TimeoutExtension.intercept(TimeoutExtension.java:156)
	at org.junit.jupiter.engine.extension.TimeoutExtension.interceptTestableMethod(TimeoutExtension.java:147)
	at org.junit.jupiter.engine.extension.TimeoutExtension.interceptTestMethod(TimeoutExtension.java:86)
	at org.junit.jupiter.engine.execution.InterceptingExecutableInvoker$ReflectiveInterceptorCall.lambda$ofVoidMethod$0(InterceptingExecutableInvoker.java:103)
	at org.junit.jupiter.engine.execution.InterceptingExecutableInvoker.lambda$invoke$0(InterceptingExecutableInvoker.java:93)
	at org.junit.jupiter.engine.execution.InvocationInterceptorChain$InterceptedInvocation.proceed(InvocationInterceptorChain.java:106)
	at org.junit.jupiter.engine.execution.InvocationInterceptorChain.proceed(InvocationInterceptorChain.java:64)
	at org.junit.jupiter.engine.execution.InvocationInterceptorChain.chainAndInvoke(InvocationInterceptorChain.java:45)
	at org.junit.jupiter.engine.execution.InvocationInterceptorChain.invoke(InvocationInterceptorChain.java:37)
	at org.junit.jupiter.engine.execution.InterceptingExecutableInvoker.invoke(InterceptingExecutableInvoker.java:92)
	at org.junit.jupiter.engine.execution.InterceptingExecutableInvoker.invoke(InterceptingExecutableInvoker.java:86)
	at org.junit.jupiter.engine.descriptor.TestMethodTestDescriptor.lambda$invokeTestMethod$7(TestMethodTestDescriptor.java:218)
	at org.junit.platform.engine.support.hierarchical.ThrowableCollector.execute(ThrowableCollector.java:73)
	at org.junit.jupiter.engine.descriptor.TestMethodTestDescriptor.invokeTestMethod(TestMethodTestDescriptor.java:214)
	at org.junit.jupiter.engine.descriptor.TestMethodTestDescriptor.execute(TestMethodTestDescriptor.java:139)
	at org.junit.jupiter.engine.descriptor.TestMethodTestDescriptor.execute(TestMethodTestDescriptor.java:69)
	at org.junit.platform.engine.support.hierarchical.NodeTestTask.lambda$executeRecursively$6(NodeTestTask.java:151)
	at org.junit.platform.engine.support.hierarchical.ThrowableCollector.execute(ThrowableCollector.java:73)
	at org.junit.platform.engine.support.hierarchical.NodeTestTask.lambda$executeRecursively$8(NodeTestTask.java:141)
	at org.junit.platform.engine.support.hierarchical.Node.around(Node.java:137)
	at org.junit.platform.engine.support.hierarchical.NodeTestTask.lambda$executeRecursively$9(NodeTestTask.java:139)
	at org.junit.platform.engine.support.hierarchical.ThrowableCollector.execute(ThrowableCollector.java:73)
	at org.junit.platform.engine.support.hierarchical.NodeTestTask.executeRecursively(NodeTestTask.java:138)
	at org.junit.platform.engine.support.hierarchical.NodeTestTask.execute(NodeTestTask.java:95)
	at java.base/java.util.ArrayList.forEach(ArrayList.java:1596)
	at org.junit.platform.engine.support.hierarchical.SameThreadHierarchicalTestExecutorService.invokeAll(SameThreadHierarchicalTestExecutorService.java:41)
	at org.junit.platform.engine.support.hierarchical.NodeTestTask.lambda$executeRecursively$6(NodeTestTask.java:155)
	at org.junit.platform.engine.support.hierarchical.ThrowableCollector.execute(ThrowableCollector.java:73)
	at org.junit.platform.engine.support.hierarchical.NodeTestTask.lambda$executeRecursively$8(NodeTestTask.java:141)
	at org.junit.platform.engine.support.hierarchical.Node.around(Node.java:137)
	at org.junit.platform.engine.support.hierarchical.NodeTestTask.lambda$executeRecursively$9(NodeTestTask.java:139)
	at org.junit.platform.engine.support.hierarchical.ThrowableCollector.execute(ThrowableCollector.java:73)
	at org.junit.platform.engine.support.hierarchical.NodeTestTask.executeRecursively(NodeTestTask.java:138)
	at org.junit.platform.engine.support.hierarchical.NodeTestTask.execute(NodeTestTask.java:95)
	at java.base/java.util.ArrayList.forEach(ArrayList.java:1596)
	at org.junit.platform.engine.support.hierarchical.SameThreadHierarchicalTestExecutorService.invokeAll(SameThreadHierarchicalTestExecutorService.java:41)
	at org.junit.platform.engine.support.hierarchical.NodeTestTask.lambda$executeRecursively$6(NodeTestTask.java:155)
	at org.junit.platform.engine.support.hierarchical.ThrowableCollector.execute(ThrowableCollector.java:73)
	at org.junit.platform.engine.support.hierarchical.NodeTestTask.lambda$executeRecursively$8(NodeTestTask.java:141)
	at org.junit.platform.engine.support.hierarchical.Node.around(Node.java:137)
	at org.junit.platform.engine.support.hierarchical.NodeTestTask.lambda$executeRecursively$9(NodeTestTask.java:139)
	at org.junit.platform.engine.support.hierarchical.ThrowableCollector.execute(ThrowableCollector.java:73)
	at org.junit.platform.engine.support.hierarchical.NodeTestTask.executeRecursively(NodeTestTask.java:138)
	at org.junit.platform.engine.support.hierarchical.NodeTestTask.execute(NodeTestTask.java:95)
	at org.junit.platform.engine.support.hierarchical.SameThreadHierarchicalTestExecutorService.submit(SameThreadHierarchicalTestExecutorService.java:35)
	at org.junit.platform.engine.support.hierarchical.HierarchicalTestExecutor.execute(HierarchicalTestExecutor.java:57)
	at org.junit.platform.engine.support.hierarchical.HierarchicalTestEngine.execute(HierarchicalTestEngine.java:54)
	at org.junit.platform.launcher.core.EngineExecutionOrchestrator.execute(EngineExecutionOrchestrator.java:198)
	at org.junit.platform.launcher.core.EngineExecutionOrchestrator.execute(EngineExecutionOrchestrator.java:169)
	at org.junit.platform.launcher.core.EngineExecutionOrchestrator.execute(EngineExecutionOrchestrator.java:93)
	at org.junit.platform.launcher.core.EngineExecutionOrchestrator.lambda$execute$0(EngineExecutionOrchestrator.java:58)
	at org.junit.platform.launcher.core.EngineExecutionOrchestrator.withInterceptedStreams(EngineExecutionOrchestrator.java:141)
	at org.junit.platform.launcher.core.EngineExecutionOrchestrator.execute(EngineExecutionOrchestrator.java:57)
	at org.junit.platform.launcher.core.DefaultLauncher.execute(DefaultLauncher.java:103)
	at org.junit.platform.launcher.core.DefaultLauncher.execute(DefaultLauncher.java:85)
	at org.junit.platform.launcher.core.DelegatingLauncher.execute(DelegatingLauncher.java:47)
	at org.apache.maven.surefire.junitplatform.LazyLauncher.execute(LazyLauncher.java:56)
	at org.apache.maven.surefire.junitplatform.JUnitPlatformProvider.execute(JUnitPlatformProvider.java:184)
	at org.apache.maven.surefire.junitplatform.JUnitPlatformProvider.invokeAllTests(JUnitPlatformProvider.java:148)
	at org.apache.maven.surefire.junitplatform.JUnitPlatformProvider.invoke(JUnitPlatformProvider.java:122)
	at org.apache.maven.surefire.booter.ForkedBooter.runSuitesInProcess(ForkedBooter.java:385)
	at org.apache.maven.surefire.booter.ForkedBooter.execute(ForkedBooter.java:162)
	at org.apache.maven.surefire.booter.ForkedBooter.run(ForkedBooter.java:507)
	at org.apache.maven.surefire.booter.ForkedBooter.main(ForkedBooter.java:495)
17:53:27.110 [main] WARN com.alibaba.nacos.naming.distro -- [DISTRO] Cancel distro verify caused by target server 1.1.1.1:8848 unhealthy, key: DistroKey{resourceKey='null', resourceType='null', targetServer='null'}
[INFO] Tests run: 39, Failures: 0, Errors: 0, Skipped: 0, Time elapsed: 0.066 s -- in com.alibaba.nacos.naming.consistency.ephemeral.distro.v2.DistroClientTransportAgentTest
[INFO] Running com.alibaba.nacos.naming.push.ClientInfoTest
[INFO] Tests run: 9, Failures: 0, Errors: 0, Skipped: 0, Time elapsed: 0.003 s -- in com.alibaba.nacos.naming.push.ClientInfoTest
[INFO] Running com.alibaba.nacos.naming.push.v2.PushConfigTest
17:53:27.118 [main] INFO com.alibaba.nacos.core -- Get Push config from env, PushConfig{pushTaskDelay=500, pushTaskTimeout=5000, pushTaskRetryDelay=1000}
17:53:27.118 [main] INFO com.alibaba.nacos.core -- Get Push config from env, PushConfig{pushTaskDelay=1000, pushTaskTimeout=10000, pushTaskRetryDelay=2000}
17:53:27.119 [nacos.publisher-com.alibaba.nacos.common.event.ServerConfigChangeEvent] INFO com.alibaba.nacos.core -- Get NamingClient config from env, ClientConfig{clientExpiredTime=180000}
17:53:27.119 [nacos.publisher-com.alibaba.nacos.common.event.ServerConfigChangeEvent] INFO com.alibaba.nacos.core -- Get Push config from env, PushConfig{pushTaskDelay=1000, pushTaskTimeout=10000, pushTaskRetryDelay=2000}
17:53:27.119 [nacos.publisher-com.alibaba.nacos.common.event.ServerConfigChangeEvent] INFO com.alibaba.nacos.core -- Get Push config from env, PushConfig{pushTaskDelay=1000, pushTaskTimeout=10000, pushTaskRetryDelay=2000}
17:53:27.119 [nacos.publisher-com.alibaba.nacos.common.event.ServerConfigChangeEvent] INFO com.alibaba.nacos.core -- Get NamingClient config from env, ClientConfig{clientExpiredTime=180000}
17:53:27.119 [nacos.publisher-com.alibaba.nacos.common.event.ServerConfigChangeEvent] INFO com.alibaba.nacos.core -- Get Distro config from env, DistroConfig{syncDelayMillis=1000, syncTimeoutMillis=3000, syncRetryDelayMillis=3000, verifyIntervalMillis=5000, verifyTimeoutMillis=3000, loadDataRetryDelayMillis=30000, loadDataTimeoutMillis=30000}
17:53:27.119 [nacos.publisher-com.alibaba.nacos.common.event.ServerConfigChangeEvent] INFO com.alibaba.nacos.core -- Get ParamCheck config from env, ParamCheckConfig{paramCheckEnabled=true, activeParamChecker=default}
[INFO] Tests run: 2, Failures: 0, Errors: 0, Skipped: 0, Time elapsed: 1.004 s -- in com.alibaba.nacos.naming.push.v2.PushConfigTest
[INFO] Running com.alibaba.nacos.naming.push.v2.NamingSubscriberServiceV2ImplTest
17:53:28.177 [main] INFO com.alibaba.nacos.core -- Get topN config from env, TopNConfig{enabled=true, topNCount=10, internalMs=0}
[INFO] Tests run: 5, Failures: 0, Errors: 0, Skipped: 0, Time elapsed: 0.057 s -- in com.alibaba.nacos.naming.push.v2.NamingSubscriberServiceV2ImplTest
[INFO] Running com.alibaba.nacos.naming.push.v2.task.PushDelayTaskExecuteEngineTest
[INFO] Tests run: 1, Failures: 0, Errors: 0, Skipped: 0, Time elapsed: 0.227 s -- in com.alibaba.nacos.naming.push.v2.task.PushDelayTaskExecuteEngineTest
[INFO] Running com.alibaba.nacos.naming.push.v2.task.PushDelayTaskTest
17:53:28.421 [main] INFO com.alibaba.nacos.naming.push -- [PUSH] Task merge for Service{namespace='N', group='G', name='S', ephemeral=true, revision=0}
17:53:28.421 [main] INFO com.alibaba.nacos.naming.push -- [PUSH] Task merge for Service{namespace='N', group='G', name='S', ephemeral=true, revision=0}
17:53:28.422 [main] INFO com.alibaba.nacos.naming.push -- [PUSH] Task merge for Service{namespace='N', group='G', name='S', ephemeral=true, revision=0}
17:53:28.422 [main] INFO com.alibaba.nacos.naming.push -- [PUSH] Task merge for Service{namespace='N', group='G', name='S', ephemeral=true, revision=0}
17:53:28.422 [main] INFO com.alibaba.nacos.naming.push -- [PUSH] Task merge for Service{namespace='N', group='G', name='S', ephemeral=true, revision=0}
[INFO] Tests run: 4, Failures: 0, Errors: 0, Skipped: 0, Time elapsed: 0.015 s -- in com.alibaba.nacos.naming.push.v2.task.PushDelayTaskTest
[INFO] Running com.alibaba.nacos.naming.push.v2.task.FuzzyWatchSyncNotifyExecuteTaskTest
17:53:28.450 [main] INFO com.alibaba.nacos.naming.push -- [fuzzy watch] sync notify task success, pattern namespace>>group123>>service*, syncType=FUZZY_WATCH_INIT_NOTIFY,clientId=conntion1234,current batch size 5,currentBatch=1,totalBatch={}
17:53:28.450 [main] INFO com.alibaba.nacos.naming.push -- [fuzzy watch] init notify push success  ,clientId=conntion1234, pattern =namespace>>group123>>service* ,currentBatch=1,totalBatch=5
17:53:28.450 [main] INFO com.alibaba.nacos.naming.push -- [fuzzy watch] sync notify task success, pattern namespace>>group123>>service*, syncType=FUZZY_WATCH_INIT_NOTIFY,clientId=conntion1234,current batch size 5,currentBatch=2,totalBatch={}
17:53:28.450 [main] INFO com.alibaba.nacos.naming.push -- [fuzzy watch] init notify push success  ,clientId=conntion1234, pattern =namespace>>group123>>service* ,currentBatch=2,totalBatch=5
17:53:28.450 [main] INFO com.alibaba.nacos.naming.push -- [fuzzy watch] sync notify task success, pattern namespace>>group123>>service*, syncType=FUZZY_WATCH_INIT_NOTIFY,clientId=conntion1234,current batch size 5,currentBatch=3,totalBatch={}
17:53:28.450 [main] INFO com.alibaba.nacos.naming.push -- [fuzzy watch] init notify push success  ,clientId=conntion1234, pattern =namespace>>group123>>service* ,currentBatch=3,totalBatch=5
17:53:28.450 [main] INFO com.alibaba.nacos.naming.push -- [fuzzy watch] sync notify task success, pattern namespace>>group123>>service*, syncType=FUZZY_WATCH_INIT_NOTIFY,clientId=conntion1234,current batch size 5,currentBatch=4,totalBatch={}
17:53:28.450 [main] INFO com.alibaba.nacos.naming.push -- [fuzzy watch] init notify push success  ,clientId=conntion1234, pattern =namespace>>group123>>service* ,currentBatch=4,totalBatch=5
17:53:28.450 [main] INFO com.alibaba.nacos.naming.push -- [fuzzy watch] sync notify task success, pattern namespace>>group123>>service*, syncType=FUZZY_WATCH_INIT_NOTIFY,clientId=conntion1234,current batch size 5,currentBatch=5,totalBatch={}
17:53:28.450 [main] INFO com.alibaba.nacos.naming.push -- [fuzzy watch] init notify push success  ,clientId=conntion1234, pattern =namespace>>group123>>service* ,currentBatch=5,totalBatch=5
17:53:28.450 [main] INFO com.alibaba.nacos.naming.push -- [fuzzy watch] init notify all batch finish ,clientId=conntion1234, pattern =namespace>>group123>>service*,start notify init finish task
17:53:28.453 [main] WARN com.alibaba.nacos.naming.push -- [fuzzy watch] sync notify fail, pattern namespace>>group123>>service* ,clientId =conntion1234,currentBatch=1,totalBatch=1
com.alibaba.nacos.api.exception.runtime.NacosRuntimeException: errCode: 500, errMsg: exception 
	at com.alibaba.nacos.naming.push.v2.task.FuzzyWatchSyncNotifyExecuteTaskTest.testCallbackFail(FuzzyWatchSyncNotifyExecuteTaskTest.java:129)
	at java.base/jdk.internal.reflect.DirectMethodHandleAccessor.invoke(DirectMethodHandleAccessor.java:103)
	at java.base/java.lang.reflect.Method.invoke(Method.java:580)
	at org.junit.platform.commons.util.ReflectionUtils.invokeMethod(ReflectionUtils.java:728)
	at org.junit.jupiter.engine.execution.MethodInvocation.proceed(MethodInvocation.java:60)
	at org.junit.jupiter.engine.execution.InvocationInterceptorChain$ValidatingInvocation.proceed(InvocationInterceptorChain.java:131)
	at org.junit.jupiter.engine.extension.TimeoutExtension.intercept(TimeoutExtension.java:156)
	at org.junit.jupiter.engine.extension.TimeoutExtension.interceptTestableMethod(TimeoutExtension.java:147)
	at org.junit.jupiter.engine.extension.TimeoutExtension.interceptTestMethod(TimeoutExtension.java:86)
	at org.junit.jupiter.engine.execution.InterceptingExecutableInvoker$ReflectiveInterceptorCall.lambda$ofVoidMethod$0(InterceptingExecutableInvoker.java:103)
	at org.junit.jupiter.engine.execution.InterceptingExecutableInvoker.lambda$invoke$0(InterceptingExecutableInvoker.java:93)
	at org.junit.jupiter.engine.execution.InvocationInterceptorChain$InterceptedInvocation.proceed(InvocationInterceptorChain.java:106)
	at org.junit.jupiter.engine.execution.InvocationInterceptorChain.proceed(InvocationInterceptorChain.java:64)
	at org.junit.jupiter.engine.execution.InvocationInterceptorChain.chainAndInvoke(InvocationInterceptorChain.java:45)
	at org.junit.jupiter.engine.execution.InvocationInterceptorChain.invoke(InvocationInterceptorChain.java:37)
	at org.junit.jupiter.engine.execution.InterceptingExecutableInvoker.invoke(InterceptingExecutableInvoker.java:92)
	at org.junit.jupiter.engine.execution.InterceptingExecutableInvoker.invoke(InterceptingExecutableInvoker.java:86)
	at org.junit.jupiter.engine.descriptor.TestMethodTestDescriptor.lambda$invokeTestMethod$7(TestMethodTestDescriptor.java:218)
	at org.junit.platform.engine.support.hierarchical.ThrowableCollector.execute(ThrowableCollector.java:73)
	at org.junit.jupiter.engine.descriptor.TestMethodTestDescriptor.invokeTestMethod(TestMethodTestDescriptor.java:214)
	at org.junit.jupiter.engine.descriptor.TestMethodTestDescriptor.execute(TestMethodTestDescriptor.java:139)
	at org.junit.jupiter.engine.descriptor.TestMethodTestDescriptor.execute(TestMethodTestDescriptor.java:69)
	at org.junit.platform.engine.support.hierarchical.NodeTestTask.lambda$executeRecursively$6(NodeTestTask.java:151)
	at org.junit.platform.engine.support.hierarchical.ThrowableCollector.execute(ThrowableCollector.java:73)
	at org.junit.platform.engine.support.hierarchical.NodeTestTask.lambda$executeRecursively$8(NodeTestTask.java:141)
	at org.junit.platform.engine.support.hierarchical.Node.around(Node.java:137)
	at org.junit.platform.engine.support.hierarchical.NodeTestTask.lambda$executeRecursively$9(NodeTestTask.java:139)
	at org.junit.platform.engine.support.hierarchical.ThrowableCollector.execute(ThrowableCollector.java:73)
	at org.junit.platform.engine.support.hierarchical.NodeTestTask.executeRecursively(NodeTestTask.java:138)
	at org.junit.platform.engine.support.hierarchical.NodeTestTask.execute(NodeTestTask.java:95)
	at java.base/java.util.ArrayList.forEach(ArrayList.java:1596)
	at org.junit.platform.engine.support.hierarchical.SameThreadHierarchicalTestExecutorService.invokeAll(SameThreadHierarchicalTestExecutorService.java:41)
	at org.junit.platform.engine.support.hierarchical.NodeTestTask.lambda$executeRecursively$6(NodeTestTask.java:155)
	at org.junit.platform.engine.support.hierarchical.ThrowableCollector.execute(ThrowableCollector.java:73)
	at org.junit.platform.engine.support.hierarchical.NodeTestTask.lambda$executeRecursively$8(NodeTestTask.java:141)
	at org.junit.platform.engine.support.hierarchical.Node.around(Node.java:137)
	at org.junit.platform.engine.support.hierarchical.NodeTestTask.lambda$executeRecursively$9(NodeTestTask.java:139)
	at org.junit.platform.engine.support.hierarchical.ThrowableCollector.execute(ThrowableCollector.java:73)
	at org.junit.platform.engine.support.hierarchical.NodeTestTask.executeRecursively(NodeTestTask.java:138)
	at org.junit.platform.engine.support.hierarchical.NodeTestTask.execute(NodeTestTask.java:95)
	at java.base/java.util.ArrayList.forEach(ArrayList.java:1596)
	at org.junit.platform.engine.support.hierarchical.SameThreadHierarchicalTestExecutorService.invokeAll(SameThreadHierarchicalTestExecutorService.java:41)
	at org.junit.platform.engine.support.hierarchical.NodeTestTask.lambda$executeRecursively$6(NodeTestTask.java:155)
	at org.junit.platform.engine.support.hierarchical.ThrowableCollector.execute(ThrowableCollector.java:73)
	at org.junit.platform.engine.support.hierarchical.NodeTestTask.lambda$executeRecursively$8(NodeTestTask.java:141)
	at org.junit.platform.engine.support.hierarchical.Node.around(Node.java:137)
	at org.junit.platform.engine.support.hierarchical.NodeTestTask.lambda$executeRecursively$9(NodeTestTask.java:139)
	at org.junit.platform.engine.support.hierarchical.ThrowableCollector.execute(ThrowableCollector.java:73)
	at org.junit.platform.engine.support.hierarchical.NodeTestTask.executeRecursively(NodeTestTask.java:138)
	at org.junit.platform.engine.support.hierarchical.NodeTestTask.execute(NodeTestTask.java:95)
	at org.junit.platform.engine.support.hierarchical.SameThreadHierarchicalTestExecutorService.submit(SameThreadHierarchicalTestExecutorService.java:35)
	at org.junit.platform.engine.support.hierarchical.HierarchicalTestExecutor.execute(HierarchicalTestExecutor.java:57)
	at org.junit.platform.engine.support.hierarchical.HierarchicalTestEngine.execute(HierarchicalTestEngine.java:54)
	at org.junit.platform.launcher.core.EngineExecutionOrchestrator.execute(EngineExecutionOrchestrator.java:198)
	at org.junit.platform.launcher.core.EngineExecutionOrchestrator.execute(EngineExecutionOrchestrator.java:169)
	at org.junit.platform.launcher.core.EngineExecutionOrchestrator.execute(EngineExecutionOrchestrator.java:93)
	at org.junit.platform.launcher.core.EngineExecutionOrchestrator.lambda$execute$0(EngineExecutionOrchestrator.java:58)
	at org.junit.platform.launcher.core.EngineExecutionOrchestrator.withInterceptedStreams(EngineExecutionOrchestrator.java:141)
	at org.junit.platform.launcher.core.EngineExecutionOrchestrator.execute(EngineExecutionOrchestrator.java:57)
	at org.junit.platform.launcher.core.DefaultLauncher.execute(DefaultLauncher.java:103)
	at org.junit.platform.launcher.core.DefaultLauncher.execute(DefaultLauncher.java:85)
	at org.junit.platform.launcher.core.DelegatingLauncher.execute(DelegatingLauncher.java:47)
	at org.apache.maven.surefire.junitplatform.LazyLauncher.execute(LazyLauncher.java:56)
	at org.apache.maven.surefire.junitplatform.JUnitPlatformProvider.execute(JUnitPlatformProvider.java:184)
	at org.apache.maven.surefire.junitplatform.JUnitPlatformProvider.invokeAllTests(JUnitPlatformProvider.java:148)
	at org.apache.maven.surefire.junitplatform.JUnitPlatformProvider.invoke(JUnitPlatformProvider.java:122)
	at org.apache.maven.surefire.booter.ForkedBooter.runSuitesInProcess(ForkedBooter.java:385)
	at org.apache.maven.surefire.booter.ForkedBooter.execute(ForkedBooter.java:162)
	at org.apache.maven.surefire.booter.ForkedBooter.run(ForkedBooter.java:507)
	at org.apache.maven.surefire.booter.ForkedBooter.main(ForkedBooter.java:495)
17:53:28.453 [main] WARN com.alibaba.nacos.naming.push -- [fuzzy watch] reschedule this task to engine
17:53:28.454 [main] INFO com.alibaba.nacos.naming.push -- [fuzzy watch] init notify finish push success  ,clientId=conntion1234, pattern =namespace>>group123>>service*,total cost time=0ms
[INFO] Tests run: 4, Failures: 0, Errors: 0, Skipped: 0, Time elapsed: 0.030 s -- in com.alibaba.nacos.naming.push.v2.task.FuzzyWatchSyncNotifyExecuteTaskTest
[INFO] Running com.alibaba.nacos.naming.push.v2.task.PushExecuteTaskTest
17:53:28.457 [main] INFO com.alibaba.nacos.naming.push -- [PUSH-SUCC] 0ms, all delay time 0ms, SLA 1ms, Service{namespace='N', group='G', name='S', ephemeral=true, revision=0}, originalSize=0, DataSize=0, target=null
17:53:28.461 [main] INFO com.alibaba.nacos.naming.push -- [PUSH-SUCC] 0ms, all delay time 0ms for subscriber null, Service{namespace='N', group='G', name='S', ephemeral=true, revision=0}, originalSize=0, DataSize=0
17:53:28.462 [main] ERROR com.alibaba.nacos.naming.push -- [PUSH-FAIL] 0ms, Service{namespace='N', group='G', name='S', ephemeral=true, revision=0}, reason=null, target=null
17:53:28.462 [main] ERROR com.alibaba.nacos.naming.push -- Reason detail: 
java.lang.RuntimeException: null
	at com.alibaba.nacos.naming.push.v2.task.PushExecuteTaskTest.testRunFailedWithRetry(PushExecuteTaskTest.java:144)
	at java.base/jdk.internal.reflect.DirectMethodHandleAccessor.invoke(DirectMethodHandleAccessor.java:103)
	at java.base/java.lang.reflect.Method.invoke(Method.java:580)
	at org.junit.platform.commons.util.ReflectionUtils.invokeMethod(ReflectionUtils.java:728)
	at org.junit.jupiter.engine.execution.MethodInvocation.proceed(MethodInvocation.java:60)
	at org.junit.jupiter.engine.execution.InvocationInterceptorChain$ValidatingInvocation.proceed(InvocationInterceptorChain.java:131)
	at org.junit.jupiter.engine.extension.TimeoutExtension.intercept(TimeoutExtension.java:156)
	at org.junit.jupiter.engine.extension.TimeoutExtension.interceptTestableMethod(TimeoutExtension.java:147)
	at org.junit.jupiter.engine.extension.TimeoutExtension.interceptTestMethod(TimeoutExtension.java:86)
	at org.junit.jupiter.engine.execution.InterceptingExecutableInvoker$ReflectiveInterceptorCall.lambda$ofVoidMethod$0(InterceptingExecutableInvoker.java:103)
	at org.junit.jupiter.engine.execution.InterceptingExecutableInvoker.lambda$invoke$0(InterceptingExecutableInvoker.java:93)
	at org.junit.jupiter.engine.execution.InvocationInterceptorChain$InterceptedInvocation.proceed(InvocationInterceptorChain.java:106)
	at org.junit.jupiter.engine.execution.InvocationInterceptorChain.proceed(InvocationInterceptorChain.java:64)
	at org.junit.jupiter.engine.execution.InvocationInterceptorChain.chainAndInvoke(InvocationInterceptorChain.java:45)
	at org.junit.jupiter.engine.execution.InvocationInterceptorChain.invoke(InvocationInterceptorChain.java:37)
	at org.junit.jupiter.engine.execution.InterceptingExecutableInvoker.invoke(InterceptingExecutableInvoker.java:92)
	at org.junit.jupiter.engine.execution.InterceptingExecutableInvoker.invoke(InterceptingExecutableInvoker.java:86)
	at org.junit.jupiter.engine.descriptor.TestMethodTestDescriptor.lambda$invokeTestMethod$7(TestMethodTestDescriptor.java:218)
	at org.junit.platform.engine.support.hierarchical.ThrowableCollector.execute(ThrowableCollector.java:73)
	at org.junit.jupiter.engine.descriptor.TestMethodTestDescriptor.invokeTestMethod(TestMethodTestDescriptor.java:214)
	at org.junit.jupiter.engine.descriptor.TestMethodTestDescriptor.execute(TestMethodTestDescriptor.java:139)
	at org.junit.jupiter.engine.descriptor.TestMethodTestDescriptor.execute(TestMethodTestDescriptor.java:69)
	at org.junit.platform.engine.support.hierarchical.NodeTestTask.lambda$executeRecursively$6(NodeTestTask.java:151)
	at org.junit.platform.engine.support.hierarchical.ThrowableCollector.execute(ThrowableCollector.java:73)
	at org.junit.platform.engine.support.hierarchical.NodeTestTask.lambda$executeRecursively$8(NodeTestTask.java:141)
	at org.junit.platform.engine.support.hierarchical.Node.around(Node.java:137)
	at org.junit.platform.engine.support.hierarchical.NodeTestTask.lambda$executeRecursively$9(NodeTestTask.java:139)
	at org.junit.platform.engine.support.hierarchical.ThrowableCollector.execute(ThrowableCollector.java:73)
	at org.junit.platform.engine.support.hierarchical.NodeTestTask.executeRecursively(NodeTestTask.java:138)
	at org.junit.platform.engine.support.hierarchical.NodeTestTask.execute(NodeTestTask.java:95)
	at java.base/java.util.ArrayList.forEach(ArrayList.java:1596)
	at org.junit.platform.engine.support.hierarchical.SameThreadHierarchicalTestExecutorService.invokeAll(SameThreadHierarchicalTestExecutorService.java:41)
	at org.junit.platform.engine.support.hierarchical.NodeTestTask.lambda$executeRecursively$6(NodeTestTask.java:155)
	at org.junit.platform.engine.support.hierarchical.ThrowableCollector.execute(ThrowableCollector.java:73)
	at org.junit.platform.engine.support.hierarchical.NodeTestTask.lambda$executeRecursively$8(NodeTestTask.java:141)
	at org.junit.platform.engine.support.hierarchical.Node.around(Node.java:137)
	at org.junit.platform.engine.support.hierarchical.NodeTestTask.lambda$executeRecursively$9(NodeTestTask.java:139)
	at org.junit.platform.engine.support.hierarchical.ThrowableCollector.execute(ThrowableCollector.java:73)
	at org.junit.platform.engine.support.hierarchical.NodeTestTask.executeRecursively(NodeTestTask.java:138)
	at org.junit.platform.engine.support.hierarchical.NodeTestTask.execute(NodeTestTask.java:95)
	at java.base/java.util.ArrayList.forEach(ArrayList.java:1596)
	at org.junit.platform.engine.support.hierarchical.SameThreadHierarchicalTestExecutorService.invokeAll(SameThreadHierarchicalTestExecutorService.java:41)
	at org.junit.platform.engine.support.hierarchical.NodeTestTask.lambda$executeRecursively$6(NodeTestTask.java:155)
	at org.junit.platform.engine.support.hierarchical.ThrowableCollector.execute(ThrowableCollector.java:73)
	at org.junit.platform.engine.support.hierarchical.NodeTestTask.lambda$executeRecursively$8(NodeTestTask.java:141)
	at org.junit.platform.engine.support.hierarchical.Node.around(Node.java:137)
	at org.junit.platform.engine.support.hierarchical.NodeTestTask.lambda$executeRecursively$9(NodeTestTask.java:139)
	at org.junit.platform.engine.support.hierarchical.ThrowableCollector.execute(ThrowableCollector.java:73)
	at org.junit.platform.engine.support.hierarchical.NodeTestTask.executeRecursively(NodeTestTask.java:138)
	at org.junit.platform.engine.support.hierarchical.NodeTestTask.execute(NodeTestTask.java:95)
	at org.junit.platform.engine.support.hierarchical.SameThreadHierarchicalTestExecutorService.submit(SameThreadHierarchicalTestExecutorService.java:35)
	at org.junit.platform.engine.support.hierarchical.HierarchicalTestExecutor.execute(HierarchicalTestExecutor.java:57)
	at org.junit.platform.engine.support.hierarchical.HierarchicalTestEngine.execute(HierarchicalTestEngine.java:54)
	at org.junit.platform.launcher.core.EngineExecutionOrchestrator.execute(EngineExecutionOrchestrator.java:198)
	at org.junit.platform.launcher.core.EngineExecutionOrchestrator.execute(EngineExecutionOrchestrator.java:169)
	at org.junit.platform.launcher.core.EngineExecutionOrchestrator.execute(EngineExecutionOrchestrator.java:93)
	at org.junit.platform.launcher.core.EngineExecutionOrchestrator.lambda$execute$0(EngineExecutionOrchestrator.java:58)
	at org.junit.platform.launcher.core.EngineExecutionOrchestrator.withInterceptedStreams(EngineExecutionOrchestrator.java:141)
	at org.junit.platform.launcher.core.EngineExecutionOrchestrator.execute(EngineExecutionOrchestrator.java:57)
	at org.junit.platform.launcher.core.DefaultLauncher.execute(DefaultLauncher.java:103)
	at org.junit.platform.launcher.core.DefaultLauncher.execute(DefaultLauncher.java:85)
	at org.junit.platform.launcher.core.DelegatingLauncher.execute(DelegatingLauncher.java:47)
	at org.apache.maven.surefire.junitplatform.LazyLauncher.execute(LazyLauncher.java:56)
	at org.apache.maven.surefire.junitplatform.JUnitPlatformProvider.execute(JUnitPlatformProvider.java:184)
	at org.apache.maven.surefire.junitplatform.JUnitPlatformProvider.invokeAllTests(JUnitPlatformProvider.java:148)
	at org.apache.maven.surefire.junitplatform.JUnitPlatformProvider.invoke(JUnitPlatformProvider.java:122)
	at org.apache.maven.surefire.booter.ForkedBooter.runSuitesInProcess(ForkedBooter.java:385)
	at org.apache.maven.surefire.booter.ForkedBooter.execute(ForkedBooter.java:162)
	at org.apache.maven.surefire.booter.ForkedBooter.run(ForkedBooter.java:507)
	at org.apache.maven.surefire.booter.ForkedBooter.main(ForkedBooter.java:495)
17:53:28.464 [main] ERROR com.alibaba.nacos.naming.push -- [PUSH-FAIL] 0ms, Service{namespace='N', group='G', name='S', ephemeral=true, revision=0}, reason=null, target=null
17:53:28.465 [main] ERROR com.alibaba.nacos.naming.push -- Push task for serviceG@@S execute failed 
java.lang.RuntimeException: null
	at com.alibaba.nacos.naming.push.v2.task.PushDelayTaskExecuteEngine.getServiceStorage(PushDelayTaskExecuteEngine.java:73)
	at com.alibaba.nacos.naming.push.v2.task.PushExecuteTask.generatePushData(PushExecuteTask.java:82)
	at com.alibaba.nacos.naming.push.v2.task.PushExecuteTask.run(PushExecuteTask.java:59)
	at com.alibaba.nacos.naming.push.v2.task.PushExecuteTaskTest.testRunFailedWithHandleException(PushExecuteTaskTest.java:123)
	at java.base/jdk.internal.reflect.DirectMethodHandleAccessor.invoke(DirectMethodHandleAccessor.java:103)
	at java.base/java.lang.reflect.Method.invoke(Method.java:580)
	at org.junit.platform.commons.util.ReflectionUtils.invokeMethod(ReflectionUtils.java:728)
	at org.junit.jupiter.engine.execution.MethodInvocation.proceed(MethodInvocation.java:60)
	at org.junit.jupiter.engine.execution.InvocationInterceptorChain$ValidatingInvocation.proceed(InvocationInterceptorChain.java:131)
	at org.junit.jupiter.engine.extension.TimeoutExtension.intercept(TimeoutExtension.java:156)
	at org.junit.jupiter.engine.extension.TimeoutExtension.interceptTestableMethod(TimeoutExtension.java:147)
	at org.junit.jupiter.engine.extension.TimeoutExtension.interceptTestMethod(TimeoutExtension.java:86)
	at org.junit.jupiter.engine.execution.InterceptingExecutableInvoker$ReflectiveInterceptorCall.lambda$ofVoidMethod$0(InterceptingExecutableInvoker.java:103)
	at org.junit.jupiter.engine.execution.InterceptingExecutableInvoker.lambda$invoke$0(InterceptingExecutableInvoker.java:93)
	at org.junit.jupiter.engine.execution.InvocationInterceptorChain$InterceptedInvocation.proceed(InvocationInterceptorChain.java:106)
	at org.junit.jupiter.engine.execution.InvocationInterceptorChain.proceed(InvocationInterceptorChain.java:64)
	at org.junit.jupiter.engine.execution.InvocationInterceptorChain.chainAndInvoke(InvocationInterceptorChain.java:45)
	at org.junit.jupiter.engine.execution.InvocationInterceptorChain.invoke(InvocationInterceptorChain.java:37)
	at org.junit.jupiter.engine.execution.InterceptingExecutableInvoker.invoke(InterceptingExecutableInvoker.java:92)
	at org.junit.jupiter.engine.execution.InterceptingExecutableInvoker.invoke(InterceptingExecutableInvoker.java:86)
	at org.junit.jupiter.engine.descriptor.TestMethodTestDescriptor.lambda$invokeTestMethod$7(TestMethodTestDescriptor.java:218)
	at org.junit.platform.engine.support.hierarchical.ThrowableCollector.execute(ThrowableCollector.java:73)
	at org.junit.jupiter.engine.descriptor.TestMethodTestDescriptor.invokeTestMethod(TestMethodTestDescriptor.java:214)
	at org.junit.jupiter.engine.descriptor.TestMethodTestDescriptor.execute(TestMethodTestDescriptor.java:139)
	at org.junit.jupiter.engine.descriptor.TestMethodTestDescriptor.execute(TestMethodTestDescriptor.java:69)
	at org.junit.platform.engine.support.hierarchical.NodeTestTask.lambda$executeRecursively$6(NodeTestTask.java:151)
	at org.junit.platform.engine.support.hierarchical.ThrowableCollector.execute(ThrowableCollector.java:73)
	at org.junit.platform.engine.support.hierarchical.NodeTestTask.lambda$executeRecursively$8(NodeTestTask.java:141)
	at org.junit.platform.engine.support.hierarchical.Node.around(Node.java:137)
	at org.junit.platform.engine.support.hierarchical.NodeTestTask.lambda$executeRecursively$9(NodeTestTask.java:139)
	at org.junit.platform.engine.support.hierarchical.ThrowableCollector.execute(ThrowableCollector.java:73)
	at org.junit.platform.engine.support.hierarchical.NodeTestTask.executeRecursively(NodeTestTask.java:138)
	at org.junit.platform.engine.support.hierarchical.NodeTestTask.execute(NodeTestTask.java:95)
	at java.base/java.util.ArrayList.forEach(ArrayList.java:1596)
	at org.junit.platform.engine.support.hierarchical.SameThreadHierarchicalTestExecutorService.invokeAll(SameThreadHierarchicalTestExecutorService.java:41)
	at org.junit.platform.engine.support.hierarchical.NodeTestTask.lambda$executeRecursively$6(NodeTestTask.java:155)
	at org.junit.platform.engine.support.hierarchical.ThrowableCollector.execute(ThrowableCollector.java:73)
	at org.junit.platform.engine.support.hierarchical.NodeTestTask.lambda$executeRecursively$8(NodeTestTask.java:141)
	at org.junit.platform.engine.support.hierarchical.Node.around(Node.java:137)
	at org.junit.platform.engine.support.hierarchical.NodeTestTask.lambda$executeRecursively$9(NodeTestTask.java:139)
	at org.junit.platform.engine.support.hierarchical.ThrowableCollector.execute(ThrowableCollector.java:73)
	at org.junit.platform.engine.support.hierarchical.NodeTestTask.executeRecursively(NodeTestTask.java:138)
	at org.junit.platform.engine.support.hierarchical.NodeTestTask.execute(NodeTestTask.java:95)
	at java.base/java.util.ArrayList.forEach(ArrayList.java:1596)
	at org.junit.platform.engine.support.hierarchical.SameThreadHierarchicalTestExecutorService.invokeAll(SameThreadHierarchicalTestExecutorService.java:41)
	at org.junit.platform.engine.support.hierarchical.NodeTestTask.lambda$executeRecursively$6(NodeTestTask.java:155)
	at org.junit.platform.engine.support.hierarchical.ThrowableCollector.execute(ThrowableCollector.java:73)
	at org.junit.platform.engine.support.hierarchical.NodeTestTask.lambda$executeRecursively$8(NodeTestTask.java:141)
	at org.junit.platform.engine.support.hierarchical.Node.around(Node.java:137)
	at org.junit.platform.engine.support.hierarchical.NodeTestTask.lambda$executeRecursively$9(NodeTestTask.java:139)
	at org.junit.platform.engine.support.hierarchical.ThrowableCollector.execute(ThrowableCollector.java:73)
	at org.junit.platform.engine.support.hierarchical.NodeTestTask.executeRecursively(NodeTestTask.java:138)
	at org.junit.platform.engine.support.hierarchical.NodeTestTask.execute(NodeTestTask.java:95)
	at org.junit.platform.engine.support.hierarchical.SameThreadHierarchicalTestExecutorService.submit(SameThreadHierarchicalTestExecutorService.java:35)
	at org.junit.platform.engine.support.hierarchical.HierarchicalTestExecutor.execute(HierarchicalTestExecutor.java:57)
	at org.junit.platform.engine.support.hierarchical.HierarchicalTestEngine.execute(HierarchicalTestEngine.java:54)
	at org.junit.platform.launcher.core.EngineExecutionOrchestrator.execute(EngineExecutionOrchestrator.java:198)
	at org.junit.platform.launcher.core.EngineExecutionOrchestrator.execute(EngineExecutionOrchestrator.java:169)
	at org.junit.platform.launcher.core.EngineExecutionOrchestrator.execute(EngineExecutionOrchestrator.java:93)
	at org.junit.platform.launcher.core.EngineExecutionOrchestrator.lambda$execute$0(EngineExecutionOrchestrator.java:58)
	at org.junit.platform.launcher.core.EngineExecutionOrchestrator.withInterceptedStreams(EngineExecutionOrchestrator.java:141)
	at org.junit.platform.launcher.core.EngineExecutionOrchestrator.execute(EngineExecutionOrchestrator.java:57)
	at org.junit.platform.launcher.core.DefaultLauncher.execute(DefaultLauncher.java:103)
	at org.junit.platform.launcher.core.DefaultLauncher.execute(DefaultLauncher.java:85)
	at org.junit.platform.launcher.core.DelegatingLauncher.execute(DelegatingLauncher.java:47)
	at org.apache.maven.surefire.junitplatform.LazyLauncher.execute(LazyLauncher.java:56)
	at org.apache.maven.surefire.junitplatform.JUnitPlatformProvider.execute(JUnitPlatformProvider.java:184)
	at org.apache.maven.surefire.junitplatform.JUnitPlatformProvider.invokeAllTests(JUnitPlatformProvider.java:148)
	at org.apache.maven.surefire.junitplatform.JUnitPlatformProvider.invoke(JUnitPlatformProvider.java:122)
	at org.apache.maven.surefire.booter.ForkedBooter.runSuitesInProcess(ForkedBooter.java:385)
	at org.apache.maven.surefire.booter.ForkedBooter.execute(ForkedBooter.java:162)
	at org.apache.maven.surefire.booter.ForkedBooter.run(ForkedBooter.java:507)
	at org.apache.maven.surefire.booter.ForkedBooter.main(ForkedBooter.java:495)
[INFO] Tests run: 5, Failures: 0, Errors: 0, Skipped: 0, Time elapsed: 0.010 s -- in com.alibaba.nacos.naming.push.v2.task.PushExecuteTaskTest
[INFO] Running com.alibaba.nacos.naming.push.v2.executor.PushExecutorUdpImplTest
[INFO] Tests run: 2, Failures: 0, Errors: 0, Skipped: 0, Time elapsed: 0.023 s -- in com.alibaba.nacos.naming.push.v2.executor.PushExecutorUdpImplTest
[INFO] Running com.alibaba.nacos.naming.push.v2.executor.PushExecutorRpcImplTest
[INFO] Tests run: 2, Failures: 0, Errors: 0, Skipped: 0, Time elapsed: 0.024 s -- in com.alibaba.nacos.naming.push.v2.executor.PushExecutorRpcImplTest
[INFO] Running com.alibaba.nacos.naming.push.v2.executor.SpiImplPushExecutorHolderTest
[INFO] Tests run: 2, Failures: 0, Errors: 0, Skipped: 0, Time elapsed: 0.022 s -- in com.alibaba.nacos.naming.push.v2.executor.SpiImplPushExecutorHolderTest
[INFO] Running com.alibaba.nacos.naming.push.v2.executor.PushExecutorDelegateTest
[INFO] Tests run: 4, Failures: 0, Errors: 0, Skipped: 0, Time elapsed: 0.039 s -- in com.alibaba.nacos.naming.push.v2.executor.PushExecutorDelegateTest
[INFO] Running com.alibaba.nacos.naming.push.v2.hook.NacosMonitorPushResultHookTest
[INFO] Tests run: 3, Failures: 0, Errors: 0, Skipped: 0, Time elapsed: 0.045 s -- in com.alibaba.nacos.naming.push.v2.hook.NacosMonitorPushResultHookTest
[INFO] Running com.alibaba.nacos.naming.push.NamingFuzzyWatchChangeNotifierTest
17:53:28.627 [main] INFO com.alibaba.nacos.naming.main -- FUZZY_WATCH:serviceKey namespace12@@group@@service12345   has 3 clients  fuzzy watched
[INFO] Tests run: 1, Failures: 0, Errors: 0, Skipped: 0, Time elapsed: 0.002 s -- in com.alibaba.nacos.naming.push.NamingFuzzyWatchChangeNotifierTest
[INFO] Running com.alibaba.nacos.naming.push.NamingSubscriberServiceAggregationImplTest
[INFO] Tests run: 6, Failures: 0, Errors: 0, Skipped: 0, Time elapsed: 0.049 s -- in com.alibaba.nacos.naming.push.NamingSubscriberServiceAggregationImplTest
[INFO] Running com.alibaba.nacos.naming.push.NamingFuzzyWatchSyncNotifierTest
[INFO] Tests run: 4, Failures: 0, Errors: 0, Skipped: 0, Time elapsed: 0.003 s -- in com.alibaba.nacos.naming.push.NamingFuzzyWatchSyncNotifierTest
[INFO] Running com.alibaba.nacos.naming.ability.NamingAbilityInitializerTest
[INFO] Tests run: 1, Failures: 0, Errors: 0, Skipped: 0, Time elapsed: 0.001 s -- in com.alibaba.nacos.naming.ability.NamingAbilityInitializerTest
[INFO] Running com.alibaba.nacos.naming.controllers.InstanceControllerTest
17:53:28.738 [main] INFO com.alibaba.nacos.naming.main -- Load instance extension handler [com.alibaba.nacos.naming.pojo.instance.MockInstanceExtensionHandler@ba1a239]
17:53:29.747 [main] INFO com.alibaba.nacos.naming.main -- Load instance extension handler [com.alibaba.nacos.naming.pojo.instance.MockInstanceExtensionHandler@4288c5a8]
17:53:29.752 [main] INFO com.alibaba.nacos.naming.main -- Load instance extension handler [com.alibaba.nacos.naming.pojo.instance.MockInstanceExtensionHandler@4179260d]
17:53:29.755 [main] INFO com.alibaba.nacos.naming.main -- Load instance extension handler [com.alibaba.nacos.naming.pojo.instance.MockInstanceExtensionHandler@3df17e4b]
17:53:29.758 [main] INFO com.alibaba.nacos.naming.main -- Load instance extension handler [com.alibaba.nacos.naming.pojo.instance.MockInstanceExtensionHandler@12bc51f4]
17:53:30.773 [main] INFO com.alibaba.nacos.naming.main -- Load instance extension handler [com.alibaba.nacos.naming.pojo.instance.MockInstanceExtensionHandler@4b5d2a4c]
17:53:30.778 [main] WARN com.alibaba.nacos.naming.main -- UPDATE-METADATA: Param 'instances' is illegal, ignore this operation
com.alibaba.nacos.api.exception.runtime.NacosDeserializationException: errCode: 101, errMsg: Nacos deserialize for class [com.alibaba.nacos.naming.controllers.InstanceController$1] failed, cause error[No content to map due to end-of-input
 at [Source: REDACTED (`StreamReadFeature.INCLUDE_SOURCE_IN_LOCATION` disabled); line: 1]].  
	at com.alibaba.nacos.common.utils.JacksonUtils.toObj(JacksonUtils.java:198)
	at com.alibaba.nacos.naming.controllers.InstanceController.parseBatchInstances(InstanceController.java:274)
	at com.alibaba.nacos.naming.controllers.InstanceController.batchDeleteInstanceMetadata(InstanceController.java:244)
	at com.alibaba.nacos.naming.controllers.InstanceControllerTest.testBatchDeleteInstanceMetadata(InstanceControllerTest.java:164)
	at java.base/jdk.internal.reflect.DirectMethodHandleAccessor.invoke(DirectMethodHandleAccessor.java:103)
	at java.base/java.lang.reflect.Method.invoke(Method.java:580)
	at org.junit.platform.commons.util.ReflectionUtils.invokeMethod(ReflectionUtils.java:728)
	at org.junit.jupiter.engine.execution.MethodInvocation.proceed(MethodInvocation.java:60)
	at org.junit.jupiter.engine.execution.InvocationInterceptorChain$ValidatingInvocation.proceed(InvocationInterceptorChain.java:131)
	at org.junit.jupiter.engine.extension.TimeoutExtension.intercept(TimeoutExtension.java:156)
	at org.junit.jupiter.engine.extension.TimeoutExtension.interceptTestableMethod(TimeoutExtension.java:147)
	at org.junit.jupiter.engine.extension.TimeoutExtension.interceptTestMethod(TimeoutExtension.java:86)
	at org.junit.jupiter.engine.execution.InterceptingExecutableInvoker$ReflectiveInterceptorCall.lambda$ofVoidMethod$0(InterceptingExecutableInvoker.java:103)
	at org.junit.jupiter.engine.execution.InterceptingExecutableInvoker.lambda$invoke$0(InterceptingExecutableInvoker.java:93)
	at org.junit.jupiter.engine.execution.InvocationInterceptorChain$InterceptedInvocation.proceed(InvocationInterceptorChain.java:106)
	at org.junit.jupiter.engine.execution.InvocationInterceptorChain.proceed(InvocationInterceptorChain.java:64)
	at org.junit.jupiter.engine.execution.InvocationInterceptorChain.chainAndInvoke(InvocationInterceptorChain.java:45)
	at org.junit.jupiter.engine.execution.InvocationInterceptorChain.invoke(InvocationInterceptorChain.java:37)
	at org.junit.jupiter.engine.execution.InterceptingExecutableInvoker.invoke(InterceptingExecutableInvoker.java:92)
	at org.junit.jupiter.engine.execution.InterceptingExecutableInvoker.invoke(InterceptingExecutableInvoker.java:86)
	at org.junit.jupiter.engine.descriptor.TestMethodTestDescriptor.lambda$invokeTestMethod$7(TestMethodTestDescriptor.java:218)
	at org.junit.platform.engine.support.hierarchical.ThrowableCollector.execute(ThrowableCollector.java:73)
	at org.junit.jupiter.engine.descriptor.TestMethodTestDescriptor.invokeTestMethod(TestMethodTestDescriptor.java:214)
	at org.junit.jupiter.engine.descriptor.TestMethodTestDescriptor.execute(TestMethodTestDescriptor.java:139)
	at org.junit.jupiter.engine.descriptor.TestMethodTestDescriptor.execute(TestMethodTestDescriptor.java:69)
	at org.junit.platform.engine.support.hierarchical.NodeTestTask.lambda$executeRecursively$6(NodeTestTask.java:151)
	at org.junit.platform.engine.support.hierarchical.ThrowableCollector.execute(ThrowableCollector.java:73)
	at org.junit.platform.engine.support.hierarchical.NodeTestTask.lambda$executeRecursively$8(NodeTestTask.java:141)
	at org.junit.platform.engine.support.hierarchical.Node.around(Node.java:137)
	at org.junit.platform.engine.support.hierarchical.NodeTestTask.lambda$executeRecursively$9(NodeTestTask.java:139)
	at org.junit.platform.engine.support.hierarchical.ThrowableCollector.execute(ThrowableCollector.java:73)
	at org.junit.platform.engine.support.hierarchical.NodeTestTask.executeRecursively(NodeTestTask.java:138)
	at org.junit.platform.engine.support.hierarchical.NodeTestTask.execute(NodeTestTask.java:95)
	at java.base/java.util.ArrayList.forEach(ArrayList.java:1596)
	at org.junit.platform.engine.support.hierarchical.SameThreadHierarchicalTestExecutorService.invokeAll(SameThreadHierarchicalTestExecutorService.java:41)
	at org.junit.platform.engine.support.hierarchical.NodeTestTask.lambda$executeRecursively$6(NodeTestTask.java:155)
	at org.junit.platform.engine.support.hierarchical.ThrowableCollector.execute(ThrowableCollector.java:73)
	at org.junit.platform.engine.support.hierarchical.NodeTestTask.lambda$executeRecursively$8(NodeTestTask.java:141)
	at org.junit.platform.engine.support.hierarchical.Node.around(Node.java:137)
	at org.junit.platform.engine.support.hierarchical.NodeTestTask.lambda$executeRecursively$9(NodeTestTask.java:139)
	at org.junit.platform.engine.support.hierarchical.ThrowableCollector.execute(ThrowableCollector.java:73)
	at org.junit.platform.engine.support.hierarchical.NodeTestTask.executeRecursively(NodeTestTask.java:138)
	at org.junit.platform.engine.support.hierarchical.NodeTestTask.execute(NodeTestTask.java:95)
	at java.base/java.util.ArrayList.forEach(ArrayList.java:1596)
	at org.junit.platform.engine.support.hierarchical.SameThreadHierarchicalTestExecutorService.invokeAll(SameThreadHierarchicalTestExecutorService.java:41)
	at org.junit.platform.engine.support.hierarchical.NodeTestTask.lambda$executeRecursively$6(NodeTestTask.java:155)
	at org.junit.platform.engine.support.hierarchical.ThrowableCollector.execute(ThrowableCollector.java:73)
	at org.junit.platform.engine.support.hierarchical.NodeTestTask.lambda$executeRecursively$8(NodeTestTask.java:141)
	at org.junit.platform.engine.support.hierarchical.Node.around(Node.java:137)
	at org.junit.platform.engine.support.hierarchical.NodeTestTask.lambda$executeRecursively$9(NodeTestTask.java:139)
	at org.junit.platform.engine.support.hierarchical.ThrowableCollector.execute(ThrowableCollector.java:73)
	at org.junit.platform.engine.support.hierarchical.NodeTestTask.executeRecursively(NodeTestTask.java:138)
	at org.junit.platform.engine.support.hierarchical.NodeTestTask.execute(NodeTestTask.java:95)
	at org.junit.platform.engine.support.hierarchical.SameThreadHierarchicalTestExecutorService.submit(SameThreadHierarchicalTestExecutorService.java:35)
	at org.junit.platform.engine.support.hierarchical.HierarchicalTestExecutor.execute(HierarchicalTestExecutor.java:57)
	at org.junit.platform.engine.support.hierarchical.HierarchicalTestEngine.execute(HierarchicalTestEngine.java:54)
	at org.junit.platform.launcher.core.EngineExecutionOrchestrator.execute(EngineExecutionOrchestrator.java:198)
	at org.junit.platform.launcher.core.EngineExecutionOrchestrator.execute(EngineExecutionOrchestrator.java:169)
	at org.junit.platform.launcher.core.EngineExecutionOrchestrator.execute(EngineExecutionOrchestrator.java:93)
	at org.junit.platform.launcher.core.EngineExecutionOrchestrator.lambda$execute$0(EngineExecutionOrchestrator.java:58)
	at org.junit.platform.launcher.core.EngineExecutionOrchestrator.withInterceptedStreams(EngineExecutionOrchestrator.java:141)
	at org.junit.platform.launcher.core.EngineExecutionOrchestrator.execute(EngineExecutionOrchestrator.java:57)
	at org.junit.platform.launcher.core.DefaultLauncher.execute(DefaultLauncher.java:103)
	at org.junit.platform.launcher.core.DefaultLauncher.execute(DefaultLauncher.java:85)
	at org.junit.platform.launcher.core.DelegatingLauncher.execute(DelegatingLauncher.java:47)
	at org.apache.maven.surefire.junitplatform.LazyLauncher.execute(LazyLauncher.java:56)
	at org.apache.maven.surefire.junitplatform.JUnitPlatformProvider.execute(JUnitPlatformProvider.java:184)
	at org.apache.maven.surefire.junitplatform.JUnitPlatformProvider.invokeAllTests(JUnitPlatformProvider.java:148)
	at org.apache.maven.surefire.junitplatform.JUnitPlatformProvider.invoke(JUnitPlatformProvider.java:122)
	at org.apache.maven.surefire.booter.ForkedBooter.runSuitesInProcess(ForkedBooter.java:385)
	at org.apache.maven.surefire.booter.ForkedBooter.execute(ForkedBooter.java:162)
	at org.apache.maven.surefire.booter.ForkedBooter.run(ForkedBooter.java:507)
	at org.apache.maven.surefire.booter.ForkedBooter.main(ForkedBooter.java:495)
Caused by: com.fasterxml.jackson.databind.exc.MismatchedInputException: No content to map due to end-of-input
 at [Source: REDACTED (`StreamReadFeature.INCLUDE_SOURCE_IN_LOCATION` disabled); line: 1]
	at com.fasterxml.jackson.databind.exc.MismatchedInputException.from(MismatchedInputException.java:59)
	at com.fasterxml.jackson.databind.ObjectMapper._initForReading(ObjectMapper.java:5022)
	at com.fasterxml.jackson.databind.ObjectMapper._readMapAndClose(ObjectMapper.java:4921)
	at com.fasterxml.jackson.databind.ObjectMapper.readValue(ObjectMapper.java:3868)
	at com.fasterxml.jackson.databind.ObjectMapper.readValue(ObjectMapper.java:3851)
	at com.alibaba.nacos.common.utils.JacksonUtils.toObj(JacksonUtils.java:196)
	... 72 common frames omitted
17:53:30.781 [main] INFO com.alibaba.nacos.naming.main -- Load instance extension handler [com.alibaba.nacos.naming.pojo.instance.MockInstanceExtensionHandler@9ce4057]
17:53:30.816 [main] INFO com.alibaba.nacos.naming.main -- Load instance extension handler [com.alibaba.nacos.naming.pojo.instance.MockInstanceExtensionHandler@243dc57b]
17:53:30.847 [main] INFO com.alibaba.nacos.naming.main -- Load instance extension handler [com.alibaba.nacos.naming.pojo.instance.MockInstanceExtensionHandler@1a35041]
17:53:31.136 [com.alibaba.nacos.naming.remote-connection-manager.0] INFO com.alibaba.nacos.naming.main -- Remove expired metadata expiredMetadataInfoMock
[INFO] Tests run: 9, Failures: 0, Errors: 0, Skipped: 0, Time elapsed: 3.168 s -- in com.alibaba.nacos.naming.controllers.InstanceControllerTest
[INFO] Running com.alibaba.nacos.naming.controllers.HealthControllerTest
[INFO] Tests run: 3, Failures: 0, Errors: 0, Skipped: 0, Time elapsed: 0.041 s -- in com.alibaba.nacos.naming.controllers.HealthControllerTest
[INFO] Running com.alibaba.nacos.naming.controllers.OperatorControllerTest
17:53:31.946 [main] INFO com.alibaba.nacos.naming.main -- Client change for service Service{namespace='', group='', name='', ephemeral=true, revision=0}, 127.0.0.1:8081#true
[INFO] Tests run: 6, Failures: 0, Errors: 0, Skipped: 0, Time elapsed: 0.047 s -- in com.alibaba.nacos.naming.controllers.OperatorControllerTest
[INFO] Running com.alibaba.nacos.naming.controllers.CatalogControllerTest
[INFO] Tests run: 3, Failures: 0, Errors: 0, Skipped: 0, Time elapsed: 0.026 s -- in com.alibaba.nacos.naming.controllers.CatalogControllerTest
[INFO] Running com.alibaba.nacos.naming.controllers.v2.CatalogControllerV2Test
17:53:32.168 [main] INFO org.springframework.mock.web.MockServletContext -- Initializing Spring TestDispatcherServlet ''
17:53:32.168 [main] INFO org.springframework.test.web.servlet.TestDispatcherServlet -- Initializing Servlet ''
17:53:32.169 [main] INFO org.springframework.test.web.servlet.TestDispatcherServlet -- Completed initialization in 1 ms
[INFO] Tests run: 1, Failures: 0, Errors: 0, Skipped: 0, Time elapsed: 0.247 s -- in com.alibaba.nacos.naming.controllers.v2.CatalogControllerV2Test
[INFO] Running com.alibaba.nacos.naming.controllers.v2.HealthControllerV2Test
17:53:32.236 [main] INFO org.springframework.mock.web.MockServletContext -- Initializing Spring TestDispatcherServlet ''
17:53:32.236 [main] INFO org.springframework.test.web.servlet.TestDispatcherServlet -- Initializing Servlet ''
17:53:32.236 [main] INFO org.springframework.test.web.servlet.TestDispatcherServlet -- Completed initialization in 0 ms
[INFO] Tests run: 1, Failures: 0, Errors: 0, Skipped: 0, Time elapsed: 0.033 s -- in com.alibaba.nacos.naming.controllers.v2.HealthControllerV2Test
[INFO] Running com.alibaba.nacos.naming.controllers.v2.ClientInfoControllerV2Test
17:53:32.313 [main] INFO org.springframework.mock.web.MockServletContext -- Initializing Spring TestDispatcherServlet ''
17:53:32.313 [main] INFO org.springframework.test.web.servlet.TestDispatcherServlet -- Initializing Servlet ''
17:53:32.313 [main] INFO org.springframework.test.web.servlet.TestDispatcherServlet -- Completed initialization in 0 ms
17:53:32.322 [main] INFO org.springframework.mock.web.MockServletContext -- Initializing Spring TestDispatcherServlet ''
17:53:32.322 [main] INFO org.springframework.test.web.servlet.TestDispatcherServlet -- Initializing Servlet ''
17:53:32.322 [main] INFO org.springframework.test.web.servlet.TestDispatcherServlet -- Completed initialization in 0 ms
17:53:32.331 [main] INFO org.springframework.mock.web.MockServletContext -- Initializing Spring TestDispatcherServlet ''
17:53:32.332 [main] INFO org.springframework.test.web.servlet.TestDispatcherServlet -- Initializing Servlet ''
17:53:32.332 [main] INFO org.springframework.test.web.servlet.TestDispatcherServlet -- Completed initialization in 0 ms
17:53:32.332 [main] INFO com.alibaba.nacos.naming.main -- Client change for service Service{namespace='test', group='test', name='test', ephemeral=true, revision=0}, test2
17:53:32.366 [main] INFO org.springframework.mock.web.MockServletContext -- Initializing Spring TestDispatcherServlet ''
17:53:32.366 [main] INFO org.springframework.test.web.servlet.TestDispatcherServlet -- Initializing Servlet ''
17:53:32.366 [main] INFO org.springframework.test.web.servlet.TestDispatcherServlet -- Completed initialization in 0 ms
17:53:32.366 [main] INFO com.alibaba.nacos.naming.main -- Client change for service Service{namespace='nacos-getPublishedClientList-test', group='nacos-getPublishedClientList-test', name='nacos-getPublishedClientList-test', ephemeral=true, revision=0}, test2
17:53:32.375 [main] INFO org.springframework.mock.web.MockServletContext -- Initializing Spring TestDispatcherServlet ''
17:53:32.375 [main] INFO org.springframework.test.web.servlet.TestDispatcherServlet -- Initializing Servlet ''
17:53:32.375 [main] INFO org.springframework.test.web.servlet.TestDispatcherServlet -- Completed initialization in 0 ms
[INFO] Tests run: 5, Failures: 0, Errors: 0, Skipped: 0, Time elapsed: 0.112 s -- in com.alibaba.nacos.naming.controllers.v2.ClientInfoControllerV2Test
[INFO] Running com.alibaba.nacos.naming.controllers.v2.ServiceControllerV2Test
[INFO] Tests run: 5, Failures: 0, Errors: 0, Skipped: 0, Time elapsed: 1.043 s -- in com.alibaba.nacos.naming.controllers.v2.ServiceControllerV2Test
[INFO] Running com.alibaba.nacos.naming.controllers.v2.InstanceControllerV2Test
17:53:33.441 [main] INFO org.springframework.mock.web.MockServletContext -- Initializing Spring TestDispatcherServlet ''
17:53:33.441 [main] INFO org.springframework.test.web.servlet.TestDispatcherServlet -- Initializing Servlet ''
17:53:33.441 [main] INFO org.springframework.test.web.servlet.TestDispatcherServlet -- Completed initialization in 0 ms
17:53:33.447 [main] INFO org.springframework.mock.web.MockServletContext -- Initializing Spring TestDispatcherServlet ''
17:53:33.447 [main] INFO org.springframework.test.web.servlet.TestDispatcherServlet -- Initializing Servlet ''
17:53:33.447 [main] INFO org.springframework.test.web.servlet.TestDispatcherServlet -- Completed initialization in 0 ms
17:53:33.455 [main] INFO org.springframework.mock.web.MockServletContext -- Initializing Spring TestDispatcherServlet ''
17:53:33.455 [main] INFO org.springframework.test.web.servlet.TestDispatcherServlet -- Initializing Servlet ''
17:53:33.455 [main] INFO org.springframework.test.web.servlet.TestDispatcherServlet -- Completed initialization in 0 ms
17:53:33.456 [main] WARN org.springframework.web.servlet.PageNotFound -- No mapping for GET /v2/ns/instance/statuses
17:53:33.458 [main] WARN org.springframework.web.servlet.PageNotFound -- No endpoint GET /v2/ns/instance/statuses.
17:53:33.464 [main] INFO org.springframework.mock.web.MockServletContext -- Initializing Spring TestDispatcherServlet ''
17:53:33.464 [main] INFO org.springframework.test.web.servlet.TestDispatcherServlet -- Initializing Servlet ''
17:53:33.464 [main] INFO org.springframework.test.web.servlet.TestDispatcherServlet -- Completed initialization in 0 ms
17:53:33.470 [main] INFO org.springframework.mock.web.MockServletContext -- Initializing Spring TestDispatcherServlet ''
17:53:33.470 [main] INFO org.springframework.test.web.servlet.TestDispatcherServlet -- Initializing Servlet ''
17:53:33.470 [main] INFO org.springframework.test.web.servlet.TestDispatcherServlet -- Completed initialization in 0 ms
17:53:33.478 [main] INFO org.springframework.mock.web.MockServletContext -- Initializing Spring TestDispatcherServlet ''
17:53:33.478 [main] INFO org.springframework.test.web.servlet.TestDispatcherServlet -- Initializing Servlet ''
17:53:33.478 [main] INFO org.springframework.test.web.servlet.TestDispatcherServlet -- Completed initialization in 0 ms
17:53:33.485 [main] INFO org.springframework.mock.web.MockServletContext -- Initializing Spring TestDispatcherServlet ''
17:53:33.485 [main] INFO org.springframework.test.web.servlet.TestDispatcherServlet -- Initializing Servlet ''
17:53:33.485 [main] INFO org.springframework.test.web.servlet.TestDispatcherServlet -- Completed initialization in 0 ms
17:53:33.492 [main] INFO org.springframework.mock.web.MockServletContext -- Initializing Spring TestDispatcherServlet ''
17:53:33.493 [main] INFO org.springframework.test.web.servlet.TestDispatcherServlet -- Initializing Servlet ''
17:53:33.493 [main] INFO org.springframework.test.web.servlet.TestDispatcherServlet -- Completed initialization in 0 ms
17:53:34.501 [main] INFO org.springframework.mock.web.MockServletContext -- Initializing Spring TestDispatcherServlet ''
17:53:34.501 [main] INFO org.springframework.test.web.servlet.TestDispatcherServlet -- Initializing Servlet ''
17:53:34.501 [main] INFO org.springframework.test.web.servlet.TestDispatcherServlet -- Completed initialization in 0 ms
[INFO] Tests run: 9, Failures: 0, Errors: 0, Skipped: 0, Time elapsed: 1.075 s -- in com.alibaba.nacos.naming.controllers.v2.InstanceControllerV2Test
[INFO] Running com.alibaba.nacos.naming.controllers.v2.OperatorControllerV2Test
[INFO] Tests run: 3, Failures: 0, Errors: 0, Skipped: 0, Time elapsed: 0.040 s -- in com.alibaba.nacos.naming.controllers.v2.OperatorControllerV2Test
[INFO] Running com.alibaba.nacos.naming.controllers.v3.InstanceOpenApiControllerTest
[INFO] Tests run: 4, Failures: 0, Errors: 0, Skipped: 0, Time elapsed: 0.015 s -- in com.alibaba.nacos.naming.controllers.v3.InstanceOpenApiControllerTest
[INFO] Running com.alibaba.nacos.naming.controllers.v3.ServiceControllerV3Test
17:53:36.139 [com.alibaba.nacos.naming.remote-connection-manager.0] INFO com.alibaba.nacos.naming.main -- Remove expired metadata expiredMetadataInfoMock
[INFO] Tests run: 7, Failures: 0, Errors: 0, Skipped: 0, Time elapsed: 3.014 s -- in com.alibaba.nacos.naming.controllers.v3.ServiceControllerV3Test
[INFO] Running com.alibaba.nacos.naming.controllers.v3.InstanceControllerV3Test
17:53:37.626 [main] INFO org.springframework.mock.web.MockServletContext -- Initializing Spring TestDispatcherServlet ''
17:53:37.626 [main] INFO org.springframework.test.web.servlet.TestDispatcherServlet -- Initializing Servlet ''
17:53:37.626 [main] INFO org.springframework.test.web.servlet.TestDispatcherServlet -- Completed initialization in 0 ms
17:53:37.632 [main] INFO org.springframework.mock.web.MockServletContext -- Initializing Spring TestDispatcherServlet ''
17:53:37.632 [main] INFO org.springframework.test.web.servlet.TestDispatcherServlet -- Initializing Servlet ''
17:53:37.632 [main] INFO org.springframework.test.web.servlet.TestDispatcherServlet -- Completed initialization in 0 ms
17:53:37.638 [main] INFO org.springframework.mock.web.MockServletContext -- Initializing Spring TestDispatcherServlet ''
17:53:37.638 [main] INFO org.springframework.test.web.servlet.TestDispatcherServlet -- Initializing Servlet ''
17:53:37.638 [main] INFO org.springframework.test.web.servlet.TestDispatcherServlet -- Completed initialization in 0 ms
17:53:37.646 [main] INFO org.springframework.mock.web.MockServletContext -- Initializing Spring TestDispatcherServlet ''
17:53:37.646 [main] INFO org.springframework.test.web.servlet.TestDispatcherServlet -- Initializing Servlet ''
17:53:37.646 [main] INFO org.springframework.test.web.servlet.TestDispatcherServlet -- Completed initialization in 0 ms
17:53:37.651 [main] INFO org.springframework.mock.web.MockServletContext -- Initializing Spring TestDispatcherServlet ''
17:53:37.651 [main] INFO org.springframework.test.web.servlet.TestDispatcherServlet -- Initializing Servlet ''
17:53:37.651 [main] INFO org.springframework.test.web.servlet.TestDispatcherServlet -- Completed initialization in 0 ms
17:53:38.667 [main] INFO org.springframework.mock.web.MockServletContext -- Initializing Spring TestDispatcherServlet ''
17:53:38.667 [main] INFO org.springframework.test.web.servlet.TestDispatcherServlet -- Initializing Servlet ''
17:53:38.667 [main] INFO org.springframework.test.web.servlet.TestDispatcherServlet -- Completed initialization in 0 ms
17:53:38.675 [main] INFO org.springframework.mock.web.MockServletContext -- Initializing Spring TestDispatcherServlet ''
17:53:38.675 [main] INFO org.springframework.test.web.servlet.TestDispatcherServlet -- Initializing Servlet ''
17:53:38.675 [main] INFO org.springframework.test.web.servlet.TestDispatcherServlet -- Completed initialization in 0 ms
[INFO] Tests run: 7, Failures: 0, Errors: 0, Skipped: 0, Time elapsed: 1.079 s -- in com.alibaba.nacos.naming.controllers.v3.InstanceControllerV3Test
[INFO] Running com.alibaba.nacos.naming.controllers.v3.ClientControllerV3Test
17:53:38.718 [main] INFO org.springframework.mock.web.MockServletContext -- Initializing Spring TestDispatcherServlet ''
17:53:38.718 [main] INFO org.springframework.test.web.servlet.TestDispatcherServlet -- Initializing Servlet ''
17:53:38.718 [main] INFO org.springframework.test.web.servlet.TestDispatcherServlet -- Completed initialization in 0 ms
17:53:38.723 [main] INFO org.springframework.mock.web.MockServletContext -- Initializing Spring TestDispatcherServlet ''
17:53:38.723 [main] INFO org.springframework.test.web.servlet.TestDispatcherServlet -- Initializing Servlet ''
17:53:38.723 [main] INFO org.springframework.test.web.servlet.TestDispatcherServlet -- Completed initialization in 0 ms
17:53:38.729 [main] INFO org.springframework.mock.web.MockServletContext -- Initializing Spring TestDispatcherServlet ''
17:53:38.729 [main] INFO org.springframework.test.web.servlet.TestDispatcherServlet -- Initializing Servlet ''
17:53:38.729 [main] INFO org.springframework.test.web.servlet.TestDispatcherServlet -- Completed initialization in 0 ms
17:53:38.729 [main] INFO com.alibaba.nacos.naming.main -- Client change for service Service{namespace='test', group='test', name='test', ephemeral=true, revision=0}, test2
17:53:38.735 [main] INFO org.springframework.mock.web.MockServletContext -- Initializing Spring TestDispatcherServlet ''
17:53:38.735 [main] INFO org.springframework.test.web.servlet.TestDispatcherServlet -- Initializing Servlet ''
17:53:38.735 [main] INFO org.springframework.test.web.servlet.TestDispatcherServlet -- Completed initialization in 0 ms
17:53:38.735 [main] INFO com.alibaba.nacos.naming.main -- Client change for service Service{namespace='nacos-getPublishedClientList-test', group='nacos-getPublishedClientList-test', name='nacos-getPublishedClientList-test', ephemeral=true, revision=0}, test2
[INFO] Tests run: 4, Failures: 0, Errors: 0, Skipped: 0, Time elapsed: 0.056 s -- in com.alibaba.nacos.naming.controllers.v3.ClientControllerV3Test
[INFO] Running com.alibaba.nacos.naming.controllers.v3.OperatorControllerV3Test
[INFO] Tests run: 4, Failures: 0, Errors: 0, Skipped: 0, Time elapsed: 0.002 s -- in com.alibaba.nacos.naming.controllers.v3.OperatorControllerV3Test
[INFO] Running com.alibaba.nacos.naming.controllers.v3.HealthControllerV3Test
17:53:38.749 [main] INFO org.springframework.mock.web.MockServletContext -- Initializing Spring TestDispatcherServlet ''
17:53:38.749 [main] INFO org.springframework.test.web.servlet.TestDispatcherServlet -- Initializing Servlet ''
17:53:38.749 [main] INFO org.springframework.test.web.servlet.TestDispatcherServlet -- Completed initialization in 0 ms
17:53:38.753 [main] INFO org.springframework.mock.web.MockServletContext -- Initializing Spring TestDispatcherServlet ''
17:53:38.753 [main] INFO org.springframework.test.web.servlet.TestDispatcherServlet -- Initializing Servlet ''
17:53:38.753 [main] INFO org.springframework.test.web.servlet.TestDispatcherServlet -- Completed initialization in 0 ms
[INFO] Tests run: 2, Failures: 0, Errors: 0, Skipped: 0, Time elapsed: 0.011 s -- in com.alibaba.nacos.naming.controllers.v3.HealthControllerV3Test
[INFO] Running com.alibaba.nacos.naming.controllers.v3.ClusterControllerV3Test
[INFO] Tests run: 1, Failures: 0, Errors: 0, Skipped: 0, Time elapsed: 0.027 s -- in com.alibaba.nacos.naming.controllers.v3.ClusterControllerV3Test
[INFO] Running com.alibaba.nacos.naming.controllers.ServiceControllerTest
[INFO] Tests run: 7, Failures: 0, Errors: 0, Skipped: 0, Time elapsed: 1.297 s -- in com.alibaba.nacos.naming.controllers.ServiceControllerTest
[INFO] Running com.alibaba.nacos.naming.controllers.ClusterControllerTest
[INFO] Tests run: 1, Failures: 0, Errors: 0, Skipped: 0, Time elapsed: 0.002 s -- in com.alibaba.nacos.naming.controllers.ClusterControllerTest
[INFO] Running com.alibaba.nacos.naming.exception.ResponseExceptionHandlerTest
17:53:40.304 [main] INFO org.springframework.mock.web.MockServletContext -- Initializing Spring TestDispatcherServlet ''
17:53:40.304 [main] INFO org.springframework.test.web.servlet.TestDispatcherServlet -- Initializing Servlet ''
17:53:40.325 [main] INFO org.springframework.test.web.servlet.TestDispatcherServlet -- Completed initialization in 21 ms
17:53:40.333 [main] ERROR com.alibaba.nacos.naming.main -- got exception. 
17:53:40.337 [main] ERROR com.alibaba.nacos.naming.main -- got exception. 
17:53:40.337 [main] ERROR com.alibaba.nacos.naming.main -- got exception. 
[INFO] Tests run: 1, Failures: 0, Errors: 0, Skipped: 0, Time elapsed: 0.248 s -- in com.alibaba.nacos.naming.exception.ResponseExceptionHandlerTest
[INFO] Running com.alibaba.nacos.naming.pojo.instance.InstanceIdGeneratorManagerTest
[INFO] Tests run: 2, Failures: 0, Errors: 0, Skipped: 0, Time elapsed: 0.002 s -- in com.alibaba.nacos.naming.pojo.instance.InstanceIdGeneratorManagerTest
[INFO] Running com.alibaba.nacos.naming.pojo.instance.BeatInfoInstanceBuilderTest
[INFO] Tests run: 1, Failures: 0, Errors: 0, Skipped: 0, Time elapsed: 0.001 s -- in com.alibaba.nacos.naming.pojo.instance.BeatInfoInstanceBuilderTest
[INFO] Running com.alibaba.nacos.naming.pojo.instance.DefaultInstanceInstanceIdGeneratorTest
[INFO] Tests run: 1, Failures: 0, Errors: 0, Skipped: 0, Time elapsed: 0 s -- in com.alibaba.nacos.naming.pojo.instance.DefaultInstanceInstanceIdGeneratorTest
[INFO] Running com.alibaba.nacos.naming.pojo.instance.HttpRequestInstanceBuilderTest
[INFO] Tests run: 3, Failures: 0, Errors: 0, Skipped: 0, Time elapsed: 0.002 s -- in com.alibaba.nacos.naming.pojo.instance.HttpRequestInstanceBuilderTest
[INFO] Running com.alibaba.nacos.naming.pojo.instance.SnowFlakeInstanceIdGeneratorTest
[INFO] Tests run: 1, Failures: 0, Errors: 0, Skipped: 0, Time elapsed: 0 s -- in com.alibaba.nacos.naming.pojo.instance.SnowFlakeInstanceIdGeneratorTest
[INFO] Running com.alibaba.nacos.naming.pojo.SubscriberTest
[INFO] Tests run: 1, Failures: 0, Errors: 0, Skipped: 0, Time elapsed: 0.002 s -- in com.alibaba.nacos.naming.pojo.SubscriberTest
[INFO] Running com.alibaba.nacos.naming.remote.udp.UdpConnectorTest
[WARNING] Tests run: 3, Failures: 0, Errors: 0, Skipped: 3, Time elapsed: 0 s -- in com.alibaba.nacos.naming.remote.udp.UdpConnectorTest
[INFO] Running com.alibaba.nacos.naming.remote.rpc.handler.BatchInstanceRequestHandlerTest
[INFO] Tests run: 1, Failures: 0, Errors: 0, Skipped: 0, Time elapsed: 0.001 s -- in com.alibaba.nacos.naming.remote.rpc.handler.BatchInstanceRequestHandlerTest
[INFO] Running com.alibaba.nacos.naming.remote.rpc.handler.InstanceRequestHandlerTest
[INFO] Tests run: 1, Failures: 0, Errors: 0, Skipped: 0, Time elapsed: 0 s -- in com.alibaba.nacos.naming.remote.rpc.handler.InstanceRequestHandlerTest
[INFO] Running com.alibaba.nacos.naming.remote.rpc.handler.ServiceQueryRequestHandlerTest
[INFO] Tests run: 1, Failures: 0, Errors: 0, Skipped: 0, Time elapsed: 0.001 s -- in com.alibaba.nacos.naming.remote.rpc.handler.ServiceQueryRequestHandlerTest
[INFO] Running com.alibaba.nacos.naming.remote.rpc.handler.PersistentInstanceRequestHandlerTest
[INFO] Tests run: 1, Failures: 0, Errors: 0, Skipped: 0, Time elapsed: 0.002 s -- in com.alibaba.nacos.naming.remote.rpc.handler.PersistentInstanceRequestHandlerTest
[INFO] Running com.alibaba.nacos.naming.remote.rpc.handler.DistroDataRequestHandlerTest
[INFO] Tests run: 1, Failures: 0, Errors: 0, Skipped: 0, Time elapsed: 0.002 s -- in com.alibaba.nacos.naming.remote.rpc.handler.DistroDataRequestHandlerTest
[INFO] Running com.alibaba.nacos.naming.remote.rpc.handler.ServiceListRequestHandlerTest
[INFO] Tests run: 1, Failures: 0, Errors: 0, Skipped: 0, Time elapsed: 0.002 s -- in com.alibaba.nacos.naming.remote.rpc.handler.ServiceListRequestHandlerTest
[INFO] Running com.alibaba.nacos.naming.remote.rpc.handler.SubscribeServiceRequestHandlerTest
[INFO] Tests run: 1, Failures: 0, Errors: 0, Skipped: 0, Time elapsed: 0.002 s -- in com.alibaba.nacos.naming.remote.rpc.handler.SubscribeServiceRequestHandlerTest
17:53:40.387 [Thread-41] INFO com.alibaba.nacos.common.http.HttpClientBeanHolder -- [HttpClientBeanHolder] Start destroying common HttpClient
17:53:40.387 [Thread-42] INFO com.alibaba.nacos.naming.main -- [NamingServerHttpClientManager] Start destroying HTTP-Client
[INFO] 
[INFO] Results:
[INFO] 
[WARNING] Tests run: 501, Failures: 0, Errors: 0, Skipped: 3
[INFO] 
[INFO] 
[INFO] --- jacoco-maven-plugin:0.8.13:report (default-report) @ nacos-naming ---
[INFO] Loading execution data file /Users/xinluo/sources/nacos/naming/target/coverage-reports/jacoco-unit.exec
[INFO] Analyzed bundle 'nacos-naming 3.1.0-SNAPSHOT' with 296 classes
[INFO] 
[INFO] --- easyj-maven-plugin:1.1.5:simplify-pom (flatten-pom) @ nacos-naming ---
[INFO] Create PomSimplifier by mode: auto
[INFO] The simplify mode is: JAR
[INFO] Do simplify by the POM simplifier: JarPomSimplifier
[INFO] 
[INFO] ==================================  start simplify  ==================================
[INFO] Remove Parent.
[INFO] Set GroupId from 'null' to 'com.alibaba.nacos'.
[INFO] Set Version from 'null' to '3.1.0-SNAPSHOT'.
[INFO] Set Name from 'nacos-naming ${project.version}' to 'nacos-naming 3.1.0-SNAPSHOT'.
[WARNING] The '<description>' is required when uploading OSSRH. Please set a value immediately.
[INFO] -------------------------------------------
[INFO] Copy project info from parent for the open source project:
[INFO]    Copy Licenses.
[INFO]    Copy Developers.
[INFO]    Copy Scm.
[INFO]    Copy Organization.
[INFO]    Copy IssueManagement.
[INFO] -------------------------------------------
[INFO] -------------------------------------------
[INFO] Reset dependencies: groupId, version, exclusions (Contains 19 dependencies)
[INFO]   Reset dependency: [${project.groupId}:nacos-core:null] -> [com.alibaba.nacos:nacos-core:3.1.0-SNAPSHOT]
[INFO]   Reset dependency: [${project.groupId}:nacos-api:null] -> [com.alibaba.nacos:nacos-api:3.1.0-SNAPSHOT]
[INFO]   Reset dependency: [org.springframework.boot:spring-boot:null] -> [org.springframework.boot:spring-boot:3.4.9]
[INFO]   Reset dependency: [org.springframework.boot:spring-boot-starter-web:null] -> [org.springframework.boot:spring-boot-starter-web:3.4.9]
[INFO]   Remove dependency by scope=test: [org.springframework.boot:spring-boot-starter-test:3.4.9:test]
[INFO]   Reset dependency: [commons-collections:commons-collections:null] -> [commons-collections:commons-collections:3.2.2]
[INFO]   Reset dependency: [org.slf4j:slf4j-api:null] -> [org.slf4j:slf4j-api:2.0.13]
[INFO]   Reset dependency: [ch.qos.logback:logback-classic:null] -> [ch.qos.logback:logback-classic:1.5.12]
[INFO]   Reset dependency: [ch.qos.logback:logback-core:null] -> [ch.qos.logback:logback-core:1.5.12]
[INFO]   Reset dependency: [org.apache.httpcomponents.core5:httpcore5:null] -> [org.apache.httpcomponents.core5:httpcore5:5.3.4]
[INFO]   Reset dependency: [org.apache.httpcomponents.client5:httpclient5:null] -> [org.apache.httpcomponents.client5:httpclient5:5.4.4]
[INFO]   Reset dependency: [com.mysql:mysql-connector-j:null] -> [com.mysql:mysql-connector-j:8.2.0]
[INFO]   Reset dependency: [org.slf4j:log4j-over-slf4j:null] -> [org.slf4j:log4j-over-slf4j:2.0.17]
[INFO]   Reset dependency: [org.slf4j:jcl-over-slf4j:null] -> [org.slf4j:jcl-over-slf4j:2.0.17]
[INFO]   Reset dependency: [org.slf4j:jul-to-slf4j:null] -> [org.slf4j:jul-to-slf4j:2.0.17]
[INFO]   Reset dependency: [${project.groupId}:nacos-cmdb:null] -> [com.alibaba.nacos:nacos-cmdb:3.1.0-SNAPSHOT]
[INFO]   Reset dependency: [io.micrometer:micrometer-registry-prometheus:null] -> [io.micrometer:micrometer-registry-prometheus:1.12.8]
[INFO]   Reset dependency: [io.micrometer:micrometer-registry-elastic:null] -> [io.micrometer:micrometer-registry-elastic:1.12.8]
[INFO]   Reset dependency: [io.micrometer:micrometer-registry-influx:null] -> [io.micrometer:micrometer-registry-influx:1.12.8]
[INFO] Remaining 18 dependencies.
[INFO] -------------------------------------------
[INFO] Remove Build.
[INFO] Remove Reporting.
[INFO] -------------------------------------------
[INFO] Optimize Dependencies: (18)
[INFO]  - Optimize with 'replaceVariable'
[INFO] ==================================   end  simplify  ==================================
[INFO] 
[INFO] Create the POM file '.flattened-pom.xml'.
[INFO] Set the POM file '.flattened-pom.xml' to the project object.
[INFO] 
[INFO] --- maven-jar-plugin:3.2.2:jar (default-jar) @ nacos-naming ---
[INFO] Building jar: /Users/xinluo/sources/nacos/naming/target/nacos-naming-3.1.0-SNAPSHOT.jar
[INFO] 
[INFO] --- maven-javadoc-plugin:2.10.4:jar (attach-javadocs) @ nacos-naming ---
[INFO] Skipping javadoc generation
[INFO] 
[INFO] >>> maven-source-plugin:3.0.1:jar (attach-sources) > generate-sources @ nacos-naming >>>
[INFO] 
[INFO] --- maven-enforcer-plugin:3.5.0:enforce (enforce-ban-circular-dependencies) @ nacos-naming ---
[INFO] Rule 0: org.codehaus.mojo.extraenforcer.dependencies.BanCircularDependencies passed
[INFO] 
[INFO] --- maven-checkstyle-plugin:3.1.2:check (validate) @ nacos-naming ---
[WARNING] Old version of checkstyle detected. Consider updating to >= v8.30
[WARNING] For more information see: https://maven.apache.org/plugins/maven-checkstyle-plugin/examples/upgrading-checkstyle.html
[INFO] 开始检查……
检查完成。
[INFO] You have 0 Checkstyle violations.
[INFO] 
[INFO] --- jacoco-maven-plugin:0.8.13:prepare-agent (default-prepare-agent) @ nacos-naming ---
[INFO] argLine set to -javaagent:/var/root/.m2/repository/org/jacoco/org.jacoco.agent/0.8.13/org.jacoco.agent-0.8.13-runtime.jar=destfile=/Users/xinluo/sources/nacos/naming/target/coverage-reports/jacoco-unit.exec,append=true,excludes=**/grpc/auto/**:**/packagescan/classreading/**:**/packagescan/resource/**:**/packagescan/util/**,output=file
[INFO] 
[INFO] --- build-helper-maven-plugin:3.2.0:add-source (add-source) @ nacos-naming ---
[INFO] Source directory: /Users/xinluo/sources/nacos/naming/target/generated-sources/protobuf/java added.
[INFO] 
[INFO] <<< maven-source-plugin:3.0.1:jar (attach-sources) < generate-sources @ nacos-naming <<<
[INFO] 
[INFO] 
[INFO] --- maven-source-plugin:3.0.1:jar (attach-sources) @ nacos-naming ---
[INFO] Building jar: /Users/xinluo/sources/nacos/naming/target/nacos-naming-3.1.0-SNAPSHOT-sources.jar
[INFO] 
[INFO] >>> maven-pmd-plugin:3.16.0:check (default) > :pmd @ nacos-naming >>>
[INFO] 
[INFO] --- maven-pmd-plugin:3.16.0:pmd (pmd) @ nacos-naming ---
[WARNING] Unable to locate Source XRef to link to - DISABLED
[WARNING] Unable to locate Source XRef to link to - DISABLED
[INFO] PMD version: 6.42.0
[WARNING] Rule /Users/xinluo/sources/nacos/naming/target/pmd/rulesets/ali-comment.xml/CommentsMustBeJavadocFormatRule does not mention attribute language='java', please mention it explicitly to be compatible with PMD 7
[WARNING] Rule /Users/xinluo/sources/nacos/naming/target/pmd/rulesets/ali-comment.xml/CommentsMustBeJavadocFormatRule does not mention attribute language='java', please mention it explicitly to be compatible with PMD 7
[WARNING] Rule /Users/xinluo/sources/nacos/naming/target/pmd/rulesets/ali-comment.xml/AbstractMethodOrInterfaceMethodMustUseJavadocRule does not mention attribute language='java', please mention it explicitly to be compatible with PMD 7
[WARNING] Rule /Users/xinluo/sources/nacos/naming/target/pmd/rulesets/ali-comment.xml/AbstractMethodOrInterfaceMethodMustUseJavadocRule does not mention attribute language='java', please mention it explicitly to be compatible with PMD 7
[WARNING] Rule /Users/xinluo/sources/nacos/naming/target/pmd/rulesets/ali-comment.xml/ClassMustHaveAuthorRule does not mention attribute language='java', please mention it explicitly to be compatible with PMD 7
[WARNING] Rule /Users/xinluo/sources/nacos/naming/target/pmd/rulesets/ali-comment.xml/ClassMustHaveAuthorRule does not mention attribute language='java', please mention it explicitly to be compatible with PMD 7
[WARNING] Rule /Users/xinluo/sources/nacos/naming/target/pmd/rulesets/ali-comment.xml/EnumConstantsMustHaveCommentRule does not mention attribute language='java', please mention it explicitly to be compatible with PMD 7
[WARNING] Rule /Users/xinluo/sources/nacos/naming/target/pmd/rulesets/ali-comment.xml/EnumConstantsMustHaveCommentRule does not mention attribute language='java', please mention it explicitly to be compatible with PMD 7
[WARNING] Rule /Users/xinluo/sources/nacos/naming/target/pmd/rulesets/ali-comment.xml/AvoidCommentBehindStatementRule does not mention attribute language='java', please mention it explicitly to be compatible with PMD 7
[WARNING] Rule /Users/xinluo/sources/nacos/naming/target/pmd/rulesets/ali-comment.xml/AvoidCommentBehindStatementRule does not mention attribute language='java', please mention it explicitly to be compatible with PMD 7
[WARNING] Rule /Users/xinluo/sources/nacos/naming/target/pmd/rulesets/ali-comment.xml/RemoveCommentedCodeRule does not mention attribute language='java', please mention it explicitly to be compatible with PMD 7
[WARNING] Rule /Users/xinluo/sources/nacos/naming/target/pmd/rulesets/ali-comment.xml/RemoveCommentedCodeRule does not mention attribute language='java', please mention it explicitly to be compatible with PMD 7
[WARNING] Rule /Users/xinluo/sources/nacos/naming/target/pmd/rulesets/ali-constant.xml/UpperEllRule does not mention attribute language='java', please mention it explicitly to be compatible with PMD 7
[WARNING] Rule /Users/xinluo/sources/nacos/naming/target/pmd/rulesets/ali-constant.xml/UpperEllRule does not mention attribute language='java', please mention it explicitly to be compatible with PMD 7
[WARNING] Rule /Users/xinluo/sources/nacos/naming/target/pmd/rulesets/ali-constant.xml/UndefineMagicConstantRule does not mention attribute language='java', please mention it explicitly to be compatible with PMD 7
[WARNING] Rule /Users/xinluo/sources/nacos/naming/target/pmd/rulesets/ali-constant.xml/UndefineMagicConstantRule does not mention attribute language='java', please mention it explicitly to be compatible with PMD 7
[WARNING] Rule /Users/xinluo/sources/nacos/naming/target/pmd/rulesets/ali-set.xml/ClassCastExceptionWithToArrayRule does not mention attribute language='java', please mention it explicitly to be compatible with PMD 7
[WARNING] Rule /Users/xinluo/sources/nacos/naming/target/pmd/rulesets/ali-set.xml/ClassCastExceptionWithToArrayRule does not mention attribute language='java', please mention it explicitly to be compatible with PMD 7
[WARNING] Rule /Users/xinluo/sources/nacos/naming/target/pmd/rulesets/ali-set.xml/UnsupportedExceptionWithModifyAsListRule does not mention attribute language='java', please mention it explicitly to be compatible with PMD 7
[WARNING] Rule /Users/xinluo/sources/nacos/naming/target/pmd/rulesets/ali-set.xml/UnsupportedExceptionWithModifyAsListRule does not mention attribute language='java', please mention it explicitly to be compatible with PMD 7
[WARNING] Rule /Users/xinluo/sources/nacos/naming/target/pmd/rulesets/ali-set.xml/ClassCastExceptionWithSubListToArrayListRule does not mention attribute language='java', please mention it explicitly to be compatible with PMD 7
[WARNING] Rule /Users/xinluo/sources/nacos/naming/target/pmd/rulesets/ali-set.xml/ClassCastExceptionWithSubListToArrayListRule does not mention attribute language='java', please mention it explicitly to be compatible with PMD 7
[WARNING] Rule /Users/xinluo/sources/nacos/naming/target/pmd/rulesets/ali-set.xml/ConcurrentExceptionWithModifyOriginSubListRule does not mention attribute language='java', please mention it explicitly to be compatible with PMD 7
[WARNING] Rule /Users/xinluo/sources/nacos/naming/target/pmd/rulesets/ali-set.xml/ConcurrentExceptionWithModifyOriginSubListRule does not mention attribute language='java', please mention it explicitly to be compatible with PMD 7
[WARNING] Rule /Users/xinluo/sources/nacos/naming/target/pmd/rulesets/ali-set.xml/DontModifyInForeachCircleRule does not mention attribute language='java', please mention it explicitly to be compatible with PMD 7
[WARNING] Rule /Users/xinluo/sources/nacos/naming/target/pmd/rulesets/ali-set.xml/DontModifyInForeachCircleRule does not mention attribute language='java', please mention it explicitly to be compatible with PMD 7
[WARNING] Rule /Users/xinluo/sources/nacos/naming/target/pmd/rulesets/ali-set.xml/CollectionInitShouldAssignCapacityRule does not mention attribute language='java', please mention it explicitly to be compatible with PMD 7
[WARNING] Rule /Users/xinluo/sources/nacos/naming/target/pmd/rulesets/ali-set.xml/CollectionInitShouldAssignCapacityRule does not mention attribute language='java', please mention it explicitly to be compatible with PMD 7
[WARNING] Use of deprecated attribute 'ClassOrInterfaceDeclaration/@Image' by XPath rule 'BooleanPropertyShouldNotStartWithIsRule' (in ruleset 'AlibabaJavaNaming'), please use @SimpleName instead
[WARNING] Use of deprecated attribute 'ClassOrInterfaceDeclaration/@Image' by XPath rule 'BooleanPropertyShouldNotStartWithIsRule' (in ruleset 'AlibabaJavaNaming'), please use @SimpleName instead
[WARNING] Use of deprecated attribute 'FieldDeclaration/@Array' by XPath rule 'ArrayNamingShouldHaveBracketRule' (in ruleset 'AlibabaJavaNaming')
[WARNING] Use of deprecated attribute 'FieldDeclaration/@Array' by XPath rule 'ArrayNamingShouldHaveBracketRule' (in ruleset 'AlibabaJavaNaming')
[WARNING] Use of deprecated attribute 'LocalVariableDeclaration/@Array' by XPath rule 'ArrayNamingShouldHaveBracketRule' (in ruleset 'AlibabaJavaNaming')
[WARNING] Use of deprecated attribute 'LocalVariableDeclaration/@Array' by XPath rule 'ArrayNamingShouldHaveBracketRule' (in ruleset 'AlibabaJavaNaming')
[WARNING] Use of deprecated attribute 'ReferenceType/@Array' by XPath rule 'ArrayNamingShouldHaveBracketRule' (in ruleset 'AlibabaJavaNaming')
[WARNING] Use of deprecated attribute 'ReferenceType/@Array' by XPath rule 'ArrayNamingShouldHaveBracketRule' (in ruleset 'AlibabaJavaNaming')
[WARNING] Use of deprecated attribute 'ClassOrInterfaceDeclaration/@Image' by XPath rule 'ServiceOrDaoClassShouldEndWithImplRule' (in ruleset 'AlibabaJavaNaming'), please use @SimpleName instead
[WARNING] Use of deprecated attribute 'ClassOrInterfaceDeclaration/@Image' by XPath rule 'ServiceOrDaoClassShouldEndWithImplRule' (in ruleset 'AlibabaJavaNaming'), please use @SimpleName instead
[WARNING] Use of deprecated attribute 'ConditionalExpression/@Ternary' by XPath rule 'AvoidComplexConditionRule' (in ruleset 'AlibabaJavaFlowControl')
[WARNING] Use of deprecated attribute 'ConditionalExpression/@Ternary' by XPath rule 'AvoidComplexConditionRule' (in ruleset 'AlibabaJavaFlowControl')
[WARNING] Use of deprecated attribute 'Arguments/@ArgumentCount' by XPath rule 'AvoidNewDateGetTimeRule' (in ruleset 'AlibabaJavaOthers'), please use @Size instead
[WARNING] Use of deprecated attribute 'Arguments/@ArgumentCount' by XPath rule 'AvoidNewDateGetTimeRule' (in ruleset 'AlibabaJavaOthers'), please use @Size instead
[INFO] 
[INFO] <<< maven-pmd-plugin:3.16.0:check (default) < :pmd @ nacos-naming <<<
[INFO] 
[INFO] 
[INFO] --- maven-pmd-plugin:3.16.0:check (default) @ nacos-naming ---
[INFO] PMD version: 6.42.0
[INFO] 
[INFO] 
[INFO] --- apache-rat-plugin:0.12:check (default) @ nacos-naming ---
[INFO] Enabled default license matchers.
[INFO] Will parse SCM ignores for exclusions...
[INFO] Finished adding exclusions from SCM ignore files.
[INFO] 61 implicit excludes (use -debug for more details).
[INFO] Exclude: .editorconfig
[INFO] Exclude: .travis.yml
[INFO] Exclude: codecov.yml
[INFO] Exclude: CONTRIBUTING.md
[INFO] Exclude: CODE_OF_CONDUCT.md
[INFO] Exclude: CHANGELOG.md
[INFO] Exclude: style/codeStyle.md
[INFO] Exclude: REPORTING-BUGS.md
[INFO] Exclude: README.md
[INFO] Exclude: .github/**/*
[INFO] Exclude: doc/*
[INFO] Exclude: derby.log
[INFO] Exclude: logs/*
[INFO] Exclude: src/main/resources/static/**
[INFO] Exclude: **/istio/model/**
[INFO] Exclude: **/consistency/entity/**
[INFO] Exclude: **/*.txt
[INFO] Exclude: **/*.factories
[INFO] Exclude: /console-ui/**
[INFO] Exclude: **/gogo.proto
[INFO] Exclude: **/any.proto
[INFO] Exclude: src/main/java/com/alibaba/nacos/common/packagescan/classreading/**
[INFO] Exclude: .flattened-pom.xml
[INFO] Exclude: **/announcement*.conf
[INFO] Exclude: **/console-guide.conf
[INFO] Exclude: **/reflect-config.json
[INFO] Exclude: **/resource-config.json
[INFO] Exclude: **/proxy-config.json
[INFO] Exclude: **/jni-config.json
[INFO] Exclude: **/predefined-classes-config.json
[INFO] Exclude: **/serialization-config.json
[INFO] Exclude: **/filter-config.json
[INFO] Exclude: **/disk_cache_test/**
[INFO] Exclude: **/failover_test/**
[INFO] Exclude: lefthook.yml
[INFO] Exclude: .vscode/**
[INFO] 409 resources included (use -debug for more details)
[INFO] Rat check: Summary over all files. Unapproved: 0, unknown: 0, generated: 0, approved: 409 licenses.
[INFO] 
[INFO] --- maven-install-plugin:2.4:install (default-install) @ nacos-naming ---
[INFO] Installing /Users/xinluo/sources/nacos/naming/target/nacos-naming-3.1.0-SNAPSHOT.jar to /var/root/.m2/repository/com/alibaba/nacos/nacos-naming/3.1.0-SNAPSHOT/nacos-naming-3.1.0-SNAPSHOT.jar
[INFO] Installing /Users/xinluo/sources/nacos/naming/.flattened-pom.xml to /var/root/.m2/repository/com/alibaba/nacos/nacos-naming/3.1.0-SNAPSHOT/nacos-naming-3.1.0-SNAPSHOT.pom
[INFO] Installing /Users/xinluo/sources/nacos/naming/target/nacos-naming-3.1.0-SNAPSHOT-sources.jar to /var/root/.m2/repository/com/alibaba/nacos/nacos-naming/3.1.0-SNAPSHOT/nacos-naming-3.1.0-SNAPSHOT-sources.jar
[INFO] 
[INFO] ------------------< com.alibaba.nacos:nacos-address >-------------------
[INFO] Building nacos-address 3.1.0-SNAPSHOT 3.1.0-SNAPSHOT             [20/45]
[INFO] --------------------------------[ jar ]---------------------------------
[INFO] 
[INFO] --- maven-clean-plugin:2.5:clean (default-clean) @ nacos-address ---
[INFO] Deleting /Users/xinluo/sources/nacos/address/target
[INFO] 
[INFO] --- easyj-maven-plugin:1.1.5:clean-simplify-pom (clean-flattened-pom) @ nacos-address ---
[INFO] Deleting /Users/xinluo/sources/nacos/address/.flattened-pom.xml
[INFO] 
[INFO] --- maven-enforcer-plugin:3.5.0:enforce (enforce-ban-circular-dependencies) @ nacos-address ---
[INFO] Rule 0: org.codehaus.mojo.extraenforcer.dependencies.BanCircularDependencies passed
[INFO] 
[INFO] --- maven-checkstyle-plugin:3.1.2:check (validate) @ nacos-address ---
[WARNING] Old version of checkstyle detected. Consider updating to >= v8.30
[WARNING] For more information see: https://maven.apache.org/plugins/maven-checkstyle-plugin/examples/upgrading-checkstyle.html
[INFO] 开始检查……
检查完成。
[INFO] You have 0 Checkstyle violations.
[INFO] 
[INFO] --- jacoco-maven-plugin:0.8.13:prepare-agent (default-prepare-agent) @ nacos-address ---
[INFO] argLine set to -javaagent:/var/root/.m2/repository/org/jacoco/org.jacoco.agent/0.8.13/org.jacoco.agent-0.8.13-runtime.jar=destfile=/Users/xinluo/sources/nacos/address/target/coverage-reports/jacoco-unit.exec,append=true,excludes=**/grpc/auto/**:**/packagescan/classreading/**:**/packagescan/resource/**:**/packagescan/util/**,output=file
[INFO] 
[INFO] --- build-helper-maven-plugin:3.2.0:add-source (add-source) @ nacos-address ---
[INFO] Source directory: /Users/xinluo/sources/nacos/address/target/generated-sources/protobuf/java added.
[INFO] 
[INFO] --- maven-resources-plugin:3.0.2:resources (default-resources) @ nacos-address ---
[INFO] Using 'UTF-8' encoding to copy filtered resources.
[INFO] Copying 3 resources
[INFO] 
[INFO] --- maven-compiler-plugin:3.5.1:compile (default-compile) @ nacos-address ---
[INFO] Changes detected - recompiling the module!
[INFO] Compiling 8 source files to /Users/xinluo/sources/nacos/address/target/classes
[WARNING] 未与 -source 17 一起设置系统模块路径
[WARNING] /Users/xinluo/sources/nacos/address/src/main/java/com/alibaba/nacos/address/controller/AddressServerClusterController.java:[141,33] com.alibaba.nacos.naming.core.InstanceOperator中的registerInstance(java.lang.String,java.lang.String,com.alibaba.nacos.api.naming.pojo.Instance)已过时
[WARNING] /Users/xinluo/sources/nacos/address/src/main/java/com/alibaba/nacos/address/controller/AddressServerClusterController.java:[189,37] com.alibaba.nacos.naming.core.InstanceOperator中的removeInstance(java.lang.String,java.lang.String,com.alibaba.nacos.api.naming.pojo.Instance)已过时
[INFO] /Users/xinluo/sources/nacos/address/src/main/java/com/alibaba/nacos/address/controller/AddressServerClusterController.java: /Users/xinluo/sources/nacos/address/src/main/java/com/alibaba/nacos/address/controller/AddressServerClusterController.java使用了未经检查或不安全的操作。
[INFO] /Users/xinluo/sources/nacos/address/src/main/java/com/alibaba/nacos/address/controller/AddressServerClusterController.java: 有关详细信息, 请使用 -Xlint:unchecked 重新编译。
[INFO] 
[INFO] --- maven-resources-plugin:3.0.2:testResources (default-testResources) @ nacos-address ---
[INFO] Using 'UTF-8' encoding to copy filtered resources.
[INFO] skip non existing resourceDirectory /Users/xinluo/sources/nacos/address/src/test/resources
[INFO] 
[INFO] --- maven-compiler-plugin:3.5.1:testCompile (default-testCompile) @ nacos-address ---
[INFO] Changes detected - recompiling the module!
[INFO] Compiling 4 source files to /Users/xinluo/sources/nacos/address/target/test-classes
[WARNING] 未与 -source 17 一起设置系统模块路径
[WARNING] /Users/xinluo/sources/nacos/address/src/test/java/com/alibaba/nacos/address/controller/AddressServerClusterControllerTest.java:[129,17] com.alibaba.nacos.naming.core.InstanceOperator中的removeInstance(java.lang.String,java.lang.String,com.alibaba.nacos.api.naming.pojo.Instance)已过时
[INFO] 
[INFO] --- maven-surefire-plugin:3.2.5:test (default-test) @ nacos-address ---
[INFO] Surefire report directory: /Users/xinluo/sources/nacos/address/target/surefire-reports
[INFO] Using auto detected provider org.apache.maven.surefire.junitplatform.JUnitPlatformProvider
[INFO] 
[INFO] -------------------------------------------------------
[INFO]  T E S T S
[INFO] -------------------------------------------------------
[INFO] Running com.alibaba.nacos.address.component.AddressServerGeneratorManagerTest
[INFO] Tests run: 4, Failures: 0, Errors: 0, Skipped: 0, Time elapsed: 0.034 s -- in com.alibaba.nacos.address.component.AddressServerGeneratorManagerTest
[INFO] Running com.alibaba.nacos.address.component.AddressServerManagerTests
[INFO] Tests run: 4, Failures: 0, Errors: 0, Skipped: 0, Time elapsed: 0.006 s -- in com.alibaba.nacos.address.component.AddressServerManagerTests
[INFO] Running com.alibaba.nacos.address.controller.AddressServerClusterControllerTest
17:53:48.456 [main] INFO org.springframework.mock.web.MockServletContext -- Initializing Spring TestDispatcherServlet ''
17:53:48.458 [main] INFO org.springframework.test.web.servlet.TestDispatcherServlet -- Initializing Servlet ''
17:53:48.462 [main] INFO org.springframework.test.web.servlet.TestDispatcherServlet -- Completed initialization in 3 ms
17:53:48.474 [main] WARN com.alibaba.nacos.common.notify.NotifyCenter -- There are no [com.alibaba.nacos.naming.core.v2.event.metadata.MetadataEvent.ServiceMetadataEvent] publishers for this event, please register
17:53:48.608 [main] INFO org.springframework.mock.web.MockServletContext -- Initializing Spring TestDispatcherServlet ''
17:53:48.608 [main] INFO org.springframework.test.web.servlet.TestDispatcherServlet -- Initializing Servlet ''
17:53:48.608 [main] INFO org.springframework.test.web.servlet.TestDispatcherServlet -- Completed initialization in 0 ms
17:53:48.608 [main] WARN com.alibaba.nacos.common.notify.NotifyCenter -- There are no [com.alibaba.nacos.naming.core.v2.event.metadata.MetadataEvent.ServiceMetadataEvent] publishers for this event, please register
17:53:48.615 [main] INFO org.springframework.mock.web.MockServletContext -- Initializing Spring TestDispatcherServlet ''
17:53:48.615 [main] INFO org.springframework.test.web.servlet.TestDispatcherServlet -- Initializing Servlet ''
17:53:48.616 [main] INFO org.springframework.test.web.servlet.TestDispatcherServlet -- Completed initialization in 0 ms
17:53:48.616 [main] WARN com.alibaba.nacos.common.notify.NotifyCenter -- There are no [com.alibaba.nacos.naming.core.v2.event.metadata.MetadataEvent.ServiceMetadataEvent] publishers for this event, please register
17:53:48.622 [main] INFO org.springframework.mock.web.MockServletContext -- Initializing Spring TestDispatcherServlet ''
17:53:48.622 [main] INFO org.springframework.test.web.servlet.TestDispatcherServlet -- Initializing Servlet ''
17:53:48.622 [main] INFO org.springframework.test.web.servlet.TestDispatcherServlet -- Completed initialization in 0 ms
17:53:48.622 [main] WARN com.alibaba.nacos.common.notify.NotifyCenter -- There are no [com.alibaba.nacos.naming.core.v2.event.metadata.MetadataEvent.ServiceMetadataEvent] publishers for this event, please register
17:53:48.627 [main] INFO org.springframework.mock.web.MockServletContext -- Initializing Spring TestDispatcherServlet ''
17:53:48.627 [main] INFO org.springframework.test.web.servlet.TestDispatcherServlet -- Initializing Servlet ''
17:53:48.627 [main] INFO org.springframework.test.web.servlet.TestDispatcherServlet -- Completed initialization in 0 ms
17:53:48.627 [main] WARN com.alibaba.nacos.common.notify.NotifyCenter -- There are no [com.alibaba.nacos.naming.core.v2.event.metadata.MetadataEvent.ServiceMetadataEvent] publishers for this event, please register
17:53:48.629 [main] INFO com.alibaba.nacos.address.main -- put cluster node,the cluster name is serverList; the product name=default; the ip list=192.168.3.1,192.168.3.2
17:53:48.640 [main] INFO org.springframework.mock.web.MockServletContext -- Initializing Spring TestDispatcherServlet ''
17:53:48.640 [main] INFO org.springframework.test.web.servlet.TestDispatcherServlet -- Initializing Servlet ''
17:53:48.640 [main] INFO org.springframework.test.web.servlet.TestDispatcherServlet -- Completed initialization in 0 ms
17:53:48.640 [main] WARN com.alibaba.nacos.common.notify.NotifyCenter -- There are no [com.alibaba.nacos.naming.core.v2.event.metadata.MetadataEvent.ServiceMetadataEvent] publishers for this event, please register
17:53:48.641 [main] INFO com.alibaba.nacos.address.main -- put cluster node,the cluster name is serverList; the product name=default; the ip list=192.168.1
17:53:48.645 [main] INFO org.springframework.mock.web.MockServletContext -- Initializing Spring TestDispatcherServlet ''
17:53:48.645 [main] INFO org.springframework.test.web.servlet.TestDispatcherServlet -- Initializing Servlet ''
17:53:48.645 [main] INFO org.springframework.test.web.servlet.TestDispatcherServlet -- Completed initialization in 0 ms
17:53:48.645 [main] WARN com.alibaba.nacos.common.notify.NotifyCenter -- There are no [com.alibaba.nacos.naming.core.v2.event.metadata.MetadataEvent.ServiceMetadataEvent] publishers for this event, please register
17:53:48.648 [main] INFO com.alibaba.nacos.address.main -- put cluster node,the cluster name is serverList; the product name=default; the ip list=192.168.1
17:53:48.654 [main] INFO org.springframework.mock.web.MockServletContext -- Initializing Spring TestDispatcherServlet ''
17:53:48.654 [main] INFO org.springframework.test.web.servlet.TestDispatcherServlet -- Initializing Servlet ''
17:53:48.654 [main] INFO org.springframework.test.web.servlet.TestDispatcherServlet -- Completed initialization in 0 ms
17:53:48.654 [main] WARN com.alibaba.nacos.common.notify.NotifyCenter -- There are no [com.alibaba.nacos.naming.core.v2.event.metadata.MetadataEvent.ServiceMetadataEvent] publishers for this event, please register
[INFO] Tests run: 8, Failures: 0, Errors: 0, Skipped: 0, Time elapsed: 1.966 s -- in com.alibaba.nacos.address.controller.AddressServerClusterControllerTest
[INFO] Running com.alibaba.nacos.address.controller.ServerListControllerTest
17:53:48.688 [main] INFO org.springframework.mock.web.MockServletContext -- Initializing Spring TestDispatcherServlet ''
17:53:48.689 [main] INFO org.springframework.test.web.servlet.TestDispatcherServlet -- Initializing Servlet ''
17:53:48.689 [main] INFO org.springframework.test.web.servlet.TestDispatcherServlet -- Completed initialization in 0 ms
17:53:48.689 [main] WARN com.alibaba.nacos.common.notify.NotifyCenter -- There are no [com.alibaba.nacos.naming.core.v2.event.metadata.MetadataEvent.ServiceMetadataEvent] publishers for this event, please register
17:53:48.696 [main] INFO org.springframework.mock.web.MockServletContext -- Initializing Spring TestDispatcherServlet ''
17:53:48.696 [main] INFO org.springframework.test.web.servlet.TestDispatcherServlet -- Initializing Servlet ''
17:53:48.696 [main] INFO org.springframework.test.web.servlet.TestDispatcherServlet -- Completed initialization in 0 ms
17:53:48.696 [main] WARN com.alibaba.nacos.common.notify.NotifyCenter -- There are no [com.alibaba.nacos.naming.core.v2.event.metadata.MetadataEvent.ServiceMetadataEvent] publishers for this event, please register
17:53:48.700 [main] INFO org.springframework.mock.web.MockServletContext -- Initializing Spring TestDispatcherServlet ''
17:53:48.701 [main] INFO org.springframework.test.web.servlet.TestDispatcherServlet -- Initializing Servlet ''
17:53:48.701 [main] INFO org.springframework.test.web.servlet.TestDispatcherServlet -- Completed initialization in 0 ms
17:53:48.701 [main] WARN com.alibaba.nacos.common.notify.NotifyCenter -- There are no [com.alibaba.nacos.naming.core.v2.event.metadata.MetadataEvent.ServiceMetadataEvent] publishers for this event, please register
[INFO] Tests run: 3, Failures: 0, Errors: 0, Skipped: 0, Time elapsed: 0.049 s -- in com.alibaba.nacos.address.controller.ServerListControllerTest
[INFO] 
[INFO] Results:
[INFO] 
[INFO] Tests run: 19, Failures: 0, Errors: 0, Skipped: 0
[INFO] 
[INFO] 
[INFO] --- jacoco-maven-plugin:0.8.13:report (default-report) @ nacos-address ---
[INFO] Loading execution data file /Users/xinluo/sources/nacos/address/target/coverage-reports/jacoco-unit.exec
[INFO] Analyzed bundle 'nacos-address 3.1.0-SNAPSHOT' with 8 classes
[INFO] 
[INFO] --- easyj-maven-plugin:1.1.5:simplify-pom (flatten-pom) @ nacos-address ---
[INFO] Create PomSimplifier by mode: auto
[INFO] The simplify mode is: JAR
[INFO] Do simplify by the POM simplifier: JarPomSimplifier
[INFO] 
[INFO] ==================================  start simplify  ==================================
[INFO] Remove Parent.
[INFO] Set GroupId from 'null' to 'com.alibaba.nacos'.
[INFO] Set Version from 'null' to '3.1.0-SNAPSHOT'.
[INFO] Set Name from 'nacos-address ${project.version}' to 'nacos-address 3.1.0-SNAPSHOT'.
[WARNING] The '<description>' is required when uploading OSSRH. Please set a value immediately.
[INFO] -------------------------------------------
[INFO] Copy project info from parent for the open source project:
[INFO]    Copy Licenses.
[INFO]    Copy Developers.
[INFO]    Copy Scm.
[INFO]    Copy Organization.
[INFO]    Copy IssueManagement.
[INFO] -------------------------------------------
[INFO] -------------------------------------------
[INFO] Reset dependencies: groupId, version, exclusions (Contains 2 dependencies)
[INFO]   Reset dependency: [${project.groupId}:nacos-naming:null] -> [com.alibaba.nacos:nacos-naming:3.1.0-SNAPSHOT]
[INFO]   Remove dependency by scope=test: [org.springframework:spring-test:6.2.10:test]
[INFO] Remaining 1 dependencies.
[INFO] -------------------------------------------
[INFO] Remove Build.
[INFO] Remove Reporting.
[INFO] Remove Profiles.
[INFO] -------------------------------------------
[INFO] Optimize Dependencies: (1)
[INFO]  - Optimize with 'replaceVariable'
[INFO] ==================================   end  simplify  ==================================
[INFO] 
[INFO] Create the POM file '.flattened-pom.xml'.
[INFO] Set the POM file '.flattened-pom.xml' to the project object.
[INFO] 
[INFO] --- maven-jar-plugin:3.2.2:jar (default-jar) @ nacos-address ---
[INFO] Building jar: /Users/xinluo/sources/nacos/address/target/nacos-address-3.1.0-SNAPSHOT.jar
[INFO] 
[INFO] --- maven-javadoc-plugin:2.10.4:jar (attach-javadocs) @ nacos-address ---
[INFO] Skipping javadoc generation
[INFO] 
[INFO] >>> maven-source-plugin:3.0.1:jar (attach-sources) > generate-sources @ nacos-address >>>
[INFO] 
[INFO] --- maven-enforcer-plugin:3.5.0:enforce (enforce-ban-circular-dependencies) @ nacos-address ---
[INFO] Rule 0: org.codehaus.mojo.extraenforcer.dependencies.BanCircularDependencies passed
[INFO] 
[INFO] --- maven-checkstyle-plugin:3.1.2:check (validate) @ nacos-address ---
[WARNING] Old version of checkstyle detected. Consider updating to >= v8.30
[WARNING] For more information see: https://maven.apache.org/plugins/maven-checkstyle-plugin/examples/upgrading-checkstyle.html
[INFO] 开始检查……
检查完成。
[INFO] You have 0 Checkstyle violations.
[INFO] 
[INFO] --- jacoco-maven-plugin:0.8.13:prepare-agent (default-prepare-agent) @ nacos-address ---
[INFO] argLine set to -javaagent:/var/root/.m2/repository/org/jacoco/org.jacoco.agent/0.8.13/org.jacoco.agent-0.8.13-runtime.jar=destfile=/Users/xinluo/sources/nacos/address/target/coverage-reports/jacoco-unit.exec,append=true,excludes=**/grpc/auto/**:**/packagescan/classreading/**:**/packagescan/resource/**:**/packagescan/util/**,output=file
[INFO] 
[INFO] --- build-helper-maven-plugin:3.2.0:add-source (add-source) @ nacos-address ---
[INFO] Source directory: /Users/xinluo/sources/nacos/address/target/generated-sources/protobuf/java added.
[INFO] 
[INFO] <<< maven-source-plugin:3.0.1:jar (attach-sources) < generate-sources @ nacos-address <<<
[INFO] 
[INFO] 
[INFO] --- maven-source-plugin:3.0.1:jar (attach-sources) @ nacos-address ---
[INFO] Building jar: /Users/xinluo/sources/nacos/address/target/nacos-address-3.1.0-SNAPSHOT-sources.jar
[INFO] 
[INFO] >>> maven-pmd-plugin:3.16.0:check (default) > :pmd @ nacos-address >>>
[INFO] 
[INFO] --- maven-pmd-plugin:3.16.0:pmd (pmd) @ nacos-address ---
[WARNING] Unable to locate Source XRef to link to - DISABLED
[WARNING] Unable to locate Source XRef to link to - DISABLED
[INFO] PMD version: 6.42.0
[WARNING] Rule /Users/xinluo/sources/nacos/address/target/pmd/rulesets/ali-comment.xml/CommentsMustBeJavadocFormatRule does not mention attribute language='java', please mention it explicitly to be compatible with PMD 7
[WARNING] Rule /Users/xinluo/sources/nacos/address/target/pmd/rulesets/ali-comment.xml/CommentsMustBeJavadocFormatRule does not mention attribute language='java', please mention it explicitly to be compatible with PMD 7
[WARNING] Rule /Users/xinluo/sources/nacos/address/target/pmd/rulesets/ali-comment.xml/AbstractMethodOrInterfaceMethodMustUseJavadocRule does not mention attribute language='java', please mention it explicitly to be compatible with PMD 7
[WARNING] Rule /Users/xinluo/sources/nacos/address/target/pmd/rulesets/ali-comment.xml/AbstractMethodOrInterfaceMethodMustUseJavadocRule does not mention attribute language='java', please mention it explicitly to be compatible with PMD 7
[WARNING] Rule /Users/xinluo/sources/nacos/address/target/pmd/rulesets/ali-comment.xml/ClassMustHaveAuthorRule does not mention attribute language='java', please mention it explicitly to be compatible with PMD 7
[WARNING] Rule /Users/xinluo/sources/nacos/address/target/pmd/rulesets/ali-comment.xml/ClassMustHaveAuthorRule does not mention attribute language='java', please mention it explicitly to be compatible with PMD 7
[WARNING] Rule /Users/xinluo/sources/nacos/address/target/pmd/rulesets/ali-comment.xml/EnumConstantsMustHaveCommentRule does not mention attribute language='java', please mention it explicitly to be compatible with PMD 7
[WARNING] Rule /Users/xinluo/sources/nacos/address/target/pmd/rulesets/ali-comment.xml/EnumConstantsMustHaveCommentRule does not mention attribute language='java', please mention it explicitly to be compatible with PMD 7
[WARNING] Rule /Users/xinluo/sources/nacos/address/target/pmd/rulesets/ali-comment.xml/AvoidCommentBehindStatementRule does not mention attribute language='java', please mention it explicitly to be compatible with PMD 7
[WARNING] Rule /Users/xinluo/sources/nacos/address/target/pmd/rulesets/ali-comment.xml/AvoidCommentBehindStatementRule does not mention attribute language='java', please mention it explicitly to be compatible with PMD 7
[WARNING] Rule /Users/xinluo/sources/nacos/address/target/pmd/rulesets/ali-comment.xml/RemoveCommentedCodeRule does not mention attribute language='java', please mention it explicitly to be compatible with PMD 7
[WARNING] Rule /Users/xinluo/sources/nacos/address/target/pmd/rulesets/ali-comment.xml/RemoveCommentedCodeRule does not mention attribute language='java', please mention it explicitly to be compatible with PMD 7
[WARNING] Rule /Users/xinluo/sources/nacos/address/target/pmd/rulesets/ali-constant.xml/UpperEllRule does not mention attribute language='java', please mention it explicitly to be compatible with PMD 7
[WARNING] Rule /Users/xinluo/sources/nacos/address/target/pmd/rulesets/ali-constant.xml/UpperEllRule does not mention attribute language='java', please mention it explicitly to be compatible with PMD 7
[WARNING] Rule /Users/xinluo/sources/nacos/address/target/pmd/rulesets/ali-constant.xml/UndefineMagicConstantRule does not mention attribute language='java', please mention it explicitly to be compatible with PMD 7
[WARNING] Rule /Users/xinluo/sources/nacos/address/target/pmd/rulesets/ali-constant.xml/UndefineMagicConstantRule does not mention attribute language='java', please mention it explicitly to be compatible with PMD 7
[WARNING] Rule /Users/xinluo/sources/nacos/address/target/pmd/rulesets/ali-set.xml/ClassCastExceptionWithToArrayRule does not mention attribute language='java', please mention it explicitly to be compatible with PMD 7
[WARNING] Rule /Users/xinluo/sources/nacos/address/target/pmd/rulesets/ali-set.xml/ClassCastExceptionWithToArrayRule does not mention attribute language='java', please mention it explicitly to be compatible with PMD 7
[WARNING] Rule /Users/xinluo/sources/nacos/address/target/pmd/rulesets/ali-set.xml/UnsupportedExceptionWithModifyAsListRule does not mention attribute language='java', please mention it explicitly to be compatible with PMD 7
[WARNING] Rule /Users/xinluo/sources/nacos/address/target/pmd/rulesets/ali-set.xml/UnsupportedExceptionWithModifyAsListRule does not mention attribute language='java', please mention it explicitly to be compatible with PMD 7
[WARNING] Rule /Users/xinluo/sources/nacos/address/target/pmd/rulesets/ali-set.xml/ClassCastExceptionWithSubListToArrayListRule does not mention attribute language='java', please mention it explicitly to be compatible with PMD 7
[WARNING] Rule /Users/xinluo/sources/nacos/address/target/pmd/rulesets/ali-set.xml/ClassCastExceptionWithSubListToArrayListRule does not mention attribute language='java', please mention it explicitly to be compatible with PMD 7
[WARNING] Rule /Users/xinluo/sources/nacos/address/target/pmd/rulesets/ali-set.xml/ConcurrentExceptionWithModifyOriginSubListRule does not mention attribute language='java', please mention it explicitly to be compatible with PMD 7
[WARNING] Rule /Users/xinluo/sources/nacos/address/target/pmd/rulesets/ali-set.xml/ConcurrentExceptionWithModifyOriginSubListRule does not mention attribute language='java', please mention it explicitly to be compatible with PMD 7
[WARNING] Rule /Users/xinluo/sources/nacos/address/target/pmd/rulesets/ali-set.xml/DontModifyInForeachCircleRule does not mention attribute language='java', please mention it explicitly to be compatible with PMD 7
[WARNING] Rule /Users/xinluo/sources/nacos/address/target/pmd/rulesets/ali-set.xml/DontModifyInForeachCircleRule does not mention attribute language='java', please mention it explicitly to be compatible with PMD 7
[WARNING] Rule /Users/xinluo/sources/nacos/address/target/pmd/rulesets/ali-set.xml/CollectionInitShouldAssignCapacityRule does not mention attribute language='java', please mention it explicitly to be compatible with PMD 7
[WARNING] Rule /Users/xinluo/sources/nacos/address/target/pmd/rulesets/ali-set.xml/CollectionInitShouldAssignCapacityRule does not mention attribute language='java', please mention it explicitly to be compatible with PMD 7
[WARNING] Use of deprecated attribute 'FieldDeclaration/@Array' by XPath rule 'ArrayNamingShouldHaveBracketRule' (in ruleset 'AlibabaJavaNaming')
[WARNING] Use of deprecated attribute 'FieldDeclaration/@Array' by XPath rule 'ArrayNamingShouldHaveBracketRule' (in ruleset 'AlibabaJavaNaming')
[WARNING] Use of deprecated attribute 'ClassOrInterfaceDeclaration/@Image' by XPath rule 'BooleanPropertyShouldNotStartWithIsRule' (in ruleset 'AlibabaJavaNaming'), please use @SimpleName instead
[WARNING] Use of deprecated attribute 'ClassOrInterfaceDeclaration/@Image' by XPath rule 'BooleanPropertyShouldNotStartWithIsRule' (in ruleset 'AlibabaJavaNaming'), please use @SimpleName instead
[WARNING] Use of deprecated attribute 'LocalVariableDeclaration/@Array' by XPath rule 'ArrayNamingShouldHaveBracketRule' (in ruleset 'AlibabaJavaNaming')
[WARNING] Use of deprecated attribute 'LocalVariableDeclaration/@Array' by XPath rule 'ArrayNamingShouldHaveBracketRule' (in ruleset 'AlibabaJavaNaming')
[WARNING] Use of deprecated attribute 'ReferenceType/@Array' by XPath rule 'ArrayNamingShouldHaveBracketRule' (in ruleset 'AlibabaJavaNaming')
[WARNING] Use of deprecated attribute 'ReferenceType/@Array' by XPath rule 'ArrayNamingShouldHaveBracketRule' (in ruleset 'AlibabaJavaNaming')
[INFO] 
[INFO] <<< maven-pmd-plugin:3.16.0:check (default) < :pmd @ nacos-address <<<
[INFO] 
[INFO] 
[INFO] --- maven-pmd-plugin:3.16.0:check (default) @ nacos-address ---
[INFO] PMD version: 6.42.0
[INFO] 
[INFO] 
[INFO] --- apache-rat-plugin:0.12:check (default) @ nacos-address ---
[INFO] Enabled default license matchers.
[INFO] Will parse SCM ignores for exclusions...
[INFO] Finished adding exclusions from SCM ignore files.
[INFO] 61 implicit excludes (use -debug for more details).
[INFO] Exclude: .editorconfig
[INFO] Exclude: .travis.yml
[INFO] Exclude: codecov.yml
[INFO] Exclude: CONTRIBUTING.md
[INFO] Exclude: CODE_OF_CONDUCT.md
[INFO] Exclude: CHANGELOG.md
[INFO] Exclude: style/codeStyle.md
[INFO] Exclude: REPORTING-BUGS.md
[INFO] Exclude: README.md
[INFO] Exclude: .github/**/*
[INFO] Exclude: doc/*
[INFO] Exclude: derby.log
[INFO] Exclude: logs/*
[INFO] Exclude: src/main/resources/static/**
[INFO] Exclude: **/istio/model/**
[INFO] Exclude: **/consistency/entity/**
[INFO] Exclude: **/*.txt
[INFO] Exclude: **/*.factories
[INFO] Exclude: /console-ui/**
[INFO] Exclude: **/gogo.proto
[INFO] Exclude: **/any.proto
[INFO] Exclude: src/main/java/com/alibaba/nacos/common/packagescan/classreading/**
[INFO] Exclude: .flattened-pom.xml
[INFO] Exclude: **/announcement*.conf
[INFO] Exclude: **/console-guide.conf
[INFO] Exclude: **/reflect-config.json
[INFO] Exclude: **/resource-config.json
[INFO] Exclude: **/proxy-config.json
[INFO] Exclude: **/jni-config.json
[INFO] Exclude: **/predefined-classes-config.json
[INFO] Exclude: **/serialization-config.json
[INFO] Exclude: **/filter-config.json
[INFO] Exclude: **/disk_cache_test/**
[INFO] Exclude: **/failover_test/**
[INFO] Exclude: lefthook.yml
[INFO] Exclude: .vscode/**
[INFO] 16 resources included (use -debug for more details)
[INFO] Rat check: Summary over all files. Unapproved: 0, unknown: 0, generated: 0, approved: 16 licenses.
[INFO] 
[INFO] --- maven-install-plugin:2.4:install (default-install) @ nacos-address ---
[INFO] Installing /Users/xinluo/sources/nacos/address/target/nacos-address-3.1.0-SNAPSHOT.jar to /var/root/.m2/repository/com/alibaba/nacos/nacos-address/3.1.0-SNAPSHOT/nacos-address-3.1.0-SNAPSHOT.jar
[INFO] Installing /Users/xinluo/sources/nacos/address/.flattened-pom.xml to /var/root/.m2/repository/com/alibaba/nacos/nacos-address/3.1.0-SNAPSHOT/nacos-address-3.1.0-SNAPSHOT.pom
[INFO] Installing /Users/xinluo/sources/nacos/address/target/nacos-address-3.1.0-SNAPSHOT-sources.jar to /var/root/.m2/repository/com/alibaba/nacos/nacos-address/3.1.0-SNAPSHOT/nacos-address-3.1.0-SNAPSHOT-sources.jar
[INFO] 
[INFO] ----------------< com.alibaba.nacos:nacos-client-basic >----------------
[INFO] Building nacos-client-basic 3.1.0-SNAPSHOT 3.1.0-SNAPSHOT        [21/45]
[INFO] --------------------------------[ jar ]---------------------------------
[INFO] 
[INFO] --- maven-clean-plugin:2.5:clean (default-clean) @ nacos-client-basic ---
[INFO] Deleting /Users/xinluo/sources/nacos/client-basic/target
[INFO] 
[INFO] --- easyj-maven-plugin:1.1.5:clean-simplify-pom (clean-flattened-pom) @ nacos-client-basic ---
[INFO] Deleting /Users/xinluo/sources/nacos/client-basic/.flattened-pom.xml
[INFO] 
[INFO] --- maven-enforcer-plugin:3.5.0:enforce (enforce-ban-circular-dependencies) @ nacos-client-basic ---
[INFO] Rule 0: org.codehaus.mojo.extraenforcer.dependencies.BanCircularDependencies passed
[INFO] 
[INFO] --- maven-checkstyle-plugin:3.1.2:check (validate) @ nacos-client-basic ---
[WARNING] Old version of checkstyle detected. Consider updating to >= v8.30
[WARNING] For more information see: https://maven.apache.org/plugins/maven-checkstyle-plugin/examples/upgrading-checkstyle.html
[INFO] 开始检查……
检查完成。
[INFO] You have 0 Checkstyle violations.
[INFO] 
[INFO] --- jacoco-maven-plugin:0.8.13:prepare-agent (default-prepare-agent) @ nacos-client-basic ---
[INFO] argLine set to -javaagent:/var/root/.m2/repository/org/jacoco/org.jacoco.agent/0.8.13/org.jacoco.agent-0.8.13-runtime.jar=destfile=/Users/xinluo/sources/nacos/client-basic/target/coverage-reports/jacoco-unit.exec,append=true,excludes=**/grpc/auto/**:**/packagescan/classreading/**:**/packagescan/resource/**:**/packagescan/util/**,output=file
[INFO] 
[INFO] --- build-helper-maven-plugin:3.2.0:add-source (add-source) @ nacos-client-basic ---
[INFO] Source directory: /Users/xinluo/sources/nacos/client-basic/target/generated-sources/protobuf/java added.
[INFO] 
[INFO] --- maven-resources-plugin:3.0.2:resources (default-resources) @ nacos-client-basic ---
[INFO] Using 'UTF-8' encoding to copy filtered resources.
[INFO] Copying 2 resources
[INFO] 
[INFO] --- maven-compiler-plugin:3.5.1:compile (default-compile) @ nacos-client-basic ---
[INFO] Changes detected - recompiling the module!
[INFO] Compiling 51 source files to /Users/xinluo/sources/nacos/client-basic/target/classes
[WARNING] 未与 -source 8 一起设置引导类路径
[WARNING] 源值 8 已过时，将在未来发行版中删除
[WARNING] 目标值 8 已过时，将在未来发行版中删除
[WARNING] 要隐藏有关已过时选项的警告, 请使用 -Xlint:-options。
[WARNING] /Users/xinluo/sources/nacos/client-basic/src/main/java/com/alibaba/nacos/client/address/EndpointServerListProvider.java:[247,56] com.alibaba.nacos.api.PropertyKeyConst中的IS_ADAPT_CLUSTER_NAME_USAGE已过时
[WARNING] /Users/xinluo/sources/nacos/client-basic/src/main/java/com/alibaba/nacos/client/address/EndpointServerListProvider.java:[249,72] com.alibaba.nacos.api.PropertyKeyConst中的CLUSTER_NAME已过时
[INFO] /Users/xinluo/sources/nacos/client-basic/src/main/java/com/alibaba/nacos/client/env/SearchableProperties.java: 某些输入文件使用了未经检查或不安全的操作。
[INFO] /Users/xinluo/sources/nacos/client-basic/src/main/java/com/alibaba/nacos/client/env/SearchableProperties.java: 有关详细信息, 请使用 -Xlint:unchecked 重新编译。
[INFO] 
[INFO] --- maven-resources-plugin:3.0.2:testResources (default-testResources) @ nacos-client-basic ---
[INFO] Using 'UTF-8' encoding to copy filtered resources.
[INFO] Copying 5 resources
[INFO] 
[INFO] --- maven-compiler-plugin:3.5.1:testCompile (default-testCompile) @ nacos-client-basic ---
[INFO] Changes detected - recompiling the module!
[INFO] Compiling 28 source files to /Users/xinluo/sources/nacos/client-basic/target/test-classes
[WARNING] 未与 -source 8 一起设置引导类路径
[WARNING] 源值 8 已过时，将在未来发行版中删除
[WARNING] 目标值 8 已过时，将在未来发行版中删除
[WARNING] 要隐藏有关已过时选项的警告, 请使用 -Xlint:-options。
[WARNING] /Users/xinluo/sources/nacos/client-basic/src/test/java/com/alibaba/nacos/client/address/EndpointServerListProviderTest.java:[232,48] com.alibaba.nacos.api.PropertyKeyConst中的CLUSTER_NAME已过时
[WARNING] /Users/xinluo/sources/nacos/client-basic/src/test/java/com/alibaba/nacos/client/address/EndpointServerListProviderTest.java:[234,48] com.alibaba.nacos.api.PropertyKeyConst中的IS_ADAPT_CLUSTER_NAME_USAGE已过时
[WARNING] /Users/xinluo/sources/nacos/client-basic/src/test/java/com/alibaba/nacos/client/address/EndpointServerListProviderTest.java:[246,48] com.alibaba.nacos.api.PropertyKeyConst中的CLUSTER_NAME已过时
[WARNING] /Users/xinluo/sources/nacos/client-basic/src/test/java/com/alibaba/nacos/client/address/EndpointServerListProviderTest.java:[247,48] com.alibaba.nacos.api.PropertyKeyConst中的IS_ADAPT_CLUSTER_NAME_USAGE已过时
[WARNING] /Users/xinluo/sources/nacos/client-basic/src/test/java/com/alibaba/nacos/client/address/EndpointServerListProviderTest.java:[259,48] com.alibaba.nacos.api.PropertyKeyConst中的CLUSTER_NAME已过时
[INFO] /Users/xinluo/sources/nacos/client-basic/src/test/java/com/alibaba/nacos/client/auth/impl/process/HttpLoginProcessorTest.java: 某些输入文件使用了未经检查或不安全的操作。
[INFO] /Users/xinluo/sources/nacos/client-basic/src/test/java/com/alibaba/nacos/client/auth/impl/process/HttpLoginProcessorTest.java: 有关详细信息, 请使用 -Xlint:unchecked 重新编译。
[INFO] 
[INFO] --- maven-surefire-plugin:3.2.5:test (default-test) @ nacos-client-basic ---
[INFO] Surefire report directory: /Users/xinluo/sources/nacos/client-basic/target/surefire-reports
[INFO] Using auto detected provider org.apache.maven.surefire.junitplatform.JUnitPlatformProvider
[INFO] 
[INFO] -------------------------------------------------------
[INFO]  T E S T S
[INFO] -------------------------------------------------------
[INFO] Running com.alibaba.nacos.client.auth.impl.NacosClientAuthServiceImplTest
[INFO] Tests run: 11, Failures: 0, Errors: 0, Skipped: 0, Time elapsed: 1.033 s -- in com.alibaba.nacos.client.auth.impl.NacosClientAuthServiceImplTest
[INFO] Running com.alibaba.nacos.client.auth.impl.process.HttpLoginProcessorTest
[INFO] Tests run: 4, Failures: 0, Errors: 0, Skipped: 0, Time elapsed: 0.061 s -- in com.alibaba.nacos.client.auth.impl.process.HttpLoginProcessorTest
[INFO] Running com.alibaba.nacos.client.auth.ram.identify.CredentialServiceTest
[INFO] Tests run: 10, Failures: 0, Errors: 0, Skipped: 0, Time elapsed: 0.318 s -- in com.alibaba.nacos.client.auth.ram.identify.CredentialServiceTest
[INFO] Running com.alibaba.nacos.client.auth.ram.identify.CredentialsTest
[INFO] Tests run: 4, Failures: 0, Errors: 0, Skipped: 0, Time elapsed: 0.002 s -- in com.alibaba.nacos.client.auth.ram.identify.CredentialsTest
[INFO] Running com.alibaba.nacos.client.auth.ram.identify.StsConfigTest
[INFO] Tests run: 10, Failures: 0, Errors: 0, Skipped: 0, Time elapsed: 0.009 s -- in com.alibaba.nacos.client.auth.ram.identify.StsConfigTest
[INFO] Running com.alibaba.nacos.client.auth.ram.identify.CredentialWatcherTest
[INFO] Tests run: 7, Failures: 0, Errors: 0, Skipped: 0, Time elapsed: 10.80 s -- in com.alibaba.nacos.client.auth.ram.identify.CredentialWatcherTest
[INFO] Running com.alibaba.nacos.client.auth.ram.identify.StsCredentialHolderTest
[INFO] Tests run: 5, Failures: 0, Errors: 0, Skipped: 0, Time elapsed: 0.072 s -- in com.alibaba.nacos.client.auth.ram.identify.StsCredentialHolderTest
[INFO] Running com.alibaba.nacos.client.auth.ram.RamClientAuthServiceImplTest
[INFO] Tests run: 5, Failures: 0, Errors: 0, Skipped: 0, Time elapsed: 0.048 s -- in com.alibaba.nacos.client.auth.ram.RamClientAuthServiceImplTest
[INFO] Running com.alibaba.nacos.client.auth.ram.utils.SpasAdapterTest
[INFO] Tests run: 5, Failures: 0, Errors: 0, Skipped: 0, Time elapsed: 0.042 s -- in com.alibaba.nacos.client.auth.ram.utils.SpasAdapterTest
[INFO] Running com.alibaba.nacos.client.auth.ram.utils.SignUtilTest
[INFO] Tests run: 3, Failures: 0, Errors: 0, Skipped: 0, Time elapsed: 0.004 s -- in com.alibaba.nacos.client.auth.ram.utils.SignUtilTest
[INFO] Running com.alibaba.nacos.client.auth.ram.utils.RamUtilTest
[INFO] Tests run: 3, Failures: 0, Errors: 0, Skipped: 0, Time elapsed: 0.055 s -- in com.alibaba.nacos.client.auth.ram.utils.RamUtilTest
[INFO] Running com.alibaba.nacos.client.auth.ram.utils.CalculateV4SigningKeyUtilTest
[INFO] Tests run: 2, Failures: 0, Errors: 0, Skipped: 0, Time elapsed: 0.006 s -- in com.alibaba.nacos.client.auth.ram.utils.CalculateV4SigningKeyUtilTest
[INFO] Running com.alibaba.nacos.client.auth.ram.injector.ConfigResourceInjectorTest
[INFO] Tests run: 6, Failures: 0, Errors: 0, Skipped: 0, Time elapsed: 0.004 s -- in com.alibaba.nacos.client.auth.ram.injector.ConfigResourceInjectorTest
[INFO] Running com.alibaba.nacos.client.auth.ram.injector.NamingResourceInjectorTest
[INFO] Tests run: 7, Failures: 0, Errors: 0, Skipped: 0, Time elapsed: 0.005 s -- in com.alibaba.nacos.client.auth.ram.injector.NamingResourceInjectorTest
[INFO] Running com.alibaba.nacos.client.auth.ram.injector.AbstractResourceInjectorTest
[INFO] Tests run: 1, Failures: 0, Errors: 0, Skipped: 0, Time elapsed: 0.001 s -- in com.alibaba.nacos.client.auth.ram.injector.AbstractResourceInjectorTest
[INFO] Running com.alibaba.nacos.client.utils.ClientBasicParamUtilTest
[INFO] Tests run: 13, Failures: 0, Errors: 0, Skipped: 0, Time elapsed: 0.013 s -- in com.alibaba.nacos.client.utils.ClientBasicParamUtilTest
[INFO] Running com.alibaba.nacos.client.utils.ContextPathUtilTest
[INFO] Tests run: 1, Failures: 0, Errors: 0, Skipped: 0, Time elapsed: 0 s -- in com.alibaba.nacos.client.utils.ContextPathUtilTest
[INFO] Running com.alibaba.nacos.client.utils.AppNameUtilsTest
[INFO] Tests run: 5, Failures: 0, Errors: 0, Skipped: 0, Time elapsed: 0.004 s -- in com.alibaba.nacos.client.utils.AppNameUtilsTest
[INFO] Running com.alibaba.nacos.client.utils.TenantUtilTest
[INFO] Tests run: 2, Failures: 0, Errors: 0, Skipped: 0, Time elapsed: 0.001 s -- in com.alibaba.nacos.client.utils.TenantUtilTest
[INFO] Running com.alibaba.nacos.client.utils.TemplateUtilsTest
[INFO] Tests run: 9, Failures: 0, Errors: 0, Skipped: 0, Time elapsed: 0.044 s -- in com.alibaba.nacos.client.utils.TemplateUtilsTest
[INFO] Running com.alibaba.nacos.client.env.NacosClientPropertiesTest
[INFO] Tests run: 21, Failures: 0, Errors: 0, Skipped: 0, Time elapsed: 0.007 s -- in com.alibaba.nacos.client.env.NacosClientPropertiesTest
[INFO] Running com.alibaba.nacos.client.env.SystemEnvPropertySourceTest
[INFO] Tests run: 8, Failures: 0, Errors: 0, Skipped: 0, Time elapsed: 0.004 s -- in com.alibaba.nacos.client.env.SystemEnvPropertySourceTest
[INFO] Running com.alibaba.nacos.client.env.convert.CompositeConverterTest
[INFO] Tests run: 11, Failures: 0, Errors: 0, Skipped: 0, Time elapsed: 0.007 s -- in com.alibaba.nacos.client.env.convert.CompositeConverterTest
[INFO] Running com.alibaba.nacos.client.env.SearchablePropertiesTest
[INFO] Tests run: 4, Failures: 0, Errors: 0, Skipped: 0, Time elapsed: 0.002 s -- in com.alibaba.nacos.client.env.SearchablePropertiesTest
[INFO] Running com.alibaba.nacos.client.address.PropertiesListProviderTest
[INFO] Tests run: 3, Failures: 0, Errors: 0, Skipped: 0, Time elapsed: 0.003 s -- in com.alibaba.nacos.client.address.PropertiesListProviderTest
[INFO] Running com.alibaba.nacos.client.address.AbstractServerListManagerTest
[INFO] Tests run: 14, Failures: 0, Errors: 0, Skipped: 0, Time elapsed: 0.060 s -- in com.alibaba.nacos.client.address.AbstractServerListManagerTest
[INFO] Running com.alibaba.nacos.client.address.EndpointServerListProviderTest
[INFO] Tests run: 23, Failures: 0, Errors: 0, Skipped: 0, Time elapsed: 4.064 s -- in com.alibaba.nacos.client.address.EndpointServerListProviderTest
[INFO] 
[INFO] Results:
[INFO] 
[INFO] Tests run: 197, Failures: 0, Errors: 0, Skipped: 0
[INFO] 
[INFO] 
[INFO] --- jacoco-maven-plugin:0.8.13:report (default-report) @ nacos-client-basic ---
[INFO] Loading execution data file /Users/xinluo/sources/nacos/client-basic/target/coverage-reports/jacoco-unit.exec
[INFO] Analyzed bundle 'nacos-client-basic 3.1.0-SNAPSHOT' with 56 classes
[INFO] 
[INFO] --- easyj-maven-plugin:1.1.5:simplify-pom (flatten-pom) @ nacos-client-basic ---
[INFO] Create PomSimplifier by mode: auto
[INFO] The simplify mode is: JAR
[INFO] Do simplify by the POM simplifier: JarPomSimplifier
[INFO] 
[INFO] ==================================  start simplify  ==================================
[INFO] Remove Parent.
[INFO] Set GroupId from 'null' to 'com.alibaba.nacos'.
[INFO] Set Version from 'null' to '3.1.0-SNAPSHOT'.
[INFO] Set Name from 'nacos-client-basic ${project.version}' to 'nacos-client-basic 3.1.0-SNAPSHOT'.
[INFO] -------------------------------------------
[INFO] Copy project info from parent for the open source project:
[INFO]    Copy Licenses.
[INFO]    Copy Developers.
[INFO]    Copy Scm.
[INFO]    Copy Organization.
[INFO]    Copy IssueManagement.
[INFO] -------------------------------------------
[INFO] -------------------------------------------
[INFO] Reset dependencies: groupId, version, exclusions (Contains 4 dependencies)
[INFO]   Remove dependency by optional=true: [com.alibaba.nacos:nacos-api:3.1.0-SNAPSHOT:compile:true]
[INFO]   Remove dependency by optional=true: [com.alibaba.nacos:nacos-common:3.1.0-SNAPSHOT:compile:true]
[INFO]   Remove dependency by optional=true: [org.slf4j:slf4j-api:2.0.13:compile:true]
[INFO]   Reset dependency: [com.alibaba.nacos:nacos-auth-plugin:null] -> [com.alibaba.nacos:nacos-auth-plugin:3.1.0-SNAPSHOT]
[INFO] Remaining 1 dependencies.
[INFO] -------------------------------------------
[INFO] Remove Properties.
[INFO] -------------------------------------------
[INFO] Optimize Dependencies: (1)
[INFO]  - Optimize with 'replaceVariable'
[INFO] ==================================   end  simplify  ==================================
[INFO] 
[INFO] Create the POM file '.flattened-pom.xml'.
[INFO] Set the POM file '.flattened-pom.xml' to the project object.
[INFO] 
[INFO] --- maven-jar-plugin:3.2.2:jar (default-jar) @ nacos-client-basic ---
[INFO] Building jar: /Users/xinluo/sources/nacos/client-basic/target/nacos-client-basic-3.1.0-SNAPSHOT.jar
[INFO] 
[INFO] --- maven-javadoc-plugin:2.10.4:jar (attach-javadocs) @ nacos-client-basic ---
[INFO] Skipping javadoc generation
[INFO] 
[INFO] >>> maven-source-plugin:3.0.1:jar (attach-sources) > generate-sources @ nacos-client-basic >>>
[INFO] 
[INFO] --- maven-enforcer-plugin:3.5.0:enforce (enforce-ban-circular-dependencies) @ nacos-client-basic ---
[INFO] Rule 0: org.codehaus.mojo.extraenforcer.dependencies.BanCircularDependencies passed
[INFO] 
[INFO] --- maven-checkstyle-plugin:3.1.2:check (validate) @ nacos-client-basic ---
[WARNING] Old version of checkstyle detected. Consider updating to >= v8.30
[WARNING] For more information see: https://maven.apache.org/plugins/maven-checkstyle-plugin/examples/upgrading-checkstyle.html
[INFO] 开始检查……
检查完成。
[INFO] You have 0 Checkstyle violations.
[INFO] 
[INFO] --- jacoco-maven-plugin:0.8.13:prepare-agent (default-prepare-agent) @ nacos-client-basic ---
[INFO] argLine set to -javaagent:/var/root/.m2/repository/org/jacoco/org.jacoco.agent/0.8.13/org.jacoco.agent-0.8.13-runtime.jar=destfile=/Users/xinluo/sources/nacos/client-basic/target/coverage-reports/jacoco-unit.exec,append=true,excludes=**/grpc/auto/**:**/packagescan/classreading/**:**/packagescan/resource/**:**/packagescan/util/**,output=file
[INFO] 
[INFO] --- build-helper-maven-plugin:3.2.0:add-source (add-source) @ nacos-client-basic ---
[INFO] Source directory: /Users/xinluo/sources/nacos/client-basic/target/generated-sources/protobuf/java added.
[INFO] 
[INFO] <<< maven-source-plugin:3.0.1:jar (attach-sources) < generate-sources @ nacos-client-basic <<<
[INFO] 
[INFO] 
[INFO] --- maven-source-plugin:3.0.1:jar (attach-sources) @ nacos-client-basic ---
[INFO] Building jar: /Users/xinluo/sources/nacos/client-basic/target/nacos-client-basic-3.1.0-SNAPSHOT-sources.jar
[INFO] 
[INFO] >>> maven-pmd-plugin:3.16.0:check (default) > :pmd @ nacos-client-basic >>>
[INFO] 
[INFO] --- maven-pmd-plugin:3.16.0:pmd (pmd) @ nacos-client-basic ---
[WARNING] Unable to locate Source XRef to link to - DISABLED
[WARNING] Unable to locate Source XRef to link to - DISABLED
[INFO] PMD version: 6.42.0
[WARNING] Rule /Users/xinluo/sources/nacos/client-basic/target/pmd/rulesets/ali-comment.xml/CommentsMustBeJavadocFormatRule does not mention attribute language='java', please mention it explicitly to be compatible with PMD 7
[WARNING] Rule /Users/xinluo/sources/nacos/client-basic/target/pmd/rulesets/ali-comment.xml/CommentsMustBeJavadocFormatRule does not mention attribute language='java', please mention it explicitly to be compatible with PMD 7
[WARNING] Rule /Users/xinluo/sources/nacos/client-basic/target/pmd/rulesets/ali-comment.xml/AbstractMethodOrInterfaceMethodMustUseJavadocRule does not mention attribute language='java', please mention it explicitly to be compatible with PMD 7
[WARNING] Rule /Users/xinluo/sources/nacos/client-basic/target/pmd/rulesets/ali-comment.xml/AbstractMethodOrInterfaceMethodMustUseJavadocRule does not mention attribute language='java', please mention it explicitly to be compatible with PMD 7
[WARNING] Rule /Users/xinluo/sources/nacos/client-basic/target/pmd/rulesets/ali-comment.xml/ClassMustHaveAuthorRule does not mention attribute language='java', please mention it explicitly to be compatible with PMD 7
[WARNING] Rule /Users/xinluo/sources/nacos/client-basic/target/pmd/rulesets/ali-comment.xml/ClassMustHaveAuthorRule does not mention attribute language='java', please mention it explicitly to be compatible with PMD 7
[WARNING] Rule /Users/xinluo/sources/nacos/client-basic/target/pmd/rulesets/ali-comment.xml/EnumConstantsMustHaveCommentRule does not mention attribute language='java', please mention it explicitly to be compatible with PMD 7
[WARNING] Rule /Users/xinluo/sources/nacos/client-basic/target/pmd/rulesets/ali-comment.xml/EnumConstantsMustHaveCommentRule does not mention attribute language='java', please mention it explicitly to be compatible with PMD 7
[WARNING] Rule /Users/xinluo/sources/nacos/client-basic/target/pmd/rulesets/ali-comment.xml/AvoidCommentBehindStatementRule does not mention attribute language='java', please mention it explicitly to be compatible with PMD 7
[WARNING] Rule /Users/xinluo/sources/nacos/client-basic/target/pmd/rulesets/ali-comment.xml/AvoidCommentBehindStatementRule does not mention attribute language='java', please mention it explicitly to be compatible with PMD 7
[WARNING] Rule /Users/xinluo/sources/nacos/client-basic/target/pmd/rulesets/ali-comment.xml/RemoveCommentedCodeRule does not mention attribute language='java', please mention it explicitly to be compatible with PMD 7
[WARNING] Rule /Users/xinluo/sources/nacos/client-basic/target/pmd/rulesets/ali-comment.xml/RemoveCommentedCodeRule does not mention attribute language='java', please mention it explicitly to be compatible with PMD 7
[WARNING] Rule /Users/xinluo/sources/nacos/client-basic/target/pmd/rulesets/ali-constant.xml/UpperEllRule does not mention attribute language='java', please mention it explicitly to be compatible with PMD 7
[WARNING] Rule /Users/xinluo/sources/nacos/client-basic/target/pmd/rulesets/ali-constant.xml/UpperEllRule does not mention attribute language='java', please mention it explicitly to be compatible with PMD 7
[WARNING] Rule /Users/xinluo/sources/nacos/client-basic/target/pmd/rulesets/ali-constant.xml/UndefineMagicConstantRule does not mention attribute language='java', please mention it explicitly to be compatible with PMD 7
[WARNING] Rule /Users/xinluo/sources/nacos/client-basic/target/pmd/rulesets/ali-constant.xml/UndefineMagicConstantRule does not mention attribute language='java', please mention it explicitly to be compatible with PMD 7
[WARNING] Rule /Users/xinluo/sources/nacos/client-basic/target/pmd/rulesets/ali-set.xml/ClassCastExceptionWithToArrayRule does not mention attribute language='java', please mention it explicitly to be compatible with PMD 7
[WARNING] Rule /Users/xinluo/sources/nacos/client-basic/target/pmd/rulesets/ali-set.xml/ClassCastExceptionWithToArrayRule does not mention attribute language='java', please mention it explicitly to be compatible with PMD 7
[WARNING] Rule /Users/xinluo/sources/nacos/client-basic/target/pmd/rulesets/ali-set.xml/UnsupportedExceptionWithModifyAsListRule does not mention attribute language='java', please mention it explicitly to be compatible with PMD 7
[WARNING] Rule /Users/xinluo/sources/nacos/client-basic/target/pmd/rulesets/ali-set.xml/UnsupportedExceptionWithModifyAsListRule does not mention attribute language='java', please mention it explicitly to be compatible with PMD 7
[WARNING] Rule /Users/xinluo/sources/nacos/client-basic/target/pmd/rulesets/ali-set.xml/ClassCastExceptionWithSubListToArrayListRule does not mention attribute language='java', please mention it explicitly to be compatible with PMD 7
[WARNING] Rule /Users/xinluo/sources/nacos/client-basic/target/pmd/rulesets/ali-set.xml/ClassCastExceptionWithSubListToArrayListRule does not mention attribute language='java', please mention it explicitly to be compatible with PMD 7
[WARNING] Rule /Users/xinluo/sources/nacos/client-basic/target/pmd/rulesets/ali-set.xml/ConcurrentExceptionWithModifyOriginSubListRule does not mention attribute language='java', please mention it explicitly to be compatible with PMD 7
[WARNING] Rule /Users/xinluo/sources/nacos/client-basic/target/pmd/rulesets/ali-set.xml/ConcurrentExceptionWithModifyOriginSubListRule does not mention attribute language='java', please mention it explicitly to be compatible with PMD 7
[WARNING] Rule /Users/xinluo/sources/nacos/client-basic/target/pmd/rulesets/ali-set.xml/DontModifyInForeachCircleRule does not mention attribute language='java', please mention it explicitly to be compatible with PMD 7
[WARNING] Rule /Users/xinluo/sources/nacos/client-basic/target/pmd/rulesets/ali-set.xml/DontModifyInForeachCircleRule does not mention attribute language='java', please mention it explicitly to be compatible with PMD 7
[WARNING] Rule /Users/xinluo/sources/nacos/client-basic/target/pmd/rulesets/ali-set.xml/CollectionInitShouldAssignCapacityRule does not mention attribute language='java', please mention it explicitly to be compatible with PMD 7
[WARNING] Rule /Users/xinluo/sources/nacos/client-basic/target/pmd/rulesets/ali-set.xml/CollectionInitShouldAssignCapacityRule does not mention attribute language='java', please mention it explicitly to be compatible with PMD 7
[WARNING] Use of deprecated attribute 'ClassOrInterfaceDeclaration/@Image' by XPath rule 'BooleanPropertyShouldNotStartWithIsRule' (in ruleset 'AlibabaJavaNaming'), please use @SimpleName instead
[WARNING] Use of deprecated attribute 'ClassOrInterfaceDeclaration/@Image' by XPath rule 'BooleanPropertyShouldNotStartWithIsRule' (in ruleset 'AlibabaJavaNaming'), please use @SimpleName instead
[WARNING] Use of deprecated attribute 'FieldDeclaration/@Array' by XPath rule 'ArrayNamingShouldHaveBracketRule' (in ruleset 'AlibabaJavaNaming')
[WARNING] Use of deprecated attribute 'FieldDeclaration/@Array' by XPath rule 'ArrayNamingShouldHaveBracketRule' (in ruleset 'AlibabaJavaNaming')
[WARNING] Use of deprecated attribute 'LocalVariableDeclaration/@Array' by XPath rule 'ArrayNamingShouldHaveBracketRule' (in ruleset 'AlibabaJavaNaming')
[WARNING] Use of deprecated attribute 'LocalVariableDeclaration/@Array' by XPath rule 'ArrayNamingShouldHaveBracketRule' (in ruleset 'AlibabaJavaNaming')
[WARNING] Use of deprecated attribute 'ReferenceType/@Array' by XPath rule 'ArrayNamingShouldHaveBracketRule' (in ruleset 'AlibabaJavaNaming')
[WARNING] Use of deprecated attribute 'ReferenceType/@Array' by XPath rule 'ArrayNamingShouldHaveBracketRule' (in ruleset 'AlibabaJavaNaming')
[WARNING] Use of deprecated attribute 'ConditionalExpression/@Ternary' by XPath rule 'AvoidComplexConditionRule' (in ruleset 'AlibabaJavaFlowControl')
[WARNING] Use of deprecated attribute 'ConditionalExpression/@Ternary' by XPath rule 'AvoidComplexConditionRule' (in ruleset 'AlibabaJavaFlowControl')
[WARNING] Use of deprecated attribute 'AdditiveExpression/@Image' in a findChildNodesWithXPath navigation, please use @Operator instead
java.lang.RuntimeException: Use of deprecated attribute 'AdditiveExpression/@Image' in a findChildNodesWithXPath navigation, please use @Operator instead
    at net.sourceforge.pmd.lang.ast.xpath.internal.DeprecatedAttrLogger$AdhocLoggerImpl.recordUsageOf (DeprecatedAttrLogger.java:113)
    at net.sourceforge.pmd.lang.ast.xpath.internal.ContextualizedNavigator.getAttributeStringValue (ContextualizedNavigator.java:24)
    at org.jaxen.function.StringFunction.evaluate (StringFunction.java:278)
    at org.jaxen.expr.DefaultEqualityExpr.evaluateObjectObject (DefaultEqualityExpr.java:152)
    at org.jaxen.expr.DefaultEqualityExpr.evaluateSetSet (DefaultEqualityExpr.java:126)
    at org.jaxen.expr.DefaultEqualityExpr.evaluate (DefaultEqualityExpr.java:97)
    at org.jaxen.expr.DefaultAndExpr.evaluate (DefaultAndExpr.java:82)
    at org.jaxen.expr.DefaultPredicate.evaluate (DefaultPredicate.java:95)
    at org.jaxen.expr.PredicateSet.applyPredicate (PredicateSet.java:269)
    at org.jaxen.expr.PredicateSet.evaluatePredicates (PredicateSet.java:244)
    at org.jaxen.expr.DefaultNameStep.evaluate (DefaultNameStep.java:291)
    at org.jaxen.expr.DefaultLocationPath.evaluate (DefaultLocationPath.java:140)
    at org.jaxen.expr.DefaultXPathExpr.asList (DefaultXPathExpr.java:102)
    at org.jaxen.BaseXPath.selectNodesForContext (BaseXPath.java:677)
    at org.jaxen.BaseXPath.selectNodes (BaseXPath.java:216)
    at net.sourceforge.pmd.lang.ast.AbstractNode.findChildNodesWithXPath (AbstractNode.java:528)
    at com.alibaba.p3c.pmd.lang.java.rule.oop.StringConcatRule.checkStringConcat (StringConcatRule.java:76)
    at com.alibaba.p3c.pmd.lang.java.rule.oop.StringConcatRule.visit (StringConcatRule.java:63)
    at net.sourceforge.pmd.lang.java.ast.ASTDoStatement.jjtAccept (ASTDoStatement.java:67)
    at net.sourceforge.pmd.lang.java.rule.AbstractJavaRule.visit (AbstractJavaRule.java:222)
    at net.sourceforge.pmd.lang.java.rule.AbstractJavaRule.visit (AbstractJavaRule.java:659)
    at net.sourceforge.pmd.lang.java.ast.ASTStatement.jjtAccept (ASTStatement.java:25)
    at net.sourceforge.pmd.lang.java.rule.AbstractJavaRule.visit (AbstractJavaRule.java:222)
    at net.sourceforge.pmd.lang.java.rule.AbstractJavaRule.visit (AbstractJavaRule.java:674)
    at net.sourceforge.pmd.lang.java.ast.ASTBlockStatement.jjtAccept (ASTBlockStatement.java:25)
    at net.sourceforge.pmd.lang.java.rule.AbstractJavaRule.visit (AbstractJavaRule.java:222)
    at net.sourceforge.pmd.lang.java.rule.AbstractJavaRule.visit (AbstractJavaRule.java:669)
    at net.sourceforge.pmd.lang.java.ast.ASTBlock.jjtAccept (ASTBlock.java:27)
    at net.sourceforge.pmd.lang.java.rule.AbstractJavaRule.visit (AbstractJavaRule.java:222)
    at net.sourceforge.pmd.lang.java.rule.AbstractJavaRule.visit (AbstractJavaRule.java:449)
    at net.sourceforge.pmd.lang.java.ast.ASTMethodDeclaration.jjtAccept (ASTMethodDeclaration.java:37)
    at net.sourceforge.pmd.lang.java.rule.AbstractJavaRule.visit (AbstractJavaRule.java:222)
    at net.sourceforge.pmd.lang.java.rule.AbstractJavaRule.visit (AbstractJavaRule.java:269)
    at net.sourceforge.pmd.lang.java.ast.ASTClassOrInterfaceBodyDeclaration.jjtAccept (ASTClassOrInterfaceBodyDeclaration.java:44)
    at net.sourceforge.pmd.lang.java.rule.AbstractJavaRule.visit (AbstractJavaRule.java:222)
    at net.sourceforge.pmd.lang.java.rule.AbstractJavaRule.visit (AbstractJavaRule.java:264)
    at net.sourceforge.pmd.lang.java.ast.ASTClassOrInterfaceBody.jjtAccept (ASTClassOrInterfaceBody.java:35)
    at net.sourceforge.pmd.lang.java.rule.AbstractJavaRule.visit (AbstractJavaRule.java:222)
    at net.sourceforge.pmd.lang.java.rule.AbstractJavaRule.visit (AbstractJavaRule.java:234)
    at net.sourceforge.pmd.lang.java.ast.ASTClassOrInterfaceDeclaration.jjtAccept (ASTClassOrInterfaceDeclaration.java:55)
    at net.sourceforge.pmd.lang.java.rule.AbstractJavaRule.visit (AbstractJavaRule.java:222)
    at net.sourceforge.pmd.lang.java.rule.AbstractJavaRule.visit (AbstractJavaRule.java:419)
    at net.sourceforge.pmd.lang.java.ast.ASTTypeDeclaration.jjtAccept (ASTTypeDeclaration.java:39)
    at net.sourceforge.pmd.lang.java.rule.AbstractJavaRule.visit (AbstractJavaRule.java:222)
    at net.sourceforge.pmd.lang.java.rule.AbstractJavaRule.visit (AbstractJavaRule.java:394)
    at com.alibaba.p3c.pmd.lang.java.rule.AbstractAliRule.visit (AbstractAliRule.java:60)
    at net.sourceforge.pmd.lang.java.ast.ASTCompilationUnit.jjtAccept (ASTCompilationUnit.java:44)
    at net.sourceforge.pmd.lang.java.rule.AbstractJavaRule.visitAll (AbstractJavaRule.java:164)
    at net.sourceforge.pmd.lang.java.rule.AbstractJavaRule.apply (AbstractJavaRule.java:158)
    at net.sourceforge.pmd.RuleSet.apply (RuleSet.java:659)
    at net.sourceforge.pmd.RuleSets.apply (RuleSets.java:163)
    at net.sourceforge.pmd.SourceCodeProcessor.processSource (SourceCodeProcessor.java:209)
    at net.sourceforge.pmd.SourceCodeProcessor.processSourceCodeWithoutCache (SourceCodeProcessor.java:118)
    at net.sourceforge.pmd.SourceCodeProcessor.processSourceCode (SourceCodeProcessor.java:100)
    at net.sourceforge.pmd.SourceCodeProcessor.processSourceCode (SourceCodeProcessor.java:62)
    at net.sourceforge.pmd.processor.PmdRunnable.call (PmdRunnable.java:85)
    at net.sourceforge.pmd.processor.PmdRunnable.call (PmdRunnable.java:29)
    at java.util.concurrent.FutureTask.run (FutureTask.java:317)
    at java.util.concurrent.Executors$RunnableAdapter.call (Executors.java:572)
    at java.util.concurrent.FutureTask.run (FutureTask.java:317)
    at java.util.concurrent.ThreadPoolExecutor.runWorker (ThreadPoolExecutor.java:1144)
    at java.util.concurrent.ThreadPoolExecutor$Worker.run (ThreadPoolExecutor.java:642)
    at java.lang.Thread.run (Thread.java:1583)
[WARNING] Use of deprecated attribute 'AdditiveExpression/@Image' in a findChildNodesWithXPath navigation, please use @Operator instead
java.lang.RuntimeException: Use of deprecated attribute 'AdditiveExpression/@Image' in a findChildNodesWithXPath navigation, please use @Operator instead
    at net.sourceforge.pmd.lang.ast.xpath.internal.DeprecatedAttrLogger$AdhocLoggerImpl.recordUsageOf (DeprecatedAttrLogger.java:113)
    at net.sourceforge.pmd.lang.ast.xpath.internal.ContextualizedNavigator.getAttributeStringValue (ContextualizedNavigator.java:24)
    at org.jaxen.function.StringFunction.evaluate (StringFunction.java:278)
    at org.jaxen.expr.DefaultEqualityExpr.evaluateObjectObject (DefaultEqualityExpr.java:152)
    at org.jaxen.expr.DefaultEqualityExpr.evaluateSetSet (DefaultEqualityExpr.java:126)
    at org.jaxen.expr.DefaultEqualityExpr.evaluate (DefaultEqualityExpr.java:97)
    at org.jaxen.expr.DefaultAndExpr.evaluate (DefaultAndExpr.java:82)
    at org.jaxen.expr.DefaultPredicate.evaluate (DefaultPredicate.java:95)
    at org.jaxen.expr.PredicateSet.applyPredicate (PredicateSet.java:269)
    at org.jaxen.expr.PredicateSet.evaluatePredicates (PredicateSet.java:244)
    at org.jaxen.expr.DefaultNameStep.evaluate (DefaultNameStep.java:291)
    at org.jaxen.expr.DefaultLocationPath.evaluate (DefaultLocationPath.java:140)
    at org.jaxen.expr.DefaultXPathExpr.asList (DefaultXPathExpr.java:102)
    at org.jaxen.BaseXPath.selectNodesForContext (BaseXPath.java:677)
    at org.jaxen.BaseXPath.selectNodes (BaseXPath.java:216)
    at net.sourceforge.pmd.lang.ast.AbstractNode.findChildNodesWithXPath (AbstractNode.java:528)
    at com.alibaba.p3c.pmd.lang.java.rule.oop.StringConcatRule.checkStringConcat (StringConcatRule.java:76)
    at com.alibaba.p3c.pmd.lang.java.rule.oop.StringConcatRule.visit (StringConcatRule.java:63)
    at net.sourceforge.pmd.lang.java.ast.ASTDoStatement.jjtAccept (ASTDoStatement.java:67)
    at net.sourceforge.pmd.lang.java.rule.AbstractJavaRule.visit (AbstractJavaRule.java:222)
    at net.sourceforge.pmd.lang.java.rule.AbstractJavaRule.visit (AbstractJavaRule.java:659)
    at net.sourceforge.pmd.lang.java.ast.ASTStatement.jjtAccept (ASTStatement.java:25)
    at net.sourceforge.pmd.lang.java.rule.AbstractJavaRule.visit (AbstractJavaRule.java:222)
    at net.sourceforge.pmd.lang.java.rule.AbstractJavaRule.visit (AbstractJavaRule.java:674)
    at net.sourceforge.pmd.lang.java.ast.ASTBlockStatement.jjtAccept (ASTBlockStatement.java:25)
    at net.sourceforge.pmd.lang.java.rule.AbstractJavaRule.visit (AbstractJavaRule.java:222)
    at net.sourceforge.pmd.lang.java.rule.AbstractJavaRule.visit (AbstractJavaRule.java:669)
    at net.sourceforge.pmd.lang.java.ast.ASTBlock.jjtAccept (ASTBlock.java:27)
    at net.sourceforge.pmd.lang.java.rule.AbstractJavaRule.visit (AbstractJavaRule.java:222)
    at net.sourceforge.pmd.lang.java.rule.AbstractJavaRule.visit (AbstractJavaRule.java:449)
    at net.sourceforge.pmd.lang.java.ast.ASTMethodDeclaration.jjtAccept (ASTMethodDeclaration.java:37)
    at net.sourceforge.pmd.lang.java.rule.AbstractJavaRule.visit (AbstractJavaRule.java:222)
    at net.sourceforge.pmd.lang.java.rule.AbstractJavaRule.visit (AbstractJavaRule.java:269)
    at net.sourceforge.pmd.lang.java.ast.ASTClassOrInterfaceBodyDeclaration.jjtAccept (ASTClassOrInterfaceBodyDeclaration.java:44)
    at net.sourceforge.pmd.lang.java.rule.AbstractJavaRule.visit (AbstractJavaRule.java:222)
    at net.sourceforge.pmd.lang.java.rule.AbstractJavaRule.visit (AbstractJavaRule.java:264)
    at net.sourceforge.pmd.lang.java.ast.ASTClassOrInterfaceBody.jjtAccept (ASTClassOrInterfaceBody.java:35)
    at net.sourceforge.pmd.lang.java.rule.AbstractJavaRule.visit (AbstractJavaRule.java:222)
    at net.sourceforge.pmd.lang.java.rule.AbstractJavaRule.visit (AbstractJavaRule.java:234)
    at net.sourceforge.pmd.lang.java.ast.ASTClassOrInterfaceDeclaration.jjtAccept (ASTClassOrInterfaceDeclaration.java:55)
    at net.sourceforge.pmd.lang.java.rule.AbstractJavaRule.visit (AbstractJavaRule.java:222)
    at net.sourceforge.pmd.lang.java.rule.AbstractJavaRule.visit (AbstractJavaRule.java:419)
    at net.sourceforge.pmd.lang.java.ast.ASTTypeDeclaration.jjtAccept (ASTTypeDeclaration.java:39)
    at net.sourceforge.pmd.lang.java.rule.AbstractJavaRule.visit (AbstractJavaRule.java:222)
    at net.sourceforge.pmd.lang.java.rule.AbstractJavaRule.visit (AbstractJavaRule.java:394)
    at com.alibaba.p3c.pmd.lang.java.rule.AbstractAliRule.visit (AbstractAliRule.java:60)
    at net.sourceforge.pmd.lang.java.ast.ASTCompilationUnit.jjtAccept (ASTCompilationUnit.java:44)
    at net.sourceforge.pmd.lang.java.rule.AbstractJavaRule.visitAll (AbstractJavaRule.java:164)
    at net.sourceforge.pmd.lang.java.rule.AbstractJavaRule.apply (AbstractJavaRule.java:158)
    at net.sourceforge.pmd.RuleSet.apply (RuleSet.java:659)
    at net.sourceforge.pmd.RuleSets.apply (RuleSets.java:163)
    at net.sourceforge.pmd.SourceCodeProcessor.processSource (SourceCodeProcessor.java:209)
    at net.sourceforge.pmd.SourceCodeProcessor.processSourceCodeWithoutCache (SourceCodeProcessor.java:118)
    at net.sourceforge.pmd.SourceCodeProcessor.processSourceCode (SourceCodeProcessor.java:100)
    at net.sourceforge.pmd.SourceCodeProcessor.processSourceCode (SourceCodeProcessor.java:62)
    at net.sourceforge.pmd.processor.PmdRunnable.call (PmdRunnable.java:85)
    at net.sourceforge.pmd.processor.PmdRunnable.call (PmdRunnable.java:29)
    at java.util.concurrent.FutureTask.run (FutureTask.java:317)
    at java.util.concurrent.Executors$RunnableAdapter.call (Executors.java:572)
    at java.util.concurrent.FutureTask.run (FutureTask.java:317)
    at java.util.concurrent.ThreadPoolExecutor.runWorker (ThreadPoolExecutor.java:1144)
    at java.util.concurrent.ThreadPoolExecutor$Worker.run (ThreadPoolExecutor.java:642)
    at java.lang.Thread.run (Thread.java:1583)
[INFO] 
[INFO] <<< maven-pmd-plugin:3.16.0:check (default) < :pmd @ nacos-client-basic <<<
[INFO] 
[INFO] 
[INFO] --- maven-pmd-plugin:3.16.0:check (default) @ nacos-client-basic ---
[INFO] PMD version: 6.42.0
[INFO] 
[INFO] 
[INFO] --- apache-rat-plugin:0.12:check (default) @ nacos-client-basic ---
[INFO] Enabled default license matchers.
[INFO] Will parse SCM ignores for exclusions...
[INFO] Finished adding exclusions from SCM ignore files.
[INFO] 61 implicit excludes (use -debug for more details).
[INFO] Exclude: .editorconfig
[INFO] Exclude: .travis.yml
[INFO] Exclude: codecov.yml
[INFO] Exclude: CONTRIBUTING.md
[INFO] Exclude: CODE_OF_CONDUCT.md
[INFO] Exclude: CHANGELOG.md
[INFO] Exclude: style/codeStyle.md
[INFO] Exclude: REPORTING-BUGS.md
[INFO] Exclude: README.md
[INFO] Exclude: .github/**/*
[INFO] Exclude: doc/*
[INFO] Exclude: derby.log
[INFO] Exclude: logs/*
[INFO] Exclude: src/main/resources/static/**
[INFO] Exclude: **/istio/model/**
[INFO] Exclude: **/consistency/entity/**
[INFO] Exclude: **/*.txt
[INFO] Exclude: **/*.factories
[INFO] Exclude: /console-ui/**
[INFO] Exclude: **/gogo.proto
[INFO] Exclude: **/any.proto
[INFO] Exclude: src/main/java/com/alibaba/nacos/common/packagescan/classreading/**
[INFO] Exclude: .flattened-pom.xml
[INFO] Exclude: **/announcement*.conf
[INFO] Exclude: **/console-guide.conf
[INFO] Exclude: **/reflect-config.json
[INFO] Exclude: **/resource-config.json
[INFO] Exclude: **/proxy-config.json
[INFO] Exclude: **/jni-config.json
[INFO] Exclude: **/predefined-classes-config.json
[INFO] Exclude: **/serialization-config.json
[INFO] Exclude: **/filter-config.json
[INFO] Exclude: **/disk_cache_test/**
[INFO] Exclude: **/failover_test/**
[INFO] Exclude: lefthook.yml
[INFO] Exclude: .vscode/**
[INFO] 87 resources included (use -debug for more details)
[INFO] Rat check: Summary over all files. Unapproved: 0, unknown: 0, generated: 0, approved: 87 licenses.
[INFO] 
[INFO] --- maven-install-plugin:2.4:install (default-install) @ nacos-client-basic ---
[INFO] Installing /Users/xinluo/sources/nacos/client-basic/target/nacos-client-basic-3.1.0-SNAPSHOT.jar to /var/root/.m2/repository/com/alibaba/nacos/nacos-client-basic/3.1.0-SNAPSHOT/nacos-client-basic-3.1.0-SNAPSHOT.jar
[INFO] Installing /Users/xinluo/sources/nacos/client-basic/.flattened-pom.xml to /var/root/.m2/repository/com/alibaba/nacos/nacos-client-basic/3.1.0-SNAPSHOT/nacos-client-basic-3.1.0-SNAPSHOT.pom
[INFO] Installing /Users/xinluo/sources/nacos/client-basic/target/nacos-client-basic-3.1.0-SNAPSHOT-sources.jar to /var/root/.m2/repository/com/alibaba/nacos/nacos-client-basic/3.1.0-SNAPSHOT/nacos-client-basic-3.1.0-SNAPSHOT-sources.jar
[INFO] 
[INFO] ------------< com.alibaba.nacos:nacos-logger-adapter-impl >-------------
[INFO] Building nacos-logger-adapter-impl 3.1.0-SNAPSHOT 3.1.0-SNAPSHOT [22/45]
[INFO] --------------------------------[ pom ]---------------------------------
Downloading from central: https://repo.maven.apache.org/maven2/org/apache/maven/plugins/maven-shade-plugin/maven-metadata.xml
Progress (1): 1.6 kB                    Downloaded from central: https://repo.maven.apache.org/maven2/org/apache/maven/plugins/maven-shade-plugin/maven-metadata.xml (1.6 kB at 4.3 kB/s)
[INFO] 
[INFO] --- maven-clean-plugin:2.5:clean (default-clean) @ nacos-logger-adapter-impl ---
[INFO] Deleting /Users/xinluo/sources/nacos/logger-adapter-impl/target
[INFO] 
[INFO] --- easyj-maven-plugin:1.1.5:clean-simplify-pom (clean-flattened-pom) @ nacos-logger-adapter-impl ---
[INFO] Deleting /Users/xinluo/sources/nacos/logger-adapter-impl/.flattened-pom.xml
[INFO] 
[INFO] --- maven-enforcer-plugin:3.5.0:enforce (enforce-ban-circular-dependencies) @ nacos-logger-adapter-impl ---
[INFO] Rule 0: org.codehaus.mojo.extraenforcer.dependencies.BanCircularDependencies passed
[INFO] 
[INFO] --- maven-checkstyle-plugin:3.1.2:check (validate) @ nacos-logger-adapter-impl ---
[WARNING] Old version of checkstyle detected. Consider updating to >= v8.30
[WARNING] For more information see: https://maven.apache.org/plugins/maven-checkstyle-plugin/examples/upgrading-checkstyle.html
[INFO] 开始检查……
检查完成。
[INFO] You have 0 Checkstyle violations.
[INFO] 
[INFO] --- jacoco-maven-plugin:0.8.13:prepare-agent (default-prepare-agent) @ nacos-logger-adapter-impl ---
[INFO] argLine set to -javaagent:/var/root/.m2/repository/org/jacoco/org.jacoco.agent/0.8.13/org.jacoco.agent-0.8.13-runtime.jar=destfile=/Users/xinluo/sources/nacos/logger-adapter-impl/target/coverage-reports/jacoco-unit.exec,append=true,excludes=**/grpc/auto/**:**/packagescan/classreading/**:**/packagescan/resource/**:**/packagescan/util/**,output=file
[INFO] 
[INFO] --- build-helper-maven-plugin:3.2.0:add-source (add-source) @ nacos-logger-adapter-impl ---
[INFO] Source directory: /Users/xinluo/sources/nacos/logger-adapter-impl/target/generated-sources/protobuf/java added.
[INFO] 
[INFO] --- jacoco-maven-plugin:0.8.13:report (default-report) @ nacos-logger-adapter-impl ---
[INFO] Skipping JaCoCo execution due to missing execution data file.
[INFO] 
[INFO] --- easyj-maven-plugin:1.1.5:simplify-pom (flatten-pom) @ nacos-logger-adapter-impl ---
[INFO] Create PomSimplifier by mode: auto
[INFO] The simplify mode is: POM
[INFO] Do simplify by the POM simplifier: PomSimplifier
[INFO] 
[INFO] ==================================  start simplify  ==================================
[INFO] Remove Parent RelativePath.
[INFO] Set Name from 'nacos-logger-adapter-impl ${project.version}' to 'nacos-logger-adapter-impl 3.1.0-SNAPSHOT'.
[WARNING] The '<description>' is required when uploading OSSRH. Please set a value immediately.
[INFO] Remove Modules.
[INFO] Set parent version from '${revision}' to '3.1.0-SNAPSHOT'.
[INFO] -------------------------------------------
[INFO] Optimize Dependencies: (1)
[INFO]  - Optimize with 'getProjectProperty'
[INFO] ==================================   end  simplify  ==================================
[INFO] 
[INFO] Create the POM file '.flattened-pom.xml'.
[INFO] Set the POM file '.flattened-pom.xml' to the project object.
[INFO] 
[INFO] --- maven-javadoc-plugin:2.10.4:jar (attach-javadocs) @ nacos-logger-adapter-impl ---
[INFO] Skipping javadoc generation
[INFO] 
[INFO] >>> maven-source-plugin:3.0.1:jar (attach-sources) > generate-sources @ nacos-logger-adapter-impl >>>
[INFO] 
[INFO] --- maven-enforcer-plugin:3.5.0:enforce (enforce-ban-circular-dependencies) @ nacos-logger-adapter-impl ---
[INFO] Rule 0: org.codehaus.mojo.extraenforcer.dependencies.BanCircularDependencies passed
[INFO] 
[INFO] --- maven-checkstyle-plugin:3.1.2:check (validate) @ nacos-logger-adapter-impl ---
[WARNING] Old version of checkstyle detected. Consider updating to >= v8.30
[WARNING] For more information see: https://maven.apache.org/plugins/maven-checkstyle-plugin/examples/upgrading-checkstyle.html
[INFO] 开始检查……
检查完成。
[INFO] You have 0 Checkstyle violations.
[INFO] 
[INFO] --- jacoco-maven-plugin:0.8.13:prepare-agent (default-prepare-agent) @ nacos-logger-adapter-impl ---
[INFO] argLine set to -javaagent:/var/root/.m2/repository/org/jacoco/org.jacoco.agent/0.8.13/org.jacoco.agent-0.8.13-runtime.jar=destfile=/Users/xinluo/sources/nacos/logger-adapter-impl/target/coverage-reports/jacoco-unit.exec,append=true,excludes=**/grpc/auto/**:**/packagescan/classreading/**:**/packagescan/resource/**:**/packagescan/util/**,output=file
[INFO] 
[INFO] --- build-helper-maven-plugin:3.2.0:add-source (add-source) @ nacos-logger-adapter-impl ---
[INFO] Source directory: /Users/xinluo/sources/nacos/logger-adapter-impl/target/generated-sources/protobuf/java added.
[INFO] 
[INFO] <<< maven-source-plugin:3.0.1:jar (attach-sources) < generate-sources @ nacos-logger-adapter-impl <<<
[INFO] 
[INFO] 
[INFO] --- maven-source-plugin:3.0.1:jar (attach-sources) @ nacos-logger-adapter-impl ---
[INFO] 
[INFO] --- maven-jar-plugin:3.2.2:jar (pure-jar) @ nacos-logger-adapter-impl ---
[WARNING] JAR will be empty - no content was marked for inclusion!
[INFO] Building jar: /Users/xinluo/sources/nacos/logger-adapter-impl/target/nacos-logger-adapter-impl-3.1.0-SNAPSHOT-pure.jar
[INFO] 
[INFO] >>> maven-pmd-plugin:3.16.0:check (default) > :pmd @ nacos-logger-adapter-impl >>>
[INFO] 
[INFO] --- maven-pmd-plugin:3.16.0:pmd (pmd) @ nacos-logger-adapter-impl ---
[INFO] 
[INFO] <<< maven-pmd-plugin:3.16.0:check (default) < :pmd @ nacos-logger-adapter-impl <<<
[INFO] 
[INFO] 
[INFO] --- maven-pmd-plugin:3.16.0:check (default) @ nacos-logger-adapter-impl ---
[INFO] 
[INFO] --- apache-rat-plugin:0.12:check (default) @ nacos-logger-adapter-impl ---
[INFO] Enabled default license matchers.
[INFO] Will parse SCM ignores for exclusions...
[INFO] Finished adding exclusions from SCM ignore files.
[INFO] 63 implicit excludes (use -debug for more details).
[INFO] Exclude: .editorconfig
[INFO] Exclude: .travis.yml
[INFO] Exclude: codecov.yml
[INFO] Exclude: CONTRIBUTING.md
[INFO] Exclude: CODE_OF_CONDUCT.md
[INFO] Exclude: CHANGELOG.md
[INFO] Exclude: style/codeStyle.md
[INFO] Exclude: REPORTING-BUGS.md
[INFO] Exclude: README.md
[INFO] Exclude: .github/**/*
[INFO] Exclude: doc/*
[INFO] Exclude: derby.log
[INFO] Exclude: logs/*
[INFO] Exclude: src/main/resources/static/**
[INFO] Exclude: **/istio/model/**
[INFO] Exclude: **/consistency/entity/**
[INFO] Exclude: **/*.txt
[INFO] Exclude: **/*.factories
[INFO] Exclude: /console-ui/**
[INFO] Exclude: **/gogo.proto
[INFO] Exclude: **/any.proto
[INFO] Exclude: src/main/java/com/alibaba/nacos/common/packagescan/classreading/**
[INFO] Exclude: .flattened-pom.xml
[INFO] Exclude: **/announcement*.conf
[INFO] Exclude: **/console-guide.conf
[INFO] Exclude: **/reflect-config.json
[INFO] Exclude: **/resource-config.json
[INFO] Exclude: **/proxy-config.json
[INFO] Exclude: **/jni-config.json
[INFO] Exclude: **/predefined-classes-config.json
[INFO] Exclude: **/serialization-config.json
[INFO] Exclude: **/filter-config.json
[INFO] Exclude: **/disk_cache_test/**
[INFO] Exclude: **/failover_test/**
[INFO] Exclude: lefthook.yml
[INFO] Exclude: .vscode/**
[INFO] 1 resources included (use -debug for more details)
[INFO] Rat check: Summary over all files. Unapproved: 0, unknown: 0, generated: 0, approved: 1 licenses.
[INFO] 
[INFO] --- maven-install-plugin:2.4:install (default-install) @ nacos-logger-adapter-impl ---
[INFO] Installing /Users/xinluo/sources/nacos/logger-adapter-impl/.flattened-pom.xml to /var/root/.m2/repository/com/alibaba/nacos/nacos-logger-adapter-impl/3.1.0-SNAPSHOT/nacos-logger-adapter-impl-3.1.0-SNAPSHOT.pom
[INFO] Installing /Users/xinluo/sources/nacos/logger-adapter-impl/target/nacos-logger-adapter-impl-3.1.0-SNAPSHOT-pure.jar to /var/root/.m2/repository/com/alibaba/nacos/nacos-logger-adapter-impl/3.1.0-SNAPSHOT/nacos-logger-adapter-impl-3.1.0-SNAPSHOT-pure.jar
[INFO] 
[INFO] -------------< com.alibaba.nacos:nacos-logback-adapter-12 >-------------
[INFO] Building nacos-logback-adapter-12 3.1.0-SNAPSHOT 3.1.0-SNAPSHOT  [23/45]
[INFO] --------------------------------[ jar ]---------------------------------
[INFO] 
[INFO] --- maven-clean-plugin:2.5:clean (default-clean) @ nacos-logback-adapter-12 ---
[INFO] Deleting /Users/xinluo/sources/nacos/logger-adapter-impl/logback-adapter-12/target
[INFO] 
[INFO] --- easyj-maven-plugin:1.1.5:clean-simplify-pom (clean-flattened-pom) @ nacos-logback-adapter-12 ---
[INFO] Deleting /Users/xinluo/sources/nacos/logger-adapter-impl/logback-adapter-12/.flattened-pom.xml
[INFO] 
[INFO] --- maven-enforcer-plugin:3.5.0:enforce (enforce-ban-circular-dependencies) @ nacos-logback-adapter-12 ---
[INFO] Rule 0: org.codehaus.mojo.extraenforcer.dependencies.BanCircularDependencies passed
[INFO] 
[INFO] --- maven-checkstyle-plugin:3.1.2:check (validate) @ nacos-logback-adapter-12 ---
[WARNING] Old version of checkstyle detected. Consider updating to >= v8.30
[WARNING] For more information see: https://maven.apache.org/plugins/maven-checkstyle-plugin/examples/upgrading-checkstyle.html
[INFO] 开始检查……
检查完成。
[INFO] You have 0 Checkstyle violations.
[INFO] 
[INFO] --- jacoco-maven-plugin:0.8.13:prepare-agent (default-prepare-agent) @ nacos-logback-adapter-12 ---
[INFO] argLine set to -javaagent:/var/root/.m2/repository/org/jacoco/org.jacoco.agent/0.8.13/org.jacoco.agent-0.8.13-runtime.jar=destfile=/Users/xinluo/sources/nacos/logger-adapter-impl/logback-adapter-12/target/coverage-reports/jacoco-unit.exec,append=true,excludes=**/grpc/auto/**:**/packagescan/classreading/**:**/packagescan/resource/**:**/packagescan/util/**,output=file
[INFO] 
[INFO] --- build-helper-maven-plugin:3.2.0:add-source (add-source) @ nacos-logback-adapter-12 ---
[INFO] Source directory: /Users/xinluo/sources/nacos/logger-adapter-impl/logback-adapter-12/target/generated-sources/protobuf/java added.
[INFO] 
[INFO] --- maven-resources-plugin:3.0.2:resources (default-resources) @ nacos-logback-adapter-12 ---
[INFO] Using 'UTF-8' encoding to copy filtered resources.
[INFO] Copying 3 resources
[INFO] 
[INFO] --- maven-compiler-plugin:3.5.1:compile (default-compile) @ nacos-logback-adapter-12 ---
[INFO] Changes detected - recompiling the module!
[INFO] Compiling 4 source files to /Users/xinluo/sources/nacos/logger-adapter-impl/logback-adapter-12/target/classes
[WARNING] 未与 -source 8 一起设置引导类路径
[WARNING] 源值 8 已过时，将在未来发行版中删除
[WARNING] 目标值 8 已过时，将在未来发行版中删除
[WARNING] 要隐藏有关已过时选项的警告, 请使用 -Xlint:-options。
[INFO] 
[INFO] --- maven-resources-plugin:3.0.2:testResources (default-testResources) @ nacos-logback-adapter-12 ---
[INFO] Using 'UTF-8' encoding to copy filtered resources.
[INFO] skip non existing resourceDirectory /Users/xinluo/sources/nacos/logger-adapter-impl/logback-adapter-12/src/test/resources
[INFO] 
[INFO] --- maven-compiler-plugin:3.5.1:testCompile (default-testCompile) @ nacos-logback-adapter-12 ---
[INFO] Changes detected - recompiling the module!
[INFO] Compiling 4 source files to /Users/xinluo/sources/nacos/logger-adapter-impl/logback-adapter-12/target/test-classes
[WARNING] 未与 -source 8 一起设置引导类路径
[WARNING] 源值 8 已过时，将在未来发行版中删除
[WARNING] 目标值 8 已过时，将在未来发行版中删除
[WARNING] 要隐藏有关已过时选项的警告, 请使用 -Xlint:-options。
[INFO] 
[INFO] --- maven-surefire-plugin:3.2.5:test (default-test) @ nacos-logback-adapter-12 ---
[INFO] Surefire report directory: /Users/xinluo/sources/nacos/logger-adapter-impl/logback-adapter-12/target/surefire-reports
[INFO] Using auto detected provider org.apache.maven.surefire.junitplatform.JUnitPlatformProvider
[INFO] 
[INFO] -------------------------------------------------------
[INFO]  T E S T S
[INFO] -------------------------------------------------------
[INFO] Running com.alibaba.nacos.logger.adapter.logback12.NacosClientPropertyActionTest
[INFO] Tests run: 2, Failures: 0, Errors: 0, Skipped: 0, Time elapsed: 0.866 s -- in com.alibaba.nacos.logger.adapter.logback12.NacosClientPropertyActionTest
[INFO] Running com.alibaba.nacos.logger.adapter.logback12.LogbackNacosLoggingAdapterBuilderTest
[INFO] Tests run: 1, Failures: 0, Errors: 0, Skipped: 0, Time elapsed: 0.028 s -- in com.alibaba.nacos.logger.adapter.logback12.LogbackNacosLoggingAdapterBuilderTest
[INFO] Running com.alibaba.nacos.logger.adapter.logback12.LogbackNacosLoggingAdapterTest
[INFO] Tests run: 8, Failures: 0, Errors: 0, Skipped: 0, Time elapsed: 0.392 s -- in com.alibaba.nacos.logger.adapter.logback12.LogbackNacosLoggingAdapterTest
[INFO] Running com.alibaba.nacos.logger.adapter.logback12.NacosLogbackConfiguratorAdapterV1Test
[INFO] Tests run: 1, Failures: 0, Errors: 0, Skipped: 0, Time elapsed: 0.190 s -- in com.alibaba.nacos.logger.adapter.logback12.NacosLogbackConfiguratorAdapterV1Test
[INFO] 
[INFO] Results:
[INFO] 
[INFO] Tests run: 12, Failures: 0, Errors: 0, Skipped: 0
[INFO] 
[INFO] 
[INFO] --- jacoco-maven-plugin:0.8.13:report (default-report) @ nacos-logback-adapter-12 ---
[INFO] Loading execution data file /Users/xinluo/sources/nacos/logger-adapter-impl/logback-adapter-12/target/coverage-reports/jacoco-unit.exec
[INFO] Analyzed bundle 'nacos-logback-adapter-12 3.1.0-SNAPSHOT' with 5 classes
[INFO] 
[INFO] --- easyj-maven-plugin:1.1.5:simplify-pom (flatten-pom) @ nacos-logback-adapter-12 ---
[INFO] Create PomSimplifier by mode: auto
[INFO] The simplify mode is: JAR
[INFO] Do simplify by the POM simplifier: JarPomSimplifier
[INFO] 
[INFO] ==================================  start simplify  ==================================
[INFO] Remove Parent.
[INFO] Set GroupId from 'null' to 'com.alibaba.nacos'.
[INFO] Set Version from 'null' to '3.1.0-SNAPSHOT'.
[INFO] Set Name from 'nacos-logback-adapter-12 ${revision}' to 'nacos-logback-adapter-12 3.1.0-SNAPSHOT'.
[INFO] -------------------------------------------
[INFO] Copy project info from parent for the open source project:
[INFO]    Copy Url.
[INFO]    Copy Licenses.
[INFO]    Copy Developers.
[INFO]    Copy Scm.
[INFO]    Copy Organization.
[INFO]    Copy IssueManagement.
[INFO] -------------------------------------------
[INFO] -------------------------------------------
[INFO] Reset dependencies: groupId, version, exclusions (Contains 3 dependencies)
[INFO]   Remove dependency by scope=provided: [org.slf4j:slf4j-api:1.7.26:provided:true]
[INFO]   Remove dependency by scope=provided: [ch.qos.logback:logback-classic:1.2.13:provided:true]
[INFO]   Remove dependency by scope=provided: [ch.qos.logback:logback-core:1.2.13:provided:true]
[INFO] Remaining 0 dependencies.
[INFO] -------------------------------------------
[INFO] Remove Properties.
[INFO] ==================================   end  simplify  ==================================
[INFO] 
[INFO] Create the POM file '.flattened-pom.xml'.
[INFO] Set the POM file '.flattened-pom.xml' to the project object.
[INFO] 
[INFO] --- maven-jar-plugin:3.2.2:jar (default-jar) @ nacos-logback-adapter-12 ---
[INFO] Building jar: /Users/xinluo/sources/nacos/logger-adapter-impl/logback-adapter-12/target/nacos-logback-adapter-12-3.1.0-SNAPSHOT.jar
[INFO] 
[INFO] --- maven-javadoc-plugin:2.10.4:jar (attach-javadocs) @ nacos-logback-adapter-12 ---
[INFO] Skipping javadoc generation
[INFO] 
[INFO] >>> maven-source-plugin:3.0.1:jar (attach-sources) > generate-sources @ nacos-logback-adapter-12 >>>
[INFO] 
[INFO] --- maven-enforcer-plugin:3.5.0:enforce (enforce-ban-circular-dependencies) @ nacos-logback-adapter-12 ---
[INFO] Rule 0: org.codehaus.mojo.extraenforcer.dependencies.BanCircularDependencies passed
[INFO] 
[INFO] --- maven-checkstyle-plugin:3.1.2:check (validate) @ nacos-logback-adapter-12 ---
[WARNING] Old version of checkstyle detected. Consider updating to >= v8.30
[WARNING] For more information see: https://maven.apache.org/plugins/maven-checkstyle-plugin/examples/upgrading-checkstyle.html
[INFO] 开始检查……
检查完成。
[INFO] You have 0 Checkstyle violations.
[INFO] 
[INFO] --- jacoco-maven-plugin:0.8.13:prepare-agent (default-prepare-agent) @ nacos-logback-adapter-12 ---
[INFO] argLine set to -javaagent:/var/root/.m2/repository/org/jacoco/org.jacoco.agent/0.8.13/org.jacoco.agent-0.8.13-runtime.jar=destfile=/Users/xinluo/sources/nacos/logger-adapter-impl/logback-adapter-12/target/coverage-reports/jacoco-unit.exec,append=true,excludes=**/grpc/auto/**:**/packagescan/classreading/**:**/packagescan/resource/**:**/packagescan/util/**,output=file
[INFO] 
[INFO] --- build-helper-maven-plugin:3.2.0:add-source (add-source) @ nacos-logback-adapter-12 ---
[INFO] Source directory: /Users/xinluo/sources/nacos/logger-adapter-impl/logback-adapter-12/target/generated-sources/protobuf/java added.
[INFO] 
[INFO] <<< maven-source-plugin:3.0.1:jar (attach-sources) < generate-sources @ nacos-logback-adapter-12 <<<
[INFO] 
[INFO] 
[INFO] --- maven-source-plugin:3.0.1:jar (attach-sources) @ nacos-logback-adapter-12 ---
[INFO] Building jar: /Users/xinluo/sources/nacos/logger-adapter-impl/logback-adapter-12/target/nacos-logback-adapter-12-3.1.0-SNAPSHOT-sources.jar
[INFO] 
[INFO] --- maven-jar-plugin:3.2.2:jar (pure-jar) @ nacos-logback-adapter-12 ---
[INFO] Building jar: /Users/xinluo/sources/nacos/logger-adapter-impl/logback-adapter-12/target/nacos-logback-adapter-12-3.1.0-SNAPSHOT-pure.jar
[INFO] 
[INFO] >>> maven-pmd-plugin:3.16.0:check (default) > :pmd @ nacos-logback-adapter-12 >>>
[INFO] 
[INFO] --- maven-pmd-plugin:3.16.0:pmd (pmd) @ nacos-logback-adapter-12 ---
[WARNING] Unable to locate Source XRef to link to - DISABLED
[WARNING] Unable to locate Source XRef to link to - DISABLED
[INFO] PMD version: 6.42.0
[WARNING] Rule /Users/xinluo/sources/nacos/logger-adapter-impl/logback-adapter-12/target/pmd/rulesets/ali-comment.xml/CommentsMustBeJavadocFormatRule does not mention attribute language='java', please mention it explicitly to be compatible with PMD 7
[WARNING] Rule /Users/xinluo/sources/nacos/logger-adapter-impl/logback-adapter-12/target/pmd/rulesets/ali-comment.xml/CommentsMustBeJavadocFormatRule does not mention attribute language='java', please mention it explicitly to be compatible with PMD 7
[WARNING] Rule /Users/xinluo/sources/nacos/logger-adapter-impl/logback-adapter-12/target/pmd/rulesets/ali-comment.xml/AbstractMethodOrInterfaceMethodMustUseJavadocRule does not mention attribute language='java', please mention it explicitly to be compatible with PMD 7
[WARNING] Rule /Users/xinluo/sources/nacos/logger-adapter-impl/logback-adapter-12/target/pmd/rulesets/ali-comment.xml/AbstractMethodOrInterfaceMethodMustUseJavadocRule does not mention attribute language='java', please mention it explicitly to be compatible with PMD 7
[WARNING] Rule /Users/xinluo/sources/nacos/logger-adapter-impl/logback-adapter-12/target/pmd/rulesets/ali-comment.xml/ClassMustHaveAuthorRule does not mention attribute language='java', please mention it explicitly to be compatible with PMD 7
[WARNING] Rule /Users/xinluo/sources/nacos/logger-adapter-impl/logback-adapter-12/target/pmd/rulesets/ali-comment.xml/ClassMustHaveAuthorRule does not mention attribute language='java', please mention it explicitly to be compatible with PMD 7
[WARNING] Rule /Users/xinluo/sources/nacos/logger-adapter-impl/logback-adapter-12/target/pmd/rulesets/ali-comment.xml/EnumConstantsMustHaveCommentRule does not mention attribute language='java', please mention it explicitly to be compatible with PMD 7
[WARNING] Rule /Users/xinluo/sources/nacos/logger-adapter-impl/logback-adapter-12/target/pmd/rulesets/ali-comment.xml/EnumConstantsMustHaveCommentRule does not mention attribute language='java', please mention it explicitly to be compatible with PMD 7
[WARNING] Rule /Users/xinluo/sources/nacos/logger-adapter-impl/logback-adapter-12/target/pmd/rulesets/ali-comment.xml/AvoidCommentBehindStatementRule does not mention attribute language='java', please mention it explicitly to be compatible with PMD 7
[WARNING] Rule /Users/xinluo/sources/nacos/logger-adapter-impl/logback-adapter-12/target/pmd/rulesets/ali-comment.xml/AvoidCommentBehindStatementRule does not mention attribute language='java', please mention it explicitly to be compatible with PMD 7
[WARNING] Rule /Users/xinluo/sources/nacos/logger-adapter-impl/logback-adapter-12/target/pmd/rulesets/ali-comment.xml/RemoveCommentedCodeRule does not mention attribute language='java', please mention it explicitly to be compatible with PMD 7
[WARNING] Rule /Users/xinluo/sources/nacos/logger-adapter-impl/logback-adapter-12/target/pmd/rulesets/ali-comment.xml/RemoveCommentedCodeRule does not mention attribute language='java', please mention it explicitly to be compatible with PMD 7
[WARNING] Rule /Users/xinluo/sources/nacos/logger-adapter-impl/logback-adapter-12/target/pmd/rulesets/ali-constant.xml/UpperEllRule does not mention attribute language='java', please mention it explicitly to be compatible with PMD 7
[WARNING] Rule /Users/xinluo/sources/nacos/logger-adapter-impl/logback-adapter-12/target/pmd/rulesets/ali-constant.xml/UpperEllRule does not mention attribute language='java', please mention it explicitly to be compatible with PMD 7
[WARNING] Rule /Users/xinluo/sources/nacos/logger-adapter-impl/logback-adapter-12/target/pmd/rulesets/ali-constant.xml/UndefineMagicConstantRule does not mention attribute language='java', please mention it explicitly to be compatible with PMD 7
[WARNING] Rule /Users/xinluo/sources/nacos/logger-adapter-impl/logback-adapter-12/target/pmd/rulesets/ali-constant.xml/UndefineMagicConstantRule does not mention attribute language='java', please mention it explicitly to be compatible with PMD 7
[WARNING] Rule /Users/xinluo/sources/nacos/logger-adapter-impl/logback-adapter-12/target/pmd/rulesets/ali-set.xml/ClassCastExceptionWithToArrayRule does not mention attribute language='java', please mention it explicitly to be compatible with PMD 7
[WARNING] Rule /Users/xinluo/sources/nacos/logger-adapter-impl/logback-adapter-12/target/pmd/rulesets/ali-set.xml/ClassCastExceptionWithToArrayRule does not mention attribute language='java', please mention it explicitly to be compatible with PMD 7
[WARNING] Rule /Users/xinluo/sources/nacos/logger-adapter-impl/logback-adapter-12/target/pmd/rulesets/ali-set.xml/UnsupportedExceptionWithModifyAsListRule does not mention attribute language='java', please mention it explicitly to be compatible with PMD 7
[WARNING] Rule /Users/xinluo/sources/nacos/logger-adapter-impl/logback-adapter-12/target/pmd/rulesets/ali-set.xml/UnsupportedExceptionWithModifyAsListRule does not mention attribute language='java', please mention it explicitly to be compatible with PMD 7
[WARNING] Rule /Users/xinluo/sources/nacos/logger-adapter-impl/logback-adapter-12/target/pmd/rulesets/ali-set.xml/ClassCastExceptionWithSubListToArrayListRule does not mention attribute language='java', please mention it explicitly to be compatible with PMD 7
[WARNING] Rule /Users/xinluo/sources/nacos/logger-adapter-impl/logback-adapter-12/target/pmd/rulesets/ali-set.xml/ClassCastExceptionWithSubListToArrayListRule does not mention attribute language='java', please mention it explicitly to be compatible with PMD 7
[WARNING] Rule /Users/xinluo/sources/nacos/logger-adapter-impl/logback-adapter-12/target/pmd/rulesets/ali-set.xml/ConcurrentExceptionWithModifyOriginSubListRule does not mention attribute language='java', please mention it explicitly to be compatible with PMD 7
[WARNING] Rule /Users/xinluo/sources/nacos/logger-adapter-impl/logback-adapter-12/target/pmd/rulesets/ali-set.xml/ConcurrentExceptionWithModifyOriginSubListRule does not mention attribute language='java', please mention it explicitly to be compatible with PMD 7
[WARNING] Rule /Users/xinluo/sources/nacos/logger-adapter-impl/logback-adapter-12/target/pmd/rulesets/ali-set.xml/DontModifyInForeachCircleRule does not mention attribute language='java', please mention it explicitly to be compatible with PMD 7
[WARNING] Rule /Users/xinluo/sources/nacos/logger-adapter-impl/logback-adapter-12/target/pmd/rulesets/ali-set.xml/DontModifyInForeachCircleRule does not mention attribute language='java', please mention it explicitly to be compatible with PMD 7
[WARNING] Rule /Users/xinluo/sources/nacos/logger-adapter-impl/logback-adapter-12/target/pmd/rulesets/ali-set.xml/CollectionInitShouldAssignCapacityRule does not mention attribute language='java', please mention it explicitly to be compatible with PMD 7
[WARNING] Rule /Users/xinluo/sources/nacos/logger-adapter-impl/logback-adapter-12/target/pmd/rulesets/ali-set.xml/CollectionInitShouldAssignCapacityRule does not mention attribute language='java', please mention it explicitly to be compatible with PMD 7
[WARNING] Use of deprecated attribute 'ClassOrInterfaceDeclaration/@Image' by XPath rule 'BooleanPropertyShouldNotStartWithIsRule' (in ruleset 'AlibabaJavaNaming'), please use @SimpleName instead
[WARNING] Use of deprecated attribute 'ClassOrInterfaceDeclaration/@Image' by XPath rule 'BooleanPropertyShouldNotStartWithIsRule' (in ruleset 'AlibabaJavaNaming'), please use @SimpleName instead
[WARNING] Use of deprecated attribute 'FieldDeclaration/@Array' by XPath rule 'ArrayNamingShouldHaveBracketRule' (in ruleset 'AlibabaJavaNaming')
[WARNING] Use of deprecated attribute 'FieldDeclaration/@Array' by XPath rule 'ArrayNamingShouldHaveBracketRule' (in ruleset 'AlibabaJavaNaming')
[WARNING] Use of deprecated attribute 'LocalVariableDeclaration/@Array' by XPath rule 'ArrayNamingShouldHaveBracketRule' (in ruleset 'AlibabaJavaNaming')
[WARNING] Use of deprecated attribute 'LocalVariableDeclaration/@Array' by XPath rule 'ArrayNamingShouldHaveBracketRule' (in ruleset 'AlibabaJavaNaming')
[WARNING] Use of deprecated attribute 'ConditionalExpression/@Ternary' by XPath rule 'AvoidComplexConditionRule' (in ruleset 'AlibabaJavaFlowControl')
[WARNING] Use of deprecated attribute 'ConditionalExpression/@Ternary' by XPath rule 'AvoidComplexConditionRule' (in ruleset 'AlibabaJavaFlowControl')
[INFO] 
[INFO] <<< maven-pmd-plugin:3.16.0:check (default) < :pmd @ nacos-logback-adapter-12 <<<
[INFO] 
[INFO] 
[INFO] --- maven-pmd-plugin:3.16.0:check (default) @ nacos-logback-adapter-12 ---
[INFO] PMD version: 6.42.0
[INFO] 
[INFO] 
[INFO] --- apache-rat-plugin:0.12:check (default) @ nacos-logback-adapter-12 ---
[INFO] Enabled default license matchers.
[INFO] Will parse SCM ignores for exclusions...
[INFO] Finished adding exclusions from SCM ignore files.
[INFO] 61 implicit excludes (use -debug for more details).
[INFO] Exclude: .editorconfig
[INFO] Exclude: .travis.yml
[INFO] Exclude: codecov.yml
[INFO] Exclude: CONTRIBUTING.md
[INFO] Exclude: CODE_OF_CONDUCT.md
[INFO] Exclude: CHANGELOG.md
[INFO] Exclude: style/codeStyle.md
[INFO] Exclude: REPORTING-BUGS.md
[INFO] Exclude: README.md
[INFO] Exclude: .github/**/*
[INFO] Exclude: doc/*
[INFO] Exclude: derby.log
[INFO] Exclude: logs/*
[INFO] Exclude: src/main/resources/static/**
[INFO] Exclude: **/istio/model/**
[INFO] Exclude: **/consistency/entity/**
[INFO] Exclude: **/*.txt
[INFO] Exclude: **/*.factories
[INFO] Exclude: /console-ui/**
[INFO] Exclude: **/gogo.proto
[INFO] Exclude: **/any.proto
[INFO] Exclude: src/main/java/com/alibaba/nacos/common/packagescan/classreading/**
[INFO] Exclude: .flattened-pom.xml
[INFO] Exclude: **/announcement*.conf
[INFO] Exclude: **/console-guide.conf
[INFO] Exclude: **/reflect-config.json
[INFO] Exclude: **/resource-config.json
[INFO] Exclude: **/proxy-config.json
[INFO] Exclude: **/jni-config.json
[INFO] Exclude: **/predefined-classes-config.json
[INFO] Exclude: **/serialization-config.json
[INFO] Exclude: **/filter-config.json
[INFO] Exclude: **/disk_cache_test/**
[INFO] Exclude: **/failover_test/**
[INFO] Exclude: lefthook.yml
[INFO] Exclude: .vscode/**
[INFO] 12 resources included (use -debug for more details)
[INFO] Rat check: Summary over all files. Unapproved: 0, unknown: 0, generated: 0, approved: 12 licenses.
[INFO] 
[INFO] --- maven-install-plugin:2.4:install (default-install) @ nacos-logback-adapter-12 ---
[INFO] Installing /Users/xinluo/sources/nacos/logger-adapter-impl/logback-adapter-12/target/nacos-logback-adapter-12-3.1.0-SNAPSHOT.jar to /var/root/.m2/repository/com/alibaba/nacos/nacos-logback-adapter-12/3.1.0-SNAPSHOT/nacos-logback-adapter-12-3.1.0-SNAPSHOT.jar
[INFO] Installing /Users/xinluo/sources/nacos/logger-adapter-impl/logback-adapter-12/.flattened-pom.xml to /var/root/.m2/repository/com/alibaba/nacos/nacos-logback-adapter-12/3.1.0-SNAPSHOT/nacos-logback-adapter-12-3.1.0-SNAPSHOT.pom
[INFO] Installing /Users/xinluo/sources/nacos/logger-adapter-impl/logback-adapter-12/target/nacos-logback-adapter-12-3.1.0-SNAPSHOT-sources.jar to /var/root/.m2/repository/com/alibaba/nacos/nacos-logback-adapter-12/3.1.0-SNAPSHOT/nacos-logback-adapter-12-3.1.0-SNAPSHOT-sources.jar
[INFO] Installing /Users/xinluo/sources/nacos/logger-adapter-impl/logback-adapter-12/target/nacos-logback-adapter-12-3.1.0-SNAPSHOT-pure.jar to /var/root/.m2/repository/com/alibaba/nacos/nacos-logback-adapter-12/3.1.0-SNAPSHOT/nacos-logback-adapter-12-3.1.0-SNAPSHOT-pure.jar
[INFO] 
[INFO] ---------------< com.alibaba.nacos:nacos-log4j2-adapter >---------------
[INFO] Building nacos-log4j2-adapter 3.1.0-SNAPSHOT 3.1.0-SNAPSHOT      [24/45]
[INFO] --------------------------------[ jar ]---------------------------------
[INFO] 
[INFO] --- maven-clean-plugin:2.5:clean (default-clean) @ nacos-log4j2-adapter ---
[INFO] Deleting /Users/xinluo/sources/nacos/logger-adapter-impl/log4j2-adapter/target
[INFO] 
[INFO] --- easyj-maven-plugin:1.1.5:clean-simplify-pom (clean-flattened-pom) @ nacos-log4j2-adapter ---
[INFO] Deleting /Users/xinluo/sources/nacos/logger-adapter-impl/log4j2-adapter/.flattened-pom.xml
[INFO] 
[INFO] --- maven-enforcer-plugin:3.5.0:enforce (enforce-ban-circular-dependencies) @ nacos-log4j2-adapter ---
[INFO] Rule 0: org.codehaus.mojo.extraenforcer.dependencies.BanCircularDependencies passed
[INFO] 
[INFO] --- maven-checkstyle-plugin:3.1.2:check (validate) @ nacos-log4j2-adapter ---
[WARNING] Old version of checkstyle detected. Consider updating to >= v8.30
[WARNING] For more information see: https://maven.apache.org/plugins/maven-checkstyle-plugin/examples/upgrading-checkstyle.html
[INFO] 开始检查……
检查完成。
[INFO] You have 0 Checkstyle violations.
[INFO] 
[INFO] --- jacoco-maven-plugin:0.8.13:prepare-agent (default-prepare-agent) @ nacos-log4j2-adapter ---
[INFO] argLine set to -javaagent:/var/root/.m2/repository/org/jacoco/org.jacoco.agent/0.8.13/org.jacoco.agent-0.8.13-runtime.jar=destfile=/Users/xinluo/sources/nacos/logger-adapter-impl/log4j2-adapter/target/coverage-reports/jacoco-unit.exec,append=true,excludes=**/grpc/auto/**:**/packagescan/classreading/**:**/packagescan/resource/**:**/packagescan/util/**,output=file
[INFO] 
[INFO] --- build-helper-maven-plugin:3.2.0:add-source (add-source) @ nacos-log4j2-adapter ---
[INFO] Source directory: /Users/xinluo/sources/nacos/logger-adapter-impl/log4j2-adapter/target/generated-sources/protobuf/java added.
[INFO] 
[INFO] --- maven-resources-plugin:3.0.2:resources (default-resources) @ nacos-log4j2-adapter ---
[INFO] Using 'UTF-8' encoding to copy filtered resources.
[INFO] Copying 2 resources
[INFO] 
[INFO] --- maven-compiler-plugin:3.5.1:compile (default-compile) @ nacos-log4j2-adapter ---
[INFO] Changes detected - recompiling the module!
[INFO] Compiling 4 source files to /Users/xinluo/sources/nacos/logger-adapter-impl/log4j2-adapter/target/classes
[WARNING] 未与 -source 8 一起设置引导类路径
[WARNING] 源值 8 已过时，将在未来发行版中删除
[WARNING] 目标值 8 已过时，将在未来发行版中删除
[WARNING] 要隐藏有关已过时选项的警告, 请使用 -Xlint:-options。
[INFO] 由于在类路径中发现了一个或多个处理程序，因此启用了
  批注处理。未来发行版的 javac 可能会禁用批注处理，
  除非至少按名称指定了一个处理程序 (-processor)，
  或指定了搜索路径 (--processor-path, --processor-module-path)，
  或显式启用了批注处理 (-proc:only, -proc:full)。
  可使用 -Xlint:-options 隐藏此消息。
  可使用 -proc:none 禁用批注处理。
[INFO] Processing Log4j annotations
[INFO] Annotations processed
[INFO] Processing Log4j annotations
[INFO] No elements to process
[INFO] 
[INFO] --- maven-resources-plugin:3.0.2:testResources (default-testResources) @ nacos-log4j2-adapter ---
[INFO] Using 'UTF-8' encoding to copy filtered resources.
[INFO] skip non existing resourceDirectory /Users/xinluo/sources/nacos/logger-adapter-impl/log4j2-adapter/src/test/resources
[INFO] 
[INFO] --- maven-compiler-plugin:3.5.1:testCompile (default-testCompile) @ nacos-log4j2-adapter ---
[INFO] Changes detected - recompiling the module!
[INFO] Compiling 3 source files to /Users/xinluo/sources/nacos/logger-adapter-impl/log4j2-adapter/target/test-classes
[WARNING] 未与 -source 8 一起设置引导类路径
[WARNING] 源值 8 已过时，将在未来发行版中删除
[WARNING] 目标值 8 已过时，将在未来发行版中删除
[WARNING] 要隐藏有关已过时选项的警告, 请使用 -Xlint:-options。
[INFO] 由于在类路径中发现了一个或多个处理程序，因此启用了
  批注处理。未来发行版的 javac 可能会禁用批注处理，
  除非至少按名称指定了一个处理程序 (-processor)，
  或指定了搜索路径 (--processor-path, --processor-module-path)，
  或显式启用了批注处理 (-proc:only, -proc:full)。
  可使用 -Xlint:-options 隐藏此消息。
  可使用 -proc:none 禁用批注处理。
[INFO] 
[INFO] --- maven-surefire-plugin:3.2.5:test (default-test) @ nacos-log4j2-adapter ---
[INFO] Surefire report directory: /Users/xinluo/sources/nacos/logger-adapter-impl/log4j2-adapter/target/surefire-reports
[INFO] Using auto detected provider org.apache.maven.surefire.junitplatform.JUnitPlatformProvider
[INFO] 
[INFO] -------------------------------------------------------
[INFO]  T E S T S
[INFO] -------------------------------------------------------
[INFO] Running com.alibaba.nacos.logger.adapter.log4j2.NacosClientPropertiesLookupTest
[INFO] Tests run: 1, Failures: 0, Errors: 0, Skipped: 0, Time elapsed: 0.030 s -- in com.alibaba.nacos.logger.adapter.log4j2.NacosClientPropertiesLookupTest
[INFO] Running com.alibaba.nacos.logger.adapter.log4j2.Log4J2NacosLoggingAdapterTest
2025-09-15T09:54:14.764384Z main WARN The use of package scanning to locate Log4j plugins is deprecated.
Please remove the `packages` attribute from your configuration file.
See https://logging.apache.org/log4j/2.x/faq.html#package-scanning for details.
2025-09-15T09:54:14.981390Z main WARN No Root logger was configured, creating default ERROR-level Root logger with Console appender
2025-09-15T09:54:15.082567Z main WARN No Log4j 2 configuration file found. Using default configuration (logging only errors to the console), or user programmatically provided configurations. Set system property 'log4j2.debug' to show Log4j 2 internal initialization logging. See https://logging.apache.org/log4j/2.x/manual/configuration.html for instructions on how to configure Log4j 2
2025-09-15T09:54:15.129621Z main WARN No Log4j 2 configuration file found. Using default configuration (logging only errors to the console), or user programmatically provided configurations. Set system property 'log4j2.debug' to show Log4j 2 internal initialization logging. See https://logging.apache.org/log4j/2.x/manual/configuration.html for instructions on how to configure Log4j 2
2025-09-15T09:54:15.477061Z main WARN No Log4j 2 configuration file found. Using default configuration (logging only errors to the console), or user programmatically provided configurations. Set system property 'log4j2.debug' to show Log4j 2 internal initialization logging. See https://logging.apache.org/log4j/2.x/manual/configuration.html for instructions on how to configure Log4j 2
2025-09-15T09:54:15.486480Z main WARN No Log4j 2 configuration file found. Using default configuration (logging only errors to the console), or user programmatically provided configurations. Set system property 'log4j2.debug' to show Log4j 2 internal initialization logging. See https://logging.apache.org/log4j/2.x/manual/configuration.html for instructions on how to configure Log4j 2
2025-09-15T09:54:15.502586Z main WARN No Log4j 2 configuration file found. Using default configuration (logging only errors to the console), or user programmatically provided configurations. Set system property 'log4j2.debug' to show Log4j 2 internal initialization logging. See https://logging.apache.org/log4j/2.x/manual/configuration.html for instructions on how to configure Log4j 2
2025-09-15T09:54:15.512474Z main WARN The use of package scanning to locate Log4j plugins is deprecated.
Please remove the `packages` attribute from your configuration file.
See https://logging.apache.org/log4j/2.x/faq.html#package-scanning for details.
2025-09-15T09:54:15.533071Z main WARN No Root logger was configured, creating default ERROR-level Root logger with Console appender
2025-09-15T09:54:15.539304Z main WARN No Log4j 2 configuration file found. Using default configuration (logging only errors to the console), or user programmatically provided configurations. Set system property 'log4j2.debug' to show Log4j 2 internal initialization logging. See https://logging.apache.org/log4j/2.x/manual/configuration.html for instructions on how to configure Log4j 2
2025-09-15T09:54:15.547952Z main WARN No Log4j 2 configuration file found. Using default configuration (logging only errors to the console), or user programmatically provided configurations. Set system property 'log4j2.debug' to show Log4j 2 internal initialization logging. See https://logging.apache.org/log4j/2.x/manual/configuration.html for instructions on how to configure Log4j 2
[INFO] Tests run: 7, Failures: 0, Errors: 0, Skipped: 0, Time elapsed: 1.885 s -- in com.alibaba.nacos.logger.adapter.log4j2.Log4J2NacosLoggingAdapterTest
[INFO] Running com.alibaba.nacos.logger.adapter.log4j2.Log4j2NacosLoggingAdapterBuilderTest
[INFO] Tests run: 1, Failures: 0, Errors: 0, Skipped: 0, Time elapsed: 0.003 s -- in com.alibaba.nacos.logger.adapter.log4j2.Log4j2NacosLoggingAdapterBuilderTest
[INFO] 
[INFO] Results:
[INFO] 
[INFO] Tests run: 9, Failures: 0, Errors: 0, Skipped: 0
[INFO] 
[INFO] 
[INFO] --- jacoco-maven-plugin:0.8.13:report (default-report) @ nacos-log4j2-adapter ---
[INFO] Loading execution data file /Users/xinluo/sources/nacos/logger-adapter-impl/log4j2-adapter/target/coverage-reports/jacoco-unit.exec
[INFO] Analyzed bundle 'nacos-log4j2-adapter 3.1.0-SNAPSHOT' with 4 classes
[INFO] 
[INFO] --- easyj-maven-plugin:1.1.5:simplify-pom (flatten-pom) @ nacos-log4j2-adapter ---
[INFO] Create PomSimplifier by mode: auto
[INFO] The simplify mode is: JAR
[INFO] Do simplify by the POM simplifier: JarPomSimplifier
[INFO] 
[INFO] ==================================  start simplify  ==================================
[INFO] Remove Parent.
[INFO] Set GroupId from 'null' to 'com.alibaba.nacos'.
[INFO] Set Version from 'null' to '3.1.0-SNAPSHOT'.
[INFO] Set Name from 'nacos-log4j2-adapter ${revision}' to 'nacos-log4j2-adapter 3.1.0-SNAPSHOT'.
[INFO] -------------------------------------------
[INFO] Copy project info from parent for the open source project:
[INFO]    Copy Url.
[INFO]    Copy Licenses.
[INFO]    Copy Developers.
[INFO]    Copy Scm.
[INFO]    Copy Organization.
[INFO]    Copy IssueManagement.
[INFO] -------------------------------------------
[INFO] -------------------------------------------
[INFO] Reset dependencies: groupId, version, exclusions (Contains 3 dependencies)
[INFO]   Remove dependency by scope=provided: [org.apache.logging.log4j:log4j-core:2.24.3:provided:true]
[INFO]   Remove dependency by scope=provided: [org.apache.logging.log4j:log4j-api:2.24.3:provided:true]
[INFO]   Remove dependency by scope=provided: [org.apache.logging.log4j:log4j-slf4j-impl:2.24.3:provided:true]
[INFO] Remaining 0 dependencies.
[INFO] -------------------------------------------
[INFO] Remove Properties.
[INFO] ==================================   end  simplify  ==================================
[INFO] 
[INFO] Create the POM file '.flattened-pom.xml'.
[INFO] Set the POM file '.flattened-pom.xml' to the project object.
[INFO] 
[INFO] --- maven-jar-plugin:3.2.2:jar (default-jar) @ nacos-log4j2-adapter ---
[INFO] Building jar: /Users/xinluo/sources/nacos/logger-adapter-impl/log4j2-adapter/target/nacos-log4j2-adapter-3.1.0-SNAPSHOT.jar
[INFO] 
[INFO] --- maven-javadoc-plugin:2.10.4:jar (attach-javadocs) @ nacos-log4j2-adapter ---
[INFO] Skipping javadoc generation
[INFO] 
[INFO] >>> maven-source-plugin:3.0.1:jar (attach-sources) > generate-sources @ nacos-log4j2-adapter >>>
[INFO] 
[INFO] --- maven-enforcer-plugin:3.5.0:enforce (enforce-ban-circular-dependencies) @ nacos-log4j2-adapter ---
[INFO] Rule 0: org.codehaus.mojo.extraenforcer.dependencies.BanCircularDependencies passed
[INFO] 
[INFO] --- maven-checkstyle-plugin:3.1.2:check (validate) @ nacos-log4j2-adapter ---
[WARNING] Old version of checkstyle detected. Consider updating to >= v8.30
[WARNING] For more information see: https://maven.apache.org/plugins/maven-checkstyle-plugin/examples/upgrading-checkstyle.html
[INFO] 开始检查……
检查完成。
[INFO] You have 0 Checkstyle violations.
[INFO] 
[INFO] --- jacoco-maven-plugin:0.8.13:prepare-agent (default-prepare-agent) @ nacos-log4j2-adapter ---
[INFO] argLine set to -javaagent:/var/root/.m2/repository/org/jacoco/org.jacoco.agent/0.8.13/org.jacoco.agent-0.8.13-runtime.jar=destfile=/Users/xinluo/sources/nacos/logger-adapter-impl/log4j2-adapter/target/coverage-reports/jacoco-unit.exec,append=true,excludes=**/grpc/auto/**:**/packagescan/classreading/**:**/packagescan/resource/**:**/packagescan/util/**,output=file
[INFO] 
[INFO] --- build-helper-maven-plugin:3.2.0:add-source (add-source) @ nacos-log4j2-adapter ---
[INFO] Source directory: /Users/xinluo/sources/nacos/logger-adapter-impl/log4j2-adapter/target/generated-sources/protobuf/java added.
[INFO] 
[INFO] <<< maven-source-plugin:3.0.1:jar (attach-sources) < generate-sources @ nacos-log4j2-adapter <<<
[INFO] 
[INFO] 
[INFO] --- maven-source-plugin:3.0.1:jar (attach-sources) @ nacos-log4j2-adapter ---
[INFO] Building jar: /Users/xinluo/sources/nacos/logger-adapter-impl/log4j2-adapter/target/nacos-log4j2-adapter-3.1.0-SNAPSHOT-sources.jar
[INFO] 
[INFO] --- maven-jar-plugin:3.2.2:jar (pure-jar) @ nacos-log4j2-adapter ---
[INFO] Building jar: /Users/xinluo/sources/nacos/logger-adapter-impl/log4j2-adapter/target/nacos-log4j2-adapter-3.1.0-SNAPSHOT-pure.jar
[INFO] 
[INFO] >>> maven-pmd-plugin:3.16.0:check (default) > :pmd @ nacos-log4j2-adapter >>>
[INFO] 
[INFO] --- maven-pmd-plugin:3.16.0:pmd (pmd) @ nacos-log4j2-adapter ---
[WARNING] Unable to locate Source XRef to link to - DISABLED
[WARNING] Unable to locate Source XRef to link to - DISABLED
[INFO] PMD version: 6.42.0
[WARNING] Rule /Users/xinluo/sources/nacos/logger-adapter-impl/log4j2-adapter/target/pmd/rulesets/ali-comment.xml/CommentsMustBeJavadocFormatRule does not mention attribute language='java', please mention it explicitly to be compatible with PMD 7
[WARNING] Rule /Users/xinluo/sources/nacos/logger-adapter-impl/log4j2-adapter/target/pmd/rulesets/ali-comment.xml/CommentsMustBeJavadocFormatRule does not mention attribute language='java', please mention it explicitly to be compatible with PMD 7
[WARNING] Rule /Users/xinluo/sources/nacos/logger-adapter-impl/log4j2-adapter/target/pmd/rulesets/ali-comment.xml/AbstractMethodOrInterfaceMethodMustUseJavadocRule does not mention attribute language='java', please mention it explicitly to be compatible with PMD 7
[WARNING] Rule /Users/xinluo/sources/nacos/logger-adapter-impl/log4j2-adapter/target/pmd/rulesets/ali-comment.xml/AbstractMethodOrInterfaceMethodMustUseJavadocRule does not mention attribute language='java', please mention it explicitly to be compatible with PMD 7
[WARNING] Rule /Users/xinluo/sources/nacos/logger-adapter-impl/log4j2-adapter/target/pmd/rulesets/ali-comment.xml/ClassMustHaveAuthorRule does not mention attribute language='java', please mention it explicitly to be compatible with PMD 7
[WARNING] Rule /Users/xinluo/sources/nacos/logger-adapter-impl/log4j2-adapter/target/pmd/rulesets/ali-comment.xml/ClassMustHaveAuthorRule does not mention attribute language='java', please mention it explicitly to be compatible with PMD 7
[WARNING] Rule /Users/xinluo/sources/nacos/logger-adapter-impl/log4j2-adapter/target/pmd/rulesets/ali-comment.xml/EnumConstantsMustHaveCommentRule does not mention attribute language='java', please mention it explicitly to be compatible with PMD 7
[WARNING] Rule /Users/xinluo/sources/nacos/logger-adapter-impl/log4j2-adapter/target/pmd/rulesets/ali-comment.xml/EnumConstantsMustHaveCommentRule does not mention attribute language='java', please mention it explicitly to be compatible with PMD 7
[WARNING] Rule /Users/xinluo/sources/nacos/logger-adapter-impl/log4j2-adapter/target/pmd/rulesets/ali-comment.xml/AvoidCommentBehindStatementRule does not mention attribute language='java', please mention it explicitly to be compatible with PMD 7
[WARNING] Rule /Users/xinluo/sources/nacos/logger-adapter-impl/log4j2-adapter/target/pmd/rulesets/ali-comment.xml/AvoidCommentBehindStatementRule does not mention attribute language='java', please mention it explicitly to be compatible with PMD 7
[WARNING] Rule /Users/xinluo/sources/nacos/logger-adapter-impl/log4j2-adapter/target/pmd/rulesets/ali-comment.xml/RemoveCommentedCodeRule does not mention attribute language='java', please mention it explicitly to be compatible with PMD 7
[WARNING] Rule /Users/xinluo/sources/nacos/logger-adapter-impl/log4j2-adapter/target/pmd/rulesets/ali-comment.xml/RemoveCommentedCodeRule does not mention attribute language='java', please mention it explicitly to be compatible with PMD 7
[WARNING] Rule /Users/xinluo/sources/nacos/logger-adapter-impl/log4j2-adapter/target/pmd/rulesets/ali-constant.xml/UpperEllRule does not mention attribute language='java', please mention it explicitly to be compatible with PMD 7
[WARNING] Rule /Users/xinluo/sources/nacos/logger-adapter-impl/log4j2-adapter/target/pmd/rulesets/ali-constant.xml/UpperEllRule does not mention attribute language='java', please mention it explicitly to be compatible with PMD 7
[WARNING] Rule /Users/xinluo/sources/nacos/logger-adapter-impl/log4j2-adapter/target/pmd/rulesets/ali-constant.xml/UndefineMagicConstantRule does not mention attribute language='java', please mention it explicitly to be compatible with PMD 7
[WARNING] Rule /Users/xinluo/sources/nacos/logger-adapter-impl/log4j2-adapter/target/pmd/rulesets/ali-constant.xml/UndefineMagicConstantRule does not mention attribute language='java', please mention it explicitly to be compatible with PMD 7
[WARNING] Rule /Users/xinluo/sources/nacos/logger-adapter-impl/log4j2-adapter/target/pmd/rulesets/ali-set.xml/ClassCastExceptionWithToArrayRule does not mention attribute language='java', please mention it explicitly to be compatible with PMD 7
[WARNING] Rule /Users/xinluo/sources/nacos/logger-adapter-impl/log4j2-adapter/target/pmd/rulesets/ali-set.xml/ClassCastExceptionWithToArrayRule does not mention attribute language='java', please mention it explicitly to be compatible with PMD 7
[WARNING] Rule /Users/xinluo/sources/nacos/logger-adapter-impl/log4j2-adapter/target/pmd/rulesets/ali-set.xml/UnsupportedExceptionWithModifyAsListRule does not mention attribute language='java', please mention it explicitly to be compatible with PMD 7
[WARNING] Rule /Users/xinluo/sources/nacos/logger-adapter-impl/log4j2-adapter/target/pmd/rulesets/ali-set.xml/UnsupportedExceptionWithModifyAsListRule does not mention attribute language='java', please mention it explicitly to be compatible with PMD 7
[WARNING] Rule /Users/xinluo/sources/nacos/logger-adapter-impl/log4j2-adapter/target/pmd/rulesets/ali-set.xml/ClassCastExceptionWithSubListToArrayListRule does not mention attribute language='java', please mention it explicitly to be compatible with PMD 7
[WARNING] Rule /Users/xinluo/sources/nacos/logger-adapter-impl/log4j2-adapter/target/pmd/rulesets/ali-set.xml/ClassCastExceptionWithSubListToArrayListRule does not mention attribute language='java', please mention it explicitly to be compatible with PMD 7
[WARNING] Rule /Users/xinluo/sources/nacos/logger-adapter-impl/log4j2-adapter/target/pmd/rulesets/ali-set.xml/ConcurrentExceptionWithModifyOriginSubListRule does not mention attribute language='java', please mention it explicitly to be compatible with PMD 7
[WARNING] Rule /Users/xinluo/sources/nacos/logger-adapter-impl/log4j2-adapter/target/pmd/rulesets/ali-set.xml/ConcurrentExceptionWithModifyOriginSubListRule does not mention attribute language='java', please mention it explicitly to be compatible with PMD 7
[WARNING] Rule /Users/xinluo/sources/nacos/logger-adapter-impl/log4j2-adapter/target/pmd/rulesets/ali-set.xml/DontModifyInForeachCircleRule does not mention attribute language='java', please mention it explicitly to be compatible with PMD 7
[WARNING] Rule /Users/xinluo/sources/nacos/logger-adapter-impl/log4j2-adapter/target/pmd/rulesets/ali-set.xml/DontModifyInForeachCircleRule does not mention attribute language='java', please mention it explicitly to be compatible with PMD 7
[WARNING] Rule /Users/xinluo/sources/nacos/logger-adapter-impl/log4j2-adapter/target/pmd/rulesets/ali-set.xml/CollectionInitShouldAssignCapacityRule does not mention attribute language='java', please mention it explicitly to be compatible with PMD 7
[WARNING] Rule /Users/xinluo/sources/nacos/logger-adapter-impl/log4j2-adapter/target/pmd/rulesets/ali-set.xml/CollectionInitShouldAssignCapacityRule does not mention attribute language='java', please mention it explicitly to be compatible with PMD 7
[WARNING] Use of deprecated attribute 'ClassOrInterfaceDeclaration/@Image' by XPath rule 'BooleanPropertyShouldNotStartWithIsRule' (in ruleset 'AlibabaJavaNaming'), please use @SimpleName instead
[WARNING] Use of deprecated attribute 'ClassOrInterfaceDeclaration/@Image' by XPath rule 'BooleanPropertyShouldNotStartWithIsRule' (in ruleset 'AlibabaJavaNaming'), please use @SimpleName instead
[WARNING] Use of deprecated attribute 'FieldDeclaration/@Array' by XPath rule 'ArrayNamingShouldHaveBracketRule' (in ruleset 'AlibabaJavaNaming')
[WARNING] Use of deprecated attribute 'FieldDeclaration/@Array' by XPath rule 'ArrayNamingShouldHaveBracketRule' (in ruleset 'AlibabaJavaNaming')
[WARNING] Use of deprecated attribute 'ConditionalExpression/@Ternary' by XPath rule 'AvoidComplexConditionRule' (in ruleset 'AlibabaJavaFlowControl')
[WARNING] Use of deprecated attribute 'ConditionalExpression/@Ternary' by XPath rule 'AvoidComplexConditionRule' (in ruleset 'AlibabaJavaFlowControl')
[WARNING] Use of deprecated attribute 'LocalVariableDeclaration/@Array' by XPath rule 'ArrayNamingShouldHaveBracketRule' (in ruleset 'AlibabaJavaNaming')
[WARNING] Use of deprecated attribute 'LocalVariableDeclaration/@Array' by XPath rule 'ArrayNamingShouldHaveBracketRule' (in ruleset 'AlibabaJavaNaming')
[INFO] 
[INFO] <<< maven-pmd-plugin:3.16.0:check (default) < :pmd @ nacos-log4j2-adapter <<<
[INFO] 
[INFO] 
[INFO] --- maven-pmd-plugin:3.16.0:check (default) @ nacos-log4j2-adapter ---
[INFO] PMD version: 6.42.0
[INFO] 
[INFO] 
[INFO] --- apache-rat-plugin:0.12:check (default) @ nacos-log4j2-adapter ---
[INFO] Enabled default license matchers.
[INFO] Will parse SCM ignores for exclusions...
[INFO] Finished adding exclusions from SCM ignore files.
[INFO] 61 implicit excludes (use -debug for more details).
[INFO] Exclude: .editorconfig
[INFO] Exclude: .travis.yml
[INFO] Exclude: codecov.yml
[INFO] Exclude: CONTRIBUTING.md
[INFO] Exclude: CODE_OF_CONDUCT.md
[INFO] Exclude: CHANGELOG.md
[INFO] Exclude: style/codeStyle.md
[INFO] Exclude: REPORTING-BUGS.md
[INFO] Exclude: README.md
[INFO] Exclude: .github/**/*
[INFO] Exclude: doc/*
[INFO] Exclude: derby.log
[INFO] Exclude: logs/*
[INFO] Exclude: src/main/resources/static/**
[INFO] Exclude: **/istio/model/**
[INFO] Exclude: **/consistency/entity/**
[INFO] Exclude: **/*.txt
[INFO] Exclude: **/*.factories
[INFO] Exclude: /console-ui/**
[INFO] Exclude: **/gogo.proto
[INFO] Exclude: **/any.proto
[INFO] Exclude: src/main/java/com/alibaba/nacos/common/packagescan/classreading/**
[INFO] Exclude: .flattened-pom.xml
[INFO] Exclude: **/announcement*.conf
[INFO] Exclude: **/console-guide.conf
[INFO] Exclude: **/reflect-config.json
[INFO] Exclude: **/resource-config.json
[INFO] Exclude: **/proxy-config.json
[INFO] Exclude: **/jni-config.json
[INFO] Exclude: **/predefined-classes-config.json
[INFO] Exclude: **/serialization-config.json
[INFO] Exclude: **/filter-config.json
[INFO] Exclude: **/disk_cache_test/**
[INFO] Exclude: **/failover_test/**
[INFO] Exclude: lefthook.yml
[INFO] Exclude: .vscode/**
[INFO] 10 resources included (use -debug for more details)
[INFO] Rat check: Summary over all files. Unapproved: 0, unknown: 0, generated: 0, approved: 10 licenses.
[INFO] 
[INFO] --- maven-install-plugin:2.4:install (default-install) @ nacos-log4j2-adapter ---
[INFO] Installing /Users/xinluo/sources/nacos/logger-adapter-impl/log4j2-adapter/target/nacos-log4j2-adapter-3.1.0-SNAPSHOT.jar to /var/root/.m2/repository/com/alibaba/nacos/nacos-log4j2-adapter/3.1.0-SNAPSHOT/nacos-log4j2-adapter-3.1.0-SNAPSHOT.jar
[INFO] Installing /Users/xinluo/sources/nacos/logger-adapter-impl/log4j2-adapter/.flattened-pom.xml to /var/root/.m2/repository/com/alibaba/nacos/nacos-log4j2-adapter/3.1.0-SNAPSHOT/nacos-log4j2-adapter-3.1.0-SNAPSHOT.pom
[INFO] Installing /Users/xinluo/sources/nacos/logger-adapter-impl/log4j2-adapter/target/nacos-log4j2-adapter-3.1.0-SNAPSHOT-sources.jar to /var/root/.m2/repository/com/alibaba/nacos/nacos-log4j2-adapter/3.1.0-SNAPSHOT/nacos-log4j2-adapter-3.1.0-SNAPSHOT-sources.jar
[INFO] Installing /Users/xinluo/sources/nacos/logger-adapter-impl/log4j2-adapter/target/nacos-log4j2-adapter-3.1.0-SNAPSHOT-pure.jar to /var/root/.m2/repository/com/alibaba/nacos/nacos-log4j2-adapter/3.1.0-SNAPSHOT/nacos-log4j2-adapter-3.1.0-SNAPSHOT-pure.jar
[INFO] 
[INFO] -------------------< com.alibaba.nacos:nacos-client >-------------------
[INFO] Building nacos-client 3.1.0-SNAPSHOT 3.1.0-SNAPSHOT              [25/45]
[INFO] --------------------------------[ jar ]---------------------------------
[INFO] 
[INFO] --- maven-clean-plugin:2.5:clean (default-clean) @ nacos-client ---
[INFO] Deleting /Users/xinluo/sources/nacos/client/target
[INFO] 
[INFO] --- easyj-maven-plugin:1.1.5:clean-simplify-pom (clean-flattened-pom) @ nacos-client ---
[INFO] Deleting /Users/xinluo/sources/nacos/client/.flattened-pom.xml
[INFO] 
[INFO] --- maven-enforcer-plugin:3.5.0:enforce (enforce-ban-circular-dependencies) @ nacos-client ---
[INFO] Rule 0: org.codehaus.mojo.extraenforcer.dependencies.BanCircularDependencies passed
[INFO] 
[INFO] --- maven-checkstyle-plugin:3.1.2:check (validate) @ nacos-client ---
[WARNING] Old version of checkstyle detected. Consider updating to >= v8.30
[WARNING] For more information see: https://maven.apache.org/plugins/maven-checkstyle-plugin/examples/upgrading-checkstyle.html
[INFO] 开始检查……
检查完成。
[INFO] You have 0 Checkstyle violations.
[INFO] 
[INFO] --- jacoco-maven-plugin:0.8.13:prepare-agent (default-prepare-agent) @ nacos-client ---
[INFO] argLine set to -javaagent:/var/root/.m2/repository/org/jacoco/org.jacoco.agent/0.8.13/org.jacoco.agent-0.8.13-runtime.jar=destfile=/Users/xinluo/sources/nacos/client/target/coverage-reports/jacoco-unit.exec,append=true,excludes=**/grpc/auto/**:**/packagescan/classreading/**:**/packagescan/resource/**:**/packagescan/util/**,output=file
[INFO] 
[INFO] --- build-helper-maven-plugin:3.2.0:add-source (add-source) @ nacos-client ---
[INFO] Source directory: /Users/xinluo/sources/nacos/client/target/generated-sources/protobuf/java added.
[INFO] 
[INFO] --- maven-resources-plugin:3.0.2:resources (default-resources) @ nacos-client ---
[INFO] Using 'UTF-8' encoding to copy filtered resources.
[INFO] Copying 9 resources
[INFO] 
[INFO] --- maven-compiler-plugin:3.5.1:compile (default-compile) @ nacos-client ---
[INFO] Changes detected - recompiling the module!
[INFO] Compiling 125 source files to /Users/xinluo/sources/nacos/client/target/classes
[WARNING] 未与 -source 8 一起设置引导类路径
[WARNING] 源值 8 已过时，将在未来发行版中删除
[WARNING] 目标值 8 已过时，将在未来发行版中删除
[WARNING] 要隐藏有关已过时选项的警告, 请使用 -Xlint:-options。
[WARNING] /Users/xinluo/sources/nacos/client/src/main/java/com/alibaba/nacos/client/naming/NacosNamingMaintainService.java:[22,36] com.alibaba.nacos.api.naming中的com.alibaba.nacos.api.naming.NamingMaintainService已过时
[WARNING] /Users/xinluo/sources/nacos/client/src/main/java/com/alibaba/nacos/client/config/impl/ConfigServerListManager.java:[83,52] com.alibaba.nacos.api.PropertyKeyConst中的SERVER_NAME已过时
[WARNING] /Users/xinluo/sources/nacos/client/src/main/java/com/alibaba/nacos/client/config/impl/ConfigServerListManager.java:[84,65] com.alibaba.nacos.api.PropertyKeyConst中的SERVER_NAME已过时
[INFO] /Users/xinluo/sources/nacos/client/src/main/java/com/alibaba/nacos/client/redo/service/AbstractRedoService.java: 某些输入文件使用了未经检查或不安全的操作。
[INFO] /Users/xinluo/sources/nacos/client/src/main/java/com/alibaba/nacos/client/redo/service/AbstractRedoService.java: 有关详细信息, 请使用 -Xlint:unchecked 重新编译。
[INFO] 
[INFO] --- maven-resources-plugin:3.0.2:testResources (default-testResources) @ nacos-client ---
[INFO] Using 'UTF-8' encoding to copy filtered resources.
[INFO] Copying 9 resources
[INFO] 
[INFO] --- maven-compiler-plugin:3.5.1:testCompile (default-testCompile) @ nacos-client ---
[INFO] Changes detected - recompiling the module!
[INFO] Compiling 91 source files to /Users/xinluo/sources/nacos/client/target/test-classes
[WARNING] 未与 -source 8 一起设置引导类路径
[WARNING] 源值 8 已过时，将在未来发行版中删除
[WARNING] 目标值 8 已过时，将在未来发行版中删除
[WARNING] 要隐藏有关已过时选项的警告, 请使用 -Xlint:-options。
[WARNING] /Users/xinluo/sources/nacos/client/src/test/java/com/alibaba/nacos/client/naming/NacosNamingMaintainServiceTest.java:[51,13] com.alibaba.nacos.client.naming中的com.alibaba.nacos.client.naming.NacosNamingMaintainService已过时
[WARNING] /Users/xinluo/sources/nacos/client/src/test/java/com/alibaba/nacos/client/naming/NacosNamingMaintainServiceTest.java:[67,42] com.alibaba.nacos.client.naming中的com.alibaba.nacos.client.naming.NacosNamingMaintainService已过时
[WARNING] /Users/xinluo/sources/nacos/client/src/test/java/com/alibaba/nacos/client/naming/NacosNamingMaintainServiceTest.java:[73,34] com.alibaba.nacos.client.naming中的com.alibaba.nacos.client.naming.NacosNamingMaintainService已过时
[WARNING] /Users/xinluo/sources/nacos/client/src/test/java/com/alibaba/nacos/client/naming/NacosNamingMaintainServiceTest.java:[76,40] com.alibaba.nacos.client.naming中的com.alibaba.nacos.client.naming.NacosNamingMaintainService已过时
[WARNING] /Users/xinluo/sources/nacos/client/src/test/java/com/alibaba/nacos/client/naming/NacosNamingMaintainServiceTest.java:[79,36] com.alibaba.nacos.client.naming中的com.alibaba.nacos.client.naming.NacosNamingMaintainService已过时
[WARNING] /Users/xinluo/sources/nacos/client/src/test/java/com/alibaba/nacos/client/naming/NacosNamingMaintainServiceTest.java:[82,38] com.alibaba.nacos.client.naming中的com.alibaba.nacos.client.naming.NacosNamingMaintainService已过时
[WARNING] /Users/xinluo/sources/nacos/client/src/test/java/com/alibaba/nacos/client/naming/NacosNamingMaintainServiceTest.java:[93,9] com.alibaba.nacos.client.naming中的com.alibaba.nacos.client.naming.NacosNamingMaintainService已过时
[WARNING] /Users/xinluo/sources/nacos/client/src/test/java/com/alibaba/nacos/client/naming/NacosNamingMaintainServiceTest.java:[93,49] com.alibaba.nacos.client.naming中的com.alibaba.nacos.client.naming.NacosNamingMaintainService已过时
[WARNING] /Users/xinluo/sources/nacos/client/src/test/java/com/alibaba/nacos/client/config/impl/ConfigServerListManagerTest.java:[112,48] com.alibaba.nacos.api.PropertyKeyConst中的SERVER_NAME已过时
[WARNING] /Users/xinluo/sources/nacos/client/src/test/java/com/alibaba/nacos/client/config/impl/ConfigServerListManagerTest.java:[340,48] com.alibaba.nacos.api.PropertyKeyConst中的CLUSTER_NAME已过时
[INFO] /Users/xinluo/sources/nacos/client/src/test/java/com/alibaba/nacos/client/naming/core/NamingServerListManagerTest.java: 某些输入文件使用了未经检查或不安全的操作。
[INFO] /Users/xinluo/sources/nacos/client/src/test/java/com/alibaba/nacos/client/naming/core/NamingServerListManagerTest.java: 有关详细信息, 请使用 -Xlint:unchecked 重新编译。
[INFO] 
[INFO] --- maven-surefire-plugin:3.2.5:test (default-test) @ nacos-client ---
[INFO] Surefire report directory: /Users/xinluo/sources/nacos/client/target/surefire-reports
[INFO] Using auto detected provider org.apache.maven.surefire.junitplatform.JUnitPlatformProvider
[INFO] 
[INFO] -------------------------------------------------------
[INFO]  T E S T S
[INFO] -------------------------------------------------------
[INFO] Running com.alibaba.nacos.client.selector.AbstractSelectorWrapperTest
[INFO] Tests run: 8, Failures: 0, Errors: 0, Skipped: 0, Time elapsed: 0.870 s -- in com.alibaba.nacos.client.selector.AbstractSelectorWrapperTest
[INFO] Running com.alibaba.nacos.client.selector.SelectorManagerTest
[INFO] Tests run: 2, Failures: 0, Errors: 0, Skipped: 0, Time elapsed: 0.092 s -- in com.alibaba.nacos.client.selector.SelectorManagerTest
[INFO] Running com.alibaba.nacos.client.config.impl.ClientWorkerTest
content1757930061821
[INFO] Tests run: 27, Failures: 0, Errors: 0, Skipped: 0, Time elapsed: 1.689 s -- in com.alibaba.nacos.client.config.impl.ClientWorkerTest
[INFO] Running com.alibaba.nacos.client.config.impl.LimiterTest
[INFO] Tests run: 1, Failures: 0, Errors: 0, Skipped: 0, Time elapsed: 1.006 s -- in com.alibaba.nacos.client.config.impl.LimiterTest
[INFO] Running com.alibaba.nacos.client.config.impl.YmlChangeParserTest
[INFO] Tests run: 6, Failures: 0, Errors: 0, Skipped: 0, Time elapsed: 0.040 s -- in com.alibaba.nacos.client.config.impl.YmlChangeParserTest
[INFO] Running com.alibaba.nacos.client.config.impl.ConfigFuzzyWatchGroupKeyHolderTest
1
times 1 fail
times 2 success
[INFO] Tests run: 7, Failures: 0, Errors: 0, Skipped: 0, Time elapsed: 1.976 s -- in com.alibaba.nacos.client.config.impl.ConfigFuzzyWatchGroupKeyHolderTest
[INFO] Running com.alibaba.nacos.client.config.impl.PropertiesChangeParserTest
[INFO] Tests run: 4, Failures: 0, Errors: 0, Skipped: 0, Time elapsed: 0.004 s -- in com.alibaba.nacos.client.config.impl.PropertiesChangeParserTest
[INFO] Running com.alibaba.nacos.client.config.impl.CacheDataTest
timeout:keytimeouts
[INFO] Tests run: 8, Failures: 0, Errors: 0, Skipped: 0, Time elapsed: 11.04 s -- in com.alibaba.nacos.client.config.impl.CacheDataTest
[INFO] Running com.alibaba.nacos.client.config.impl.ConfigServerListManagerTest
[INFO] Tests run: 15, Failures: 0, Errors: 0, Skipped: 0, Time elapsed: 0.106 s -- in com.alibaba.nacos.client.config.impl.ConfigServerListManagerTest
[INFO] Running com.alibaba.nacos.client.config.impl.ConfigHttpClientManagerTest
[INFO] Tests run: 1, Failures: 0, Errors: 0, Skipped: 0, Time elapsed: 0.001 s -- in com.alibaba.nacos.client.config.impl.ConfigHttpClientManagerTest
[INFO] Running com.alibaba.nacos.client.config.impl.ConfigChangeHandlerTest
[INFO] Tests run: 2, Failures: 0, Errors: 0, Skipped: 0, Time elapsed: 0.001 s -- in com.alibaba.nacos.client.config.impl.ConfigChangeHandlerTest
[INFO] Running com.alibaba.nacos.client.config.NacosConfigServiceTest
[INFO] Tests run: 18, Failures: 0, Errors: 0, Skipped: 0, Time elapsed: 0.136 s -- in com.alibaba.nacos.client.config.NacosConfigServiceTest
[INFO] Running com.alibaba.nacos.client.config.listener.impl.AbstractConfigChangeListenerTest
[INFO] Tests run: 1, Failures: 0, Errors: 0, Skipped: 0, Time elapsed: 0.001 s -- in com.alibaba.nacos.client.config.listener.impl.AbstractConfigChangeListenerTest
[INFO] Running com.alibaba.nacos.client.config.listener.impl.PropertiesListenerTest
[INFO] Tests run: 4, Failures: 0, Errors: 0, Skipped: 0, Time elapsed: 0.001 s -- in com.alibaba.nacos.client.config.listener.impl.PropertiesListenerTest
[INFO] Running com.alibaba.nacos.client.config.utils.JvmUtilTest
[INFO] Tests run: 2, Failures: 0, Errors: 0, Skipped: 0, Time elapsed: 0.001 s -- in com.alibaba.nacos.client.config.utils.JvmUtilTest
[INFO] Running com.alibaba.nacos.client.config.utils.ParamUtilsTest
[INFO] Tests run: 18, Failures: 0, Errors: 0, Skipped: 0, Time elapsed: 0.006 s -- in com.alibaba.nacos.client.config.utils.ParamUtilsTest
[INFO] Running com.alibaba.nacos.client.config.utils.SnapShotSwitchTest
[INFO] Tests run: 1, Failures: 0, Errors: 0, Skipped: 0, Time elapsed: 0.003 s -- in com.alibaba.nacos.client.config.utils.SnapShotSwitchTest
[INFO] Running com.alibaba.nacos.client.config.utils.ContentUtilsTest
[INFO] Tests run: 12, Failures: 0, Errors: 0, Skipped: 0, Time elapsed: 0.005 s -- in com.alibaba.nacos.client.config.utils.ContentUtilsTest
[INFO] Running com.alibaba.nacos.client.config.common.GroupKeyTest
[INFO] Tests run: 9, Failures: 0, Errors: 0, Skipped: 0, Time elapsed: 0.003 s -- in com.alibaba.nacos.client.config.common.GroupKeyTest
[INFO] Running com.alibaba.nacos.client.config.http.ServerHttpAgentTest
[INFO] Tests run: 18, Failures: 0, Errors: 0, Skipped: 0, Time elapsed: 0.047 s -- in com.alibaba.nacos.client.config.http.ServerHttpAgentTest
[INFO] Running com.alibaba.nacos.client.config.http.MetricsHttpAgentTest
[INFO] Tests run: 3, Failures: 0, Errors: 0, Skipped: 0, Time elapsed: 0.009 s -- in com.alibaba.nacos.client.config.http.MetricsHttpAgentTest
[INFO] Running com.alibaba.nacos.client.config.filter.impl.ConfigFilterChainTest
[INFO] Tests run: 1, Failures: 0, Errors: 0, Skipped: 0, Time elapsed: 0.009 s -- in com.alibaba.nacos.client.config.filter.impl.ConfigFilterChainTest
[INFO] Running com.alibaba.nacos.client.config.filter.impl.ConfigContextTest
[INFO] Tests run: 1, Failures: 0, Errors: 0, Skipped: 0, Time elapsed: 0.001 s -- in com.alibaba.nacos.client.config.filter.impl.ConfigContextTest
[INFO] Running com.alibaba.nacos.client.config.filter.impl.ConfigRequestTest
[INFO] Tests run: 3, Failures: 0, Errors: 0, Skipped: 0, Time elapsed: 0.001 s -- in com.alibaba.nacos.client.config.filter.impl.ConfigRequestTest
[INFO] Running com.alibaba.nacos.client.config.filter.impl.ConfigEncryptionFilterTest
[INFO] Tests run: 2, Failures: 0, Errors: 0, Skipped: 0, Time elapsed: 0.061 s -- in com.alibaba.nacos.client.config.filter.impl.ConfigEncryptionFilterTest
[INFO] Running com.alibaba.nacos.client.config.filter.impl.ConfigResponseTest
[INFO] Tests run: 3, Failures: 0, Errors: 0, Skipped: 0, Time elapsed: 0.001 s -- in com.alibaba.nacos.client.config.filter.impl.ConfigResponseTest
[INFO] Running com.alibaba.nacos.client.config.filter.impl.ConfigFilterChainManagerTest
[INFO] Tests run: 2, Failures: 0, Errors: 0, Skipped: 0, Time elapsed: 0.001 s -- in com.alibaba.nacos.client.config.filter.impl.ConfigFilterChainManagerTest
[INFO] Running com.alibaba.nacos.client.security.SecurityProxyTest
[INFO] Tests run: 6, Failures: 0, Errors: 0, Skipped: 0, Time elapsed: 0.047 s -- in com.alibaba.nacos.client.security.SecurityProxyTest
[INFO] Running com.alibaba.nacos.client.redo.service.AbstractRedoServiceTest
[INFO] Tests run: 11, Failures: 0, Errors: 0, Skipped: 0, Time elapsed: 0.026 s -- in com.alibaba.nacos.client.redo.service.AbstractRedoServiceTest
[INFO] Running com.alibaba.nacos.client.redo.service.AbstractRedoTaskTest
[INFO] Tests run: 4, Failures: 0, Errors: 0, Skipped: 0, Time elapsed: 0.025 s -- in com.alibaba.nacos.client.redo.service.AbstractRedoTaskTest
[INFO] Running com.alibaba.nacos.client.redo.data.RedoDataTest
[INFO] Tests run: 2, Failures: 0, Errors: 0, Skipped: 0, Time elapsed: 0.001 s -- in com.alibaba.nacos.client.redo.data.RedoDataTest
[INFO] Running com.alibaba.nacos.client.lock.NacosLockServiceTest
[INFO] Tests run: 2, Failures: 0, Errors: 0, Skipped: 0, Time elapsed: 0.491 s -- in com.alibaba.nacos.client.lock.NacosLockServiceTest
[INFO] Running com.alibaba.nacos.client.lock.remote.grpc.LockGrpcClientTest
[INFO] Tests run: 8, Failures: 0, Errors: 0, Skipped: 0, Time elapsed: 0.032 s -- in com.alibaba.nacos.client.lock.remote.grpc.LockGrpcClientTest
[INFO] Running com.alibaba.nacos.client.utils.LogUtilsTest
[INFO] Tests run: 1, Failures: 0, Errors: 0, Skipped: 0, Time elapsed: 0 s -- in com.alibaba.nacos.client.utils.LogUtilsTest
[INFO] Running com.alibaba.nacos.client.utils.ParamUtilTest
[INFO] Tests run: 8, Failures: 0, Errors: 0, Skipped: 0, Time elapsed: 0.003 s -- in com.alibaba.nacos.client.utils.ParamUtilTest
[INFO] Running com.alibaba.nacos.client.utils.PreInitUtilsTest
[INFO] Tests run: 1, Failures: 0, Errors: 0, Skipped: 0, Time elapsed: 2.006 s -- in com.alibaba.nacos.client.utils.PreInitUtilsTest
[INFO] Running com.alibaba.nacos.client.utils.EnvUtilTest
[INFO] Tests run: 2, Failures: 0, Errors: 0, Skipped: 0, Time elapsed: 0 s -- in com.alibaba.nacos.client.utils.EnvUtilTest
[INFO] Running com.alibaba.nacos.client.utils.ValidatorUtilsTest
[INFO] Tests run: 6, Failures: 0, Errors: 0, Skipped: 0, Time elapsed: 0.001 s -- in com.alibaba.nacos.client.utils.ValidatorUtilsTest
[INFO] Running com.alibaba.nacos.client.utils.StringUtilsTest
[INFO] Tests run: 7, Failures: 0, Errors: 0, Skipped: 0, Time elapsed: 0.001 s -- in com.alibaba.nacos.client.utils.StringUtilsTest
[INFO] Running com.alibaba.nacos.client.ai.cache.NacosMcpServerCacheHolderTest
[WARNING] Tests run: 9, Failures: 0, Errors: 0, Skipped: 1, Time elapsed: 3.890 s -- in com.alibaba.nacos.client.ai.cache.NacosMcpServerCacheHolderTest
[INFO] Running com.alibaba.nacos.client.ai.NacosAiServiceTest
[INFO] Tests run: 15, Failures: 0, Errors: 0, Skipped: 0, Time elapsed: 0.230 s -- in com.alibaba.nacos.client.ai.NacosAiServiceTest
[INFO] Running com.alibaba.nacos.client.ai.event.McpServerListenerInvokerTest
[INFO] Tests run: 2, Failures: 0, Errors: 0, Skipped: 0, Time elapsed: 0.013 s -- in com.alibaba.nacos.client.ai.event.McpServerListenerInvokerTest
[INFO] Running com.alibaba.nacos.client.ai.event.AiChangeNotifierTest
[INFO] Tests run: 7, Failures: 0, Errors: 0, Skipped: 0, Time elapsed: 0.002 s -- in com.alibaba.nacos.client.ai.event.AiChangeNotifierTest
[INFO] Running com.alibaba.nacos.client.ai.remote.redo.McpServerEndpointTest
[INFO] Tests run: 1, Failures: 0, Errors: 0, Skipped: 0, Time elapsed: 0.002 s -- in com.alibaba.nacos.client.ai.remote.redo.McpServerEndpointTest
[INFO] Running com.alibaba.nacos.client.ai.remote.redo.AiGrpcRedoServiceTest
[INFO] Tests run: 2, Failures: 0, Errors: 0, Skipped: 0, Time elapsed: 0.002 s -- in com.alibaba.nacos.client.ai.remote.redo.AiGrpcRedoServiceTest
[INFO] Running com.alibaba.nacos.client.ai.remote.redo.AiRedoScheduledTaskTest
[INFO] Tests run: 4, Failures: 0, Errors: 0, Skipped: 0, Time elapsed: 0.026 s -- in com.alibaba.nacos.client.ai.remote.redo.AiRedoScheduledTaskTest
[INFO] Running com.alibaba.nacos.client.ai.remote.redo.McpServerEndpointRedoDataTest
[INFO] Tests run: 1, Failures: 0, Errors: 0, Skipped: 0, Time elapsed: 0 s -- in com.alibaba.nacos.client.ai.remote.redo.McpServerEndpointRedoDataTest
[INFO] Running com.alibaba.nacos.client.ai.remote.AiGrpcClientTest
[INFO] Tests run: 20, Failures: 0, Errors: 0, Skipped: 0, Time elapsed: 0.033 s -- in com.alibaba.nacos.client.ai.remote.AiGrpcClientTest
[INFO] Running com.alibaba.nacos.client.naming.NacosNamingServiceTest
[INFO] Tests run: 71, Failures: 0, Errors: 0, Skipped: 0, Time elapsed: 0.631 s -- in com.alibaba.nacos.client.naming.NacosNamingServiceTest
[INFO] Running com.alibaba.nacos.client.naming.selector.NamingListenerInvokerTest
[INFO] Tests run: 4, Failures: 0, Errors: 0, Skipped: 0, Time elapsed: 0.039 s -- in com.alibaba.nacos.client.naming.selector.NamingListenerInvokerTest
[INFO] Running com.alibaba.nacos.client.naming.selector.NamingSelectorWrapperTest
[INFO] Tests run: 4, Failures: 0, Errors: 0, Skipped: 0, Time elapsed: 0.001 s -- in com.alibaba.nacos.client.naming.selector.NamingSelectorWrapperTest
[INFO] Running com.alibaba.nacos.client.naming.selector.NamingSelectorFactoryTest
[INFO] Tests run: 7, Failures: 0, Errors: 0, Skipped: 0, Time elapsed: 0.034 s -- in com.alibaba.nacos.client.naming.selector.NamingSelectorFactoryTest
[INFO] Running com.alibaba.nacos.client.naming.selector.DefaultNamingSelectorTest
[INFO] Tests run: 1, Failures: 0, Errors: 0, Skipped: 0, Time elapsed: 0.001 s -- in com.alibaba.nacos.client.naming.selector.DefaultNamingSelectorTest
[INFO] Running com.alibaba.nacos.client.naming.selector.ServiceInfoContextTest
[INFO] Tests run: 1, Failures: 0, Errors: 0, Skipped: 0, Time elapsed: 0.001 s -- in com.alibaba.nacos.client.naming.selector.ServiceInfoContextTest
[INFO] Running com.alibaba.nacos.client.naming.listener.NamingChangeEventTest
[INFO] Tests run: 3, Failures: 0, Errors: 0, Skipped: 0, Time elapsed: 0.001 s -- in com.alibaba.nacos.client.naming.listener.NamingChangeEventTest
[INFO] Running com.alibaba.nacos.client.naming.core.ProtectModeTest
[INFO] Tests run: 2, Failures: 0, Errors: 0, Skipped: 0, Time elapsed: 0.002 s -- in com.alibaba.nacos.client.naming.core.ProtectModeTest
[INFO] Running com.alibaba.nacos.client.naming.core.ServiceInfoUpdateServiceTest
[INFO] Tests run: 10, Failures: 0, Errors: 0, Skipped: 0, Time elapsed: 17.25 s -- in com.alibaba.nacos.client.naming.core.ServiceInfoUpdateServiceTest
[INFO] Running com.alibaba.nacos.client.naming.core.NamingServerListManagerTest
[INFO] Tests run: 14, Failures: 0, Errors: 0, Skipped: 0, Time elapsed: 0.017 s -- in com.alibaba.nacos.client.naming.core.NamingServerListManagerTest
[INFO] Running com.alibaba.nacos.client.naming.core.BalancerTest
[INFO] Tests run: 4, Failures: 0, Errors: 0, Skipped: 0, Time elapsed: 0.001 s -- in com.alibaba.nacos.client.naming.core.BalancerTest
[INFO] Running com.alibaba.nacos.client.naming.cache.NamingFuzzyWatchServiceListHolderTest
times 1 fail
times 2 success
[INFO] Tests run: 6, Failures: 0, Errors: 0, Skipped: 0, Time elapsed: 2.992 s -- in com.alibaba.nacos.client.naming.cache.NamingFuzzyWatchServiceListHolderTest
[INFO] Running com.alibaba.nacos.client.naming.cache.ServiceInfoHolderTest
[INFO] Tests run: 15, Failures: 0, Errors: 0, Skipped: 0, Time elapsed: 0.083 s -- in com.alibaba.nacos.client.naming.cache.ServiceInfoHolderTest
[INFO] Running com.alibaba.nacos.client.naming.cache.DiskCacheTest
/Users/xinluo/sources/nacos/client/target/test-classes/disk_cache_testcache/
/Users/xinluo/sources/nacos/client/target/test-classes/disk_cache_testcache/
/Users/xinluo/sources/nacos/client/target/test-classes/disk_cache_testcache/
/Users/xinluo/sources/nacos/client/target/test-classes/disk_cache_testcache/
/Users/xinluo/sources/nacos/client/target/test-classes/disk_cache_testcache/
/Users/xinluo/sources/nacos/client/target/test-classes/disk_cache_testcache/
/Users/xinluo/sources/nacos/client/target/test-classes/disk_cache_testcache/
/Users/xinluo/sources/nacos/client/target/test-classes/disk_cache_testcache/
[INFO] Tests run: 8, Failures: 0, Errors: 0, Skipped: 0, Time elapsed: 0.033 s -- in com.alibaba.nacos.client.naming.cache.DiskCacheTest
[INFO] Running com.alibaba.nacos.client.naming.utils.ChooserTest
[INFO] Tests run: 10, Failures: 0, Errors: 0, Skipped: 0, Time elapsed: 0.003 s -- in com.alibaba.nacos.client.naming.utils.ChooserTest
[INFO] Running com.alibaba.nacos.client.naming.utils.InitUtilsTest
[INFO] Tests run: 11, Failures: 0, Errors: 0, Skipped: 0, Time elapsed: 0.002 s -- in com.alibaba.nacos.client.naming.utils.InitUtilsTest
[INFO] Running com.alibaba.nacos.client.naming.utils.ConcurrentDiskUtilTest
[INFO] Tests run: 6, Failures: 0, Errors: 0, Skipped: 0, Time elapsed: 0.623 s -- in com.alibaba.nacos.client.naming.utils.ConcurrentDiskUtilTest
[INFO] Running com.alibaba.nacos.client.naming.utils.CacheDirUtilTest
[INFO] Tests run: 6, Failures: 0, Errors: 0, Skipped: 0, Time elapsed: 0.001 s -- in com.alibaba.nacos.client.naming.utils.CacheDirUtilTest
[INFO] Running com.alibaba.nacos.client.naming.utils.GenericPollerTest
[INFO] Tests run: 2, Failures: 0, Errors: 0, Skipped: 0, Time elapsed: 0 s -- in com.alibaba.nacos.client.naming.utils.GenericPollerTest
[INFO] Running com.alibaba.nacos.client.naming.utils.PairTest
[INFO] Tests run: 1, Failures: 0, Errors: 0, Skipped: 0, Time elapsed: 0 s -- in com.alibaba.nacos.client.naming.utils.PairTest
[INFO] Running com.alibaba.nacos.client.naming.NacosNamingMaintainServiceTest
[INFO] Tests run: 16, Failures: 0, Errors: 0, Skipped: 0, Time elapsed: 0.075 s -- in com.alibaba.nacos.client.naming.NacosNamingMaintainServiceTest
[INFO] Running com.alibaba.nacos.client.naming.backups.datasource.DiskFailoverDataSourceTest
[INFO] Tests run: 7, Failures: 0, Errors: 0, Skipped: 0, Time elapsed: 0.026 s -- in com.alibaba.nacos.client.naming.backups.datasource.DiskFailoverDataSourceTest
[INFO] Running com.alibaba.nacos.client.naming.backups.FailoverReactorTest
[INFO] Tests run: 7, Failures: 0, Errors: 0, Skipped: 0, Time elapsed: 18.08 s -- in com.alibaba.nacos.client.naming.backups.FailoverReactorTest
[INFO] Running com.alibaba.nacos.client.naming.event.InstancesDiffTest
[INFO] Tests run: 3, Failures: 0, Errors: 0, Skipped: 0, Time elapsed: 0.002 s -- in com.alibaba.nacos.client.naming.event.InstancesDiffTest
[INFO] Running com.alibaba.nacos.client.naming.event.InstancesChangeEventTest
[INFO] Tests run: 1, Failures: 0, Errors: 0, Skipped: 0, Time elapsed: 0 s -- in com.alibaba.nacos.client.naming.event.InstancesChangeEventTest
[INFO] Running com.alibaba.nacos.client.naming.event.InstancesChangeNotifierTest
[INFO] Tests run: 7, Failures: 0, Errors: 0, Skipped: 0, Time elapsed: 0.169 s -- in com.alibaba.nacos.client.naming.event.InstancesChangeNotifierTest
[INFO] Running com.alibaba.nacos.client.naming.remote.AbstractNamingClientProxyTest
[INFO] Tests run: 2, Failures: 0, Errors: 0, Skipped: 0, Time elapsed: 0.186 s -- in com.alibaba.nacos.client.naming.remote.AbstractNamingClientProxyTest
[INFO] Running com.alibaba.nacos.client.naming.remote.gprc.NamingPushRequestHandlerTest
[INFO] Tests run: 2, Failures: 0, Errors: 0, Skipped: 0, Time elapsed: 0.003 s -- in com.alibaba.nacos.client.naming.remote.gprc.NamingPushRequestHandlerTest
[INFO] Running com.alibaba.nacos.client.naming.remote.gprc.redo.RedoScheduledTaskTest
[INFO] Tests run: 15, Failures: 0, Errors: 0, Skipped: 0, Time elapsed: 0.099 s -- in com.alibaba.nacos.client.naming.remote.gprc.redo.RedoScheduledTaskTest
[INFO] Running com.alibaba.nacos.client.naming.remote.gprc.redo.NamingGrpcRedoServiceTest
[INFO] Tests run: 17, Failures: 0, Errors: 0, Skipped: 0, Time elapsed: 0.099 s -- in com.alibaba.nacos.client.naming.remote.gprc.redo.NamingGrpcRedoServiceTest
[INFO] Running com.alibaba.nacos.client.naming.remote.gprc.redo.data.BatchInstanceRedoDataTest
[INFO] Tests run: 2, Failures: 0, Errors: 0, Skipped: 0, Time elapsed: 0.002 s -- in com.alibaba.nacos.client.naming.remote.gprc.redo.data.BatchInstanceRedoDataTest
[INFO] Running com.alibaba.nacos.client.naming.remote.gprc.redo.data.InstanceRedoDataTest
[INFO] Tests run: 2, Failures: 0, Errors: 0, Skipped: 0, Time elapsed: 0.001 s -- in com.alibaba.nacos.client.naming.remote.gprc.redo.data.InstanceRedoDataTest
[INFO] Running com.alibaba.nacos.client.naming.remote.gprc.NamingGrpcClientProxyTest
[INFO] Tests run: 36, Failures: 0, Errors: 0, Skipped: 0, Time elapsed: 8.343 s -- in com.alibaba.nacos.client.naming.remote.gprc.NamingGrpcClientProxyTest
[INFO] Running com.alibaba.nacos.client.naming.remote.http.NamingHttpClientProxyTest
[INFO] Tests run: 33, Failures: 0, Errors: 0, Skipped: 0, Time elapsed: 0.046 s -- in com.alibaba.nacos.client.naming.remote.http.NamingHttpClientProxyTest
[INFO] Running com.alibaba.nacos.client.naming.remote.http.NamingHttpClientManagerTest
[INFO] Tests run: 5, Failures: 0, Errors: 0, Skipped: 0, Time elapsed: 0.039 s -- in com.alibaba.nacos.client.naming.remote.http.NamingHttpClientManagerTest
[INFO] Running com.alibaba.nacos.client.naming.remote.NamingClientProxyDelegateTest
[INFO] Tests run: 20, Failures: 0, Errors: 0, Skipped: 0, Time elapsed: 0.347 s -- in com.alibaba.nacos.client.naming.remote.NamingClientProxyDelegateTest
[INFO] Running com.alibaba.nacos.client.ability.ClientAbilityControlManagerTest
[INFO] Tests run: 2, Failures: 0, Errors: 0, Skipped: 0, Time elapsed: 0.002 s -- in com.alibaba.nacos.client.ability.ClientAbilityControlManagerTest
[INFO] Running com.alibaba.nacos.client.ability.AbilityTest
[INFO] Tests run: 1, Failures: 0, Errors: 0, Skipped: 0, Time elapsed: 0.006 s -- in com.alibaba.nacos.client.ability.AbilityTest
[INFO] Running com.alibaba.nacos.client.logging.NacosLoggingTest
[INFO] Tests run: 3, Failures: 0, Errors: 0, Skipped: 0, Time elapsed: 0.031 s -- in com.alibaba.nacos.client.logging.NacosLoggingTest
[INFO] 
[INFO] Results:
[INFO] 
[WARNING] Tests run: 665, Failures: 0, Errors: 0, Skipped: 1
[INFO] 
[INFO] 
[INFO] --- jacoco-maven-plugin:0.8.13:report (default-report) @ nacos-client ---
[INFO] Loading execution data file /Users/xinluo/sources/nacos/client/target/coverage-reports/jacoco-unit.exec
[INFO] Analyzed bundle 'nacos-client 3.1.0-SNAPSHOT' with 155 classes
[INFO] 
[INFO] --- easyj-maven-plugin:1.1.5:simplify-pom (flatten-pom) @ nacos-client ---
[INFO] Create PomSimplifier by mode: auto
[INFO] The simplify mode is: JAR
[INFO] Do simplify by the POM simplifier: JarPomSimplifier
[INFO] 
[INFO] ==================================  start simplify  ==================================
[INFO] Remove Parent.
[INFO] Set GroupId from 'null' to 'com.alibaba.nacos'.
[INFO] Set Version from 'null' to '3.1.0-SNAPSHOT'.
[INFO] Set Name from 'nacos-client ${project.version}' to 'nacos-client 3.1.0-SNAPSHOT'.
[INFO] -------------------------------------------
[INFO] Copy project info from parent for the open source project:
[INFO]    Copy Licenses.
[INFO]    Copy Developers.
[INFO]    Copy Scm.
[INFO]    Copy Organization.
[INFO]    Copy IssueManagement.
[INFO] -------------------------------------------
[INFO] -------------------------------------------
[INFO] Reset dependencies: groupId, version, exclusions (Contains 15 dependencies)
[INFO]   Remove dependency by optional=true: [org.slf4j:slf4j-api:2.0.13:compile:true]
[INFO]   Remove dependency by optional=true: [com.alibaba.nacos:nacos-api:3.1.0-SNAPSHOT:compile:true]
[INFO]   Remove dependency by optional=true: [com.alibaba.nacos:nacos-common:3.1.0-SNAPSHOT:compile:true]
[INFO]   Reset dependency: [com.alibaba.nacos:nacos-client-basic:null] -> [com.alibaba.nacos:nacos-client-basic:3.1.0-SNAPSHOT]
[INFO]   Reset dependency: [com.alibaba.nacos:nacos-encryption-plugin:null] -> [com.alibaba.nacos:nacos-encryption-plugin:3.1.0-SNAPSHOT]
[INFO]   Reset dependency: [com.alibaba.nacos:nacos-logback-adapter-12:null] -> [com.alibaba.nacos:nacos-logback-adapter-12:3.1.0-SNAPSHOT]
[INFO]   Reset dependency: [com.alibaba.nacos:logback-adapter:null] -> [com.alibaba.nacos:logback-adapter:1.1.4]
[INFO]   Reset dependency: [com.alibaba.nacos:nacos-log4j2-adapter:null] -> [com.alibaba.nacos:nacos-log4j2-adapter:3.1.0-SNAPSHOT]
[INFO]   Reset dependency: [com.fasterxml.jackson.core:jackson-core:null] -> [com.fasterxml.jackson.core:jackson-core:2.18.4.1]
[INFO]   Reset dependency: [com.fasterxml.jackson.core:jackson-databind:null] -> [com.fasterxml.jackson.core:jackson-databind:2.18.4]
[INFO]   Reset dependency: [org.apache.httpcomponents.client5:httpclient5:null] -> [org.apache.httpcomponents.client5:httpclient5:5.4.4]
[INFO]   Reset dependency: [org.apache.httpcomponents.core5:httpcore5:null] -> [org.apache.httpcomponents.core5:httpcore5:5.3.4]
[INFO]   Reset dependency: [io.prometheus:simpleclient:null] -> [io.prometheus:simpleclient:0.16.0]
[INFO]   Reset dependency: [org.yaml:snakeyaml:null] -> [org.yaml:snakeyaml:2.0]
[INFO]   Reset dependency: [io.micrometer:micrometer-core:null] -> [io.micrometer:micrometer-core:1.12.8]
[INFO] Remaining 12 dependencies.
[INFO] -------------------------------------------
[INFO] Remove Properties.
[INFO] Remove Build.
[INFO] Remove Profiles.
[INFO] -------------------------------------------
[INFO] Optimize Dependencies: (12)
[INFO]  - Optimize with 'replaceVariable'
[INFO] ==================================   end  simplify  ==================================
[INFO] 
[INFO] Create the POM file '.flattened-pom.xml'.
[INFO] Set the POM file '.flattened-pom.xml' to the project object.
[INFO] 
[INFO] --- maven-jar-plugin:3.2.2:jar (default-jar) @ nacos-client ---
[INFO] Building jar: /Users/xinluo/sources/nacos/client/target/nacos-client-3.1.0-SNAPSHOT.jar
[INFO] 
[INFO] --- maven-javadoc-plugin:2.10.4:jar (attach-javadocs) @ nacos-client ---
[INFO] Skipping javadoc generation
[INFO] 
[INFO] >>> maven-source-plugin:3.0.1:jar (attach-sources) > generate-sources @ nacos-client >>>
[INFO] 
[INFO] --- maven-enforcer-plugin:3.5.0:enforce (enforce-ban-circular-dependencies) @ nacos-client ---
[INFO] Rule 0: org.codehaus.mojo.extraenforcer.dependencies.BanCircularDependencies passed
[INFO] 
[INFO] --- maven-checkstyle-plugin:3.1.2:check (validate) @ nacos-client ---
[WARNING] Old version of checkstyle detected. Consider updating to >= v8.30
[WARNING] For more information see: https://maven.apache.org/plugins/maven-checkstyle-plugin/examples/upgrading-checkstyle.html
[INFO] 开始检查……
检查完成。
[INFO] You have 0 Checkstyle violations.
[INFO] 
[INFO] --- jacoco-maven-plugin:0.8.13:prepare-agent (default-prepare-agent) @ nacos-client ---
[INFO] argLine set to -javaagent:/var/root/.m2/repository/org/jacoco/org.jacoco.agent/0.8.13/org.jacoco.agent-0.8.13-runtime.jar=destfile=/Users/xinluo/sources/nacos/client/target/coverage-reports/jacoco-unit.exec,append=true,excludes=**/grpc/auto/**:**/packagescan/classreading/**:**/packagescan/resource/**:**/packagescan/util/**,output=file
[INFO] 
[INFO] --- build-helper-maven-plugin:3.2.0:add-source (add-source) @ nacos-client ---
[INFO] Source directory: /Users/xinluo/sources/nacos/client/target/generated-sources/protobuf/java added.
[INFO] 
[INFO] <<< maven-source-plugin:3.0.1:jar (attach-sources) < generate-sources @ nacos-client <<<
[INFO] 
[INFO] 
[INFO] --- maven-source-plugin:3.0.1:jar (attach-sources) @ nacos-client ---
[INFO] Building jar: /Users/xinluo/sources/nacos/client/target/nacos-client-3.1.0-SNAPSHOT-sources.jar
[INFO] 
[INFO] --- maven-shade-plugin:3.6.0:shade (default) @ nacos-client ---
[INFO] Including com.alibaba.nacos:nacos-api:jar:3.1.0-SNAPSHOT in the shaded jar.
[INFO] Including io.grpc:grpc-netty-shaded:jar:1.75.0 in the shaded jar.
[INFO] Including io.grpc:grpc-core:jar:1.75.0 in the shaded jar.
[INFO] Including com.google.code.gson:gson:jar:2.11.0 in the shaded jar.
[INFO] Including com.google.android:annotations:jar:4.1.1.4 in the shaded jar.
[INFO] Including io.grpc:grpc-context:jar:1.75.0 in the shaded jar.
[INFO] Including com.google.guava:guava:jar:33.3.1-android in the shaded jar.
[INFO] Including com.google.guava:failureaccess:jar:1.0.2 in the shaded jar.
[INFO] Including com.google.guava:listenablefuture:jar:9999.0-empty-to-avoid-conflict-with-guava in the shaded jar.
Downloading from central: https://repo.maven.apache.org/maven2/com/google/guava/listenablefuture/9999.0-empty-to-avoid-conflict-with-guava/listenablefuture-9999.0-empty-to-avoid-conflict-with-guava-sources.jar
[WARNING] Could not get sources for com.google.guava:listenablefuture:jar:9999.0-empty-to-avoid-conflict-with-guava:compile
[INFO] Including org.checkerframework:checker-qual:jar:3.43.0 in the shaded jar.
[INFO] Including com.google.j2objc:j2objc-annotations:jar:3.0.0 in the shaded jar.
[INFO] Including com.google.errorprone:error_prone_annotations:jar:2.30.0 in the shaded jar.
[INFO] Including io.perfmark:perfmark-api:jar:0.27.0 in the shaded jar.
[INFO] Including io.grpc:grpc-api:jar:1.75.0 in the shaded jar.
[INFO] Including org.codehaus.mojo:animal-sniffer-annotations:jar:1.24 in the shaded jar.
[INFO] Including io.grpc:grpc-protobuf:jar:1.75.0 in the shaded jar.
[INFO] Including com.google.code.findbugs:jsr305:jar:3.0.2 in the shaded jar.
[INFO] Including io.grpc:grpc-protobuf-lite:jar:1.75.0 in the shaded jar.
[INFO] Including io.grpc:grpc-stub:jar:1.75.0 in the shaded jar.
[INFO] Including io.grpc:grpc-util:jar:1.75.0 in the shaded jar.
[INFO] Including io.grpc:grpc-inprocess:jar:1.75.0 in the shaded jar.
[INFO] Including com.google.api.grpc:proto-google-common-protos:jar:2.17.0 in the shaded jar.
[INFO] Including com.google.protobuf:protobuf-java:jar:3.25.5 in the shaded jar.
[INFO] Including javax.annotation:javax.annotation-api:jar:1.3.2 in the shaded jar.
[INFO] Including com.alibaba.nacos:nacos-common:jar:3.1.0-SNAPSHOT in the shaded jar.
[INFO] Excluding org.slf4j:slf4j-api:jar:2.0.13 from the shaded jar.
[INFO] Excluding commons-io:commons-io:jar:2.14.0 from the shaded jar.
[INFO] Excluding com.alibaba.nacos:nacos-client-basic:jar:3.1.0-SNAPSHOT from the shaded jar.
[INFO] Excluding com.alibaba.nacos:nacos-auth-plugin:jar:3.1.0-SNAPSHOT from the shaded jar.
[INFO] Excluding com.alibaba.nacos:nacos-encryption-plugin:jar:3.1.0-SNAPSHOT from the shaded jar.
[INFO] Excluding com.alibaba.nacos:nacos-logback-adapter-12:jar:3.1.0-SNAPSHOT from the shaded jar.
[INFO] Excluding com.alibaba.nacos:logback-adapter:jar:1.1.4 from the shaded jar.
[INFO] Excluding com.alibaba.nacos:nacos-log4j2-adapter:jar:3.1.0-SNAPSHOT from the shaded jar.
[INFO] Excluding com.fasterxml.jackson.core:jackson-core:jar:2.18.4.1 from the shaded jar.
[INFO] Excluding com.fasterxml.jackson.core:jackson-databind:jar:2.18.4 from the shaded jar.
[INFO] Excluding com.fasterxml.jackson.core:jackson-annotations:jar:2.18.4 from the shaded jar.
[INFO] Excluding org.apache.httpcomponents.client5:httpclient5:jar:5.4.4 from the shaded jar.
[INFO] Excluding org.apache.httpcomponents.core5:httpcore5-h2:jar:5.3.4 from the shaded jar.
[INFO] Excluding org.apache.httpcomponents.core5:httpcore5:jar:5.3.4 from the shaded jar.
[INFO] Excluding io.prometheus:simpleclient:jar:0.16.0 from the shaded jar.
[INFO] Excluding io.prometheus:simpleclient_tracer_otel:jar:0.16.0 from the shaded jar.
[INFO] Excluding io.prometheus:simpleclient_tracer_common:jar:0.16.0 from the shaded jar.
[INFO] Excluding io.prometheus:simpleclient_tracer_otel_agent:jar:0.16.0 from the shaded jar.
[INFO] Excluding org.yaml:snakeyaml:jar:2.0 from the shaded jar.
[INFO] Excluding io.micrometer:micrometer-core:jar:1.12.8 from the shaded jar.
[INFO] Excluding io.micrometer:micrometer-commons:jar:1.14.10 from the shaded jar.
[INFO] Excluding io.micrometer:micrometer-observation:jar:1.14.10 from the shaded jar.
[INFO] Excluding org.hdrhistogram:HdrHistogram:jar:2.1.12 from the shaded jar.
[INFO] Excluding org.latencyutils:LatencyUtils:jar:2.0.3 from the shaded jar.
[WARNING] Could not get sources for com.google.guava:listenablefuture:jar:9999.0-empty-to-avoid-conflict-with-guava:compile
[WARNING] Could not get sources for com.google.guava:listenablefuture:jar:9999.0-empty-to-avoid-conflict-with-guava:compile
[INFO] Minimizing jar com.alibaba.nacos:nacos-client:jar:3.1.0-SNAPSHOT
[WARNING] Removing module-info from nacos-client-3.1.0-SNAPSHOT.jar
[WARNING] animal-sniffer-annotations-1.24.jar, annotations-4.1.1.4.jar, checker-qual-3.43.0.jar, error_prone_annotations-2.30.0.jar, failureaccess-1.0.2.jar, grpc-api-1.75.0.jar, grpc-context-1.75.0.jar, grpc-core-1.75.0.jar, grpc-inprocess-1.75.0.jar, grpc-netty-shaded-1.75.0.jar, grpc-protobuf-1.75.0.jar, grpc-protobuf-lite-1.75.0.jar, grpc-stub-1.75.0.jar, grpc-util-1.75.0.jar, gson-2.11.0.jar, guava-33.3.1-android.jar, j2objc-annotations-3.0.0.jar, javax.annotation-api-1.3.2.jar, jsr305-3.0.2.jar, listenablefuture-9999.0-empty-to-avoid-conflict-with-guava.jar, nacos-api-3.1.0-SNAPSHOT.jar, nacos-client-3.1.0-SNAPSHOT.jar, nacos-common-3.1.0-SNAPSHOT.jar, perfmark-api-0.27.0.jar, proto-google-common-protos-2.17.0.jar, protobuf-java-3.25.5.jar define 1 overlapping resource: 
[WARNING]   - META-INF/MANIFEST.MF
[WARNING] checker-qual-3.43.0.jar, grpc-netty-shaded-1.75.0.jar, javax.annotation-api-1.3.2.jar define 1 overlapping resource: 
[WARNING]   - META-INF/LICENSE.txt
[WARNING] maven-shade-plugin has detected that some files are
[WARNING] present in two or more JARs. When this happens, only one
[WARNING] single version of the file is copied to the uber jar.
[WARNING] Usually this is not harmful and you can skip these warnings,
[WARNING] otherwise try to manually exclude artifacts based on
[WARNING] mvn dependency:tree -Ddetail=true and the above output.
[WARNING] See https://maven.apache.org/plugins/maven-shade-plugin/
[INFO] Minimized 8761 -> 5273 (60%)
[WARNING] animal-sniffer-annotations-1.24-sources.jar, annotations-4.1.1.4-sources.jar, checker-qual-3.43.0-sources.jar, error_prone_annotations-2.30.0-sources.jar, failureaccess-1.0.2-sources.jar, grpc-api-1.75.0-sources.jar, grpc-context-1.75.0-sources.jar, grpc-core-1.75.0-sources.jar, grpc-inprocess-1.75.0-sources.jar, grpc-netty-shaded-1.75.0-sources.jar, grpc-protobuf-1.75.0-sources.jar, grpc-protobuf-lite-1.75.0-sources.jar, grpc-stub-1.75.0-sources.jar, grpc-util-1.75.0-sources.jar, gson-2.11.0-sources.jar, guava-33.3.1-android-sources.jar, j2objc-annotations-3.0.0-sources.jar, javax.annotation-api-1.3.2-sources.jar, jsr305-3.0.2-sources.jar, nacos-api-3.1.0-SNAPSHOT-sources.jar, nacos-client-3.1.0-SNAPSHOT-sources.jar, nacos-common-3.1.0-SNAPSHOT-sources.jar, perfmark-api-0.27.0-sources.jar, proto-google-common-protos-2.17.0-sources.jar, protobuf-java-3.25.5-sources.jar define 1 overlapping resource: 
[WARNING]   - META-INF/MANIFEST.MF
[WARNING] checker-qual-3.43.0-sources.jar, javax.annotation-api-1.3.2-sources.jar define 1 overlapping resource: 
[WARNING]   - META-INF/LICENSE.txt
[WARNING] error_prone_annotations-2.30.0-sources.jar, gson-2.11.0-sources.jar, j2objc-annotations-3.0.0-sources.jar define 1 overlapping resource: 
[WARNING]   - module-info.java
[WARNING] maven-shade-plugin has detected that some files are
[WARNING] present in two or more JARs. When this happens, only one
[WARNING] single version of the file is copied to the uber jar.
[WARNING] Usually this is not harmful and you can skip these warnings,
[WARNING] otherwise try to manually exclude artifacts based on
[WARNING] mvn dependency:tree -Ddetail=true and the above output.
[WARNING] See https://maven.apache.org/plugins/maven-shade-plugin/
[INFO] Minimized 11422 -> 7934 (69%)
[INFO] Replacing original artifact with shaded artifact.
[INFO] Replacing /Users/xinluo/sources/nacos/client/target/nacos-client-3.1.0-SNAPSHOT.jar with /Users/xinluo/sources/nacos/client/target/nacos-client-3.1.0-SNAPSHOT-shaded.jar
[INFO] Replacing original source artifact with shaded source artifact.
[INFO] Replacing /Users/xinluo/sources/nacos/client/target/nacos-client-3.1.0-SNAPSHOT-sources.jar with /Users/xinluo/sources/nacos/client/target/nacos-client-3.1.0-SNAPSHOT-shaded-sources.jar
[WARNING] artifact com.alibaba.nacos:nacos-client:java-source:sources:3.1.0-SNAPSHOT already attached, replace previous instance
[INFO] 
[INFO] --- maven-jar-plugin:3.2.2:jar (pure-jar) @ nacos-client ---
[INFO] Building jar: /Users/xinluo/sources/nacos/client/target/nacos-client-3.1.0-SNAPSHOT-pure.jar
[INFO] 
[INFO] >>> maven-pmd-plugin:3.16.0:check (default) > :pmd @ nacos-client >>>
[INFO] 
[INFO] --- maven-pmd-plugin:3.16.0:pmd (pmd) @ nacos-client ---
[WARNING] Unable to locate Source XRef to link to - DISABLED
[WARNING] Unable to locate Source XRef to link to - DISABLED
[INFO] PMD version: 6.42.0
[WARNING] Rule /Users/xinluo/sources/nacos/client/target/pmd/rulesets/ali-comment.xml/CommentsMustBeJavadocFormatRule does not mention attribute language='java', please mention it explicitly to be compatible with PMD 7
[WARNING] Rule /Users/xinluo/sources/nacos/client/target/pmd/rulesets/ali-comment.xml/CommentsMustBeJavadocFormatRule does not mention attribute language='java', please mention it explicitly to be compatible with PMD 7
[WARNING] Rule /Users/xinluo/sources/nacos/client/target/pmd/rulesets/ali-comment.xml/AbstractMethodOrInterfaceMethodMustUseJavadocRule does not mention attribute language='java', please mention it explicitly to be compatible with PMD 7
[WARNING] Rule /Users/xinluo/sources/nacos/client/target/pmd/rulesets/ali-comment.xml/AbstractMethodOrInterfaceMethodMustUseJavadocRule does not mention attribute language='java', please mention it explicitly to be compatible with PMD 7
[WARNING] Rule /Users/xinluo/sources/nacos/client/target/pmd/rulesets/ali-comment.xml/ClassMustHaveAuthorRule does not mention attribute language='java', please mention it explicitly to be compatible with PMD 7
[WARNING] Rule /Users/xinluo/sources/nacos/client/target/pmd/rulesets/ali-comment.xml/ClassMustHaveAuthorRule does not mention attribute language='java', please mention it explicitly to be compatible with PMD 7
[WARNING] Rule /Users/xinluo/sources/nacos/client/target/pmd/rulesets/ali-comment.xml/EnumConstantsMustHaveCommentRule does not mention attribute language='java', please mention it explicitly to be compatible with PMD 7
[WARNING] Rule /Users/xinluo/sources/nacos/client/target/pmd/rulesets/ali-comment.xml/EnumConstantsMustHaveCommentRule does not mention attribute language='java', please mention it explicitly to be compatible with PMD 7
[WARNING] Rule /Users/xinluo/sources/nacos/client/target/pmd/rulesets/ali-comment.xml/AvoidCommentBehindStatementRule does not mention attribute language='java', please mention it explicitly to be compatible with PMD 7
[WARNING] Rule /Users/xinluo/sources/nacos/client/target/pmd/rulesets/ali-comment.xml/AvoidCommentBehindStatementRule does not mention attribute language='java', please mention it explicitly to be compatible with PMD 7
[WARNING] Rule /Users/xinluo/sources/nacos/client/target/pmd/rulesets/ali-comment.xml/RemoveCommentedCodeRule does not mention attribute language='java', please mention it explicitly to be compatible with PMD 7
[WARNING] Rule /Users/xinluo/sources/nacos/client/target/pmd/rulesets/ali-comment.xml/RemoveCommentedCodeRule does not mention attribute language='java', please mention it explicitly to be compatible with PMD 7
[WARNING] Rule /Users/xinluo/sources/nacos/client/target/pmd/rulesets/ali-constant.xml/UpperEllRule does not mention attribute language='java', please mention it explicitly to be compatible with PMD 7
[WARNING] Rule /Users/xinluo/sources/nacos/client/target/pmd/rulesets/ali-constant.xml/UpperEllRule does not mention attribute language='java', please mention it explicitly to be compatible with PMD 7
[WARNING] Rule /Users/xinluo/sources/nacos/client/target/pmd/rulesets/ali-constant.xml/UndefineMagicConstantRule does not mention attribute language='java', please mention it explicitly to be compatible with PMD 7
[WARNING] Rule /Users/xinluo/sources/nacos/client/target/pmd/rulesets/ali-constant.xml/UndefineMagicConstantRule does not mention attribute language='java', please mention it explicitly to be compatible with PMD 7
[WARNING] Rule /Users/xinluo/sources/nacos/client/target/pmd/rulesets/ali-set.xml/ClassCastExceptionWithToArrayRule does not mention attribute language='java', please mention it explicitly to be compatible with PMD 7
[WARNING] Rule /Users/xinluo/sources/nacos/client/target/pmd/rulesets/ali-set.xml/ClassCastExceptionWithToArrayRule does not mention attribute language='java', please mention it explicitly to be compatible with PMD 7
[WARNING] Rule /Users/xinluo/sources/nacos/client/target/pmd/rulesets/ali-set.xml/UnsupportedExceptionWithModifyAsListRule does not mention attribute language='java', please mention it explicitly to be compatible with PMD 7
[WARNING] Rule /Users/xinluo/sources/nacos/client/target/pmd/rulesets/ali-set.xml/UnsupportedExceptionWithModifyAsListRule does not mention attribute language='java', please mention it explicitly to be compatible with PMD 7
[WARNING] Rule /Users/xinluo/sources/nacos/client/target/pmd/rulesets/ali-set.xml/ClassCastExceptionWithSubListToArrayListRule does not mention attribute language='java', please mention it explicitly to be compatible with PMD 7
[WARNING] Rule /Users/xinluo/sources/nacos/client/target/pmd/rulesets/ali-set.xml/ClassCastExceptionWithSubListToArrayListRule does not mention attribute language='java', please mention it explicitly to be compatible with PMD 7
[WARNING] Rule /Users/xinluo/sources/nacos/client/target/pmd/rulesets/ali-set.xml/ConcurrentExceptionWithModifyOriginSubListRule does not mention attribute language='java', please mention it explicitly to be compatible with PMD 7
[WARNING] Rule /Users/xinluo/sources/nacos/client/target/pmd/rulesets/ali-set.xml/ConcurrentExceptionWithModifyOriginSubListRule does not mention attribute language='java', please mention it explicitly to be compatible with PMD 7
[WARNING] Rule /Users/xinluo/sources/nacos/client/target/pmd/rulesets/ali-set.xml/DontModifyInForeachCircleRule does not mention attribute language='java', please mention it explicitly to be compatible with PMD 7
[WARNING] Rule /Users/xinluo/sources/nacos/client/target/pmd/rulesets/ali-set.xml/DontModifyInForeachCircleRule does not mention attribute language='java', please mention it explicitly to be compatible with PMD 7
[WARNING] Rule /Users/xinluo/sources/nacos/client/target/pmd/rulesets/ali-set.xml/CollectionInitShouldAssignCapacityRule does not mention attribute language='java', please mention it explicitly to be compatible with PMD 7
[WARNING] Rule /Users/xinluo/sources/nacos/client/target/pmd/rulesets/ali-set.xml/CollectionInitShouldAssignCapacityRule does not mention attribute language='java', please mention it explicitly to be compatible with PMD 7
[WARNING] Use of deprecated attribute 'ClassOrInterfaceDeclaration/@Image' by XPath rule 'BooleanPropertyShouldNotStartWithIsRule' (in ruleset 'AlibabaJavaNaming'), please use @SimpleName instead
[WARNING] Use of deprecated attribute 'ClassOrInterfaceDeclaration/@Image' by XPath rule 'BooleanPropertyShouldNotStartWithIsRule' (in ruleset 'AlibabaJavaNaming'), please use @SimpleName instead
[WARNING] Use of deprecated attribute 'LocalVariableDeclaration/@Array' by XPath rule 'ArrayNamingShouldHaveBracketRule' (in ruleset 'AlibabaJavaNaming')
[WARNING] Use of deprecated attribute 'LocalVariableDeclaration/@Array' by XPath rule 'ArrayNamingShouldHaveBracketRule' (in ruleset 'AlibabaJavaNaming')
[WARNING] Use of deprecated attribute 'FieldDeclaration/@Array' by XPath rule 'ArrayNamingShouldHaveBracketRule' (in ruleset 'AlibabaJavaNaming')
[WARNING] Use of deprecated attribute 'FieldDeclaration/@Array' by XPath rule 'ArrayNamingShouldHaveBracketRule' (in ruleset 'AlibabaJavaNaming')
[WARNING] Use of deprecated attribute 'ConditionalExpression/@Ternary' by XPath rule 'AvoidComplexConditionRule' (in ruleset 'AlibabaJavaFlowControl')
[WARNING] Use of deprecated attribute 'ConditionalExpression/@Ternary' by XPath rule 'AvoidComplexConditionRule' (in ruleset 'AlibabaJavaFlowControl')
[WARNING] Use of deprecated attribute 'ClassOrInterfaceDeclaration/@Image' by XPath rule 'ServiceOrDaoClassShouldEndWithImplRule' (in ruleset 'AlibabaJavaNaming'), please use @SimpleName instead
[WARNING] Use of deprecated attribute 'ClassOrInterfaceDeclaration/@Image' by XPath rule 'ServiceOrDaoClassShouldEndWithImplRule' (in ruleset 'AlibabaJavaNaming'), please use @SimpleName instead
[WARNING] Use of deprecated attribute 'Arguments/@ArgumentCount' by XPath rule 'AvoidNewDateGetTimeRule' (in ruleset 'AlibabaJavaOthers'), please use @Size instead
[WARNING] Use of deprecated attribute 'Arguments/@ArgumentCount' by XPath rule 'AvoidNewDateGetTimeRule' (in ruleset 'AlibabaJavaOthers'), please use @Size instead
[WARNING] Use of deprecated attribute 'ReferenceType/@Array' by XPath rule 'ArrayNamingShouldHaveBracketRule' (in ruleset 'AlibabaJavaNaming')
[WARNING] Use of deprecated attribute 'ReferenceType/@Array' by XPath rule 'ArrayNamingShouldHaveBracketRule' (in ruleset 'AlibabaJavaNaming')
[WARNING] Use of deprecated attribute 'AdditiveExpression/@Image' in a findChildNodesWithXPath navigation, please use @Operator instead
java.lang.RuntimeException: Use of deprecated attribute 'AdditiveExpression/@Image' in a findChildNodesWithXPath navigation, please use @Operator instead
    at net.sourceforge.pmd.lang.ast.xpath.internal.DeprecatedAttrLogger$AdhocLoggerImpl.recordUsageOf (DeprecatedAttrLogger.java:113)
    at net.sourceforge.pmd.lang.ast.xpath.internal.ContextualizedNavigator.getAttributeStringValue (ContextualizedNavigator.java:24)
    at org.jaxen.function.StringFunction.evaluate (StringFunction.java:278)
    at org.jaxen.expr.DefaultEqualityExpr.evaluateObjectObject (DefaultEqualityExpr.java:152)
    at org.jaxen.expr.DefaultEqualityExpr.evaluateSetSet (DefaultEqualityExpr.java:126)
    at org.jaxen.expr.DefaultEqualityExpr.evaluate (DefaultEqualityExpr.java:97)
    at org.jaxen.expr.DefaultAndExpr.evaluate (DefaultAndExpr.java:82)
    at org.jaxen.expr.DefaultPredicate.evaluate (DefaultPredicate.java:95)
    at org.jaxen.expr.PredicateSet.applyPredicate (PredicateSet.java:269)
    at org.jaxen.expr.PredicateSet.evaluatePredicates (PredicateSet.java:244)
    at org.jaxen.expr.DefaultNameStep.evaluate (DefaultNameStep.java:291)
    at org.jaxen.expr.DefaultLocationPath.evaluate (DefaultLocationPath.java:140)
    at org.jaxen.expr.DefaultXPathExpr.asList (DefaultXPathExpr.java:102)
    at org.jaxen.BaseXPath.selectNodesForContext (BaseXPath.java:677)
    at org.jaxen.BaseXPath.selectNodes (BaseXPath.java:216)
    at net.sourceforge.pmd.lang.ast.AbstractNode.findChildNodesWithXPath (AbstractNode.java:528)
    at com.alibaba.p3c.pmd.lang.java.rule.oop.StringConcatRule.checkStringConcat (StringConcatRule.java:76)
    at com.alibaba.p3c.pmd.lang.java.rule.oop.StringConcatRule.visit (StringConcatRule.java:51)
    at net.sourceforge.pmd.lang.java.ast.ASTForStatement.jjtAccept (ASTForStatement.java:39)
    at net.sourceforge.pmd.lang.java.rule.AbstractJavaRule.visit (AbstractJavaRule.java:222)
    at net.sourceforge.pmd.lang.java.rule.AbstractJavaRule.visit (AbstractJavaRule.java:659)
    at net.sourceforge.pmd.lang.java.ast.ASTStatement.jjtAccept (ASTStatement.java:25)
    at net.sourceforge.pmd.lang.java.rule.AbstractJavaRule.visit (AbstractJavaRule.java:222)
    at net.sourceforge.pmd.lang.java.rule.AbstractJavaRule.visit (AbstractJavaRule.java:674)
    at net.sourceforge.pmd.lang.java.ast.ASTBlockStatement.jjtAccept (ASTBlockStatement.java:25)
    at net.sourceforge.pmd.lang.java.rule.AbstractJavaRule.visit (AbstractJavaRule.java:222)
    at net.sourceforge.pmd.lang.java.rule.AbstractJavaRule.visit (AbstractJavaRule.java:669)
    at net.sourceforge.pmd.lang.java.ast.ASTBlock.jjtAccept (ASTBlock.java:27)
    at net.sourceforge.pmd.lang.java.rule.AbstractJavaRule.visit (AbstractJavaRule.java:222)
    at net.sourceforge.pmd.lang.java.rule.AbstractJavaRule.visit (AbstractJavaRule.java:449)
    at net.sourceforge.pmd.lang.java.ast.ASTMethodDeclaration.jjtAccept (ASTMethodDeclaration.java:37)
    at net.sourceforge.pmd.lang.java.rule.AbstractJavaRule.visit (AbstractJavaRule.java:222)
    at net.sourceforge.pmd.lang.java.rule.AbstractJavaRule.visit (AbstractJavaRule.java:269)
    at net.sourceforge.pmd.lang.java.ast.ASTClassOrInterfaceBodyDeclaration.jjtAccept (ASTClassOrInterfaceBodyDeclaration.java:44)
    at net.sourceforge.pmd.lang.java.rule.AbstractJavaRule.visit (AbstractJavaRule.java:222)
    at net.sourceforge.pmd.lang.java.rule.AbstractJavaRule.visit (AbstractJavaRule.java:264)
    at net.sourceforge.pmd.lang.java.ast.ASTClassOrInterfaceBody.jjtAccept (ASTClassOrInterfaceBody.java:35)
    at net.sourceforge.pmd.lang.java.rule.AbstractJavaRule.visit (AbstractJavaRule.java:222)
    at net.sourceforge.pmd.lang.java.rule.AbstractJavaRule.visit (AbstractJavaRule.java:234)
    at net.sourceforge.pmd.lang.java.ast.ASTClassOrInterfaceDeclaration.jjtAccept (ASTClassOrInterfaceDeclaration.java:55)
    at net.sourceforge.pmd.lang.java.rule.AbstractJavaRule.visit (AbstractJavaRule.java:222)
    at net.sourceforge.pmd.lang.java.rule.AbstractJavaRule.visit (AbstractJavaRule.java:419)
    at net.sourceforge.pmd.lang.java.ast.ASTTypeDeclaration.jjtAccept (ASTTypeDeclaration.java:39)
    at net.sourceforge.pmd.lang.java.rule.AbstractJavaRule.visit (AbstractJavaRule.java:222)
    at net.sourceforge.pmd.lang.java.rule.AbstractJavaRule.visit (AbstractJavaRule.java:394)
    at com.alibaba.p3c.pmd.lang.java.rule.AbstractAliRule.visit (AbstractAliRule.java:60)
    at net.sourceforge.pmd.lang.java.ast.ASTCompilationUnit.jjtAccept (ASTCompilationUnit.java:44)
    at net.sourceforge.pmd.lang.java.rule.AbstractJavaRule.visitAll (AbstractJavaRule.java:164)
    at net.sourceforge.pmd.lang.java.rule.AbstractJavaRule.apply (AbstractJavaRule.java:158)
    at net.sourceforge.pmd.RuleSet.apply (RuleSet.java:659)
    at net.sourceforge.pmd.RuleSets.apply (RuleSets.java:163)
    at net.sourceforge.pmd.SourceCodeProcessor.processSource (SourceCodeProcessor.java:209)
    at net.sourceforge.pmd.SourceCodeProcessor.processSourceCodeWithoutCache (SourceCodeProcessor.java:118)
    at net.sourceforge.pmd.SourceCodeProcessor.processSourceCode (SourceCodeProcessor.java:100)
    at net.sourceforge.pmd.SourceCodeProcessor.processSourceCode (SourceCodeProcessor.java:62)
    at net.sourceforge.pmd.processor.PmdRunnable.call (PmdRunnable.java:85)
    at net.sourceforge.pmd.processor.PmdRunnable.call (PmdRunnable.java:29)
    at java.util.concurrent.FutureTask.run (FutureTask.java:317)
    at java.util.concurrent.Executors$RunnableAdapter.call (Executors.java:572)
    at java.util.concurrent.FutureTask.run (FutureTask.java:317)
    at java.util.concurrent.ThreadPoolExecutor.runWorker (ThreadPoolExecutor.java:1144)
    at java.util.concurrent.ThreadPoolExecutor$Worker.run (ThreadPoolExecutor.java:642)
    at java.lang.Thread.run (Thread.java:1583)
[WARNING] Use of deprecated attribute 'AdditiveExpression/@Image' in a findChildNodesWithXPath navigation, please use @Operator instead
java.lang.RuntimeException: Use of deprecated attribute 'AdditiveExpression/@Image' in a findChildNodesWithXPath navigation, please use @Operator instead
    at net.sourceforge.pmd.lang.ast.xpath.internal.DeprecatedAttrLogger$AdhocLoggerImpl.recordUsageOf (DeprecatedAttrLogger.java:113)
    at net.sourceforge.pmd.lang.ast.xpath.internal.ContextualizedNavigator.getAttributeStringValue (ContextualizedNavigator.java:24)
    at org.jaxen.function.StringFunction.evaluate (StringFunction.java:278)
    at org.jaxen.expr.DefaultEqualityExpr.evaluateObjectObject (DefaultEqualityExpr.java:152)
    at org.jaxen.expr.DefaultEqualityExpr.evaluateSetSet (DefaultEqualityExpr.java:126)
    at org.jaxen.expr.DefaultEqualityExpr.evaluate (DefaultEqualityExpr.java:97)
    at org.jaxen.expr.DefaultAndExpr.evaluate (DefaultAndExpr.java:82)
    at org.jaxen.expr.DefaultPredicate.evaluate (DefaultPredicate.java:95)
    at org.jaxen.expr.PredicateSet.applyPredicate (PredicateSet.java:269)
    at org.jaxen.expr.PredicateSet.evaluatePredicates (PredicateSet.java:244)
    at org.jaxen.expr.DefaultNameStep.evaluate (DefaultNameStep.java:291)
    at org.jaxen.expr.DefaultLocationPath.evaluate (DefaultLocationPath.java:140)
    at org.jaxen.expr.DefaultXPathExpr.asList (DefaultXPathExpr.java:102)
    at org.jaxen.BaseXPath.selectNodesForContext (BaseXPath.java:677)
    at org.jaxen.BaseXPath.selectNodes (BaseXPath.java:216)
    at net.sourceforge.pmd.lang.ast.AbstractNode.findChildNodesWithXPath (AbstractNode.java:528)
    at com.alibaba.p3c.pmd.lang.java.rule.oop.StringConcatRule.checkStringConcat (StringConcatRule.java:76)
    at com.alibaba.p3c.pmd.lang.java.rule.oop.StringConcatRule.visit (StringConcatRule.java:51)
    at net.sourceforge.pmd.lang.java.ast.ASTForStatement.jjtAccept (ASTForStatement.java:39)
    at net.sourceforge.pmd.lang.java.rule.AbstractJavaRule.visit (AbstractJavaRule.java:222)
    at net.sourceforge.pmd.lang.java.rule.AbstractJavaRule.visit (AbstractJavaRule.java:659)
    at net.sourceforge.pmd.lang.java.ast.ASTStatement.jjtAccept (ASTStatement.java:25)
    at net.sourceforge.pmd.lang.java.rule.AbstractJavaRule.visit (AbstractJavaRule.java:222)
    at net.sourceforge.pmd.lang.java.rule.AbstractJavaRule.visit (AbstractJavaRule.java:674)
    at net.sourceforge.pmd.lang.java.ast.ASTBlockStatement.jjtAccept (ASTBlockStatement.java:25)
    at net.sourceforge.pmd.lang.java.rule.AbstractJavaRule.visit (AbstractJavaRule.java:222)
    at net.sourceforge.pmd.lang.java.rule.AbstractJavaRule.visit (AbstractJavaRule.java:669)
    at net.sourceforge.pmd.lang.java.ast.ASTBlock.jjtAccept (ASTBlock.java:27)
    at net.sourceforge.pmd.lang.java.rule.AbstractJavaRule.visit (AbstractJavaRule.java:222)
    at net.sourceforge.pmd.lang.java.rule.AbstractJavaRule.visit (AbstractJavaRule.java:449)
    at net.sourceforge.pmd.lang.java.ast.ASTMethodDeclaration.jjtAccept (ASTMethodDeclaration.java:37)
    at net.sourceforge.pmd.lang.java.rule.AbstractJavaRule.visit (AbstractJavaRule.java:222)
    at net.sourceforge.pmd.lang.java.rule.AbstractJavaRule.visit (AbstractJavaRule.java:269)
    at net.sourceforge.pmd.lang.java.ast.ASTClassOrInterfaceBodyDeclaration.jjtAccept (ASTClassOrInterfaceBodyDeclaration.java:44)
    at net.sourceforge.pmd.lang.java.rule.AbstractJavaRule.visit (AbstractJavaRule.java:222)
    at net.sourceforge.pmd.lang.java.rule.AbstractJavaRule.visit (AbstractJavaRule.java:264)
    at net.sourceforge.pmd.lang.java.ast.ASTClassOrInterfaceBody.jjtAccept (ASTClassOrInterfaceBody.java:35)
    at net.sourceforge.pmd.lang.java.rule.AbstractJavaRule.visit (AbstractJavaRule.java:222)
    at net.sourceforge.pmd.lang.java.rule.AbstractJavaRule.visit (AbstractJavaRule.java:234)
    at net.sourceforge.pmd.lang.java.ast.ASTClassOrInterfaceDeclaration.jjtAccept (ASTClassOrInterfaceDeclaration.java:55)
    at net.sourceforge.pmd.lang.java.rule.AbstractJavaRule.visit (AbstractJavaRule.java:222)
    at net.sourceforge.pmd.lang.java.rule.AbstractJavaRule.visit (AbstractJavaRule.java:419)
    at net.sourceforge.pmd.lang.java.ast.ASTTypeDeclaration.jjtAccept (ASTTypeDeclaration.java:39)
    at net.sourceforge.pmd.lang.java.rule.AbstractJavaRule.visit (AbstractJavaRule.java:222)
    at net.sourceforge.pmd.lang.java.rule.AbstractJavaRule.visit (AbstractJavaRule.java:394)
    at com.alibaba.p3c.pmd.lang.java.rule.AbstractAliRule.visit (AbstractAliRule.java:60)
    at net.sourceforge.pmd.lang.java.ast.ASTCompilationUnit.jjtAccept (ASTCompilationUnit.java:44)
    at net.sourceforge.pmd.lang.java.rule.AbstractJavaRule.visitAll (AbstractJavaRule.java:164)
    at net.sourceforge.pmd.lang.java.rule.AbstractJavaRule.apply (AbstractJavaRule.java:158)
    at net.sourceforge.pmd.RuleSet.apply (RuleSet.java:659)
    at net.sourceforge.pmd.RuleSets.apply (RuleSets.java:163)
    at net.sourceforge.pmd.SourceCodeProcessor.processSource (SourceCodeProcessor.java:209)
    at net.sourceforge.pmd.SourceCodeProcessor.processSourceCodeWithoutCache (SourceCodeProcessor.java:118)
    at net.sourceforge.pmd.SourceCodeProcessor.processSourceCode (SourceCodeProcessor.java:100)
    at net.sourceforge.pmd.SourceCodeProcessor.processSourceCode (SourceCodeProcessor.java:62)
    at net.sourceforge.pmd.processor.PmdRunnable.call (PmdRunnable.java:85)
    at net.sourceforge.pmd.processor.PmdRunnable.call (PmdRunnable.java:29)
    at java.util.concurrent.FutureTask.run (FutureTask.java:317)
    at java.util.concurrent.Executors$RunnableAdapter.call (Executors.java:572)
    at java.util.concurrent.FutureTask.run (FutureTask.java:317)
    at java.util.concurrent.ThreadPoolExecutor.runWorker (ThreadPoolExecutor.java:1144)
    at java.util.concurrent.ThreadPoolExecutor$Worker.run (ThreadPoolExecutor.java:642)
    at java.lang.Thread.run (Thread.java:1583)
[WARNING] Use of deprecated attribute 'AdditiveExpression/@Image' in a findChildNodesWithXPath navigation, please use @Operator instead
java.lang.RuntimeException: Use of deprecated attribute 'AdditiveExpression/@Image' in a findChildNodesWithXPath navigation, please use @Operator instead
    at net.sourceforge.pmd.lang.ast.xpath.internal.DeprecatedAttrLogger$AdhocLoggerImpl.recordUsageOf (DeprecatedAttrLogger.java:113)
    at net.sourceforge.pmd.lang.ast.xpath.internal.ContextualizedNavigator.getAttributeStringValue (ContextualizedNavigator.java:24)
    at org.jaxen.function.StringFunction.evaluate (StringFunction.java:278)
    at org.jaxen.expr.DefaultEqualityExpr.evaluateObjectObject (DefaultEqualityExpr.java:152)
    at org.jaxen.expr.DefaultEqualityExpr.evaluateSetSet (DefaultEqualityExpr.java:126)
    at org.jaxen.expr.DefaultEqualityExpr.evaluate (DefaultEqualityExpr.java:97)
    at org.jaxen.expr.DefaultAndExpr.evaluate (DefaultAndExpr.java:82)
    at org.jaxen.expr.DefaultPredicate.evaluate (DefaultPredicate.java:95)
    at org.jaxen.expr.PredicateSet.applyPredicate (PredicateSet.java:269)
    at org.jaxen.expr.PredicateSet.evaluatePredicates (PredicateSet.java:244)
    at org.jaxen.expr.DefaultNameStep.evaluate (DefaultNameStep.java:291)
    at org.jaxen.expr.DefaultLocationPath.evaluate (DefaultLocationPath.java:140)
    at org.jaxen.expr.DefaultXPathExpr.asList (DefaultXPathExpr.java:102)
    at org.jaxen.BaseXPath.selectNodesForContext (BaseXPath.java:677)
    at org.jaxen.BaseXPath.selectNodes (BaseXPath.java:216)
    at net.sourceforge.pmd.lang.ast.AbstractNode.findChildNodesWithXPath (AbstractNode.java:528)
    at com.alibaba.p3c.pmd.lang.java.rule.oop.StringConcatRule.checkStringConcat (StringConcatRule.java:76)
    at com.alibaba.p3c.pmd.lang.java.rule.oop.StringConcatRule.visit (StringConcatRule.java:51)
    at net.sourceforge.pmd.lang.java.ast.ASTForStatement.jjtAccept (ASTForStatement.java:39)
    at net.sourceforge.pmd.lang.java.rule.AbstractJavaRule.visit (AbstractJavaRule.java:222)
    at net.sourceforge.pmd.lang.java.rule.AbstractJavaRule.visit (AbstractJavaRule.java:659)
    at net.sourceforge.pmd.lang.java.ast.ASTStatement.jjtAccept (ASTStatement.java:25)
    at net.sourceforge.pmd.lang.java.rule.AbstractJavaRule.visit (AbstractJavaRule.java:222)
    at net.sourceforge.pmd.lang.java.rule.AbstractJavaRule.visit (AbstractJavaRule.java:674)
    at net.sourceforge.pmd.lang.java.ast.ASTBlockStatement.jjtAccept (ASTBlockStatement.java:25)
    at net.sourceforge.pmd.lang.java.rule.AbstractJavaRule.visit (AbstractJavaRule.java:222)
    at net.sourceforge.pmd.lang.java.rule.AbstractJavaRule.visit (AbstractJavaRule.java:669)
    at net.sourceforge.pmd.lang.java.ast.ASTBlock.jjtAccept (ASTBlock.java:27)
    at net.sourceforge.pmd.lang.java.rule.AbstractJavaRule.visit (AbstractJavaRule.java:222)
    at net.sourceforge.pmd.lang.java.rule.AbstractJavaRule.visit (AbstractJavaRule.java:449)
    at net.sourceforge.pmd.lang.java.ast.ASTMethodDeclaration.jjtAccept (ASTMethodDeclaration.java:37)
    at net.sourceforge.pmd.lang.java.rule.AbstractJavaRule.visit (AbstractJavaRule.java:222)
    at net.sourceforge.pmd.lang.java.rule.AbstractJavaRule.visit (AbstractJavaRule.java:269)
    at net.sourceforge.pmd.lang.java.ast.ASTClassOrInterfaceBodyDeclaration.jjtAccept (ASTClassOrInterfaceBodyDeclaration.java:44)
    at net.sourceforge.pmd.lang.java.rule.AbstractJavaRule.visit (AbstractJavaRule.java:222)
    at net.sourceforge.pmd.lang.java.rule.AbstractJavaRule.visit (AbstractJavaRule.java:264)
    at net.sourceforge.pmd.lang.java.ast.ASTClassOrInterfaceBody.jjtAccept (ASTClassOrInterfaceBody.java:35)
    at net.sourceforge.pmd.lang.java.rule.AbstractJavaRule.visit (AbstractJavaRule.java:222)
    at net.sourceforge.pmd.lang.java.rule.AbstractJavaRule.visit (AbstractJavaRule.java:234)
    at net.sourceforge.pmd.lang.java.ast.ASTClassOrInterfaceDeclaration.jjtAccept (ASTClassOrInterfaceDeclaration.java:55)
    at net.sourceforge.pmd.lang.java.rule.AbstractJavaRule.visit (AbstractJavaRule.java:222)
    at net.sourceforge.pmd.lang.java.rule.AbstractJavaRule.visit (AbstractJavaRule.java:419)
    at net.sourceforge.pmd.lang.java.ast.ASTTypeDeclaration.jjtAccept (ASTTypeDeclaration.java:39)
    at net.sourceforge.pmd.lang.java.rule.AbstractJavaRule.visit (AbstractJavaRule.java:222)
    at net.sourceforge.pmd.lang.java.rule.AbstractJavaRule.visit (AbstractJavaRule.java:394)
    at com.alibaba.p3c.pmd.lang.java.rule.AbstractAliRule.visit (AbstractAliRule.java:60)
    at net.sourceforge.pmd.lang.java.ast.ASTCompilationUnit.jjtAccept (ASTCompilationUnit.java:44)
    at net.sourceforge.pmd.lang.java.rule.AbstractJavaRule.visitAll (AbstractJavaRule.java:164)
    at net.sourceforge.pmd.lang.java.rule.AbstractJavaRule.apply (AbstractJavaRule.java:158)
    at net.sourceforge.pmd.RuleSet.apply (RuleSet.java:659)
    at net.sourceforge.pmd.RuleSets.apply (RuleSets.java:163)
    at net.sourceforge.pmd.SourceCodeProcessor.processSource (SourceCodeProcessor.java:209)
    at net.sourceforge.pmd.SourceCodeProcessor.processSourceCodeWithoutCache (SourceCodeProcessor.java:118)
    at net.sourceforge.pmd.SourceCodeProcessor.processSourceCode (SourceCodeProcessor.java:100)
    at net.sourceforge.pmd.SourceCodeProcessor.processSourceCode (SourceCodeProcessor.java:62)
    at net.sourceforge.pmd.processor.PmdRunnable.call (PmdRunnable.java:85)
    at net.sourceforge.pmd.processor.PmdRunnable.call (PmdRunnable.java:29)
    at java.util.concurrent.FutureTask.run (FutureTask.java:317)
    at java.util.concurrent.Executors$RunnableAdapter.call (Executors.java:572)
    at java.util.concurrent.FutureTask.run (FutureTask.java:317)
    at java.util.concurrent.ThreadPoolExecutor.runWorker (ThreadPoolExecutor.java:1144)
    at java.util.concurrent.ThreadPoolExecutor$Worker.run (ThreadPoolExecutor.java:642)
    at java.lang.Thread.run (Thread.java:1583)
[WARNING] Use of deprecated attribute 'AdditiveExpression/@Image' in a findChildNodesWithXPath navigation, please use @Operator instead
java.lang.RuntimeException: Use of deprecated attribute 'AdditiveExpression/@Image' in a findChildNodesWithXPath navigation, please use @Operator instead
    at net.sourceforge.pmd.lang.ast.xpath.internal.DeprecatedAttrLogger$AdhocLoggerImpl.recordUsageOf (DeprecatedAttrLogger.java:113)
    at net.sourceforge.pmd.lang.ast.xpath.internal.ContextualizedNavigator.getAttributeStringValue (ContextualizedNavigator.java:24)
    at org.jaxen.function.StringFunction.evaluate (StringFunction.java:278)
    at org.jaxen.expr.DefaultEqualityExpr.evaluateObjectObject (DefaultEqualityExpr.java:152)
    at org.jaxen.expr.DefaultEqualityExpr.evaluateSetSet (DefaultEqualityExpr.java:126)
    at org.jaxen.expr.DefaultEqualityExpr.evaluate (DefaultEqualityExpr.java:97)
    at org.jaxen.expr.DefaultAndExpr.evaluate (DefaultAndExpr.java:82)
    at org.jaxen.expr.DefaultPredicate.evaluate (DefaultPredicate.java:95)
    at org.jaxen.expr.PredicateSet.applyPredicate (PredicateSet.java:269)
    at org.jaxen.expr.PredicateSet.evaluatePredicates (PredicateSet.java:244)
    at org.jaxen.expr.DefaultNameStep.evaluate (DefaultNameStep.java:291)
    at org.jaxen.expr.DefaultLocationPath.evaluate (DefaultLocationPath.java:140)
    at org.jaxen.expr.DefaultXPathExpr.asList (DefaultXPathExpr.java:102)
    at org.jaxen.BaseXPath.selectNodesForContext (BaseXPath.java:677)
    at org.jaxen.BaseXPath.selectNodes (BaseXPath.java:216)
    at net.sourceforge.pmd.lang.ast.AbstractNode.findChildNodesWithXPath (AbstractNode.java:528)
    at com.alibaba.p3c.pmd.lang.java.rule.oop.StringConcatRule.checkStringConcat (StringConcatRule.java:76)
    at com.alibaba.p3c.pmd.lang.java.rule.oop.StringConcatRule.visit (StringConcatRule.java:51)
    at net.sourceforge.pmd.lang.java.ast.ASTForStatement.jjtAccept (ASTForStatement.java:39)
    at net.sourceforge.pmd.lang.java.rule.AbstractJavaRule.visit (AbstractJavaRule.java:222)
    at net.sourceforge.pmd.lang.java.rule.AbstractJavaRule.visit (AbstractJavaRule.java:659)
    at net.sourceforge.pmd.lang.java.ast.ASTStatement.jjtAccept (ASTStatement.java:25)
    at net.sourceforge.pmd.lang.java.rule.AbstractJavaRule.visit (AbstractJavaRule.java:222)
    at net.sourceforge.pmd.lang.java.rule.AbstractJavaRule.visit (AbstractJavaRule.java:674)
    at net.sourceforge.pmd.lang.java.ast.ASTBlockStatement.jjtAccept (ASTBlockStatement.java:25)
    at net.sourceforge.pmd.lang.java.rule.AbstractJavaRule.visit (AbstractJavaRule.java:222)
    at net.sourceforge.pmd.lang.java.rule.AbstractJavaRule.visit (AbstractJavaRule.java:669)
    at net.sourceforge.pmd.lang.java.ast.ASTBlock.jjtAccept (ASTBlock.java:27)
    at net.sourceforge.pmd.lang.java.rule.AbstractJavaRule.visit (AbstractJavaRule.java:222)
    at net.sourceforge.pmd.lang.java.rule.AbstractJavaRule.visit (AbstractJavaRule.java:449)
    at net.sourceforge.pmd.lang.java.ast.ASTMethodDeclaration.jjtAccept (ASTMethodDeclaration.java:37)
    at net.sourceforge.pmd.lang.java.rule.AbstractJavaRule.visit (AbstractJavaRule.java:222)
    at net.sourceforge.pmd.lang.java.rule.AbstractJavaRule.visit (AbstractJavaRule.java:269)
    at net.sourceforge.pmd.lang.java.ast.ASTClassOrInterfaceBodyDeclaration.jjtAccept (ASTClassOrInterfaceBodyDeclaration.java:44)
    at net.sourceforge.pmd.lang.java.rule.AbstractJavaRule.visit (AbstractJavaRule.java:222)
    at net.sourceforge.pmd.lang.java.rule.AbstractJavaRule.visit (AbstractJavaRule.java:264)
    at net.sourceforge.pmd.lang.java.ast.ASTClassOrInterfaceBody.jjtAccept (ASTClassOrInterfaceBody.java:35)
    at net.sourceforge.pmd.lang.java.rule.AbstractJavaRule.visit (AbstractJavaRule.java:222)
    at net.sourceforge.pmd.lang.java.rule.AbstractJavaRule.visit (AbstractJavaRule.java:234)
    at net.sourceforge.pmd.lang.java.ast.ASTClassOrInterfaceDeclaration.jjtAccept (ASTClassOrInterfaceDeclaration.java:55)
    at net.sourceforge.pmd.lang.java.rule.AbstractJavaRule.visit (AbstractJavaRule.java:222)
    at net.sourceforge.pmd.lang.java.rule.AbstractJavaRule.visit (AbstractJavaRule.java:419)
    at net.sourceforge.pmd.lang.java.ast.ASTTypeDeclaration.jjtAccept (ASTTypeDeclaration.java:39)
    at net.sourceforge.pmd.lang.java.rule.AbstractJavaRule.visit (AbstractJavaRule.java:222)
    at net.sourceforge.pmd.lang.java.rule.AbstractJavaRule.visit (AbstractJavaRule.java:394)
    at com.alibaba.p3c.pmd.lang.java.rule.AbstractAliRule.visit (AbstractAliRule.java:60)
    at net.sourceforge.pmd.lang.java.ast.ASTCompilationUnit.jjtAccept (ASTCompilationUnit.java:44)
    at net.sourceforge.pmd.lang.java.rule.AbstractJavaRule.visitAll (AbstractJavaRule.java:164)
    at net.sourceforge.pmd.lang.java.rule.AbstractJavaRule.apply (AbstractJavaRule.java:158)
    at net.sourceforge.pmd.RuleSet.apply (RuleSet.java:659)
    at net.sourceforge.pmd.RuleSets.apply (RuleSets.java:163)
    at net.sourceforge.pmd.SourceCodeProcessor.processSource (SourceCodeProcessor.java:209)
    at net.sourceforge.pmd.SourceCodeProcessor.processSourceCodeWithoutCache (SourceCodeProcessor.java:118)
    at net.sourceforge.pmd.SourceCodeProcessor.processSourceCode (SourceCodeProcessor.java:100)
    at net.sourceforge.pmd.SourceCodeProcessor.processSourceCode (SourceCodeProcessor.java:62)
    at net.sourceforge.pmd.processor.PmdRunnable.call (PmdRunnable.java:85)
    at net.sourceforge.pmd.processor.PmdRunnable.call (PmdRunnable.java:29)
    at java.util.concurrent.FutureTask.run (FutureTask.java:317)
    at java.util.concurrent.Executors$RunnableAdapter.call (Executors.java:572)
    at java.util.concurrent.FutureTask.run (FutureTask.java:317)
    at java.util.concurrent.ThreadPoolExecutor.runWorker (ThreadPoolExecutor.java:1144)
    at java.util.concurrent.ThreadPoolExecutor$Worker.run (ThreadPoolExecutor.java:642)
    at java.lang.Thread.run (Thread.java:1583)
[WARNING] Use of deprecated attribute 'AdditiveExpression/@Image' in a findChildNodesWithXPath navigation, please use @Operator instead
java.lang.RuntimeException: Use of deprecated attribute 'AdditiveExpression/@Image' in a findChildNodesWithXPath navigation, please use @Operator instead
    at net.sourceforge.pmd.lang.ast.xpath.internal.DeprecatedAttrLogger$AdhocLoggerImpl.recordUsageOf (DeprecatedAttrLogger.java:113)
    at net.sourceforge.pmd.lang.ast.xpath.internal.ContextualizedNavigator.getAttributeStringValue (ContextualizedNavigator.java:24)
    at org.jaxen.function.StringFunction.evaluate (StringFunction.java:278)
    at org.jaxen.expr.DefaultEqualityExpr.evaluateObjectObject (DefaultEqualityExpr.java:152)
    at org.jaxen.expr.DefaultEqualityExpr.evaluateSetSet (DefaultEqualityExpr.java:126)
    at org.jaxen.expr.DefaultEqualityExpr.evaluate (DefaultEqualityExpr.java:97)
    at org.jaxen.expr.DefaultAndExpr.evaluate (DefaultAndExpr.java:82)
    at org.jaxen.expr.DefaultPredicate.evaluate (DefaultPredicate.java:95)
    at org.jaxen.expr.PredicateSet.applyPredicate (PredicateSet.java:269)
    at org.jaxen.expr.PredicateSet.evaluatePredicates (PredicateSet.java:244)
    at org.jaxen.expr.DefaultNameStep.evaluate (DefaultNameStep.java:291)
    at org.jaxen.expr.DefaultLocationPath.evaluate (DefaultLocationPath.java:140)
    at org.jaxen.expr.DefaultXPathExpr.asList (DefaultXPathExpr.java:102)
    at org.jaxen.BaseXPath.selectNodesForContext (BaseXPath.java:677)
    at org.jaxen.BaseXPath.selectNodes (BaseXPath.java:216)
    at net.sourceforge.pmd.lang.ast.AbstractNode.findChildNodesWithXPath (AbstractNode.java:528)
    at com.alibaba.p3c.pmd.lang.java.rule.oop.StringConcatRule.checkStringConcat (StringConcatRule.java:76)
    at com.alibaba.p3c.pmd.lang.java.rule.oop.StringConcatRule.visit (StringConcatRule.java:51)
    at net.sourceforge.pmd.lang.java.ast.ASTForStatement.jjtAccept (ASTForStatement.java:39)
    at net.sourceforge.pmd.lang.java.rule.AbstractJavaRule.visit (AbstractJavaRule.java:222)
    at net.sourceforge.pmd.lang.java.rule.AbstractJavaRule.visit (AbstractJavaRule.java:659)
    at net.sourceforge.pmd.lang.java.ast.ASTStatement.jjtAccept (ASTStatement.java:25)
    at net.sourceforge.pmd.lang.java.rule.AbstractJavaRule.visit (AbstractJavaRule.java:222)
    at net.sourceforge.pmd.lang.java.rule.AbstractJavaRule.visit (AbstractJavaRule.java:674)
    at net.sourceforge.pmd.lang.java.ast.ASTBlockStatement.jjtAccept (ASTBlockStatement.java:25)
    at net.sourceforge.pmd.lang.java.rule.AbstractJavaRule.visit (AbstractJavaRule.java:222)
    at net.sourceforge.pmd.lang.java.rule.AbstractJavaRule.visit (AbstractJavaRule.java:669)
    at net.sourceforge.pmd.lang.java.ast.ASTBlock.jjtAccept (ASTBlock.java:27)
    at net.sourceforge.pmd.lang.java.rule.AbstractJavaRule.visit (AbstractJavaRule.java:222)
    at net.sourceforge.pmd.lang.java.rule.AbstractJavaRule.visit (AbstractJavaRule.java:449)
    at net.sourceforge.pmd.lang.java.ast.ASTMethodDeclaration.jjtAccept (ASTMethodDeclaration.java:37)
    at net.sourceforge.pmd.lang.java.rule.AbstractJavaRule.visit (AbstractJavaRule.java:222)
    at net.sourceforge.pmd.lang.java.rule.AbstractJavaRule.visit (AbstractJavaRule.java:269)
    at net.sourceforge.pmd.lang.java.ast.ASTClassOrInterfaceBodyDeclaration.jjtAccept (ASTClassOrInterfaceBodyDeclaration.java:44)
    at net.sourceforge.pmd.lang.java.rule.AbstractJavaRule.visit (AbstractJavaRule.java:222)
    at net.sourceforge.pmd.lang.java.rule.AbstractJavaRule.visit (AbstractJavaRule.java:264)
    at net.sourceforge.pmd.lang.java.ast.ASTClassOrInterfaceBody.jjtAccept (ASTClassOrInterfaceBody.java:35)
    at net.sourceforge.pmd.lang.java.rule.AbstractJavaRule.visit (AbstractJavaRule.java:222)
    at net.sourceforge.pmd.lang.java.rule.AbstractJavaRule.visit (AbstractJavaRule.java:234)
    at net.sourceforge.pmd.lang.java.ast.ASTClassOrInterfaceDeclaration.jjtAccept (ASTClassOrInterfaceDeclaration.java:55)
    at net.sourceforge.pmd.lang.java.rule.AbstractJavaRule.visit (AbstractJavaRule.java:222)
    at net.sourceforge.pmd.lang.java.rule.AbstractJavaRule.visit (AbstractJavaRule.java:269)
    at net.sourceforge.pmd.lang.java.ast.ASTClassOrInterfaceBodyDeclaration.jjtAccept (ASTClassOrInterfaceBodyDeclaration.java:44)
    at net.sourceforge.pmd.lang.java.rule.AbstractJavaRule.visit (AbstractJavaRule.java:222)
    at net.sourceforge.pmd.lang.java.rule.AbstractJavaRule.visit (AbstractJavaRule.java:264)
    at net.sourceforge.pmd.lang.java.ast.ASTClassOrInterfaceBody.jjtAccept (ASTClassOrInterfaceBody.java:35)
    at net.sourceforge.pmd.lang.java.rule.AbstractJavaRule.visit (AbstractJavaRule.java:222)
    at net.sourceforge.pmd.lang.java.rule.AbstractJavaRule.visit (AbstractJavaRule.java:234)
    at net.sourceforge.pmd.lang.java.ast.ASTClassOrInterfaceDeclaration.jjtAccept (ASTClassOrInterfaceDeclaration.java:55)
    at net.sourceforge.pmd.lang.java.rule.AbstractJavaRule.visit (AbstractJavaRule.java:222)
    at net.sourceforge.pmd.lang.java.rule.AbstractJavaRule.visit (AbstractJavaRule.java:419)
    at net.sourceforge.pmd.lang.java.ast.ASTTypeDeclaration.jjtAccept (ASTTypeDeclaration.java:39)
    at net.sourceforge.pmd.lang.java.rule.AbstractJavaRule.visit (AbstractJavaRule.java:222)
    at net.sourceforge.pmd.lang.java.rule.AbstractJavaRule.visit (AbstractJavaRule.java:394)
    at com.alibaba.p3c.pmd.lang.java.rule.AbstractAliRule.visit (AbstractAliRule.java:60)
    at net.sourceforge.pmd.lang.java.ast.ASTCompilationUnit.jjtAccept (ASTCompilationUnit.java:44)
    at net.sourceforge.pmd.lang.java.rule.AbstractJavaRule.visitAll (AbstractJavaRule.java:164)
    at net.sourceforge.pmd.lang.java.rule.AbstractJavaRule.apply (AbstractJavaRule.java:158)
    at net.sourceforge.pmd.RuleSet.apply (RuleSet.java:659)
    at net.sourceforge.pmd.RuleSets.apply (RuleSets.java:163)
    at net.sourceforge.pmd.SourceCodeProcessor.processSource (SourceCodeProcessor.java:209)
    at net.sourceforge.pmd.SourceCodeProcessor.processSourceCodeWithoutCache (SourceCodeProcessor.java:118)
    at net.sourceforge.pmd.SourceCodeProcessor.processSourceCode (SourceCodeProcessor.java:100)
    at net.sourceforge.pmd.SourceCodeProcessor.processSourceCode (SourceCodeProcessor.java:62)
    at net.sourceforge.pmd.processor.PmdRunnable.call (PmdRunnable.java:85)
    at net.sourceforge.pmd.processor.PmdRunnable.call (PmdRunnable.java:29)
    at java.util.concurrent.FutureTask.run (FutureTask.java:317)
    at java.util.concurrent.Executors$RunnableAdapter.call (Executors.java:572)
    at java.util.concurrent.FutureTask.run (FutureTask.java:317)
    at java.util.concurrent.ThreadPoolExecutor.runWorker (ThreadPoolExecutor.java:1144)
    at java.util.concurrent.ThreadPoolExecutor$Worker.run (ThreadPoolExecutor.java:642)
    at java.lang.Thread.run (Thread.java:1583)
[WARNING] Use of deprecated attribute 'AdditiveExpression/@Image' in a findChildNodesWithXPath navigation, please use @Operator instead
java.lang.RuntimeException: Use of deprecated attribute 'AdditiveExpression/@Image' in a findChildNodesWithXPath navigation, please use @Operator instead
    at net.sourceforge.pmd.lang.ast.xpath.internal.DeprecatedAttrLogger$AdhocLoggerImpl.recordUsageOf (DeprecatedAttrLogger.java:113)
    at net.sourceforge.pmd.lang.ast.xpath.internal.ContextualizedNavigator.getAttributeStringValue (ContextualizedNavigator.java:24)
    at org.jaxen.function.StringFunction.evaluate (StringFunction.java:278)
    at org.jaxen.expr.DefaultEqualityExpr.evaluateObjectObject (DefaultEqualityExpr.java:152)
    at org.jaxen.expr.DefaultEqualityExpr.evaluateSetSet (DefaultEqualityExpr.java:126)
    at org.jaxen.expr.DefaultEqualityExpr.evaluate (DefaultEqualityExpr.java:97)
    at org.jaxen.expr.DefaultAndExpr.evaluate (DefaultAndExpr.java:82)
    at org.jaxen.expr.DefaultPredicate.evaluate (DefaultPredicate.java:95)
    at org.jaxen.expr.PredicateSet.applyPredicate (PredicateSet.java:269)
    at org.jaxen.expr.PredicateSet.evaluatePredicates (PredicateSet.java:244)
    at org.jaxen.expr.DefaultNameStep.evaluate (DefaultNameStep.java:291)
    at org.jaxen.expr.DefaultLocationPath.evaluate (DefaultLocationPath.java:140)
    at org.jaxen.expr.DefaultXPathExpr.asList (DefaultXPathExpr.java:102)
    at org.jaxen.BaseXPath.selectNodesForContext (BaseXPath.java:677)
    at org.jaxen.BaseXPath.selectNodes (BaseXPath.java:216)
    at net.sourceforge.pmd.lang.ast.AbstractNode.findChildNodesWithXPath (AbstractNode.java:528)
    at com.alibaba.p3c.pmd.lang.java.rule.oop.StringConcatRule.checkStringConcat (StringConcatRule.java:76)
    at com.alibaba.p3c.pmd.lang.java.rule.oop.StringConcatRule.visit (StringConcatRule.java:51)
    at net.sourceforge.pmd.lang.java.ast.ASTForStatement.jjtAccept (ASTForStatement.java:39)
    at net.sourceforge.pmd.lang.java.rule.AbstractJavaRule.visit (AbstractJavaRule.java:222)
    at net.sourceforge.pmd.lang.java.rule.AbstractJavaRule.visit (AbstractJavaRule.java:659)
    at net.sourceforge.pmd.lang.java.ast.ASTStatement.jjtAccept (ASTStatement.java:25)
    at net.sourceforge.pmd.lang.java.rule.AbstractJavaRule.visit (AbstractJavaRule.java:222)
    at net.sourceforge.pmd.lang.java.rule.AbstractJavaRule.visit (AbstractJavaRule.java:674)
    at net.sourceforge.pmd.lang.java.ast.ASTBlockStatement.jjtAccept (ASTBlockStatement.java:25)
    at net.sourceforge.pmd.lang.java.rule.AbstractJavaRule.visit (AbstractJavaRule.java:222)
    at net.sourceforge.pmd.lang.java.rule.AbstractJavaRule.visit (AbstractJavaRule.java:669)
    at net.sourceforge.pmd.lang.java.ast.ASTBlock.jjtAccept (ASTBlock.java:27)
    at net.sourceforge.pmd.lang.java.rule.AbstractJavaRule.visit (AbstractJavaRule.java:222)
    at net.sourceforge.pmd.lang.java.rule.AbstractJavaRule.visit (AbstractJavaRule.java:449)
    at net.sourceforge.pmd.lang.java.ast.ASTMethodDeclaration.jjtAccept (ASTMethodDeclaration.java:37)
    at net.sourceforge.pmd.lang.java.rule.AbstractJavaRule.visit (AbstractJavaRule.java:222)
    at net.sourceforge.pmd.lang.java.rule.AbstractJavaRule.visit (AbstractJavaRule.java:269)
    at net.sourceforge.pmd.lang.java.ast.ASTClassOrInterfaceBodyDeclaration.jjtAccept (ASTClassOrInterfaceBodyDeclaration.java:44)
    at net.sourceforge.pmd.lang.java.rule.AbstractJavaRule.visit (AbstractJavaRule.java:222)
    at net.sourceforge.pmd.lang.java.rule.AbstractJavaRule.visit (AbstractJavaRule.java:264)
    at net.sourceforge.pmd.lang.java.ast.ASTClassOrInterfaceBody.jjtAccept (ASTClassOrInterfaceBody.java:35)
    at net.sourceforge.pmd.lang.java.rule.AbstractJavaRule.visit (AbstractJavaRule.java:222)
    at net.sourceforge.pmd.lang.java.rule.AbstractJavaRule.visit (AbstractJavaRule.java:234)
    at net.sourceforge.pmd.lang.java.ast.ASTClassOrInterfaceDeclaration.jjtAccept (ASTClassOrInterfaceDeclaration.java:55)
    at net.sourceforge.pmd.lang.java.rule.AbstractJavaRule.visit (AbstractJavaRule.java:222)
    at net.sourceforge.pmd.lang.java.rule.AbstractJavaRule.visit (AbstractJavaRule.java:269)
    at net.sourceforge.pmd.lang.java.ast.ASTClassOrInterfaceBodyDeclaration.jjtAccept (ASTClassOrInterfaceBodyDeclaration.java:44)
    at net.sourceforge.pmd.lang.java.rule.AbstractJavaRule.visit (AbstractJavaRule.java:222)
    at net.sourceforge.pmd.lang.java.rule.AbstractJavaRule.visit (AbstractJavaRule.java:264)
    at net.sourceforge.pmd.lang.java.ast.ASTClassOrInterfaceBody.jjtAccept (ASTClassOrInterfaceBody.java:35)
    at net.sourceforge.pmd.lang.java.rule.AbstractJavaRule.visit (AbstractJavaRule.java:222)
    at net.sourceforge.pmd.lang.java.rule.AbstractJavaRule.visit (AbstractJavaRule.java:234)
    at net.sourceforge.pmd.lang.java.ast.ASTClassOrInterfaceDeclaration.jjtAccept (ASTClassOrInterfaceDeclaration.java:55)
    at net.sourceforge.pmd.lang.java.rule.AbstractJavaRule.visit (AbstractJavaRule.java:222)
    at net.sourceforge.pmd.lang.java.rule.AbstractJavaRule.visit (AbstractJavaRule.java:419)
    at net.sourceforge.pmd.lang.java.ast.ASTTypeDeclaration.jjtAccept (ASTTypeDeclaration.java:39)
    at net.sourceforge.pmd.lang.java.rule.AbstractJavaRule.visit (AbstractJavaRule.java:222)
    at net.sourceforge.pmd.lang.java.rule.AbstractJavaRule.visit (AbstractJavaRule.java:394)
    at com.alibaba.p3c.pmd.lang.java.rule.AbstractAliRule.visit (AbstractAliRule.java:60)
    at net.sourceforge.pmd.lang.java.ast.ASTCompilationUnit.jjtAccept (ASTCompilationUnit.java:44)
    at net.sourceforge.pmd.lang.java.rule.AbstractJavaRule.visitAll (AbstractJavaRule.java:164)
    at net.sourceforge.pmd.lang.java.rule.AbstractJavaRule.apply (AbstractJavaRule.java:158)
    at net.sourceforge.pmd.RuleSet.apply (RuleSet.java:659)
    at net.sourceforge.pmd.RuleSets.apply (RuleSets.java:163)
    at net.sourceforge.pmd.SourceCodeProcessor.processSource (SourceCodeProcessor.java:209)
    at net.sourceforge.pmd.SourceCodeProcessor.processSourceCodeWithoutCache (SourceCodeProcessor.java:118)
    at net.sourceforge.pmd.SourceCodeProcessor.processSourceCode (SourceCodeProcessor.java:100)
    at net.sourceforge.pmd.SourceCodeProcessor.processSourceCode (SourceCodeProcessor.java:62)
    at net.sourceforge.pmd.processor.PmdRunnable.call (PmdRunnable.java:85)
    at net.sourceforge.pmd.processor.PmdRunnable.call (PmdRunnable.java:29)
    at java.util.concurrent.FutureTask.run (FutureTask.java:317)
    at java.util.concurrent.Executors$RunnableAdapter.call (Executors.java:572)
    at java.util.concurrent.FutureTask.run (FutureTask.java:317)
    at java.util.concurrent.ThreadPoolExecutor.runWorker (ThreadPoolExecutor.java:1144)
    at java.util.concurrent.ThreadPoolExecutor$Worker.run (ThreadPoolExecutor.java:642)
    at java.lang.Thread.run (Thread.java:1583)
[INFO] 
[INFO] <<< maven-pmd-plugin:3.16.0:check (default) < :pmd @ nacos-client <<<
[INFO] 
[INFO] 
[INFO] --- maven-pmd-plugin:3.16.0:check (default) @ nacos-client ---
[INFO] PMD version: 6.42.0
[INFO] 
[INFO] 
[INFO] --- apache-rat-plugin:0.12:check (default) @ nacos-client ---
[INFO] Enabled default license matchers.
[INFO] Will parse SCM ignores for exclusions...
[INFO] Finished adding exclusions from SCM ignore files.
[INFO] 61 implicit excludes (use -debug for more details).
[INFO] Exclude: .editorconfig
[INFO] Exclude: .travis.yml
[INFO] Exclude: codecov.yml
[INFO] Exclude: CONTRIBUTING.md
[INFO] Exclude: CODE_OF_CONDUCT.md
[INFO] Exclude: CHANGELOG.md
[INFO] Exclude: style/codeStyle.md
[INFO] Exclude: REPORTING-BUGS.md
[INFO] Exclude: README.md
[INFO] Exclude: .github/**/*
[INFO] Exclude: doc/*
[INFO] Exclude: derby.log
[INFO] Exclude: logs/*
[INFO] Exclude: src/main/resources/static/**
[INFO] Exclude: **/istio/model/**
[INFO] Exclude: **/consistency/entity/**
[INFO] Exclude: **/*.txt
[INFO] Exclude: **/*.factories
[INFO] Exclude: /console-ui/**
[INFO] Exclude: **/gogo.proto
[INFO] Exclude: **/any.proto
[INFO] Exclude: src/main/java/com/alibaba/nacos/common/packagescan/classreading/**
[INFO] Exclude: .flattened-pom.xml
[INFO] Exclude: **/announcement*.conf
[INFO] Exclude: **/console-guide.conf
[INFO] Exclude: **/reflect-config.json
[INFO] Exclude: **/resource-config.json
[INFO] Exclude: **/proxy-config.json
[INFO] Exclude: **/jni-config.json
[INFO] Exclude: **/predefined-classes-config.json
[INFO] Exclude: **/serialization-config.json
[INFO] Exclude: **/filter-config.json
[INFO] Exclude: **/disk_cache_test/**
[INFO] Exclude: **/failover_test/**
[INFO] Exclude: lefthook.yml
[INFO] Exclude: .vscode/**
[INFO] 220 resources included (use -debug for more details)
[INFO] Rat check: Summary over all files. Unapproved: 0, unknown: 0, generated: 0, approved: 220 licenses.
[INFO] 
[INFO] --- maven-install-plugin:2.4:install (default-install) @ nacos-client ---
[INFO] Installing /Users/xinluo/sources/nacos/client/target/nacos-client-3.1.0-SNAPSHOT.jar to /var/root/.m2/repository/com/alibaba/nacos/nacos-client/3.1.0-SNAPSHOT/nacos-client-3.1.0-SNAPSHOT.jar
[INFO] Installing /Users/xinluo/sources/nacos/client/.flattened-pom.xml to /var/root/.m2/repository/com/alibaba/nacos/nacos-client/3.1.0-SNAPSHOT/nacos-client-3.1.0-SNAPSHOT.pom
[INFO] Installing /Users/xinluo/sources/nacos/client/target/nacos-client-3.1.0-SNAPSHOT-sources.jar to /var/root/.m2/repository/com/alibaba/nacos/nacos-client/3.1.0-SNAPSHOT/nacos-client-3.1.0-SNAPSHOT-sources.jar
[INFO] Installing /Users/xinluo/sources/nacos/client/target/nacos-client-3.1.0-SNAPSHOT-pure.jar to /var/root/.m2/repository/com/alibaba/nacos/nacos-client/3.1.0-SNAPSHOT/nacos-client-3.1.0-SNAPSHOT-pure.jar
[INFO] 
[INFO] ---------------------< com.alibaba.nacos:nacos-ai >---------------------
[INFO] Building nacos-ai 3.1.0-SNAPSHOT 3.1.0-SNAPSHOT                  [26/45]
[INFO] --------------------------------[ jar ]---------------------------------
[INFO] 
[INFO] --- maven-clean-plugin:2.5:clean (default-clean) @ nacos-ai ---
[INFO] Deleting /Users/xinluo/sources/nacos/ai/target
[INFO] 
[INFO] --- easyj-maven-plugin:1.1.5:clean-simplify-pom (clean-flattened-pom) @ nacos-ai ---
[INFO] Deleting /Users/xinluo/sources/nacos/ai/.flattened-pom.xml
[INFO] 
[INFO] --- maven-enforcer-plugin:3.5.0:enforce (enforce-ban-circular-dependencies) @ nacos-ai ---
[INFO] Rule 0: org.codehaus.mojo.extraenforcer.dependencies.BanCircularDependencies passed
[INFO] 
[INFO] --- maven-checkstyle-plugin:3.1.2:check (validate) @ nacos-ai ---
[WARNING] Old version of checkstyle detected. Consider updating to >= v8.30
[WARNING] For more information see: https://maven.apache.org/plugins/maven-checkstyle-plugin/examples/upgrading-checkstyle.html
[INFO] 开始检查……
检查完成。
[INFO] You have 0 Checkstyle violations.
[INFO] 
[INFO] --- jacoco-maven-plugin:0.8.13:prepare-agent (default-prepare-agent) @ nacos-ai ---
[INFO] argLine set to -javaagent:/var/root/.m2/repository/org/jacoco/org.jacoco.agent/0.8.13/org.jacoco.agent-0.8.13-runtime.jar=destfile=/Users/xinluo/sources/nacos/ai/target/coverage-reports/jacoco-unit.exec,append=true,excludes=**/grpc/auto/**:**/packagescan/classreading/**:**/packagescan/resource/**:**/packagescan/util/**,output=file
[INFO] 
[INFO] --- build-helper-maven-plugin:3.2.0:add-source (add-source) @ nacos-ai ---
[INFO] Source directory: /Users/xinluo/sources/nacos/ai/target/generated-sources/protobuf/java added.
[INFO] 
[INFO] --- maven-resources-plugin:3.0.2:resources (default-resources) @ nacos-ai ---
[INFO] Using 'UTF-8' encoding to copy filtered resources.
[INFO] Copying 3 resources
[INFO] 
[INFO] --- maven-compiler-plugin:3.5.1:compile (default-compile) @ nacos-ai ---
[INFO] Changes detected - recompiling the module!
[INFO] Compiling 50 source files to /Users/xinluo/sources/nacos/ai/target/classes
[WARNING] 未与 -source 17 一起设置系统模块路径
[INFO] 
[INFO] --- maven-resources-plugin:3.0.2:testResources (default-testResources) @ nacos-ai ---
[INFO] Using 'UTF-8' encoding to copy filtered resources.
[INFO] skip non existing resourceDirectory /Users/xinluo/sources/nacos/ai/src/test/resources
[INFO] 
[INFO] --- maven-compiler-plugin:3.5.1:testCompile (default-testCompile) @ nacos-ai ---
[INFO] Changes detected - recompiling the module!
[INFO] Compiling 25 source files to /Users/xinluo/sources/nacos/ai/target/test-classes
[WARNING] 未与 -source 17 一起设置系统模块路径
[INFO] 
[INFO] --- maven-surefire-plugin:3.2.5:test (default-test) @ nacos-ai ---
[INFO] Surefire report directory: /Users/xinluo/sources/nacos/ai/target/surefire-reports
[INFO] Using auto detected provider org.apache.maven.surefire.junitplatform.JUnitPlatformProvider
[INFO] 
[INFO] -------------------------------------------------------
[INFO]  T E S T S
[INFO] -------------------------------------------------------
[INFO] Running com.alibaba.nacos.ai.config.McpServerIndexConfigurationTest
[INFO] Running com.alibaba.nacos.ai.config.McpServerIndexConfigurationTest$CacheDisabled
17:55:53.262 [main] INFO com.alibaba.nacos.ai.config.McpServerIndexConfiguration -- Creating PlainMcpServerIndex bean as cache is disabled
[INFO] Tests run: 1, Failures: 0, Errors: 0, Skipped: 0, Time elapsed: 1.283 s -- in com.alibaba.nacos.ai.config.McpServerIndexConfigurationTest$CacheDisabled
[INFO] Running com.alibaba.nacos.ai.config.McpServerIndexConfigurationTest$CacheEnabled
17:55:53.369 [main] INFO com.alibaba.nacos.ai.config.McpServerIndexConfiguration -- Creating McpCacheIndex bean with maxSize=10000, expireTime=3600s, cleanupInterval=300s
17:55:53.376 [main] INFO com.alibaba.nacos.ai.config.McpServerIndexConfiguration -- Creating ScheduledExecutorService for MCP cache with syncInterval=300s
17:55:53.379 [main] INFO com.alibaba.nacos.ai.config.McpServerIndexConfiguration -- Creating CachedMcpServerIndex bean with cache enabled
17:55:53.382 [main] INFO com.alibaba.nacos.ai.index.CachedMcpServerIndex -- Cache sync task started with interval: 300s
17:55:53.382 [main] INFO com.alibaba.nacos.ai.index.CachedMcpServerIndex -- CachedMcpServerIndex initialized with cacheEnabled=true, syncInterval=300s
[INFO] Tests run: 1, Failures: 0, Errors: 0, Skipped: 0, Time elapsed: 0.051 s -- in com.alibaba.nacos.ai.config.McpServerIndexConfigurationTest$CacheEnabled
[INFO] Tests run: 0, Failures: 0, Errors: 0, Skipped: 0, Time elapsed: 1.354 s -- in com.alibaba.nacos.ai.config.McpServerIndexConfigurationTest
[INFO] Running com.alibaba.nacos.ai.config.AiEnabledFilterTest
17:55:53.419 [main] WARN com.alibaba.nacos.ai.config.AiEnabledFilter -- AI module disabled because set nacos.extension.ai.enabled as false
17:55:53.422 [main] WARN com.alibaba.nacos.ai.config.AiEnabledFilter -- AI module disabled because function mode is config, and AI depend naming module and config module both
17:55:53.423 [main] WARN com.alibaba.nacos.ai.config.AiEnabledFilter -- AI module disabled because function mode is naming, and AI depend naming module and config module both
[INFO] Tests run: 5, Failures: 0, Errors: 0, Skipped: 0, Time elapsed: 0.020 s -- in com.alibaba.nacos.ai.config.AiEnabledFilterTest
[INFO] Running com.alibaba.nacos.ai.config.McpConfigurationTest
[INFO] Tests run: 1, Failures: 0, Errors: 0, Skipped: 0, Time elapsed: 0.068 s -- in com.alibaba.nacos.ai.config.McpConfigurationTest
[INFO] Running com.alibaba.nacos.ai.utils.McpProtocolUtilsTest
[INFO] Tests run: 1, Failures: 0, Errors: 0, Skipped: 0, Time elapsed: 0.002 s -- in com.alibaba.nacos.ai.utils.McpProtocolUtilsTest
[INFO] Running com.alibaba.nacos.ai.utils.McpRequestUtilsTest
[INFO] Tests run: 1, Failures: 0, Errors: 0, Skipped: 0, Time elapsed: 0.004 s -- in com.alibaba.nacos.ai.utils.McpRequestUtilsTest
[INFO] Running com.alibaba.nacos.ai.utils.McpConfigUtilsTest
[INFO] Tests run: 12, Failures: 0, Errors: 0, Skipped: 0, Time elapsed: 0.007 s -- in com.alibaba.nacos.ai.utils.McpConfigUtilsTest
[INFO] Running com.alibaba.nacos.ai.utils.McpRequestUtilTest
17:55:53.918 [main] ERROR com.alibaba.nacos.ai.utils.McpRequestUtil -- Deserialize com.alibaba.nacos.api.ai.model.mcp.McpServerBasicInfo from { failed, 
com.alibaba.nacos.api.exception.runtime.NacosDeserializationException: errCode: 101, errMsg: Nacos deserialize for class [com.alibaba.nacos.ai.utils.McpRequestUtil$1] failed, cause error[Unexpected end-of-input: expected close marker for Object (start marker at [Source: REDACTED (`StreamReadFeature.INCLUDE_SOURCE_IN_LOCATION` disabled); line: 1, column: 1])
 at [Source: REDACTED (`StreamReadFeature.INCLUDE_SOURCE_IN_LOCATION` disabled); line: 1, column: 2]].  
	at com.alibaba.nacos.common.utils.JacksonUtils.toObj(JacksonUtils.java:198)
	at com.alibaba.nacos.ai.utils.McpRequestUtil.deserializeSpec(McpRequestUtil.java:126)
	at com.alibaba.nacos.ai.utils.McpRequestUtil.deserializeSpec(McpRequestUtil.java:110)
	at com.alibaba.nacos.ai.utils.McpRequestUtil.parseMcpServerBasicInfo(McpRequestUtil.java:55)
	at com.alibaba.nacos.ai.utils.McpRequestUtilTest.lambda$parseMcpServerBasicInfoWithWrongData$0(McpRequestUtilTest.java:106)
	at org.junit.jupiter.api.AssertThrows.assertThrows(AssertThrows.java:53)
	at org.junit.jupiter.api.AssertThrows.assertThrows(AssertThrows.java:39)
	at org.junit.jupiter.api.Assertions.assertThrows(Assertions.java:3131)
	at com.alibaba.nacos.ai.utils.McpRequestUtilTest.parseMcpServerBasicInfoWithWrongData(McpRequestUtilTest.java:106)
	at java.base/jdk.internal.reflect.DirectMethodHandleAccessor.invoke(DirectMethodHandleAccessor.java:103)
	at java.base/java.lang.reflect.Method.invoke(Method.java:580)
	at org.junit.platform.commons.util.ReflectionUtils.invokeMethod(ReflectionUtils.java:728)
	at org.junit.jupiter.engine.execution.MethodInvocation.proceed(MethodInvocation.java:60)
	at org.junit.jupiter.engine.execution.InvocationInterceptorChain$ValidatingInvocation.proceed(InvocationInterceptorChain.java:131)
	at org.junit.jupiter.engine.extension.TimeoutExtension.intercept(TimeoutExtension.java:156)
	at org.junit.jupiter.engine.extension.TimeoutExtension.interceptTestableMethod(TimeoutExtension.java:147)
	at org.junit.jupiter.engine.extension.TimeoutExtension.interceptTestMethod(TimeoutExtension.java:86)
	at org.junit.jupiter.engine.execution.InterceptingExecutableInvoker$ReflectiveInterceptorCall.lambda$ofVoidMethod$0(InterceptingExecutableInvoker.java:103)
	at org.junit.jupiter.engine.execution.InterceptingExecutableInvoker.lambda$invoke$0(InterceptingExecutableInvoker.java:93)
	at org.junit.jupiter.engine.execution.InvocationInterceptorChain$InterceptedInvocation.proceed(InvocationInterceptorChain.java:106)
	at org.junit.jupiter.engine.execution.InvocationInterceptorChain.proceed(InvocationInterceptorChain.java:64)
	at org.junit.jupiter.engine.execution.InvocationInterceptorChain.chainAndInvoke(InvocationInterceptorChain.java:45)
	at org.junit.jupiter.engine.execution.InvocationInterceptorChain.invoke(InvocationInterceptorChain.java:37)
	at org.junit.jupiter.engine.execution.InterceptingExecutableInvoker.invoke(InterceptingExecutableInvoker.java:92)
	at org.junit.jupiter.engine.execution.InterceptingExecutableInvoker.invoke(InterceptingExecutableInvoker.java:86)
	at org.junit.jupiter.engine.descriptor.TestMethodTestDescriptor.lambda$invokeTestMethod$7(TestMethodTestDescriptor.java:218)
	at org.junit.platform.engine.support.hierarchical.ThrowableCollector.execute(ThrowableCollector.java:73)
	at org.junit.jupiter.engine.descriptor.TestMethodTestDescriptor.invokeTestMethod(TestMethodTestDescriptor.java:214)
	at org.junit.jupiter.engine.descriptor.TestMethodTestDescriptor.execute(TestMethodTestDescriptor.java:139)
	at org.junit.jupiter.engine.descriptor.TestMethodTestDescriptor.execute(TestMethodTestDescriptor.java:69)
	at org.junit.platform.engine.support.hierarchical.NodeTestTask.lambda$executeRecursively$6(NodeTestTask.java:151)
	at org.junit.platform.engine.support.hierarchical.ThrowableCollector.execute(ThrowableCollector.java:73)
	at org.junit.platform.engine.support.hierarchical.NodeTestTask.lambda$executeRecursively$8(NodeTestTask.java:141)
	at org.junit.platform.engine.support.hierarchical.Node.around(Node.java:137)
	at org.junit.platform.engine.support.hierarchical.NodeTestTask.lambda$executeRecursively$9(NodeTestTask.java:139)
	at org.junit.platform.engine.support.hierarchical.ThrowableCollector.execute(ThrowableCollector.java:73)
	at org.junit.platform.engine.support.hierarchical.NodeTestTask.executeRecursively(NodeTestTask.java:138)
	at org.junit.platform.engine.support.hierarchical.NodeTestTask.execute(NodeTestTask.java:95)
	at java.base/java.util.ArrayList.forEach(ArrayList.java:1596)
	at org.junit.platform.engine.support.hierarchical.SameThreadHierarchicalTestExecutorService.invokeAll(SameThreadHierarchicalTestExecutorService.java:41)
	at org.junit.platform.engine.support.hierarchical.NodeTestTask.lambda$executeRecursively$6(NodeTestTask.java:155)
	at org.junit.platform.engine.support.hierarchical.ThrowableCollector.execute(ThrowableCollector.java:73)
	at org.junit.platform.engine.support.hierarchical.NodeTestTask.lambda$executeRecursively$8(NodeTestTask.java:141)
	at org.junit.platform.engine.support.hierarchical.Node.around(Node.java:137)
	at org.junit.platform.engine.support.hierarchical.NodeTestTask.lambda$executeRecursively$9(NodeTestTask.java:139)
	at org.junit.platform.engine.support.hierarchical.ThrowableCollector.execute(ThrowableCollector.java:73)
	at org.junit.platform.engine.support.hierarchical.NodeTestTask.executeRecursively(NodeTestTask.java:138)
	at org.junit.platform.engine.support.hierarchical.NodeTestTask.execute(NodeTestTask.java:95)
	at java.base/java.util.ArrayList.forEach(ArrayList.java:1596)
	at org.junit.platform.engine.support.hierarchical.SameThreadHierarchicalTestExecutorService.invokeAll(SameThreadHierarchicalTestExecutorService.java:41)
	at org.junit.platform.engine.support.hierarchical.NodeTestTask.lambda$executeRecursively$6(NodeTestTask.java:155)
	at org.junit.platform.engine.support.hierarchical.ThrowableCollector.execute(ThrowableCollector.java:73)
	at org.junit.platform.engine.support.hierarchical.NodeTestTask.lambda$executeRecursively$8(NodeTestTask.java:141)
	at org.junit.platform.engine.support.hierarchical.Node.around(Node.java:137)
	at org.junit.platform.engine.support.hierarchical.NodeTestTask.lambda$executeRecursively$9(NodeTestTask.java:139)
	at org.junit.platform.engine.support.hierarchical.ThrowableCollector.execute(ThrowableCollector.java:73)
	at org.junit.platform.engine.support.hierarchical.NodeTestTask.executeRecursively(NodeTestTask.java:138)
	at org.junit.platform.engine.support.hierarchical.NodeTestTask.execute(NodeTestTask.java:95)
	at org.junit.platform.engine.support.hierarchical.SameThreadHierarchicalTestExecutorService.submit(SameThreadHierarchicalTestExecutorService.java:35)
	at org.junit.platform.engine.support.hierarchical.HierarchicalTestExecutor.execute(HierarchicalTestExecutor.java:57)
	at org.junit.platform.engine.support.hierarchical.HierarchicalTestEngine.execute(HierarchicalTestEngine.java:54)
	at org.junit.platform.launcher.core.EngineExecutionOrchestrator.execute(EngineExecutionOrchestrator.java:198)
	at org.junit.platform.launcher.core.EngineExecutionOrchestrator.execute(EngineExecutionOrchestrator.java:169)
	at org.junit.platform.launcher.core.EngineExecutionOrchestrator.execute(EngineExecutionOrchestrator.java:93)
	at org.junit.platform.launcher.core.EngineExecutionOrchestrator.lambda$execute$0(EngineExecutionOrchestrator.java:58)
	at org.junit.platform.launcher.core.EngineExecutionOrchestrator.withInterceptedStreams(EngineExecutionOrchestrator.java:141)
	at org.junit.platform.launcher.core.EngineExecutionOrchestrator.execute(EngineExecutionOrchestrator.java:57)
	at org.junit.platform.launcher.core.DefaultLauncher.execute(DefaultLauncher.java:103)
	at org.junit.platform.launcher.core.DefaultLauncher.execute(DefaultLauncher.java:85)
	at org.junit.platform.launcher.core.DelegatingLauncher.execute(DelegatingLauncher.java:47)
	at org.apache.maven.surefire.junitplatform.LazyLauncher.execute(LazyLauncher.java:56)
	at org.apache.maven.surefire.junitplatform.JUnitPlatformProvider.execute(JUnitPlatformProvider.java:184)
	at org.apache.maven.surefire.junitplatform.JUnitPlatformProvider.invokeAllTests(JUnitPlatformProvider.java:148)
	at org.apache.maven.surefire.junitplatform.JUnitPlatformProvider.invoke(JUnitPlatformProvider.java:122)
	at org.apache.maven.surefire.booter.ForkedBooter.runSuitesInProcess(ForkedBooter.java:385)
	at org.apache.maven.surefire.booter.ForkedBooter.execute(ForkedBooter.java:162)
	at org.apache.maven.surefire.booter.ForkedBooter.run(ForkedBooter.java:507)
	at org.apache.maven.surefire.booter.ForkedBooter.main(ForkedBooter.java:495)
Caused by: com.fasterxml.jackson.core.io.JsonEOFException: Unexpected end-of-input: expected close marker for Object (start marker at [Source: REDACTED (`StreamReadFeature.INCLUDE_SOURCE_IN_LOCATION` disabled); line: 1, column: 1])
 at [Source: REDACTED (`StreamReadFeature.INCLUDE_SOURCE_IN_LOCATION` disabled); line: 1, column: 2]
	at com.fasterxml.jackson.core.base.ParserMinimalBase._reportInvalidEOF(ParserMinimalBase.java:641)
	at com.fasterxml.jackson.core.base.ParserBase._handleEOF(ParserBase.java:530)
	at com.fasterxml.jackson.core.base.ParserBase._eofAsNextChar(ParserBase.java:547)
	at com.fasterxml.jackson.core.json.ReaderBasedJsonParser._skipWSOrEnd(ReaderBasedJsonParser.java:2490)
	at com.fasterxml.jackson.core.json.ReaderBasedJsonParser.nextToken(ReaderBasedJsonParser.java:673)
	at com.fasterxml.jackson.databind.deser.BeanDeserializer.deserialize(BeanDeserializer.java:177)
	at com.fasterxml.jackson.databind.deser.DefaultDeserializationContext.readRootValue(DefaultDeserializationContext.java:342)
	at com.fasterxml.jackson.databind.ObjectMapper._readMapAndClose(ObjectMapper.java:4931)
	at com.fasterxml.jackson.databind.ObjectMapper.readValue(ObjectMapper.java:3868)
	at com.fasterxml.jackson.databind.ObjectMapper.readValue(ObjectMapper.java:3851)
	at com.alibaba.nacos.common.utils.JacksonUtils.toObj(JacksonUtils.java:196)
	... 77 common frames omitted
17:55:53.928 [main] ERROR com.alibaba.nacos.ai.utils.McpRequestUtil -- Deserialize com.alibaba.nacos.api.ai.model.mcp.McpToolSpecification from { failed, 
com.alibaba.nacos.api.exception.runtime.NacosDeserializationException: errCode: 101, errMsg: Nacos deserialize for class [com.alibaba.nacos.ai.utils.McpRequestUtil$2] failed, cause error[Unexpected end-of-input: expected close marker for Object (start marker at [Source: REDACTED (`StreamReadFeature.INCLUDE_SOURCE_IN_LOCATION` disabled); line: 1, column: 1])
 at [Source: REDACTED (`StreamReadFeature.INCLUDE_SOURCE_IN_LOCATION` disabled); line: 1, column: 2]].  
	at com.alibaba.nacos.common.utils.JacksonUtils.toObj(JacksonUtils.java:198)
	at com.alibaba.nacos.ai.utils.McpRequestUtil.deserializeSpec(McpRequestUtil.java:126)
	at com.alibaba.nacos.ai.utils.McpRequestUtil.deserializeSpec(McpRequestUtil.java:110)
	at com.alibaba.nacos.ai.utils.McpRequestUtil.parseMcpTools(McpRequestUtil.java:75)
	at com.alibaba.nacos.ai.utils.McpRequestUtilTest.lambda$parseMcpToolsWithWrongData$1(McpRequestUtilTest.java:120)
	at org.junit.jupiter.api.AssertThrows.assertThrows(AssertThrows.java:53)
	at org.junit.jupiter.api.AssertThrows.assertThrows(AssertThrows.java:39)
	at org.junit.jupiter.api.Assertions.assertThrows(Assertions.java:3131)
	at com.alibaba.nacos.ai.utils.McpRequestUtilTest.parseMcpToolsWithWrongData(McpRequestUtilTest.java:120)
	at java.base/jdk.internal.reflect.DirectMethodHandleAccessor.invoke(DirectMethodHandleAccessor.java:103)
	at java.base/java.lang.reflect.Method.invoke(Method.java:580)
	at org.junit.platform.commons.util.ReflectionUtils.invokeMethod(ReflectionUtils.java:728)
	at org.junit.jupiter.engine.execution.MethodInvocation.proceed(MethodInvocation.java:60)
	at org.junit.jupiter.engine.execution.InvocationInterceptorChain$ValidatingInvocation.proceed(InvocationInterceptorChain.java:131)
	at org.junit.jupiter.engine.extension.TimeoutExtension.intercept(TimeoutExtension.java:156)
	at org.junit.jupiter.engine.extension.TimeoutExtension.interceptTestableMethod(TimeoutExtension.java:147)
	at org.junit.jupiter.engine.extension.TimeoutExtension.interceptTestMethod(TimeoutExtension.java:86)
	at org.junit.jupiter.engine.execution.InterceptingExecutableInvoker$ReflectiveInterceptorCall.lambda$ofVoidMethod$0(InterceptingExecutableInvoker.java:103)
	at org.junit.jupiter.engine.execution.InterceptingExecutableInvoker.lambda$invoke$0(InterceptingExecutableInvoker.java:93)
	at org.junit.jupiter.engine.execution.InvocationInterceptorChain$InterceptedInvocation.proceed(InvocationInterceptorChain.java:106)
	at org.junit.jupiter.engine.execution.InvocationInterceptorChain.proceed(InvocationInterceptorChain.java:64)
	at org.junit.jupiter.engine.execution.InvocationInterceptorChain.chainAndInvoke(InvocationInterceptorChain.java:45)
	at org.junit.jupiter.engine.execution.InvocationInterceptorChain.invoke(InvocationInterceptorChain.java:37)
	at org.junit.jupiter.engine.execution.InterceptingExecutableInvoker.invoke(InterceptingExecutableInvoker.java:92)
	at org.junit.jupiter.engine.execution.InterceptingExecutableInvoker.invoke(InterceptingExecutableInvoker.java:86)
	at org.junit.jupiter.engine.descriptor.TestMethodTestDescriptor.lambda$invokeTestMethod$7(TestMethodTestDescriptor.java:218)
	at org.junit.platform.engine.support.hierarchical.ThrowableCollector.execute(ThrowableCollector.java:73)
	at org.junit.jupiter.engine.descriptor.TestMethodTestDescriptor.invokeTestMethod(TestMethodTestDescriptor.java:214)
	at org.junit.jupiter.engine.descriptor.TestMethodTestDescriptor.execute(TestMethodTestDescriptor.java:139)
	at org.junit.jupiter.engine.descriptor.TestMethodTestDescriptor.execute(TestMethodTestDescriptor.java:69)
	at org.junit.platform.engine.support.hierarchical.NodeTestTask.lambda$executeRecursively$6(NodeTestTask.java:151)
	at org.junit.platform.engine.support.hierarchical.ThrowableCollector.execute(ThrowableCollector.java:73)
	at org.junit.platform.engine.support.hierarchical.NodeTestTask.lambda$executeRecursively$8(NodeTestTask.java:141)
	at org.junit.platform.engine.support.hierarchical.Node.around(Node.java:137)
	at org.junit.platform.engine.support.hierarchical.NodeTestTask.lambda$executeRecursively$9(NodeTestTask.java:139)
	at org.junit.platform.engine.support.hierarchical.ThrowableCollector.execute(ThrowableCollector.java:73)
	at org.junit.platform.engine.support.hierarchical.NodeTestTask.executeRecursively(NodeTestTask.java:138)
	at org.junit.platform.engine.support.hierarchical.NodeTestTask.execute(NodeTestTask.java:95)
	at java.base/java.util.ArrayList.forEach(ArrayList.java:1596)
	at org.junit.platform.engine.support.hierarchical.SameThreadHierarchicalTestExecutorService.invokeAll(SameThreadHierarchicalTestExecutorService.java:41)
	at org.junit.platform.engine.support.hierarchical.NodeTestTask.lambda$executeRecursively$6(NodeTestTask.java:155)
	at org.junit.platform.engine.support.hierarchical.ThrowableCollector.execute(ThrowableCollector.java:73)
	at org.junit.platform.engine.support.hierarchical.NodeTestTask.lambda$executeRecursively$8(NodeTestTask.java:141)
	at org.junit.platform.engine.support.hierarchical.Node.around(Node.java:137)
	at org.junit.platform.engine.support.hierarchical.NodeTestTask.lambda$executeRecursively$9(NodeTestTask.java:139)
	at org.junit.platform.engine.support.hierarchical.ThrowableCollector.execute(ThrowableCollector.java:73)
	at org.junit.platform.engine.support.hierarchical.NodeTestTask.executeRecursively(NodeTestTask.java:138)
	at org.junit.platform.engine.support.hierarchical.NodeTestTask.execute(NodeTestTask.java:95)
	at java.base/java.util.ArrayList.forEach(ArrayList.java:1596)
	at org.junit.platform.engine.support.hierarchical.SameThreadHierarchicalTestExecutorService.invokeAll(SameThreadHierarchicalTestExecutorService.java:41)
	at org.junit.platform.engine.support.hierarchical.NodeTestTask.lambda$executeRecursively$6(NodeTestTask.java:155)
	at org.junit.platform.engine.support.hierarchical.ThrowableCollector.execute(ThrowableCollector.java:73)
	at org.junit.platform.engine.support.hierarchical.NodeTestTask.lambda$executeRecursively$8(NodeTestTask.java:141)
	at org.junit.platform.engine.support.hierarchical.Node.around(Node.java:137)
	at org.junit.platform.engine.support.hierarchical.NodeTestTask.lambda$executeRecursively$9(NodeTestTask.java:139)
	at org.junit.platform.engine.support.hierarchical.ThrowableCollector.execute(ThrowableCollector.java:73)
	at org.junit.platform.engine.support.hierarchical.NodeTestTask.executeRecursively(NodeTestTask.java:138)
	at org.junit.platform.engine.support.hierarchical.NodeTestTask.execute(NodeTestTask.java:95)
	at org.junit.platform.engine.support.hierarchical.SameThreadHierarchicalTestExecutorService.submit(SameThreadHierarchicalTestExecutorService.java:35)
	at org.junit.platform.engine.support.hierarchical.HierarchicalTestExecutor.execute(HierarchicalTestExecutor.java:57)
	at org.junit.platform.engine.support.hierarchical.HierarchicalTestEngine.execute(HierarchicalTestEngine.java:54)
	at org.junit.platform.launcher.core.EngineExecutionOrchestrator.execute(EngineExecutionOrchestrator.java:198)
	at org.junit.platform.launcher.core.EngineExecutionOrchestrator.execute(EngineExecutionOrchestrator.java:169)
	at org.junit.platform.launcher.core.EngineExecutionOrchestrator.execute(EngineExecutionOrchestrator.java:93)
	at org.junit.platform.launcher.core.EngineExecutionOrchestrator.lambda$execute$0(EngineExecutionOrchestrator.java:58)
	at org.junit.platform.launcher.core.EngineExecutionOrchestrator.withInterceptedStreams(EngineExecutionOrchestrator.java:141)
	at org.junit.platform.launcher.core.EngineExecutionOrchestrator.execute(EngineExecutionOrchestrator.java:57)
	at org.junit.platform.launcher.core.DefaultLauncher.execute(DefaultLauncher.java:103)
	at org.junit.platform.launcher.core.DefaultLauncher.execute(DefaultLauncher.java:85)
	at org.junit.platform.launcher.core.DelegatingLauncher.execute(DelegatingLauncher.java:47)
	at org.apache.maven.surefire.junitplatform.LazyLauncher.execute(LazyLauncher.java:56)
	at org.apache.maven.surefire.junitplatform.JUnitPlatformProvider.execute(JUnitPlatformProvider.java:184)
	at org.apache.maven.surefire.junitplatform.JUnitPlatformProvider.invokeAllTests(JUnitPlatformProvider.java:148)
	at org.apache.maven.surefire.junitplatform.JUnitPlatformProvider.invoke(JUnitPlatformProvider.java:122)
	at org.apache.maven.surefire.booter.ForkedBooter.runSuitesInProcess(ForkedBooter.java:385)
	at org.apache.maven.surefire.booter.ForkedBooter.execute(ForkedBooter.java:162)
	at org.apache.maven.surefire.booter.ForkedBooter.run(ForkedBooter.java:507)
	at org.apache.maven.surefire.booter.ForkedBooter.main(ForkedBooter.java:495)
Caused by: com.fasterxml.jackson.core.io.JsonEOFException: Unexpected end-of-input: expected close marker for Object (start marker at [Source: REDACTED (`StreamReadFeature.INCLUDE_SOURCE_IN_LOCATION` disabled); line: 1, column: 1])
 at [Source: REDACTED (`StreamReadFeature.INCLUDE_SOURCE_IN_LOCATION` disabled); line: 1, column: 2]
	at com.fasterxml.jackson.core.base.ParserMinimalBase._reportInvalidEOF(ParserMinimalBase.java:641)
	at com.fasterxml.jackson.core.base.ParserBase._handleEOF(ParserBase.java:530)
	at com.fasterxml.jackson.core.base.ParserBase._eofAsNextChar(ParserBase.java:547)
	at com.fasterxml.jackson.core.json.ReaderBasedJsonParser._skipWSOrEnd(ReaderBasedJsonParser.java:2490)
	at com.fasterxml.jackson.core.json.ReaderBasedJsonParser.nextToken(ReaderBasedJsonParser.java:673)
	at com.fasterxml.jackson.databind.deser.BeanDeserializer.deserialize(BeanDeserializer.java:177)
	at com.fasterxml.jackson.databind.deser.DefaultDeserializationContext.readRootValue(DefaultDeserializationContext.java:342)
	at com.fasterxml.jackson.databind.ObjectMapper._readMapAndClose(ObjectMapper.java:4931)
	at com.fasterxml.jackson.databind.ObjectMapper.readValue(ObjectMapper.java:3868)
	at com.fasterxml.jackson.databind.ObjectMapper.readValue(ObjectMapper.java:3851)
	at com.alibaba.nacos.common.utils.JacksonUtils.toObj(JacksonUtils.java:196)
	... 77 common frames omitted
[INFO] Tests run: 13, Failures: 0, Errors: 0, Skipped: 0, Time elapsed: 0.420 s -- in com.alibaba.nacos.ai.utils.McpRequestUtilTest
[INFO] Running com.alibaba.nacos.ai.param.McpHttpParamExtractorTest
[INFO] Tests run: 1, Failures: 0, Errors: 0, Skipped: 0, Time elapsed: 0.110 s -- in com.alibaba.nacos.ai.param.McpHttpParamExtractorTest
[INFO] Running com.alibaba.nacos.ai.controller.McpAdminControllerTest
17:55:54.415 [main] INFO org.springframework.mock.web.MockServletContext -- Initializing Spring TestDispatcherServlet ''
17:55:54.415 [main] INFO org.springframework.test.web.servlet.TestDispatcherServlet -- Initializing Servlet ''
17:55:54.416 [main] INFO org.springframework.test.web.servlet.TestDispatcherServlet -- Completed initialization in 0 ms
17:55:54.506 [main] INFO org.springframework.mock.web.MockServletContext -- Initializing Spring TestDispatcherServlet ''
17:55:54.506 [main] INFO org.springframework.test.web.servlet.TestDispatcherServlet -- Initializing Servlet ''
17:55:54.506 [main] INFO org.springframework.test.web.servlet.TestDispatcherServlet -- Completed initialization in 0 ms
17:55:54.513 [main] INFO org.springframework.mock.web.MockServletContext -- Initializing Spring TestDispatcherServlet ''
17:55:54.513 [main] INFO org.springframework.test.web.servlet.TestDispatcherServlet -- Initializing Servlet ''
17:55:54.513 [main] INFO org.springframework.test.web.servlet.TestDispatcherServlet -- Completed initialization in 0 ms
17:55:54.526 [main] INFO org.springframework.mock.web.MockServletContext -- Initializing Spring TestDispatcherServlet ''
17:55:54.526 [main] INFO org.springframework.test.web.servlet.TestDispatcherServlet -- Initializing Servlet ''
17:55:54.526 [main] INFO org.springframework.test.web.servlet.TestDispatcherServlet -- Completed initialization in 0 ms
17:55:54.536 [main] INFO org.springframework.mock.web.MockServletContext -- Initializing Spring TestDispatcherServlet ''
17:55:54.536 [main] INFO org.springframework.test.web.servlet.TestDispatcherServlet -- Initializing Servlet ''
17:55:54.536 [main] INFO org.springframework.test.web.servlet.TestDispatcherServlet -- Completed initialization in 0 ms
17:55:54.546 [main] INFO org.springframework.mock.web.MockServletContext -- Initializing Spring TestDispatcherServlet ''
17:55:54.546 [main] INFO org.springframework.test.web.servlet.TestDispatcherServlet -- Initializing Servlet ''
17:55:54.546 [main] INFO org.springframework.test.web.servlet.TestDispatcherServlet -- Completed initialization in 0 ms
17:55:54.550 [main] INFO org.springframework.mock.web.MockServletContext -- Initializing Spring TestDispatcherServlet ''
17:55:54.550 [main] INFO org.springframework.test.web.servlet.TestDispatcherServlet -- Initializing Servlet ''
17:55:54.550 [main] INFO org.springframework.test.web.servlet.TestDispatcherServlet -- Completed initialization in 0 ms
17:55:54.556 [main] INFO org.springframework.mock.web.MockServletContext -- Initializing Spring TestDispatcherServlet ''
17:55:54.556 [main] INFO org.springframework.test.web.servlet.TestDispatcherServlet -- Initializing Servlet ''
17:55:54.556 [main] INFO org.springframework.test.web.servlet.TestDispatcherServlet -- Completed initialization in 0 ms
17:55:54.560 [main] INFO org.springframework.mock.web.MockServletContext -- Initializing Spring TestDispatcherServlet ''
17:55:54.561 [main] INFO org.springframework.test.web.servlet.TestDispatcherServlet -- Initializing Servlet ''
17:55:54.561 [main] INFO org.springframework.test.web.servlet.TestDispatcherServlet -- Completed initialization in 0 ms
17:55:54.566 [main] INFO org.springframework.mock.web.MockServletContext -- Initializing Spring TestDispatcherServlet ''
17:55:54.566 [main] INFO org.springframework.test.web.servlet.TestDispatcherServlet -- Initializing Servlet ''
17:55:54.566 [main] INFO org.springframework.test.web.servlet.TestDispatcherServlet -- Completed initialization in 0 ms
17:55:54.571 [main] INFO org.springframework.mock.web.MockServletContext -- Initializing Spring TestDispatcherServlet ''
17:55:54.571 [main] INFO org.springframework.test.web.servlet.TestDispatcherServlet -- Initializing Servlet ''
17:55:54.571 [main] INFO org.springframework.test.web.servlet.TestDispatcherServlet -- Completed initialization in 0 ms
17:55:54.576 [main] INFO org.springframework.mock.web.MockServletContext -- Initializing Spring TestDispatcherServlet ''
17:55:54.576 [main] INFO org.springframework.test.web.servlet.TestDispatcherServlet -- Initializing Servlet ''
17:55:54.576 [main] INFO org.springframework.test.web.servlet.TestDispatcherServlet -- Completed initialization in 0 ms
17:55:54.584 [main] INFO org.springframework.mock.web.MockServletContext -- Initializing Spring TestDispatcherServlet ''
17:55:54.584 [main] INFO org.springframework.test.web.servlet.TestDispatcherServlet -- Initializing Servlet ''
17:55:54.584 [main] INFO org.springframework.test.web.servlet.TestDispatcherServlet -- Completed initialization in 0 ms
17:55:54.588 [main] INFO org.springframework.mock.web.MockServletContext -- Initializing Spring TestDispatcherServlet ''
17:55:54.588 [main] INFO org.springframework.test.web.servlet.TestDispatcherServlet -- Initializing Servlet ''
17:55:54.588 [main] INFO org.springframework.test.web.servlet.TestDispatcherServlet -- Completed initialization in 0 ms
17:55:54.595 [main] INFO org.springframework.mock.web.MockServletContext -- Initializing Spring TestDispatcherServlet ''
17:55:54.595 [main] INFO org.springframework.test.web.servlet.TestDispatcherServlet -- Initializing Servlet ''
17:55:54.595 [main] INFO org.springframework.test.web.servlet.TestDispatcherServlet -- Completed initialization in 0 ms
17:55:54.600 [main] INFO org.springframework.mock.web.MockServletContext -- Initializing Spring TestDispatcherServlet ''
17:55:54.600 [main] INFO org.springframework.test.web.servlet.TestDispatcherServlet -- Initializing Servlet ''
17:55:54.600 [main] INFO org.springframework.test.web.servlet.TestDispatcherServlet -- Completed initialization in 0 ms
[INFO] Tests run: 16, Failures: 0, Errors: 0, Skipped: 0, Time elapsed: 0.534 s -- in com.alibaba.nacos.ai.controller.McpAdminControllerTest
[INFO] Running com.alibaba.nacos.ai.index.MemoryMcpCacheIndexTest
[INFO] Tests run: 21, Failures: 0, Errors: 0, Skipped: 0, Time elapsed: 4.226 s -- in com.alibaba.nacos.ai.index.MemoryMcpCacheIndexTest
[INFO] Running com.alibaba.nacos.ai.index.CachedMcpServerIndexTest
17:55:58.896 [main] INFO com.alibaba.nacos.ai.index.CachedMcpServerIndex -- Cache sync task started with interval: 300s
17:55:58.896 [main] INFO com.alibaba.nacos.ai.index.CachedMcpServerIndex -- CachedMcpServerIndex initialized with cacheEnabled=true, syncInterval=300s
17:55:58.923 [main] INFO com.alibaba.nacos.ai.index.CachedMcpServerIndex -- Cache sync task started with interval: 300s
17:55:58.923 [main] INFO com.alibaba.nacos.ai.index.CachedMcpServerIndex -- CachedMcpServerIndex initialized with cacheEnabled=true, syncInterval=300s
17:55:58.924 [main] INFO com.alibaba.nacos.ai.index.CachedMcpServerIndex -- Manual cache sync triggered
17:55:58.933 [main] INFO com.alibaba.nacos.ai.index.CachedMcpServerIndex -- Cache sync task started with interval: 300s
17:55:58.933 [main] INFO com.alibaba.nacos.ai.index.CachedMcpServerIndex -- CachedMcpServerIndex initialized with cacheEnabled=true, syncInterval=300s
17:55:58.935 [main] INFO com.alibaba.nacos.ai.index.CachedMcpServerIndex -- Cache sync task started with interval: 300s
17:55:58.935 [main] INFO com.alibaba.nacos.ai.index.CachedMcpServerIndex -- CachedMcpServerIndex initialized with cacheEnabled=true, syncInterval=300s
17:55:58.937 [main] INFO com.alibaba.nacos.ai.index.CachedMcpServerIndex -- Cache sync task started with interval: 300s
17:55:58.937 [main] INFO com.alibaba.nacos.ai.index.CachedMcpServerIndex -- CachedMcpServerIndex initialized with cacheEnabled=true, syncInterval=300s
17:55:58.937 [main] INFO com.alibaba.nacos.ai.index.CachedMcpServerIndex -- Cache cleared
17:55:58.939 [main] INFO com.alibaba.nacos.ai.index.CachedMcpServerIndex -- Cache sync task started with interval: 300s
17:55:58.939 [main] INFO com.alibaba.nacos.ai.index.CachedMcpServerIndex -- CachedMcpServerIndex initialized with cacheEnabled=true, syncInterval=300s
17:55:58.940 [main] INFO com.alibaba.nacos.ai.index.CachedMcpServerIndex -- Cache sync task started with interval: 300s
17:55:58.941 [main] INFO com.alibaba.nacos.ai.index.CachedMcpServerIndex -- CachedMcpServerIndex initialized with cacheEnabled=true, syncInterval=300s
17:55:58.941 [main] INFO com.alibaba.nacos.ai.index.CachedMcpServerIndex -- CachedMcpServerIndex initialized with cacheEnabled=false, syncInterval=0s
17:55:58.943 [main] INFO com.alibaba.nacos.ai.index.CachedMcpServerIndex -- Cache sync task started with interval: 300s
17:55:58.943 [main] INFO com.alibaba.nacos.ai.index.CachedMcpServerIndex -- CachedMcpServerIndex initialized with cacheEnabled=true, syncInterval=300s
17:55:58.945 [main] INFO com.alibaba.nacos.ai.index.CachedMcpServerIndex -- Cache sync task started with interval: 300s
17:55:58.945 [main] INFO com.alibaba.nacos.ai.index.CachedMcpServerIndex -- CachedMcpServerIndex initialized with cacheEnabled=true, syncInterval=300s
17:55:58.946 [main] INFO com.alibaba.nacos.ai.index.CachedMcpServerIndex -- CachedMcpServerIndex initialized with cacheEnabled=false, syncInterval=0s
17:55:58.949 [main] INFO com.alibaba.nacos.ai.index.CachedMcpServerIndex -- Cache sync task started with interval: 300s
17:55:58.949 [main] INFO com.alibaba.nacos.ai.index.CachedMcpServerIndex -- CachedMcpServerIndex initialized with cacheEnabled=true, syncInterval=300s
17:55:58.952 [main] INFO com.alibaba.nacos.ai.index.CachedMcpServerIndex -- Cache sync task started with interval: 300s
17:55:58.952 [main] INFO com.alibaba.nacos.ai.index.CachedMcpServerIndex -- CachedMcpServerIndex initialized with cacheEnabled=true, syncInterval=300s
17:55:58.952 [main] INFO com.alibaba.nacos.ai.index.CachedMcpServerIndex -- CachedMcpServerIndex initialized with cacheEnabled=false, syncInterval=0s
17:55:58.953 [main] INFO com.alibaba.nacos.ai.index.CachedMcpServerIndex -- Cache sync task started with interval: 300s
17:55:58.953 [main] INFO com.alibaba.nacos.ai.index.CachedMcpServerIndex -- CachedMcpServerIndex initialized with cacheEnabled=true, syncInterval=300s
17:55:58.955 [main] INFO com.alibaba.nacos.ai.index.CachedMcpServerIndex -- Cache sync task started with interval: 300s
17:55:58.955 [main] INFO com.alibaba.nacos.ai.index.CachedMcpServerIndex -- CachedMcpServerIndex initialized with cacheEnabled=true, syncInterval=300s
17:55:58.956 [main] INFO com.alibaba.nacos.ai.index.CachedMcpServerIndex -- Cache sync task started with interval: 300s
17:55:58.956 [main] INFO com.alibaba.nacos.ai.index.CachedMcpServerIndex -- CachedMcpServerIndex initialized with cacheEnabled=true, syncInterval=300s
17:55:58.957 [main] INFO com.alibaba.nacos.ai.index.CachedMcpServerIndex -- Cache sync task started with interval: 300s
17:55:58.957 [main] INFO com.alibaba.nacos.ai.index.CachedMcpServerIndex -- CachedMcpServerIndex initialized with cacheEnabled=true, syncInterval=300s
17:55:58.959 [main] INFO com.alibaba.nacos.ai.index.CachedMcpServerIndex -- Cache sync task started with interval: 300s
17:55:58.959 [main] INFO com.alibaba.nacos.ai.index.CachedMcpServerIndex -- CachedMcpServerIndex initialized with cacheEnabled=true, syncInterval=300s
17:55:58.960 [main] INFO com.alibaba.nacos.ai.index.CachedMcpServerIndex -- Cache sync task started with interval: 300s
17:55:58.961 [main] INFO com.alibaba.nacos.ai.index.CachedMcpServerIndex -- CachedMcpServerIndex initialized with cacheEnabled=true, syncInterval=300s
[INFO] Tests run: 17, Failures: 0, Errors: 0, Skipped: 0, Time elapsed: 0.125 s -- in com.alibaba.nacos.ai.index.CachedMcpServerIndexTest
[INFO] Running com.alibaba.nacos.ai.index.McpCachePerformanceTest

=== 键生成验证测试 ===
线程数: 10, 操作数: 10000, 缓存大小: 1000, 有效键数: 800
实际生成的唯一键数量: 800
键数量是否在合理范围内: 是
所有键都在有效范围内: 是
[INFO] Tests run: 1, Failures: 0, Errors: 0, Skipped: 0, Time elapsed: 0.013 s -- in com.alibaba.nacos.ai.index.McpCachePerformanceTest
[INFO] Running com.alibaba.nacos.ai.index.PlainMcpServerIndexTest
[INFO] Tests run: 11, Failures: 0, Errors: 0, Skipped: 0, Time elapsed: 0.024 s -- in com.alibaba.nacos.ai.index.PlainMcpServerIndexTest
[INFO] Running com.alibaba.nacos.ai.service.a2a.identity.AsciiAgentIdCodecTest
[INFO] Tests run: 10, Failures: 0, Errors: 0, Skipped: 0, Time elapsed: 0.005 s -- in com.alibaba.nacos.ai.service.a2a.identity.AsciiAgentIdCodecTest
[INFO] Running com.alibaba.nacos.ai.service.McpEndpointOperationServiceTest
17:55:59.111 [main] WARN com.alibaba.nacos.common.notify.NotifyCenter -- There are no [com.alibaba.nacos.naming.core.v2.event.metadata.MetadataEvent.ServiceMetadataEvent] publishers for this event, please register
17:55:59.116 [main] WARN com.alibaba.nacos.common.notify.NotifyCenter -- There are no [com.alibaba.nacos.naming.core.v2.event.metadata.MetadataEvent.ServiceMetadataEvent] publishers for this event, please register
[INFO] Tests run: 8, Failures: 0, Errors: 0, Skipped: 0, Time elapsed: 0.117 s -- in com.alibaba.nacos.ai.service.McpEndpointOperationServiceTest
[INFO] Running com.alibaba.nacos.ai.service.McpServerImportServiceTest
[ERROR] Tests run: 5, Failures: 1, Errors: 0, Skipped: 0, Time elapsed: 0.061 s <<< FAILURE! -- in com.alibaba.nacos.ai.service.McpServerImportServiceTest
[ERROR] com.alibaba.nacos.ai.service.McpServerImportServiceTest.testValidateImportExceedsBatchSize -- Time elapsed: 0.004 s <<< FAILURE!
org.opentest4j.AssertionFailedError: expected: not <null>
	at org.junit.jupiter.api.AssertionFailureBuilder.build(AssertionFailureBuilder.java:152)
	at org.junit.jupiter.api.AssertionFailureBuilder.buildAndThrow(AssertionFailureBuilder.java:132)
	at org.junit.jupiter.api.AssertNotNull.failNull(AssertNotNull.java:49)
	at org.junit.jupiter.api.AssertNotNull.assertNotNull(AssertNotNull.java:35)
	at org.junit.jupiter.api.AssertNotNull.assertNotNull(AssertNotNull.java:30)
	at org.junit.jupiter.api.Assertions.assertNotNull(Assertions.java:304)
	at com.alibaba.nacos.ai.service.McpServerImportServiceTest.testValidateImportExceedsBatchSize(McpServerImportServiceTest.java:108)
	at java.base/java.lang.reflect.Method.invoke(Method.java:580)
	at java.base/java.util.ArrayList.forEach(ArrayList.java:1596)
	at java.base/java.util.ArrayList.forEach(ArrayList.java:1596)

[INFO] Running com.alibaba.nacos.ai.service.McpServerTransformServiceTest
[ERROR] Tests run: 10, Failures: 3, Errors: 2, Skipped: 0, Time elapsed: 0.047 s <<< FAILURE! -- in com.alibaba.nacos.ai.service.McpServerTransformServiceTest
[ERROR] com.alibaba.nacos.ai.service.McpServerTransformServiceTest.testTransformMcpRegistryServerList -- Time elapsed: 0.004 s <<< FAILURE!
org.opentest4j.AssertionFailedError: expected: not <null>
	at org.junit.jupiter.api.AssertionFailureBuilder.build(AssertionFailureBuilder.java:152)
	at org.junit.jupiter.api.AssertionFailureBuilder.buildAndThrow(AssertionFailureBuilder.java:132)
	at org.junit.jupiter.api.AssertNotNull.failNull(AssertNotNull.java:49)
	at org.junit.jupiter.api.AssertNotNull.assertNotNull(AssertNotNull.java:35)
	at org.junit.jupiter.api.AssertNotNull.assertNotNull(AssertNotNull.java:30)
	at org.junit.jupiter.api.Assertions.assertNotNull(Assertions.java:304)
	at com.alibaba.nacos.ai.service.McpServerTransformServiceTest.testTransformMcpRegistryServerList(McpServerTransformServiceTest.java:72)
	at java.base/java.lang.reflect.Method.invoke(Method.java:580)
	at java.base/java.util.ArrayList.forEach(ArrayList.java:1596)
	at java.base/java.util.ArrayList.forEach(ArrayList.java:1596)

[ERROR] com.alibaba.nacos.ai.service.McpServerTransformServiceTest.testTransformServersWithMetadataNoTotalCount -- Time elapsed: 0.004 s <<< FAILURE!
org.opentest4j.AssertionFailedError: expected: <stdio> but was: <mcp-streamable>
	at org.junit.jupiter.api.AssertionFailureBuilder.build(AssertionFailureBuilder.java:151)
	at org.junit.jupiter.api.AssertionFailureBuilder.buildAndThrow(AssertionFailureBuilder.java:132)
	at org.junit.jupiter.api.AssertEquals.failNotEqual(AssertEquals.java:197)
	at org.junit.jupiter.api.AssertEquals.assertEquals(AssertEquals.java:182)
	at org.junit.jupiter.api.AssertEquals.assertEquals(AssertEquals.java:177)
	at org.junit.jupiter.api.Assertions.assertEquals(Assertions.java:1145)
	at com.alibaba.nacos.ai.service.McpServerTransformServiceTest.testTransformServersWithMetadataNoTotalCount(McpServerTransformServiceTest.java:234)
	at java.base/java.lang.reflect.Method.invoke(Method.java:580)
	at java.base/java.util.ArrayList.forEach(ArrayList.java:1596)
	at java.base/java.util.ArrayList.forEach(ArrayList.java:1596)

[ERROR] com.alibaba.nacos.ai.service.McpServerTransformServiceTest.testUrlValidationWithValidPackage -- Time elapsed: 0.004 s <<< ERROR!
java.lang.NullPointerException: Cannot invoke "com.alibaba.nacos.api.ai.model.mcp.McpServerRemoteServiceConfig.getExportPath()" because the return value of "com.alibaba.nacos.api.ai.model.mcp.McpServerDetailInfo.getRemoteServerConfig()" is null
	at com.alibaba.nacos.ai.service.McpServerTransformServiceTest.testUrlValidationWithValidPackage(McpServerTransformServiceTest.java:208)
	at java.base/java.lang.reflect.Method.invoke(Method.java:580)
	at java.base/java.util.ArrayList.forEach(ArrayList.java:1596)
	at java.base/java.util.ArrayList.forEach(ArrayList.java:1596)

[ERROR] com.alibaba.nacos.ai.service.McpServerTransformServiceTest.testTransformSingleMcpRegistryServer -- Time elapsed: 0.011 s <<< FAILURE!
org.opentest4j.AssertionFailedError: expected: not <null>
	at org.junit.jupiter.api.AssertionFailureBuilder.build(AssertionFailureBuilder.java:152)
	at org.junit.jupiter.api.AssertionFailureBuilder.buildAndThrow(AssertionFailureBuilder.java:132)
	at org.junit.jupiter.api.AssertNotNull.failNull(AssertNotNull.java:49)
	at org.junit.jupiter.api.AssertNotNull.assertNotNull(AssertNotNull.java:35)
	at org.junit.jupiter.api.AssertNotNull.assertNotNull(AssertNotNull.java:30)
	at org.junit.jupiter.api.Assertions.assertNotNull(Assertions.java:304)
	at com.alibaba.nacos.ai.service.McpServerTransformServiceTest.testTransformSingleMcpRegistryServer(McpServerTransformServiceTest.java:102)
	at java.base/java.lang.reflect.Method.invoke(Method.java:580)
	at java.base/java.util.ArrayList.forEach(ArrayList.java:1596)
	at java.base/java.util.ArrayList.forEach(ArrayList.java:1596)

[ERROR] com.alibaba.nacos.ai.service.McpServerTransformServiceTest.testProtocolInferenceFromPackage -- Time elapsed: 0.006 s <<< ERROR!
java.lang.NullPointerException: Cannot invoke "com.alibaba.nacos.api.ai.model.mcp.McpServerRemoteServiceConfig.getExportPath()" because the return value of "com.alibaba.nacos.api.ai.model.mcp.McpServerDetailInfo.getRemoteServerConfig()" is null
	at com.alibaba.nacos.ai.service.McpServerTransformServiceTest.testProtocolInferenceFromPackage(McpServerTransformServiceTest.java:173)
	at java.base/java.lang.reflect.Method.invoke(Method.java:580)
	at java.base/java.util.ArrayList.forEach(ArrayList.java:1596)
	at java.base/java.util.ArrayList.forEach(ArrayList.java:1596)

[INFO] Running com.alibaba.nacos.ai.service.McpToolOperationServiceTest
[INFO] Tests run: 4, Failures: 0, Errors: 0, Skipped: 0, Time elapsed: 0.035 s -- in com.alibaba.nacos.ai.service.McpToolOperationServiceTest
[INFO] Running com.alibaba.nacos.ai.service.SyncEffectServiceTest
[INFO] Tests run: 1, Failures: 0, Errors: 0, Skipped: 0, Time elapsed: 0 s -- in com.alibaba.nacos.ai.service.SyncEffectServiceTest
[INFO] Running com.alibaba.nacos.ai.service.SimpleSyncEffectServiceTest
[INFO] Tests run: 1, Failures: 0, Errors: 0, Skipped: 0, Time elapsed: 0.102 s -- in com.alibaba.nacos.ai.service.SimpleSyncEffectServiceTest
[INFO] Running com.alibaba.nacos.ai.service.McpServerOperationServiceTest
[INFO] Tests run: 37, Failures: 0, Errors: 0, Skipped: 0, Time elapsed: 0.142 s -- in com.alibaba.nacos.ai.service.McpServerOperationServiceTest
[INFO] Running com.alibaba.nacos.ai.remote.handler.QueryMcpServerRequestHandlerTest
[INFO] Tests run: 3, Failures: 0, Errors: 0, Skipped: 0, Time elapsed: 0.003 s -- in com.alibaba.nacos.ai.remote.handler.QueryMcpServerRequestHandlerTest
[INFO] Running com.alibaba.nacos.ai.remote.handler.McpServerEndpointRequestHandlerTest
17:55:59.577 [main] INFO com.alibaba.nacos.ai.remote.handler.McpServerEndpointRequestHandler -- [TEST_CONNECTION_ID] register endpoint 1.1.1.1:3306 version 1.0.0 for mcp server: test
17:55:59.580 [main] INFO com.alibaba.nacos.ai.remote.handler.McpServerEndpointRequestHandler -- [TEST_CONNECTION_ID] register endpoint 1.1.1.1:3306 version null for mcp server: test
17:55:59.581 [main] INFO com.alibaba.nacos.ai.remote.handler.McpServerEndpointRequestHandler -- [TEST_CONNECTION_ID] de-register endpoint 1.1.1.1:3306 version null for mcp server: test
[INFO] Tests run: 7, Failures: 0, Errors: 0, Skipped: 0, Time elapsed: 0.048 s -- in com.alibaba.nacos.ai.remote.handler.McpServerEndpointRequestHandlerTest
[INFO] Running com.alibaba.nacos.ai.remote.handler.ReleaseMcpServerRequestHandlerTest
17:55:59.585 [main] INFO com.alibaba.nacos.api.ai.remote.request.ReleaseMcpServerRequest -- Release new mcp server test, version 1.0.0 into namespaceId public from connectionId 111.
17:55:59.585 [main] INFO com.alibaba.nacos.api.ai.remote.request.ReleaseMcpServerRequest -- Mcp Server test new version 1.0.0 released, Mcp Server id: ea386231-612a-4f67-a4f5-fd63710fdb2b
17:55:59.586 [main] INFO com.alibaba.nacos.api.ai.remote.request.ReleaseMcpServerRequest -- Release new mcp server test, version 1.0.0 into namespaceId public from connectionId null.
17:55:59.587 [main] ERROR com.alibaba.nacos.api.ai.remote.request.ReleaseMcpServerRequest -- Mcp Server test released failed.
com.alibaba.nacos.api.exception.api.NacosApiException: test
	at com.alibaba.nacos.ai.service.McpServerOperationService.getMcpServerDetail(McpServerOperationService.java:177)
	at com.alibaba.nacos.ai.remote.handler.ReleaseMcpServerRequestHandler.doHandler(ReleaseMcpServerRequestHandler.java:115)
	at com.alibaba.nacos.ai.remote.handler.ReleaseMcpServerRequestHandler.handle(ReleaseMcpServerRequestHandler.java:79)
	at com.alibaba.nacos.ai.remote.handler.ReleaseMcpServerRequestHandlerTest.handleReleaseWithException(ReleaseMcpServerRequestHandlerTest.java:232)
	at java.base/jdk.internal.reflect.DirectMethodHandleAccessor.invoke(DirectMethodHandleAccessor.java:103)
	at java.base/java.lang.reflect.Method.invoke(Method.java:580)
	at org.junit.platform.commons.util.ReflectionUtils.invokeMethod(ReflectionUtils.java:728)
	at org.junit.jupiter.engine.execution.MethodInvocation.proceed(MethodInvocation.java:60)
	at org.junit.jupiter.engine.execution.InvocationInterceptorChain$ValidatingInvocation.proceed(InvocationInterceptorChain.java:131)
	at org.junit.jupiter.engine.extension.TimeoutExtension.intercept(TimeoutExtension.java:156)
	at org.junit.jupiter.engine.extension.TimeoutExtension.interceptTestableMethod(TimeoutExtension.java:147)
	at org.junit.jupiter.engine.extension.TimeoutExtension.interceptTestMethod(TimeoutExtension.java:86)
	at org.junit.jupiter.engine.execution.InterceptingExecutableInvoker$ReflectiveInterceptorCall.lambda$ofVoidMethod$0(InterceptingExecutableInvoker.java:103)
	at org.junit.jupiter.engine.execution.InterceptingExecutableInvoker.lambda$invoke$0(InterceptingExecutableInvoker.java:93)
	at org.junit.jupiter.engine.execution.InvocationInterceptorChain$InterceptedInvocation.proceed(InvocationInterceptorChain.java:106)
	at org.junit.jupiter.engine.execution.InvocationInterceptorChain.proceed(InvocationInterceptorChain.java:64)
	at org.junit.jupiter.engine.execution.InvocationInterceptorChain.chainAndInvoke(InvocationInterceptorChain.java:45)
	at org.junit.jupiter.engine.execution.InvocationInterceptorChain.invoke(InvocationInterceptorChain.java:37)
	at org.junit.jupiter.engine.execution.InterceptingExecutableInvoker.invoke(InterceptingExecutableInvoker.java:92)
	at org.junit.jupiter.engine.execution.InterceptingExecutableInvoker.invoke(InterceptingExecutableInvoker.java:86)
	at org.junit.jupiter.engine.descriptor.TestMethodTestDescriptor.lambda$invokeTestMethod$7(TestMethodTestDescriptor.java:218)
	at org.junit.platform.engine.support.hierarchical.ThrowableCollector.execute(ThrowableCollector.java:73)
	at org.junit.jupiter.engine.descriptor.TestMethodTestDescriptor.invokeTestMethod(TestMethodTestDescriptor.java:214)
	at org.junit.jupiter.engine.descriptor.TestMethodTestDescriptor.execute(TestMethodTestDescriptor.java:139)
	at org.junit.jupiter.engine.descriptor.TestMethodTestDescriptor.execute(TestMethodTestDescriptor.java:69)
	at org.junit.platform.engine.support.hierarchical.NodeTestTask.lambda$executeRecursively$6(NodeTestTask.java:151)
	at org.junit.platform.engine.support.hierarchical.ThrowableCollector.execute(ThrowableCollector.java:73)
	at org.junit.platform.engine.support.hierarchical.NodeTestTask.lambda$executeRecursively$8(NodeTestTask.java:141)
	at org.junit.platform.engine.support.hierarchical.Node.around(Node.java:137)
	at org.junit.platform.engine.support.hierarchical.NodeTestTask.lambda$executeRecursively$9(NodeTestTask.java:139)
	at org.junit.platform.engine.support.hierarchical.ThrowableCollector.execute(ThrowableCollector.java:73)
	at org.junit.platform.engine.support.hierarchical.NodeTestTask.executeRecursively(NodeTestTask.java:138)
	at org.junit.platform.engine.support.hierarchical.NodeTestTask.execute(NodeTestTask.java:95)
	at java.base/java.util.ArrayList.forEach(ArrayList.java:1596)
	at org.junit.platform.engine.support.hierarchical.SameThreadHierarchicalTestExecutorService.invokeAll(SameThreadHierarchicalTestExecutorService.java:41)
	at org.junit.platform.engine.support.hierarchical.NodeTestTask.lambda$executeRecursively$6(NodeTestTask.java:155)
	at org.junit.platform.engine.support.hierarchical.ThrowableCollector.execute(ThrowableCollector.java:73)
	at org.junit.platform.engine.support.hierarchical.NodeTestTask.lambda$executeRecursively$8(NodeTestTask.java:141)
	at org.junit.platform.engine.support.hierarchical.Node.around(Node.java:137)
	at org.junit.platform.engine.support.hierarchical.NodeTestTask.lambda$executeRecursively$9(NodeTestTask.java:139)
	at org.junit.platform.engine.support.hierarchical.ThrowableCollector.execute(ThrowableCollector.java:73)
	at org.junit.platform.engine.support.hierarchical.NodeTestTask.executeRecursively(NodeTestTask.java:138)
	at org.junit.platform.engine.support.hierarchical.NodeTestTask.execute(NodeTestTask.java:95)
	at java.base/java.util.ArrayList.forEach(ArrayList.java:1596)
	at org.junit.platform.engine.support.hierarchical.SameThreadHierarchicalTestExecutorService.invokeAll(SameThreadHierarchicalTestExecutorService.java:41)
	at org.junit.platform.engine.support.hierarchical.NodeTestTask.lambda$executeRecursively$6(NodeTestTask.java:155)
	at org.junit.platform.engine.support.hierarchical.ThrowableCollector.execute(ThrowableCollector.java:73)
	at org.junit.platform.engine.support.hierarchical.NodeTestTask.lambda$executeRecursively$8(NodeTestTask.java:141)
	at org.junit.platform.engine.support.hierarchical.Node.around(Node.java:137)
	at org.junit.platform.engine.support.hierarchical.NodeTestTask.lambda$executeRecursively$9(NodeTestTask.java:139)
	at org.junit.platform.engine.support.hierarchical.ThrowableCollector.execute(ThrowableCollector.java:73)
	at org.junit.platform.engine.support.hierarchical.NodeTestTask.executeRecursively(NodeTestTask.java:138)
	at org.junit.platform.engine.support.hierarchical.NodeTestTask.execute(NodeTestTask.java:95)
	at org.junit.platform.engine.support.hierarchical.SameThreadHierarchicalTestExecutorService.submit(SameThreadHierarchicalTestExecutorService.java:35)
	at org.junit.platform.engine.support.hierarchical.HierarchicalTestExecutor.execute(HierarchicalTestExecutor.java:57)
	at org.junit.platform.engine.support.hierarchical.HierarchicalTestEngine.execute(HierarchicalTestEngine.java:54)
	at org.junit.platform.launcher.core.EngineExecutionOrchestrator.execute(EngineExecutionOrchestrator.java:198)
	at org.junit.platform.launcher.core.EngineExecutionOrchestrator.execute(EngineExecutionOrchestrator.java:169)
	at org.junit.platform.launcher.core.EngineExecutionOrchestrator.execute(EngineExecutionOrchestrator.java:93)
	at org.junit.platform.launcher.core.EngineExecutionOrchestrator.lambda$execute$0(EngineExecutionOrchestrator.java:58)
	at org.junit.platform.launcher.core.EngineExecutionOrchestrator.withInterceptedStreams(EngineExecutionOrchestrator.java:141)
	at org.junit.platform.launcher.core.EngineExecutionOrchestrator.execute(EngineExecutionOrchestrator.java:57)
	at org.junit.platform.launcher.core.DefaultLauncher.execute(DefaultLauncher.java:103)
	at org.junit.platform.launcher.core.DefaultLauncher.execute(DefaultLauncher.java:85)
	at org.junit.platform.launcher.core.DelegatingLauncher.execute(DelegatingLauncher.java:47)
	at org.apache.maven.surefire.junitplatform.LazyLauncher.execute(LazyLauncher.java:56)
	at org.apache.maven.surefire.junitplatform.JUnitPlatformProvider.execute(JUnitPlatformProvider.java:184)
	at org.apache.maven.surefire.junitplatform.JUnitPlatformProvider.invokeAllTests(JUnitPlatformProvider.java:148)
	at org.apache.maven.surefire.junitplatform.JUnitPlatformProvider.invoke(JUnitPlatformProvider.java:122)
	at org.apache.maven.surefire.booter.ForkedBooter.runSuitesInProcess(ForkedBooter.java:385)
	at org.apache.maven.surefire.booter.ForkedBooter.execute(ForkedBooter.java:162)
	at org.apache.maven.surefire.booter.ForkedBooter.run(ForkedBooter.java:507)
	at org.apache.maven.surefire.booter.ForkedBooter.main(ForkedBooter.java:495)
17:55:59.588 [main] INFO com.alibaba.nacos.api.ai.remote.request.ReleaseMcpServerRequest -- Release new mcp server test, version 1.0.0 into namespaceId public from connectionId 111.
17:55:59.588 [main] INFO com.alibaba.nacos.api.ai.remote.request.ReleaseMcpServerRequest -- Mcp Server test released, Mcp Server id: bed07ff4-ba26-41be-8f6f-6748d71db884
17:55:59.589 [main] INFO com.alibaba.nacos.api.ai.remote.request.ReleaseMcpServerRequest -- Release new mcp server test, version 1.0.0 into namespaceId public from connectionId 111.
17:55:59.589 [main] INFO com.alibaba.nacos.api.ai.remote.request.ReleaseMcpServerRequest -- Mcp Server test new version 1.0.0 released, Mcp Server id: e5c48c3a-8964-4fd1-b3f3-516a20ba7384
17:55:59.590 [main] INFO com.alibaba.nacos.api.ai.remote.request.ReleaseMcpServerRequest -- Release new mcp server test, version 1.0.0 into namespaceId public from connectionId 111.
17:55:59.590 [main] INFO com.alibaba.nacos.api.ai.remote.request.ReleaseMcpServerRequest -- Mcp Server test released, Mcp Server id: a7a27d46-e3f7-439a-94af-72971c62ca6d
17:55:59.591 [main] INFO com.alibaba.nacos.api.ai.remote.request.ReleaseMcpServerRequest -- Release new mcp server test, version 1.0.0 into namespaceId public from connectionId 111.
17:55:59.591 [main] INFO com.alibaba.nacos.api.ai.remote.request.ReleaseMcpServerRequest -- Mcp Server test and target version 1.0.0 already exist.
17:55:59.591 [main] ERROR com.alibaba.nacos.api.ai.remote.request.ReleaseMcpServerRequest -- Mcp Server test released failed.
com.alibaba.nacos.api.exception.api.NacosApiException: Mcp Server test and target version 1.0.0 already exist, do not do release
	at com.alibaba.nacos.ai.remote.handler.ReleaseMcpServerRequestHandler.doHandler(ReleaseMcpServerRequestHandler.java:121)
	at com.alibaba.nacos.ai.remote.handler.ReleaseMcpServerRequestHandler.handle(ReleaseMcpServerRequestHandler.java:79)
	at com.alibaba.nacos.ai.remote.handler.ReleaseMcpServerRequestHandlerTest.handleReleaseExistedServerAndVersion(ReleaseMcpServerRequestHandlerTest.java:112)
	at java.base/jdk.internal.reflect.DirectMethodHandleAccessor.invoke(DirectMethodHandleAccessor.java:103)
	at java.base/java.lang.reflect.Method.invoke(Method.java:580)
	at org.junit.platform.commons.util.ReflectionUtils.invokeMethod(ReflectionUtils.java:728)
	at org.junit.jupiter.engine.execution.MethodInvocation.proceed(MethodInvocation.java:60)
	at org.junit.jupiter.engine.execution.InvocationInterceptorChain$ValidatingInvocation.proceed(InvocationInterceptorChain.java:131)
	at org.junit.jupiter.engine.extension.TimeoutExtension.intercept(TimeoutExtension.java:156)
	at org.junit.jupiter.engine.extension.TimeoutExtension.interceptTestableMethod(TimeoutExtension.java:147)
	at org.junit.jupiter.engine.extension.TimeoutExtension.interceptTestMethod(TimeoutExtension.java:86)
	at org.junit.jupiter.engine.execution.InterceptingExecutableInvoker$ReflectiveInterceptorCall.lambda$ofVoidMethod$0(InterceptingExecutableInvoker.java:103)
	at org.junit.jupiter.engine.execution.InterceptingExecutableInvoker.lambda$invoke$0(InterceptingExecutableInvoker.java:93)
	at org.junit.jupiter.engine.execution.InvocationInterceptorChain$InterceptedInvocation.proceed(InvocationInterceptorChain.java:106)
	at org.junit.jupiter.engine.execution.InvocationInterceptorChain.proceed(InvocationInterceptorChain.java:64)
	at org.junit.jupiter.engine.execution.InvocationInterceptorChain.chainAndInvoke(InvocationInterceptorChain.java:45)
	at org.junit.jupiter.engine.execution.InvocationInterceptorChain.invoke(InvocationInterceptorChain.java:37)
	at org.junit.jupiter.engine.execution.InterceptingExecutableInvoker.invoke(InterceptingExecutableInvoker.java:92)
	at org.junit.jupiter.engine.execution.InterceptingExecutableInvoker.invoke(InterceptingExecutableInvoker.java:86)
	at org.junit.jupiter.engine.descriptor.TestMethodTestDescriptor.lambda$invokeTestMethod$7(TestMethodTestDescriptor.java:218)
	at org.junit.platform.engine.support.hierarchical.ThrowableCollector.execute(ThrowableCollector.java:73)
	at org.junit.jupiter.engine.descriptor.TestMethodTestDescriptor.invokeTestMethod(TestMethodTestDescriptor.java:214)
	at org.junit.jupiter.engine.descriptor.TestMethodTestDescriptor.execute(TestMethodTestDescriptor.java:139)
	at org.junit.jupiter.engine.descriptor.TestMethodTestDescriptor.execute(TestMethodTestDescriptor.java:69)
	at org.junit.platform.engine.support.hierarchical.NodeTestTask.lambda$executeRecursively$6(NodeTestTask.java:151)
	at org.junit.platform.engine.support.hierarchical.ThrowableCollector.execute(ThrowableCollector.java:73)
	at org.junit.platform.engine.support.hierarchical.NodeTestTask.lambda$executeRecursively$8(NodeTestTask.java:141)
	at org.junit.platform.engine.support.hierarchical.Node.around(Node.java:137)
	at org.junit.platform.engine.support.hierarchical.NodeTestTask.lambda$executeRecursively$9(NodeTestTask.java:139)
	at org.junit.platform.engine.support.hierarchical.ThrowableCollector.execute(ThrowableCollector.java:73)
	at org.junit.platform.engine.support.hierarchical.NodeTestTask.executeRecursively(NodeTestTask.java:138)
	at org.junit.platform.engine.support.hierarchical.NodeTestTask.execute(NodeTestTask.java:95)
	at java.base/java.util.ArrayList.forEach(ArrayList.java:1596)
	at org.junit.platform.engine.support.hierarchical.SameThreadHierarchicalTestExecutorService.invokeAll(SameThreadHierarchicalTestExecutorService.java:41)
	at org.junit.platform.engine.support.hierarchical.NodeTestTask.lambda$executeRecursively$6(NodeTestTask.java:155)
	at org.junit.platform.engine.support.hierarchical.ThrowableCollector.execute(ThrowableCollector.java:73)
	at org.junit.platform.engine.support.hierarchical.NodeTestTask.lambda$executeRecursively$8(NodeTestTask.java:141)
	at org.junit.platform.engine.support.hierarchical.Node.around(Node.java:137)
	at org.junit.platform.engine.support.hierarchical.NodeTestTask.lambda$executeRecursively$9(NodeTestTask.java:139)
	at org.junit.platform.engine.support.hierarchical.ThrowableCollector.execute(ThrowableCollector.java:73)
	at org.junit.platform.engine.support.hierarchical.NodeTestTask.executeRecursively(NodeTestTask.java:138)
	at org.junit.platform.engine.support.hierarchical.NodeTestTask.execute(NodeTestTask.java:95)
	at java.base/java.util.ArrayList.forEach(ArrayList.java:1596)
	at org.junit.platform.engine.support.hierarchical.SameThreadHierarchicalTestExecutorService.invokeAll(SameThreadHierarchicalTestExecutorService.java:41)
	at org.junit.platform.engine.support.hierarchical.NodeTestTask.lambda$executeRecursively$6(NodeTestTask.java:155)
	at org.junit.platform.engine.support.hierarchical.ThrowableCollector.execute(ThrowableCollector.java:73)
	at org.junit.platform.engine.support.hierarchical.NodeTestTask.lambda$executeRecursively$8(NodeTestTask.java:141)
	at org.junit.platform.engine.support.hierarchical.Node.around(Node.java:137)
	at org.junit.platform.engine.support.hierarchical.NodeTestTask.lambda$executeRecursively$9(NodeTestTask.java:139)
	at org.junit.platform.engine.support.hierarchical.ThrowableCollector.execute(ThrowableCollector.java:73)
	at org.junit.platform.engine.support.hierarchical.NodeTestTask.executeRecursively(NodeTestTask.java:138)
	at org.junit.platform.engine.support.hierarchical.NodeTestTask.execute(NodeTestTask.java:95)
	at org.junit.platform.engine.support.hierarchical.SameThreadHierarchicalTestExecutorService.submit(SameThreadHierarchicalTestExecutorService.java:35)
	at org.junit.platform.engine.support.hierarchical.HierarchicalTestExecutor.execute(HierarchicalTestExecutor.java:57)
	at org.junit.platform.engine.support.hierarchical.HierarchicalTestEngine.execute(HierarchicalTestEngine.java:54)
	at org.junit.platform.launcher.core.EngineExecutionOrchestrator.execute(EngineExecutionOrchestrator.java:198)
	at org.junit.platform.launcher.core.EngineExecutionOrchestrator.execute(EngineExecutionOrchestrator.java:169)
	at org.junit.platform.launcher.core.EngineExecutionOrchestrator.execute(EngineExecutionOrchestrator.java:93)
	at org.junit.platform.launcher.core.EngineExecutionOrchestrator.lambda$execute$0(EngineExecutionOrchestrator.java:58)
	at org.junit.platform.launcher.core.EngineExecutionOrchestrator.withInterceptedStreams(EngineExecutionOrchestrator.java:141)
	at org.junit.platform.launcher.core.EngineExecutionOrchestrator.execute(EngineExecutionOrchestrator.java:57)
	at org.junit.platform.launcher.core.DefaultLauncher.execute(DefaultLauncher.java:103)
	at org.junit.platform.launcher.core.DefaultLauncher.execute(DefaultLauncher.java:85)
	at org.junit.platform.launcher.core.DelegatingLauncher.execute(DelegatingLauncher.java:47)
	at org.apache.maven.surefire.junitplatform.LazyLauncher.execute(LazyLauncher.java:56)
	at org.apache.maven.surefire.junitplatform.JUnitPlatformProvider.execute(JUnitPlatformProvider.java:184)
	at org.apache.maven.surefire.junitplatform.JUnitPlatformProvider.invokeAllTests(JUnitPlatformProvider.java:148)
	at org.apache.maven.surefire.junitplatform.JUnitPlatformProvider.invoke(JUnitPlatformProvider.java:122)
	at org.apache.maven.surefire.booter.ForkedBooter.runSuitesInProcess(ForkedBooter.java:385)
	at org.apache.maven.surefire.booter.ForkedBooter.execute(ForkedBooter.java:162)
	at org.apache.maven.surefire.booter.ForkedBooter.run(ForkedBooter.java:507)
	at org.apache.maven.surefire.booter.ForkedBooter.main(ForkedBooter.java:495)
17:55:59.592 [main] INFO com.alibaba.nacos.api.ai.remote.request.ReleaseMcpServerRequest -- Release new mcp server test, version 1.0.0 into namespaceId public from connectionId 111.
17:55:59.593 [main] INFO com.alibaba.nacos.api.ai.remote.request.ReleaseMcpServerRequest -- Mcp Server test released, Mcp Server id: ab15bf78-8333-485b-823a-7f9bc7329924
17:55:59.594 [main] INFO com.alibaba.nacos.api.ai.remote.request.ReleaseMcpServerRequest -- Release new mcp server test, version 1.0.0 into namespaceId public from connectionId 111.
17:55:59.594 [main] INFO com.alibaba.nacos.api.ai.remote.request.ReleaseMcpServerRequest -- Mcp Server test new version 1.0.0 released, Mcp Server id: 7becf667-8c73-4c02-a1fe-d1f13ece2162
[INFO] Tests run: 9, Failures: 0, Errors: 0, Skipped: 0, Time elapsed: 0.011 s -- in com.alibaba.nacos.ai.remote.handler.ReleaseMcpServerRequestHandlerTest
[INFO] Running com.alibaba.nacos.ai.remote.manager.AiConnectionBasedClientManagerTest
[INFO] Tests run: 11, Failures: 0, Errors: 0, Skipped: 0, Time elapsed: 0.055 s -- in com.alibaba.nacos.ai.remote.manager.AiConnectionBasedClientManagerTest
17:55:59.657 [Thread-3] INFO com.alibaba.nacos.common.notify.NotifyCenter -- [NotifyCenter] Start destroying Publisher
17:55:59.657 [Thread-3] INFO com.alibaba.nacos.common.notify.NotifyCenter -- [NotifyCenter] Completed destruction of Publisher
[INFO] 
[INFO] Results:
[INFO] 
[ERROR] Failures: 
[ERROR]   McpServerImportServiceTest.testValidateImportExceedsBatchSize:108 expected: not <null>
[ERROR]   McpServerTransformServiceTest.testTransformMcpRegistryServerList:72 expected: not <null>
[ERROR]   McpServerTransformServiceTest.testTransformServersWithMetadataNoTotalCount:234 expected: <stdio> but was: <mcp-streamable>
[ERROR]   McpServerTransformServiceTest.testTransformSingleMcpRegistryServer:102 expected: not <null>
[ERROR] Errors: 
[ERROR]   McpServerTransformServiceTest.testProtocolInferenceFromPackage:173 NullPointer Cannot invoke "com.alibaba.nacos.api.ai.model.mcp.McpServerRemoteServiceConfig.getExportPath()" because the return value of "com.alibaba.nacos.api.ai.model.mcp.McpServerDetailInfo.getRemoteServerConfig()" is null
[ERROR]   McpServerTransformServiceTest.testUrlValidationWithValidPackage:208 NullPointer Cannot invoke "com.alibaba.nacos.api.ai.model.mcp.McpServerRemoteServiceConfig.getExportPath()" because the return value of "com.alibaba.nacos.api.ai.model.mcp.McpServerDetailInfo.getRemoteServerConfig()" is null
[INFO] 
[ERROR] Tests run: 208, Failures: 4, Errors: 2, Skipped: 0
[INFO] 
[ERROR] There are test failures.

Please refer to /Users/xinluo/sources/nacos/ai/target/surefire-reports for the individual test results.
Please refer to dump files (if any exist) [date].dump, [date]-jvmRun[N].dump and [date].dumpstream.
[INFO] 
[INFO] --- jacoco-maven-plugin:0.8.13:report (default-report) @ nacos-ai ---
[INFO] Loading execution data file /Users/xinluo/sources/nacos/ai/target/coverage-reports/jacoco-unit.exec
[INFO] Analyzed bundle 'nacos-ai 3.1.0-SNAPSHOT' with 56 classes
[INFO] 
[INFO] --- easyj-maven-plugin:1.1.5:simplify-pom (flatten-pom) @ nacos-ai ---
[INFO] Create PomSimplifier by mode: auto
[INFO] The simplify mode is: JAR
[INFO] Do simplify by the POM simplifier: JarPomSimplifier
[INFO] 
[INFO] ==================================  start simplify  ==================================
[INFO] Remove Parent.
[INFO] Set GroupId from 'null' to 'com.alibaba.nacos'.
[INFO] Set Version from 'null' to '3.1.0-SNAPSHOT'.
[INFO] Set Name from 'nacos-ai ${project.version}' to 'nacos-ai 3.1.0-SNAPSHOT'.
[WARNING] The '<description>' is required when uploading OSSRH. Please set a value immediately.
[INFO] -------------------------------------------
[INFO] Copy project info from parent for the open source project:
[INFO]    Copy Licenses.
[INFO]    Copy Developers.
[INFO]    Copy Scm.
[INFO]    Copy Organization.
[INFO]    Copy IssueManagement.
[INFO] -------------------------------------------
[INFO] -------------------------------------------
[INFO] Reset dependencies: groupId, version, exclusions (Contains 4 dependencies)
[INFO]   Reset dependency: [com.alibaba.nacos:nacos-common:null] -> [com.alibaba.nacos:nacos-common:3.1.0-SNAPSHOT]
[INFO]   Reset dependency: [com.alibaba.nacos:nacos-naming:null] -> [com.alibaba.nacos:nacos-naming:3.1.0-SNAPSHOT]
[INFO]   Reset dependency: [com.alibaba.nacos:nacos-config:null] -> [com.alibaba.nacos:nacos-config:3.1.0-SNAPSHOT]
[INFO]   Remove dependency by scope=test: [org.springframework.boot:spring-boot-test-autoconfigure:3.4.9:test]
[INFO] Remaining 3 dependencies.
[INFO] -------------------------------------------
[INFO] -------------------------------------------
[INFO] Optimize Dependencies: (3)
[INFO]  - Optimize with 'replaceVariable'
[INFO] ==================================   end  simplify  ==================================
[INFO] 
[INFO] Create the POM file '.flattened-pom.xml'.
[INFO] Set the POM file '.flattened-pom.xml' to the project object.
[INFO] 
[INFO] --- maven-jar-plugin:3.2.2:jar (default-jar) @ nacos-ai ---
[INFO] Building jar: /Users/xinluo/sources/nacos/ai/target/nacos-ai-3.1.0-SNAPSHOT.jar
[INFO] 
[INFO] --- maven-javadoc-plugin:2.10.4:jar (attach-javadocs) @ nacos-ai ---
[INFO] Skipping javadoc generation
[INFO] 
[INFO] >>> maven-source-plugin:3.0.1:jar (attach-sources) > generate-sources @ nacos-ai >>>
[INFO] 
[INFO] --- maven-enforcer-plugin:3.5.0:enforce (enforce-ban-circular-dependencies) @ nacos-ai ---
[INFO] Rule 0: org.codehaus.mojo.extraenforcer.dependencies.BanCircularDependencies passed
[INFO] 
[INFO] --- maven-checkstyle-plugin:3.1.2:check (validate) @ nacos-ai ---
[WARNING] Old version of checkstyle detected. Consider updating to >= v8.30
[WARNING] For more information see: https://maven.apache.org/plugins/maven-checkstyle-plugin/examples/upgrading-checkstyle.html
[INFO] 开始检查……
检查完成。
[INFO] You have 0 Checkstyle violations.
[INFO] 
[INFO] --- jacoco-maven-plugin:0.8.13:prepare-agent (default-prepare-agent) @ nacos-ai ---
[INFO] argLine set to -javaagent:/var/root/.m2/repository/org/jacoco/org.jacoco.agent/0.8.13/org.jacoco.agent-0.8.13-runtime.jar=destfile=/Users/xinluo/sources/nacos/ai/target/coverage-reports/jacoco-unit.exec,append=true,excludes=**/grpc/auto/**:**/packagescan/classreading/**:**/packagescan/resource/**:**/packagescan/util/**,output=file
[INFO] 
[INFO] --- build-helper-maven-plugin:3.2.0:add-source (add-source) @ nacos-ai ---
[INFO] Source directory: /Users/xinluo/sources/nacos/ai/target/generated-sources/protobuf/java added.
[INFO] 
[INFO] <<< maven-source-plugin:3.0.1:jar (attach-sources) < generate-sources @ nacos-ai <<<
[INFO] 
[INFO] 
[INFO] --- maven-source-plugin:3.0.1:jar (attach-sources) @ nacos-ai ---
[INFO] Building jar: /Users/xinluo/sources/nacos/ai/target/nacos-ai-3.1.0-SNAPSHOT-sources.jar
[INFO] 
[INFO] >>> maven-pmd-plugin:3.16.0:check (default) > :pmd @ nacos-ai >>>
[INFO] 
[INFO] --- maven-pmd-plugin:3.16.0:pmd (pmd) @ nacos-ai ---
[WARNING] Unable to locate Source XRef to link to - DISABLED
[WARNING] Unable to locate Source XRef to link to - DISABLED
[INFO] PMD version: 6.42.0
[WARNING] Rule /Users/xinluo/sources/nacos/ai/target/pmd/rulesets/ali-comment.xml/CommentsMustBeJavadocFormatRule does not mention attribute language='java', please mention it explicitly to be compatible with PMD 7
[WARNING] Rule /Users/xinluo/sources/nacos/ai/target/pmd/rulesets/ali-comment.xml/CommentsMustBeJavadocFormatRule does not mention attribute language='java', please mention it explicitly to be compatible with PMD 7
[WARNING] Rule /Users/xinluo/sources/nacos/ai/target/pmd/rulesets/ali-comment.xml/AbstractMethodOrInterfaceMethodMustUseJavadocRule does not mention attribute language='java', please mention it explicitly to be compatible with PMD 7
[WARNING] Rule /Users/xinluo/sources/nacos/ai/target/pmd/rulesets/ali-comment.xml/AbstractMethodOrInterfaceMethodMustUseJavadocRule does not mention attribute language='java', please mention it explicitly to be compatible with PMD 7
[WARNING] Rule /Users/xinluo/sources/nacos/ai/target/pmd/rulesets/ali-comment.xml/ClassMustHaveAuthorRule does not mention attribute language='java', please mention it explicitly to be compatible with PMD 7
[WARNING] Rule /Users/xinluo/sources/nacos/ai/target/pmd/rulesets/ali-comment.xml/ClassMustHaveAuthorRule does not mention attribute language='java', please mention it explicitly to be compatible with PMD 7
[WARNING] Rule /Users/xinluo/sources/nacos/ai/target/pmd/rulesets/ali-comment.xml/EnumConstantsMustHaveCommentRule does not mention attribute language='java', please mention it explicitly to be compatible with PMD 7
[WARNING] Rule /Users/xinluo/sources/nacos/ai/target/pmd/rulesets/ali-comment.xml/EnumConstantsMustHaveCommentRule does not mention attribute language='java', please mention it explicitly to be compatible with PMD 7
[WARNING] Rule /Users/xinluo/sources/nacos/ai/target/pmd/rulesets/ali-comment.xml/AvoidCommentBehindStatementRule does not mention attribute language='java', please mention it explicitly to be compatible with PMD 7
[WARNING] Rule /Users/xinluo/sources/nacos/ai/target/pmd/rulesets/ali-comment.xml/AvoidCommentBehindStatementRule does not mention attribute language='java', please mention it explicitly to be compatible with PMD 7
[WARNING] Rule /Users/xinluo/sources/nacos/ai/target/pmd/rulesets/ali-comment.xml/RemoveCommentedCodeRule does not mention attribute language='java', please mention it explicitly to be compatible with PMD 7
[WARNING] Rule /Users/xinluo/sources/nacos/ai/target/pmd/rulesets/ali-comment.xml/RemoveCommentedCodeRule does not mention attribute language='java', please mention it explicitly to be compatible with PMD 7
[WARNING] Rule /Users/xinluo/sources/nacos/ai/target/pmd/rulesets/ali-constant.xml/UpperEllRule does not mention attribute language='java', please mention it explicitly to be compatible with PMD 7
[WARNING] Rule /Users/xinluo/sources/nacos/ai/target/pmd/rulesets/ali-constant.xml/UpperEllRule does not mention attribute language='java', please mention it explicitly to be compatible with PMD 7
[WARNING] Rule /Users/xinluo/sources/nacos/ai/target/pmd/rulesets/ali-constant.xml/UndefineMagicConstantRule does not mention attribute language='java', please mention it explicitly to be compatible with PMD 7
[WARNING] Rule /Users/xinluo/sources/nacos/ai/target/pmd/rulesets/ali-constant.xml/UndefineMagicConstantRule does not mention attribute language='java', please mention it explicitly to be compatible with PMD 7
[WARNING] Rule /Users/xinluo/sources/nacos/ai/target/pmd/rulesets/ali-set.xml/ClassCastExceptionWithToArrayRule does not mention attribute language='java', please mention it explicitly to be compatible with PMD 7
[WARNING] Rule /Users/xinluo/sources/nacos/ai/target/pmd/rulesets/ali-set.xml/ClassCastExceptionWithToArrayRule does not mention attribute language='java', please mention it explicitly to be compatible with PMD 7
[WARNING] Rule /Users/xinluo/sources/nacos/ai/target/pmd/rulesets/ali-set.xml/UnsupportedExceptionWithModifyAsListRule does not mention attribute language='java', please mention it explicitly to be compatible with PMD 7
[WARNING] Rule /Users/xinluo/sources/nacos/ai/target/pmd/rulesets/ali-set.xml/UnsupportedExceptionWithModifyAsListRule does not mention attribute language='java', please mention it explicitly to be compatible with PMD 7
[WARNING] Rule /Users/xinluo/sources/nacos/ai/target/pmd/rulesets/ali-set.xml/ClassCastExceptionWithSubListToArrayListRule does not mention attribute language='java', please mention it explicitly to be compatible with PMD 7
[WARNING] Rule /Users/xinluo/sources/nacos/ai/target/pmd/rulesets/ali-set.xml/ClassCastExceptionWithSubListToArrayListRule does not mention attribute language='java', please mention it explicitly to be compatible with PMD 7
[WARNING] Rule /Users/xinluo/sources/nacos/ai/target/pmd/rulesets/ali-set.xml/ConcurrentExceptionWithModifyOriginSubListRule does not mention attribute language='java', please mention it explicitly to be compatible with PMD 7
[WARNING] Rule /Users/xinluo/sources/nacos/ai/target/pmd/rulesets/ali-set.xml/ConcurrentExceptionWithModifyOriginSubListRule does not mention attribute language='java', please mention it explicitly to be compatible with PMD 7
[WARNING] Rule /Users/xinluo/sources/nacos/ai/target/pmd/rulesets/ali-set.xml/DontModifyInForeachCircleRule does not mention attribute language='java', please mention it explicitly to be compatible with PMD 7
[WARNING] Rule /Users/xinluo/sources/nacos/ai/target/pmd/rulesets/ali-set.xml/DontModifyInForeachCircleRule does not mention attribute language='java', please mention it explicitly to be compatible with PMD 7
[WARNING] Rule /Users/xinluo/sources/nacos/ai/target/pmd/rulesets/ali-set.xml/CollectionInitShouldAssignCapacityRule does not mention attribute language='java', please mention it explicitly to be compatible with PMD 7
[WARNING] Rule /Users/xinluo/sources/nacos/ai/target/pmd/rulesets/ali-set.xml/CollectionInitShouldAssignCapacityRule does not mention attribute language='java', please mention it explicitly to be compatible with PMD 7
[WARNING] Use of deprecated attribute 'ClassOrInterfaceDeclaration/@Image' by XPath rule 'BooleanPropertyShouldNotStartWithIsRule' (in ruleset 'AlibabaJavaNaming'), please use @SimpleName instead
[WARNING] Use of deprecated attribute 'ClassOrInterfaceDeclaration/@Image' by XPath rule 'BooleanPropertyShouldNotStartWithIsRule' (in ruleset 'AlibabaJavaNaming'), please use @SimpleName instead
[WARNING] Use of deprecated attribute 'FieldDeclaration/@Array' by XPath rule 'ArrayNamingShouldHaveBracketRule' (in ruleset 'AlibabaJavaNaming')
[WARNING] Use of deprecated attribute 'FieldDeclaration/@Array' by XPath rule 'ArrayNamingShouldHaveBracketRule' (in ruleset 'AlibabaJavaNaming')
[WARNING] Use of deprecated attribute 'LocalVariableDeclaration/@Array' by XPath rule 'ArrayNamingShouldHaveBracketRule' (in ruleset 'AlibabaJavaNaming')
[WARNING] Use of deprecated attribute 'LocalVariableDeclaration/@Array' by XPath rule 'ArrayNamingShouldHaveBracketRule' (in ruleset 'AlibabaJavaNaming')
[WARNING] Use of deprecated attribute 'ReferenceType/@Array' by XPath rule 'ArrayNamingShouldHaveBracketRule' (in ruleset 'AlibabaJavaNaming')
[WARNING] Use of deprecated attribute 'ReferenceType/@Array' by XPath rule 'ArrayNamingShouldHaveBracketRule' (in ruleset 'AlibabaJavaNaming')
[WARNING] Use of deprecated attribute 'ConditionalExpression/@Ternary' by XPath rule 'AvoidComplexConditionRule' (in ruleset 'AlibabaJavaFlowControl')
[WARNING] Use of deprecated attribute 'ConditionalExpression/@Ternary' by XPath rule 'AvoidComplexConditionRule' (in ruleset 'AlibabaJavaFlowControl')
[WARNING] Use of deprecated attribute 'ClassOrInterfaceDeclaration/@Image' by XPath rule 'ServiceOrDaoClassShouldEndWithImplRule' (in ruleset 'AlibabaJavaNaming'), please use @SimpleName instead
[WARNING] Use of deprecated attribute 'ClassOrInterfaceDeclaration/@Image' by XPath rule 'ServiceOrDaoClassShouldEndWithImplRule' (in ruleset 'AlibabaJavaNaming'), please use @SimpleName instead
[INFO] 
[INFO] <<< maven-pmd-plugin:3.16.0:check (default) < :pmd @ nacos-ai <<<
[INFO] 
[INFO] 
[INFO] --- maven-pmd-plugin:3.16.0:check (default) @ nacos-ai ---
[INFO] PMD version: 6.42.0
[INFO] 
[INFO] 
[INFO] --- apache-rat-plugin:0.12:check (default) @ nacos-ai ---
[INFO] Enabled default license matchers.
[INFO] Will parse SCM ignores for exclusions...
[INFO] Finished adding exclusions from SCM ignore files.
[INFO] 61 implicit excludes (use -debug for more details).
[INFO] Exclude: .editorconfig
[INFO] Exclude: .travis.yml
[INFO] Exclude: codecov.yml
[INFO] Exclude: CONTRIBUTING.md
[INFO] Exclude: CODE_OF_CONDUCT.md
[INFO] Exclude: CHANGELOG.md
[INFO] Exclude: style/codeStyle.md
[INFO] Exclude: REPORTING-BUGS.md
[INFO] Exclude: README.md
[INFO] Exclude: .github/**/*
[INFO] Exclude: doc/*
[INFO] Exclude: derby.log
[INFO] Exclude: logs/*
[INFO] Exclude: src/main/resources/static/**
[INFO] Exclude: **/istio/model/**
[INFO] Exclude: **/consistency/entity/**
[INFO] Exclude: **/*.txt
[INFO] Exclude: **/*.factories
[INFO] Exclude: /console-ui/**
[INFO] Exclude: **/gogo.proto
[INFO] Exclude: **/any.proto
[INFO] Exclude: src/main/java/com/alibaba/nacos/common/packagescan/classreading/**
[INFO] Exclude: .flattened-pom.xml
[INFO] Exclude: **/announcement*.conf
[INFO] Exclude: **/console-guide.conf
[INFO] Exclude: **/reflect-config.json
[INFO] Exclude: **/resource-config.json
[INFO] Exclude: **/proxy-config.json
[INFO] Exclude: **/jni-config.json
[INFO] Exclude: **/predefined-classes-config.json
[INFO] Exclude: **/serialization-config.json
[INFO] Exclude: **/filter-config.json
[INFO] Exclude: **/disk_cache_test/**
[INFO] Exclude: **/failover_test/**
[INFO] Exclude: lefthook.yml
[INFO] Exclude: .vscode/**
[INFO] 79 resources included (use -debug for more details)
[INFO] Rat check: Summary over all files. Unapproved: 0, unknown: 0, generated: 0, approved: 79 licenses.
[INFO] 
[INFO] --- maven-install-plugin:2.4:install (default-install) @ nacos-ai ---
[INFO] Installing /Users/xinluo/sources/nacos/ai/target/nacos-ai-3.1.0-SNAPSHOT.jar to /var/root/.m2/repository/com/alibaba/nacos/nacos-ai/3.1.0-SNAPSHOT/nacos-ai-3.1.0-SNAPSHOT.jar
[INFO] Installing /Users/xinluo/sources/nacos/ai/.flattened-pom.xml to /var/root/.m2/repository/com/alibaba/nacos/nacos-ai/3.1.0-SNAPSHOT/nacos-ai-3.1.0-SNAPSHOT.pom
[INFO] Installing /Users/xinluo/sources/nacos/ai/target/nacos-ai-3.1.0-SNAPSHOT-sources.jar to /var/root/.m2/repository/com/alibaba/nacos/nacos-ai/3.1.0-SNAPSHOT/nacos-ai-3.1.0-SNAPSHOT-sources.jar
[INFO] 
[INFO] --------------------< com.alibaba.nacos:nacos-lock >--------------------
[INFO] Building nacos-lock 3.1.0-SNAPSHOT 3.1.0-SNAPSHOT                [27/45]
[INFO] --------------------------------[ jar ]---------------------------------
[INFO] 
[INFO] --- maven-clean-plugin:2.5:clean (default-clean) @ nacos-lock ---
[INFO] Deleting /Users/xinluo/sources/nacos/lock/target
[INFO] 
[INFO] --- easyj-maven-plugin:1.1.5:clean-simplify-pom (clean-flattened-pom) @ nacos-lock ---
[INFO] Deleting /Users/xinluo/sources/nacos/lock/.flattened-pom.xml
[INFO] 
[INFO] --- maven-enforcer-plugin:3.5.0:enforce (enforce-ban-circular-dependencies) @ nacos-lock ---
[INFO] Rule 0: org.codehaus.mojo.extraenforcer.dependencies.BanCircularDependencies passed
[INFO] 
[INFO] --- maven-checkstyle-plugin:3.1.2:check (validate) @ nacos-lock ---
[WARNING] Old version of checkstyle detected. Consider updating to >= v8.30
[WARNING] For more information see: https://maven.apache.org/plugins/maven-checkstyle-plugin/examples/upgrading-checkstyle.html
[INFO] 开始检查……
检查完成。
[INFO] You have 0 Checkstyle violations.
[INFO] 
[INFO] --- jacoco-maven-plugin:0.8.13:prepare-agent (default-prepare-agent) @ nacos-lock ---
[INFO] argLine set to -javaagent:/var/root/.m2/repository/org/jacoco/org.jacoco.agent/0.8.13/org.jacoco.agent-0.8.13-runtime.jar=destfile=/Users/xinluo/sources/nacos/lock/target/coverage-reports/jacoco-unit.exec,append=true,excludes=**/grpc/auto/**:**/packagescan/classreading/**:**/packagescan/resource/**:**/packagescan/util/**,output=file
[INFO] 
[INFO] --- build-helper-maven-plugin:3.2.0:add-source (add-source) @ nacos-lock ---
[INFO] Source directory: /Users/xinluo/sources/nacos/lock/target/generated-sources/protobuf/java added.
[INFO] 
[INFO] --- maven-resources-plugin:3.0.2:resources (default-resources) @ nacos-lock ---
[INFO] Using 'UTF-8' encoding to copy filtered resources.
[INFO] Copying 1 resource
[INFO] 
[INFO] --- maven-compiler-plugin:3.5.1:compile (default-compile) @ nacos-lock ---
[INFO] Changes detected - recompiling the module!
[INFO] Compiling 20 source files to /Users/xinluo/sources/nacos/lock/target/classes
[WARNING] 未与 -source 17 一起设置系统模块路径
[INFO] /Users/xinluo/sources/nacos/lock/src/main/java/com/alibaba/nacos/lock/service/impl/LockOperationServiceImpl.java: /Users/xinluo/sources/nacos/lock/src/main/java/com/alibaba/nacos/lock/service/impl/LockOperationServiceImpl.java使用了未经检查或不安全的操作。
[INFO] /Users/xinluo/sources/nacos/lock/src/main/java/com/alibaba/nacos/lock/service/impl/LockOperationServiceImpl.java: 有关详细信息, 请使用 -Xlint:unchecked 重新编译。
[INFO] 
[INFO] --- maven-resources-plugin:3.0.2:testResources (default-testResources) @ nacos-lock ---
[INFO] Using 'UTF-8' encoding to copy filtered resources.
[INFO] Copying 1 resource
[INFO] 
[INFO] --- maven-compiler-plugin:3.5.1:testCompile (default-testCompile) @ nacos-lock ---
[INFO] Changes detected - recompiling the module!
[INFO] Compiling 6 source files to /Users/xinluo/sources/nacos/lock/target/test-classes
[WARNING] 未与 -source 17 一起设置系统模块路径
[INFO] /Users/xinluo/sources/nacos/lock/src/test/java/com/alibaba/nacos/lock/LockManagerTest.java: /Users/xinluo/sources/nacos/lock/src/test/java/com/alibaba/nacos/lock/LockManagerTest.java使用了未经检查或不安全的操作。
[INFO] /Users/xinluo/sources/nacos/lock/src/test/java/com/alibaba/nacos/lock/LockManagerTest.java: 有关详细信息, 请使用 -Xlint:unchecked 重新编译。
[INFO] 
[INFO] --- maven-surefire-plugin:3.2.5:test (default-test) @ nacos-lock ---
[INFO] Surefire report directory: /Users/xinluo/sources/nacos/lock/target/surefire-reports
[INFO] Using auto detected provider org.apache.maven.surefire.junitplatform.JUnitPlatformProvider
[INFO] 
[INFO] -------------------------------------------------------
[INFO]  T E S T S
[INFO] -------------------------------------------------------
[INFO] Running com.alibaba.nacos.lock.core.reentrant.mutex.MutexAtomicLockTest
[INFO] Tests run: 2, Failures: 0, Errors: 0, Skipped: 0, Time elapsed: 0.942 s -- in com.alibaba.nacos.lock.core.reentrant.mutex.MutexAtomicLockTest
[INFO] Running com.alibaba.nacos.lock.LockManagerTest
[INFO] Tests run: 3, Failures: 0, Errors: 0, Skipped: 0, Time elapsed: 0.039 s -- in com.alibaba.nacos.lock.LockManagerTest
[INFO] Running com.alibaba.nacos.lock.service.impl.LockOperationServiceImplTest
17:56:03.980 [main] INFO com.alibaba.nacos.lock.service.impl.LockOperationServiceImpl -- thread: main, operator: ACQUIRE, request: com.alibaba.nacos.lock.raft.request.MutexLockRequest@31880efa, success: true
[INFO] Tests run: 5, Failures: 0, Errors: 0, Skipped: 0, Time elapsed: 0.583 s -- in com.alibaba.nacos.lock.service.impl.LockOperationServiceImplTest
[INFO] Running com.alibaba.nacos.lock.remote.rpc.handler.LockRequestHandlerTest
17:56:04.052 [main] INFO com.alibaba.nacos.lock.remote.rpc.handler.LockRequestHandler -- request: ACQUIRE, instance: com.alibaba.nacos.api.lock.model.LockInstance@68df8c6
17:56:04.055 [main] INFO com.alibaba.nacos.lock.remote.rpc.handler.LockRequestHandler -- request: RELEASE, instance: com.alibaba.nacos.api.lock.model.LockInstance@5dacf18d
[INFO] Tests run: 2, Failures: 0, Errors: 0, Skipped: 0, Time elapsed: 0.017 s -- in com.alibaba.nacos.lock.remote.rpc.handler.LockRequestHandlerTest
[INFO] 
[INFO] Results:
[INFO] 
[INFO] Tests run: 12, Failures: 0, Errors: 0, Skipped: 0
[INFO] 
[INFO] 
[INFO] --- jacoco-maven-plugin:0.8.13:report (default-report) @ nacos-lock ---
[INFO] Loading execution data file /Users/xinluo/sources/nacos/lock/target/coverage-reports/jacoco-unit.exec
[INFO] Analyzed bundle 'nacos-lock 3.1.0-SNAPSHOT' with 16 classes
[INFO] 
[INFO] --- easyj-maven-plugin:1.1.5:simplify-pom (flatten-pom) @ nacos-lock ---
[INFO] Create PomSimplifier by mode: auto
[INFO] The simplify mode is: JAR
[INFO] Do simplify by the POM simplifier: JarPomSimplifier
[INFO] 
[INFO] ==================================  start simplify  ==================================
[INFO] Remove Parent.
[INFO] Set GroupId from 'null' to 'com.alibaba.nacos'.
[INFO] Set Version from 'null' to '3.1.0-SNAPSHOT'.
[INFO] Set Name from 'nacos-lock ${project.version}' to 'nacos-lock 3.1.0-SNAPSHOT'.
[WARNING] The '<description>' is required when uploading OSSRH. Please set a value immediately.
[INFO] -------------------------------------------
[INFO] Copy project info from parent for the open source project:
[INFO]    Copy Licenses.
[INFO]    Copy Developers.
[INFO]    Copy Scm.
[INFO]    Copy Organization.
[INFO]    Copy IssueManagement.
[INFO] -------------------------------------------
[INFO] -------------------------------------------
[INFO] Reset dependencies: groupId, version, exclusions (Contains 5 dependencies)
[INFO]   Reset dependency: [${project.groupId}:nacos-core:null] -> [com.alibaba.nacos:nacos-core:3.1.0-SNAPSHOT]
[INFO]   Reset dependency: [${project.groupId}:nacos-api:null] -> [com.alibaba.nacos:nacos-api:3.1.0-SNAPSHOT]
[INFO]   Reset dependency: [org.springframework.boot:spring-boot:null] -> [org.springframework.boot:spring-boot:3.4.9]
[INFO]   Reset dependency: [org.springframework.boot:spring-boot-starter-web:null] -> [org.springframework.boot:spring-boot-starter-web:3.4.9]
[INFO]   Remove dependency by scope=test: [org.springframework.boot:spring-boot-starter-test:3.4.9:test]
[INFO] Remaining 4 dependencies.
[INFO] -------------------------------------------
[INFO] -------------------------------------------
[INFO] Optimize Dependencies: (4)
[INFO]  - Optimize with 'replaceVariable'
[INFO] ==================================   end  simplify  ==================================
[INFO] 
[INFO] Create the POM file '.flattened-pom.xml'.
[INFO] Set the POM file '.flattened-pom.xml' to the project object.
[INFO] 
[INFO] --- maven-jar-plugin:3.2.2:jar (default-jar) @ nacos-lock ---
[INFO] Building jar: /Users/xinluo/sources/nacos/lock/target/nacos-lock-3.1.0-SNAPSHOT.jar
[INFO] 
[INFO] --- maven-javadoc-plugin:2.10.4:jar (attach-javadocs) @ nacos-lock ---
[INFO] Skipping javadoc generation
[INFO] 
[INFO] >>> maven-source-plugin:3.0.1:jar (attach-sources) > generate-sources @ nacos-lock >>>
[INFO] 
[INFO] --- maven-enforcer-plugin:3.5.0:enforce (enforce-ban-circular-dependencies) @ nacos-lock ---
[INFO] Rule 0: org.codehaus.mojo.extraenforcer.dependencies.BanCircularDependencies passed
[INFO] 
[INFO] --- maven-checkstyle-plugin:3.1.2:check (validate) @ nacos-lock ---
[WARNING] Old version of checkstyle detected. Consider updating to >= v8.30
[WARNING] For more information see: https://maven.apache.org/plugins/maven-checkstyle-plugin/examples/upgrading-checkstyle.html
[INFO] 开始检查……
检查完成。
[INFO] You have 0 Checkstyle violations.
[INFO] 
[INFO] --- jacoco-maven-plugin:0.8.13:prepare-agent (default-prepare-agent) @ nacos-lock ---
[INFO] argLine set to -javaagent:/var/root/.m2/repository/org/jacoco/org.jacoco.agent/0.8.13/org.jacoco.agent-0.8.13-runtime.jar=destfile=/Users/xinluo/sources/nacos/lock/target/coverage-reports/jacoco-unit.exec,append=true,excludes=**/grpc/auto/**:**/packagescan/classreading/**:**/packagescan/resource/**:**/packagescan/util/**,output=file
[INFO] 
[INFO] --- build-helper-maven-plugin:3.2.0:add-source (add-source) @ nacos-lock ---
[INFO] Source directory: /Users/xinluo/sources/nacos/lock/target/generated-sources/protobuf/java added.
[INFO] 
[INFO] <<< maven-source-plugin:3.0.1:jar (attach-sources) < generate-sources @ nacos-lock <<<
[INFO] 
[INFO] 
[INFO] --- maven-source-plugin:3.0.1:jar (attach-sources) @ nacos-lock ---
[INFO] Building jar: /Users/xinluo/sources/nacos/lock/target/nacos-lock-3.1.0-SNAPSHOT-sources.jar
[INFO] 
[INFO] >>> maven-pmd-plugin:3.16.0:check (default) > :pmd @ nacos-lock >>>
[INFO] 
[INFO] --- maven-pmd-plugin:3.16.0:pmd (pmd) @ nacos-lock ---
[WARNING] Unable to locate Source XRef to link to - DISABLED
[WARNING] Unable to locate Source XRef to link to - DISABLED
[INFO] PMD version: 6.42.0
[WARNING] Rule /Users/xinluo/sources/nacos/lock/target/pmd/rulesets/ali-comment.xml/CommentsMustBeJavadocFormatRule does not mention attribute language='java', please mention it explicitly to be compatible with PMD 7
[WARNING] Rule /Users/xinluo/sources/nacos/lock/target/pmd/rulesets/ali-comment.xml/CommentsMustBeJavadocFormatRule does not mention attribute language='java', please mention it explicitly to be compatible with PMD 7
[WARNING] Rule /Users/xinluo/sources/nacos/lock/target/pmd/rulesets/ali-comment.xml/AbstractMethodOrInterfaceMethodMustUseJavadocRule does not mention attribute language='java', please mention it explicitly to be compatible with PMD 7
[WARNING] Rule /Users/xinluo/sources/nacos/lock/target/pmd/rulesets/ali-comment.xml/AbstractMethodOrInterfaceMethodMustUseJavadocRule does not mention attribute language='java', please mention it explicitly to be compatible with PMD 7
[WARNING] Rule /Users/xinluo/sources/nacos/lock/target/pmd/rulesets/ali-comment.xml/ClassMustHaveAuthorRule does not mention attribute language='java', please mention it explicitly to be compatible with PMD 7
[WARNING] Rule /Users/xinluo/sources/nacos/lock/target/pmd/rulesets/ali-comment.xml/ClassMustHaveAuthorRule does not mention attribute language='java', please mention it explicitly to be compatible with PMD 7
[WARNING] Rule /Users/xinluo/sources/nacos/lock/target/pmd/rulesets/ali-comment.xml/EnumConstantsMustHaveCommentRule does not mention attribute language='java', please mention it explicitly to be compatible with PMD 7
[WARNING] Rule /Users/xinluo/sources/nacos/lock/target/pmd/rulesets/ali-comment.xml/EnumConstantsMustHaveCommentRule does not mention attribute language='java', please mention it explicitly to be compatible with PMD 7
[WARNING] Rule /Users/xinluo/sources/nacos/lock/target/pmd/rulesets/ali-comment.xml/AvoidCommentBehindStatementRule does not mention attribute language='java', please mention it explicitly to be compatible with PMD 7
[WARNING] Rule /Users/xinluo/sources/nacos/lock/target/pmd/rulesets/ali-comment.xml/AvoidCommentBehindStatementRule does not mention attribute language='java', please mention it explicitly to be compatible with PMD 7
[WARNING] Rule /Users/xinluo/sources/nacos/lock/target/pmd/rulesets/ali-comment.xml/RemoveCommentedCodeRule does not mention attribute language='java', please mention it explicitly to be compatible with PMD 7
[WARNING] Rule /Users/xinluo/sources/nacos/lock/target/pmd/rulesets/ali-comment.xml/RemoveCommentedCodeRule does not mention attribute language='java', please mention it explicitly to be compatible with PMD 7
[WARNING] Rule /Users/xinluo/sources/nacos/lock/target/pmd/rulesets/ali-constant.xml/UpperEllRule does not mention attribute language='java', please mention it explicitly to be compatible with PMD 7
[WARNING] Rule /Users/xinluo/sources/nacos/lock/target/pmd/rulesets/ali-constant.xml/UpperEllRule does not mention attribute language='java', please mention it explicitly to be compatible with PMD 7
[WARNING] Rule /Users/xinluo/sources/nacos/lock/target/pmd/rulesets/ali-constant.xml/UndefineMagicConstantRule does not mention attribute language='java', please mention it explicitly to be compatible with PMD 7
[WARNING] Rule /Users/xinluo/sources/nacos/lock/target/pmd/rulesets/ali-constant.xml/UndefineMagicConstantRule does not mention attribute language='java', please mention it explicitly to be compatible with PMD 7
[WARNING] Rule /Users/xinluo/sources/nacos/lock/target/pmd/rulesets/ali-set.xml/ClassCastExceptionWithToArrayRule does not mention attribute language='java', please mention it explicitly to be compatible with PMD 7
[WARNING] Rule /Users/xinluo/sources/nacos/lock/target/pmd/rulesets/ali-set.xml/ClassCastExceptionWithToArrayRule does not mention attribute language='java', please mention it explicitly to be compatible with PMD 7
[WARNING] Rule /Users/xinluo/sources/nacos/lock/target/pmd/rulesets/ali-set.xml/UnsupportedExceptionWithModifyAsListRule does not mention attribute language='java', please mention it explicitly to be compatible with PMD 7
[WARNING] Rule /Users/xinluo/sources/nacos/lock/target/pmd/rulesets/ali-set.xml/UnsupportedExceptionWithModifyAsListRule does not mention attribute language='java', please mention it explicitly to be compatible with PMD 7
[WARNING] Rule /Users/xinluo/sources/nacos/lock/target/pmd/rulesets/ali-set.xml/ClassCastExceptionWithSubListToArrayListRule does not mention attribute language='java', please mention it explicitly to be compatible with PMD 7
[WARNING] Rule /Users/xinluo/sources/nacos/lock/target/pmd/rulesets/ali-set.xml/ClassCastExceptionWithSubListToArrayListRule does not mention attribute language='java', please mention it explicitly to be compatible with PMD 7
[WARNING] Rule /Users/xinluo/sources/nacos/lock/target/pmd/rulesets/ali-set.xml/ConcurrentExceptionWithModifyOriginSubListRule does not mention attribute language='java', please mention it explicitly to be compatible with PMD 7
[WARNING] Rule /Users/xinluo/sources/nacos/lock/target/pmd/rulesets/ali-set.xml/ConcurrentExceptionWithModifyOriginSubListRule does not mention attribute language='java', please mention it explicitly to be compatible with PMD 7
[WARNING] Rule /Users/xinluo/sources/nacos/lock/target/pmd/rulesets/ali-set.xml/DontModifyInForeachCircleRule does not mention attribute language='java', please mention it explicitly to be compatible with PMD 7
[WARNING] Rule /Users/xinluo/sources/nacos/lock/target/pmd/rulesets/ali-set.xml/DontModifyInForeachCircleRule does not mention attribute language='java', please mention it explicitly to be compatible with PMD 7
[WARNING] Rule /Users/xinluo/sources/nacos/lock/target/pmd/rulesets/ali-set.xml/CollectionInitShouldAssignCapacityRule does not mention attribute language='java', please mention it explicitly to be compatible with PMD 7
[WARNING] Rule /Users/xinluo/sources/nacos/lock/target/pmd/rulesets/ali-set.xml/CollectionInitShouldAssignCapacityRule does not mention attribute language='java', please mention it explicitly to be compatible with PMD 7
[WARNING] Use of deprecated attribute 'ClassOrInterfaceDeclaration/@Image' by XPath rule 'BooleanPropertyShouldNotStartWithIsRule' (in ruleset 'AlibabaJavaNaming'), please use @SimpleName instead
[WARNING] Use of deprecated attribute 'ClassOrInterfaceDeclaration/@Image' by XPath rule 'BooleanPropertyShouldNotStartWithIsRule' (in ruleset 'AlibabaJavaNaming'), please use @SimpleName instead
[WARNING] Use of deprecated attribute 'FieldDeclaration/@Array' by XPath rule 'ArrayNamingShouldHaveBracketRule' (in ruleset 'AlibabaJavaNaming')
[WARNING] Use of deprecated attribute 'FieldDeclaration/@Array' by XPath rule 'ArrayNamingShouldHaveBracketRule' (in ruleset 'AlibabaJavaNaming')
[WARNING] Use of deprecated attribute 'LocalVariableDeclaration/@Array' by XPath rule 'ArrayNamingShouldHaveBracketRule' (in ruleset 'AlibabaJavaNaming')
[WARNING] Use of deprecated attribute 'LocalVariableDeclaration/@Array' by XPath rule 'ArrayNamingShouldHaveBracketRule' (in ruleset 'AlibabaJavaNaming')
[WARNING] Use of deprecated attribute 'ReferenceType/@Array' by XPath rule 'ArrayNamingShouldHaveBracketRule' (in ruleset 'AlibabaJavaNaming')
[WARNING] Use of deprecated attribute 'ReferenceType/@Array' by XPath rule 'ArrayNamingShouldHaveBracketRule' (in ruleset 'AlibabaJavaNaming')
[WARNING] Use of deprecated attribute 'ClassOrInterfaceDeclaration/@Image' by XPath rule 'ServiceOrDaoClassShouldEndWithImplRule' (in ruleset 'AlibabaJavaNaming'), please use @SimpleName instead
[WARNING] Use of deprecated attribute 'ClassOrInterfaceDeclaration/@Image' by XPath rule 'ServiceOrDaoClassShouldEndWithImplRule' (in ruleset 'AlibabaJavaNaming'), please use @SimpleName instead
[WARNING] Use of deprecated attribute 'ConditionalExpression/@Ternary' by XPath rule 'AvoidComplexConditionRule' (in ruleset 'AlibabaJavaFlowControl')
[WARNING] Use of deprecated attribute 'ConditionalExpression/@Ternary' by XPath rule 'AvoidComplexConditionRule' (in ruleset 'AlibabaJavaFlowControl')
[INFO] 
[INFO] <<< maven-pmd-plugin:3.16.0:check (default) < :pmd @ nacos-lock <<<
[INFO] 
[INFO] 
[INFO] --- maven-pmd-plugin:3.16.0:check (default) @ nacos-lock ---
[INFO] PMD version: 6.42.0
[INFO] 
[INFO] 
[INFO] --- apache-rat-plugin:0.12:check (default) @ nacos-lock ---
[INFO] Enabled default license matchers.
[INFO] Will parse SCM ignores for exclusions...
[INFO] Finished adding exclusions from SCM ignore files.
[INFO] 61 implicit excludes (use -debug for more details).
[INFO] Exclude: .editorconfig
[INFO] Exclude: .travis.yml
[INFO] Exclude: codecov.yml
[INFO] Exclude: CONTRIBUTING.md
[INFO] Exclude: CODE_OF_CONDUCT.md
[INFO] Exclude: CHANGELOG.md
[INFO] Exclude: style/codeStyle.md
[INFO] Exclude: REPORTING-BUGS.md
[INFO] Exclude: README.md
[INFO] Exclude: .github/**/*
[INFO] Exclude: doc/*
[INFO] Exclude: derby.log
[INFO] Exclude: logs/*
[INFO] Exclude: src/main/resources/static/**
[INFO] Exclude: **/istio/model/**
[INFO] Exclude: **/consistency/entity/**
[INFO] Exclude: **/*.txt
[INFO] Exclude: **/*.factories
[INFO] Exclude: /console-ui/**
[INFO] Exclude: **/gogo.proto
[INFO] Exclude: **/any.proto
[INFO] Exclude: src/main/java/com/alibaba/nacos/common/packagescan/classreading/**
[INFO] Exclude: .flattened-pom.xml
[INFO] Exclude: **/announcement*.conf
[INFO] Exclude: **/console-guide.conf
[INFO] Exclude: **/reflect-config.json
[INFO] Exclude: **/resource-config.json
[INFO] Exclude: **/proxy-config.json
[INFO] Exclude: **/jni-config.json
[INFO] Exclude: **/predefined-classes-config.json
[INFO] Exclude: **/serialization-config.json
[INFO] Exclude: **/filter-config.json
[INFO] Exclude: **/disk_cache_test/**
[INFO] Exclude: **/failover_test/**
[INFO] Exclude: lefthook.yml
[INFO] Exclude: .vscode/**
[INFO] 29 resources included (use -debug for more details)
[INFO] Rat check: Summary over all files. Unapproved: 0, unknown: 0, generated: 0, approved: 29 licenses.
[INFO] 
[INFO] --- maven-install-plugin:2.4:install (default-install) @ nacos-lock ---
[INFO] Installing /Users/xinluo/sources/nacos/lock/target/nacos-lock-3.1.0-SNAPSHOT.jar to /var/root/.m2/repository/com/alibaba/nacos/nacos-lock/3.1.0-SNAPSHOT/nacos-lock-3.1.0-SNAPSHOT.jar
[INFO] Installing /Users/xinluo/sources/nacos/lock/.flattened-pom.xml to /var/root/.m2/repository/com/alibaba/nacos/nacos-lock/3.1.0-SNAPSHOT/nacos-lock-3.1.0-SNAPSHOT.pom
[INFO] Installing /Users/xinluo/sources/nacos/lock/target/nacos-lock-3.1.0-SNAPSHOT-sources.jar to /var/root/.m2/repository/com/alibaba/nacos/nacos-lock/3.1.0-SNAPSHOT/nacos-lock-3.1.0-SNAPSHOT-sources.jar
[INFO] 
[INFO] -------------< com.alibaba.nacos:nacos-maintainer-client >--------------
[INFO] Building nacos-maintainer-client 3.1.0-SNAPSHOT 3.1.0-SNAPSHOT   [28/45]
[INFO] --------------------------------[ jar ]---------------------------------
[INFO] 
[INFO] --- maven-clean-plugin:2.5:clean (default-clean) @ nacos-maintainer-client ---
[INFO] Deleting /Users/xinluo/sources/nacos/maintainer-client/target
[INFO] 
[INFO] --- easyj-maven-plugin:1.1.5:clean-simplify-pom (clean-flattened-pom) @ nacos-maintainer-client ---
[INFO] Deleting /Users/xinluo/sources/nacos/maintainer-client/.flattened-pom.xml
[INFO] 
[INFO] --- maven-enforcer-plugin:3.5.0:enforce (enforce-ban-circular-dependencies) @ nacos-maintainer-client ---
[INFO] Rule 0: org.codehaus.mojo.extraenforcer.dependencies.BanCircularDependencies passed
[INFO] 
[INFO] --- maven-checkstyle-plugin:3.1.2:check (validate) @ nacos-maintainer-client ---
[WARNING] Old version of checkstyle detected. Consider updating to >= v8.30
[WARNING] For more information see: https://maven.apache.org/plugins/maven-checkstyle-plugin/examples/upgrading-checkstyle.html
[INFO] 开始检查……
检查完成。
[INFO] You have 0 Checkstyle violations.
[INFO] 
[INFO] --- jacoco-maven-plugin:0.8.13:prepare-agent (default-prepare-agent) @ nacos-maintainer-client ---
[INFO] argLine set to -javaagent:/var/root/.m2/repository/org/jacoco/org.jacoco.agent/0.8.13/org.jacoco.agent-0.8.13-runtime.jar=destfile=/Users/xinluo/sources/nacos/maintainer-client/target/coverage-reports/jacoco-unit.exec,append=true,excludes=**/grpc/auto/**:**/packagescan/classreading/**:**/packagescan/resource/**:**/packagescan/util/**,output=file
[INFO] 
[INFO] --- build-helper-maven-plugin:3.2.0:add-source (add-source) @ nacos-maintainer-client ---
[INFO] Source directory: /Users/xinluo/sources/nacos/maintainer-client/target/generated-sources/protobuf/java added.
[INFO] 
[INFO] --- maven-resources-plugin:3.0.2:resources (default-resources) @ nacos-maintainer-client ---
[INFO] Using 'UTF-8' encoding to copy filtered resources.
[INFO] skip non existing resourceDirectory /Users/xinluo/sources/nacos/maintainer-client/src/main/resources
[INFO] 
[INFO] --- maven-compiler-plugin:3.5.1:compile (default-compile) @ nacos-maintainer-client ---
[INFO] Changes detected - recompiling the module!
[INFO] Compiling 27 source files to /Users/xinluo/sources/nacos/maintainer-client/target/classes
[WARNING] 未与 -source 8 一起设置引导类路径
[WARNING] 源值 8 已过时，将在未来发行版中删除
[WARNING] 目标值 8 已过时，将在未来发行版中删除
[WARNING] 要隐藏有关已过时选项的警告, 请使用 -Xlint:-options。
[INFO] 
[INFO] --- maven-resources-plugin:3.0.2:testResources (default-testResources) @ nacos-maintainer-client ---
[INFO] Using 'UTF-8' encoding to copy filtered resources.
[INFO] Copying 1 resource
[INFO] 
[INFO] --- maven-compiler-plugin:3.5.1:testCompile (default-testCompile) @ nacos-maintainer-client ---
[INFO] Changes detected - recompiling the module!
[INFO] Compiling 14 source files to /Users/xinluo/sources/nacos/maintainer-client/target/test-classes
[WARNING] 未与 -source 8 一起设置引导类路径
[WARNING] 源值 8 已过时，将在未来发行版中删除
[WARNING] 目标值 8 已过时，将在未来发行版中删除
[WARNING] 要隐藏有关已过时选项的警告, 请使用 -Xlint:-options。
[INFO] 
[INFO] --- maven-surefire-plugin:3.2.5:test (default-test) @ nacos-maintainer-client ---
[INFO] Surefire report directory: /Users/xinluo/sources/nacos/maintainer-client/target/surefire-reports
[INFO] Using auto detected provider org.apache.maven.surefire.junitplatform.JUnitPlatformProvider
[INFO] 
[INFO] -------------------------------------------------------
[INFO]  T E S T S
[INFO] -------------------------------------------------------
[INFO] Running com.alibaba.nacos.maintainer.client.core.AbstractCoreMaintainerServiceTest
[INFO] Tests run: 20, Failures: 0, Errors: 0, Skipped: 0, Time elapsed: 1.239 s -- in com.alibaba.nacos.maintainer.client.core.AbstractCoreMaintainerServiceTest
[INFO] Running com.alibaba.nacos.maintainer.client.NacosMaintainerFactoryTest
[INFO] Tests run: 2, Failures: 0, Errors: 0, Skipped: 0, Time elapsed: 0.141 s -- in com.alibaba.nacos.maintainer.client.NacosMaintainerFactoryTest
[INFO] Running com.alibaba.nacos.maintainer.client.config.ConfigMaintainerFactoryTest
[INFO] Tests run: 4, Failures: 0, Errors: 0, Skipped: 0, Time elapsed: 0.013 s -- in com.alibaba.nacos.maintainer.client.config.ConfigMaintainerFactoryTest
[INFO] Running com.alibaba.nacos.maintainer.client.config.NacosConfigMaintainerServiceImplTest
[INFO] Tests run: 20, Failures: 0, Errors: 0, Skipped: 0, Time elapsed: 0.055 s -- in com.alibaba.nacos.maintainer.client.config.NacosConfigMaintainerServiceImplTest
[INFO] Running com.alibaba.nacos.maintainer.client.utils.ParamUtilTest
[INFO] Tests run: 6, Failures: 0, Errors: 0, Skipped: 0, Time elapsed: 0.004 s -- in com.alibaba.nacos.maintainer.client.utils.ParamUtilTest
[INFO] Running com.alibaba.nacos.maintainer.client.ai.AiMaintainerFactoryTest
[INFO] Tests run: 1, Failures: 0, Errors: 0, Skipped: 0, Time elapsed: 0.003 s -- in com.alibaba.nacos.maintainer.client.ai.AiMaintainerFactoryTest
[INFO] Running com.alibaba.nacos.maintainer.client.ai.NacosAiMaintainerServiceImplTest
[INFO] Tests run: 13, Failures: 0, Errors: 0, Skipped: 0, Time elapsed: 0.047 s -- in com.alibaba.nacos.maintainer.client.ai.NacosAiMaintainerServiceImplTest
[INFO] Running com.alibaba.nacos.maintainer.client.naming.NamingMaintainerFactoryTest
[INFO] Tests run: 4, Failures: 0, Errors: 0, Skipped: 0, Time elapsed: 0.021 s -- in com.alibaba.nacos.maintainer.client.naming.NamingMaintainerFactoryTest
[INFO] Running com.alibaba.nacos.maintainer.client.naming.NacosNamingMaintainerServiceImplTest
[INFO] Tests run: 36, Failures: 0, Errors: 0, Skipped: 0, Time elapsed: 0.099 s -- in com.alibaba.nacos.maintainer.client.naming.NacosNamingMaintainerServiceImplTest
[INFO] Running com.alibaba.nacos.maintainer.client.address.DefaultServerListManagerTest
[INFO] Tests run: 3, Failures: 0, Errors: 0, Skipped: 0, Time elapsed: 0.001 s -- in com.alibaba.nacos.maintainer.client.address.DefaultServerListManagerTest
[INFO] Running com.alibaba.nacos.maintainer.client.model.HttpRequestTest
[INFO] Tests run: 2, Failures: 0, Errors: 0, Skipped: 0, Time elapsed: 0.001 s -- in com.alibaba.nacos.maintainer.client.model.HttpRequestTest
[INFO] Running com.alibaba.nacos.maintainer.client.remote.HttpClientManagerTest
[INFO] Tests run: 1, Failures: 0, Errors: 0, Skipped: 0, Time elapsed: 0 s -- in com.alibaba.nacos.maintainer.client.remote.HttpClientManagerTest
[INFO] Running com.alibaba.nacos.maintainer.client.remote.ClientHttpProxyTest
[INFO] Tests run: 12, Failures: 0, Errors: 0, Skipped: 0, Time elapsed: 1.988 s -- in com.alibaba.nacos.maintainer.client.remote.ClientHttpProxyTest
[INFO] 
[INFO] Results:
[INFO] 
[INFO] Tests run: 124, Failures: 0, Errors: 0, Skipped: 0
[INFO] 
[INFO] 
[INFO] --- jacoco-maven-plugin:0.8.13:report (default-report) @ nacos-maintainer-client ---
[INFO] Loading execution data file /Users/xinluo/sources/nacos/maintainer-client/target/coverage-reports/jacoco-unit.exec
[INFO] Analyzed bundle 'nacos-maintainer-client 3.1.0-SNAPSHOT' with 95 classes
[INFO] 
[INFO] --- easyj-maven-plugin:1.1.5:simplify-pom (flatten-pom) @ nacos-maintainer-client ---
[INFO] Create PomSimplifier by mode: auto
[INFO] The simplify mode is: JAR
[INFO] Do simplify by the POM simplifier: JarPomSimplifier
[INFO] 
[INFO] ==================================  start simplify  ==================================
[INFO] Remove Parent.
[INFO] Set GroupId from 'null' to 'com.alibaba.nacos'.
[INFO] Set Version from 'null' to '3.1.0-SNAPSHOT'.
[INFO] Set Name from 'nacos-maintainer-client ${project.version}' to 'nacos-maintainer-client 3.1.0-SNAPSHOT'.
[INFO] -------------------------------------------
[INFO] Copy project info from parent for the open source project:
[INFO]    Copy Licenses.
[INFO]    Copy Developers.
[INFO]    Copy Scm.
[INFO]    Copy Organization.
[INFO]    Copy IssueManagement.
[INFO] -------------------------------------------
[INFO] -------------------------------------------
[INFO] Reset dependencies: groupId, version, exclusions (Contains 3 dependencies)
[INFO]   Reset dependency: [commons-collections:commons-collections:null] -> [commons-collections:commons-collections:3.2.2]
[INFO]   Reset dependency: [com.alibaba.nacos:nacos-common:null] -> [com.alibaba.nacos:nacos-common:3.1.0-SNAPSHOT]
[INFO]   Reset dependency: [com.alibaba.nacos:nacos-client-basic:null] -> [com.alibaba.nacos:nacos-client-basic:3.1.0-SNAPSHOT]
[INFO] Remaining 3 dependencies.
[INFO] -------------------------------------------
[INFO] Remove Properties.
[INFO] Remove Build.
[INFO] -------------------------------------------
[INFO] Optimize Dependencies: (3)
[INFO]  - Optimize with 'replaceVariable'
[INFO] ==================================   end  simplify  ==================================
[INFO] 
[INFO] Create the POM file '.flattened-pom.xml'.
[INFO] Set the POM file '.flattened-pom.xml' to the project object.
[INFO] 
[INFO] --- maven-jar-plugin:3.2.2:jar (default-jar) @ nacos-maintainer-client ---
[INFO] Building jar: /Users/xinluo/sources/nacos/maintainer-client/target/nacos-maintainer-client-3.1.0-SNAPSHOT.jar
[INFO] 
[INFO] --- maven-javadoc-plugin:2.10.4:jar (attach-javadocs) @ nacos-maintainer-client ---
[INFO] Skipping javadoc generation
[INFO] 
[INFO] >>> maven-source-plugin:3.0.1:jar (attach-sources) > generate-sources @ nacos-maintainer-client >>>
[INFO] 
[INFO] --- maven-enforcer-plugin:3.5.0:enforce (enforce-ban-circular-dependencies) @ nacos-maintainer-client ---
[INFO] Rule 0: org.codehaus.mojo.extraenforcer.dependencies.BanCircularDependencies passed
[INFO] 
[INFO] --- maven-checkstyle-plugin:3.1.2:check (validate) @ nacos-maintainer-client ---
[WARNING] Old version of checkstyle detected. Consider updating to >= v8.30
[WARNING] For more information see: https://maven.apache.org/plugins/maven-checkstyle-plugin/examples/upgrading-checkstyle.html
[INFO] 开始检查……
检查完成。
[INFO] You have 0 Checkstyle violations.
[INFO] 
[INFO] --- jacoco-maven-plugin:0.8.13:prepare-agent (default-prepare-agent) @ nacos-maintainer-client ---
[INFO] argLine set to -javaagent:/var/root/.m2/repository/org/jacoco/org.jacoco.agent/0.8.13/org.jacoco.agent-0.8.13-runtime.jar=destfile=/Users/xinluo/sources/nacos/maintainer-client/target/coverage-reports/jacoco-unit.exec,append=true,excludes=**/grpc/auto/**:**/packagescan/classreading/**:**/packagescan/resource/**:**/packagescan/util/**,output=file
[INFO] 
[INFO] --- build-helper-maven-plugin:3.2.0:add-source (add-source) @ nacos-maintainer-client ---
[INFO] Source directory: /Users/xinluo/sources/nacos/maintainer-client/target/generated-sources/protobuf/java added.
[INFO] 
[INFO] <<< maven-source-plugin:3.0.1:jar (attach-sources) < generate-sources @ nacos-maintainer-client <<<
[INFO] 
[INFO] 
[INFO] --- maven-source-plugin:3.0.1:jar (attach-sources) @ nacos-maintainer-client ---
[INFO] Building jar: /Users/xinluo/sources/nacos/maintainer-client/target/nacos-maintainer-client-3.1.0-SNAPSHOT-sources.jar
[INFO] 
[INFO] >>> maven-pmd-plugin:3.16.0:check (default) > :pmd @ nacos-maintainer-client >>>
[INFO] 
[INFO] --- maven-pmd-plugin:3.16.0:pmd (pmd) @ nacos-maintainer-client ---
[WARNING] Unable to locate Source XRef to link to - DISABLED
[WARNING] Unable to locate Source XRef to link to - DISABLED
[INFO] PMD version: 6.42.0
[WARNING] Rule /Users/xinluo/sources/nacos/maintainer-client/target/pmd/rulesets/ali-comment.xml/CommentsMustBeJavadocFormatRule does not mention attribute language='java', please mention it explicitly to be compatible with PMD 7
[WARNING] Rule /Users/xinluo/sources/nacos/maintainer-client/target/pmd/rulesets/ali-comment.xml/CommentsMustBeJavadocFormatRule does not mention attribute language='java', please mention it explicitly to be compatible with PMD 7
[WARNING] Rule /Users/xinluo/sources/nacos/maintainer-client/target/pmd/rulesets/ali-comment.xml/AbstractMethodOrInterfaceMethodMustUseJavadocRule does not mention attribute language='java', please mention it explicitly to be compatible with PMD 7
[WARNING] Rule /Users/xinluo/sources/nacos/maintainer-client/target/pmd/rulesets/ali-comment.xml/AbstractMethodOrInterfaceMethodMustUseJavadocRule does not mention attribute language='java', please mention it explicitly to be compatible with PMD 7
[WARNING] Rule /Users/xinluo/sources/nacos/maintainer-client/target/pmd/rulesets/ali-comment.xml/ClassMustHaveAuthorRule does not mention attribute language='java', please mention it explicitly to be compatible with PMD 7
[WARNING] Rule /Users/xinluo/sources/nacos/maintainer-client/target/pmd/rulesets/ali-comment.xml/ClassMustHaveAuthorRule does not mention attribute language='java', please mention it explicitly to be compatible with PMD 7
[WARNING] Rule /Users/xinluo/sources/nacos/maintainer-client/target/pmd/rulesets/ali-comment.xml/EnumConstantsMustHaveCommentRule does not mention attribute language='java', please mention it explicitly to be compatible with PMD 7
[WARNING] Rule /Users/xinluo/sources/nacos/maintainer-client/target/pmd/rulesets/ali-comment.xml/EnumConstantsMustHaveCommentRule does not mention attribute language='java', please mention it explicitly to be compatible with PMD 7
[WARNING] Rule /Users/xinluo/sources/nacos/maintainer-client/target/pmd/rulesets/ali-comment.xml/AvoidCommentBehindStatementRule does not mention attribute language='java', please mention it explicitly to be compatible with PMD 7
[WARNING] Rule /Users/xinluo/sources/nacos/maintainer-client/target/pmd/rulesets/ali-comment.xml/AvoidCommentBehindStatementRule does not mention attribute language='java', please mention it explicitly to be compatible with PMD 7
[WARNING] Rule /Users/xinluo/sources/nacos/maintainer-client/target/pmd/rulesets/ali-comment.xml/RemoveCommentedCodeRule does not mention attribute language='java', please mention it explicitly to be compatible with PMD 7
[WARNING] Rule /Users/xinluo/sources/nacos/maintainer-client/target/pmd/rulesets/ali-comment.xml/RemoveCommentedCodeRule does not mention attribute language='java', please mention it explicitly to be compatible with PMD 7
[WARNING] Rule /Users/xinluo/sources/nacos/maintainer-client/target/pmd/rulesets/ali-constant.xml/UpperEllRule does not mention attribute language='java', please mention it explicitly to be compatible with PMD 7
[WARNING] Rule /Users/xinluo/sources/nacos/maintainer-client/target/pmd/rulesets/ali-constant.xml/UpperEllRule does not mention attribute language='java', please mention it explicitly to be compatible with PMD 7
[WARNING] Rule /Users/xinluo/sources/nacos/maintainer-client/target/pmd/rulesets/ali-constant.xml/UndefineMagicConstantRule does not mention attribute language='java', please mention it explicitly to be compatible with PMD 7
[WARNING] Rule /Users/xinluo/sources/nacos/maintainer-client/target/pmd/rulesets/ali-constant.xml/UndefineMagicConstantRule does not mention attribute language='java', please mention it explicitly to be compatible with PMD 7
[WARNING] Rule /Users/xinluo/sources/nacos/maintainer-client/target/pmd/rulesets/ali-set.xml/ClassCastExceptionWithToArrayRule does not mention attribute language='java', please mention it explicitly to be compatible with PMD 7
[WARNING] Rule /Users/xinluo/sources/nacos/maintainer-client/target/pmd/rulesets/ali-set.xml/ClassCastExceptionWithToArrayRule does not mention attribute language='java', please mention it explicitly to be compatible with PMD 7
[WARNING] Rule /Users/xinluo/sources/nacos/maintainer-client/target/pmd/rulesets/ali-set.xml/UnsupportedExceptionWithModifyAsListRule does not mention attribute language='java', please mention it explicitly to be compatible with PMD 7
[WARNING] Rule /Users/xinluo/sources/nacos/maintainer-client/target/pmd/rulesets/ali-set.xml/UnsupportedExceptionWithModifyAsListRule does not mention attribute language='java', please mention it explicitly to be compatible with PMD 7
[WARNING] Rule /Users/xinluo/sources/nacos/maintainer-client/target/pmd/rulesets/ali-set.xml/ClassCastExceptionWithSubListToArrayListRule does not mention attribute language='java', please mention it explicitly to be compatible with PMD 7
[WARNING] Rule /Users/xinluo/sources/nacos/maintainer-client/target/pmd/rulesets/ali-set.xml/ClassCastExceptionWithSubListToArrayListRule does not mention attribute language='java', please mention it explicitly to be compatible with PMD 7
[WARNING] Rule /Users/xinluo/sources/nacos/maintainer-client/target/pmd/rulesets/ali-set.xml/ConcurrentExceptionWithModifyOriginSubListRule does not mention attribute language='java', please mention it explicitly to be compatible with PMD 7
[WARNING] Rule /Users/xinluo/sources/nacos/maintainer-client/target/pmd/rulesets/ali-set.xml/ConcurrentExceptionWithModifyOriginSubListRule does not mention attribute language='java', please mention it explicitly to be compatible with PMD 7
[WARNING] Rule /Users/xinluo/sources/nacos/maintainer-client/target/pmd/rulesets/ali-set.xml/DontModifyInForeachCircleRule does not mention attribute language='java', please mention it explicitly to be compatible with PMD 7
[WARNING] Rule /Users/xinluo/sources/nacos/maintainer-client/target/pmd/rulesets/ali-set.xml/DontModifyInForeachCircleRule does not mention attribute language='java', please mention it explicitly to be compatible with PMD 7
[WARNING] Rule /Users/xinluo/sources/nacos/maintainer-client/target/pmd/rulesets/ali-set.xml/CollectionInitShouldAssignCapacityRule does not mention attribute language='java', please mention it explicitly to be compatible with PMD 7
[WARNING] Rule /Users/xinluo/sources/nacos/maintainer-client/target/pmd/rulesets/ali-set.xml/CollectionInitShouldAssignCapacityRule does not mention attribute language='java', please mention it explicitly to be compatible with PMD 7
[WARNING] Use of deprecated attribute 'ClassOrInterfaceDeclaration/@Image' by XPath rule 'BooleanPropertyShouldNotStartWithIsRule' (in ruleset 'AlibabaJavaNaming'), please use @SimpleName instead
[WARNING] Use of deprecated attribute 'ClassOrInterfaceDeclaration/@Image' by XPath rule 'BooleanPropertyShouldNotStartWithIsRule' (in ruleset 'AlibabaJavaNaming'), please use @SimpleName instead
[WARNING] Use of deprecated attribute 'LocalVariableDeclaration/@Array' by XPath rule 'ArrayNamingShouldHaveBracketRule' (in ruleset 'AlibabaJavaNaming')
[WARNING] Use of deprecated attribute 'LocalVariableDeclaration/@Array' by XPath rule 'ArrayNamingShouldHaveBracketRule' (in ruleset 'AlibabaJavaNaming')
[WARNING] Use of deprecated attribute 'FieldDeclaration/@Array' by XPath rule 'ArrayNamingShouldHaveBracketRule' (in ruleset 'AlibabaJavaNaming')
[WARNING] Use of deprecated attribute 'FieldDeclaration/@Array' by XPath rule 'ArrayNamingShouldHaveBracketRule' (in ruleset 'AlibabaJavaNaming')
[WARNING] Use of deprecated attribute 'ConditionalExpression/@Ternary' by XPath rule 'AvoidComplexConditionRule' (in ruleset 'AlibabaJavaFlowControl')
[WARNING] Use of deprecated attribute 'ConditionalExpression/@Ternary' by XPath rule 'AvoidComplexConditionRule' (in ruleset 'AlibabaJavaFlowControl')
[WARNING] Use of deprecated attribute 'ClassOrInterfaceDeclaration/@Image' by XPath rule 'ServiceOrDaoClassShouldEndWithImplRule' (in ruleset 'AlibabaJavaNaming'), please use @SimpleName instead
[WARNING] Use of deprecated attribute 'ClassOrInterfaceDeclaration/@Image' by XPath rule 'ServiceOrDaoClassShouldEndWithImplRule' (in ruleset 'AlibabaJavaNaming'), please use @SimpleName instead
[INFO] 
[INFO] <<< maven-pmd-plugin:3.16.0:check (default) < :pmd @ nacos-maintainer-client <<<
[INFO] 
[INFO] 
[INFO] --- maven-pmd-plugin:3.16.0:check (default) @ nacos-maintainer-client ---
[INFO] PMD version: 6.42.0
[INFO] 
[INFO] 
[INFO] --- apache-rat-plugin:0.12:check (default) @ nacos-maintainer-client ---
[INFO] Enabled default license matchers.
[INFO] Will parse SCM ignores for exclusions...
[INFO] Finished adding exclusions from SCM ignore files.
[INFO] 61 implicit excludes (use -debug for more details).
[INFO] Exclude: .editorconfig
[INFO] Exclude: .travis.yml
[INFO] Exclude: codecov.yml
[INFO] Exclude: CONTRIBUTING.md
[INFO] Exclude: CODE_OF_CONDUCT.md
[INFO] Exclude: CHANGELOG.md
[INFO] Exclude: style/codeStyle.md
[INFO] Exclude: REPORTING-BUGS.md
[INFO] Exclude: README.md
[INFO] Exclude: .github/**/*
[INFO] Exclude: doc/*
[INFO] Exclude: derby.log
[INFO] Exclude: logs/*
[INFO] Exclude: src/main/resources/static/**
[INFO] Exclude: **/istio/model/**
[INFO] Exclude: **/consistency/entity/**
[INFO] Exclude: **/*.txt
[INFO] Exclude: **/*.factories
[INFO] Exclude: /console-ui/**
[INFO] Exclude: **/gogo.proto
[INFO] Exclude: **/any.proto
[INFO] Exclude: src/main/java/com/alibaba/nacos/common/packagescan/classreading/**
[INFO] Exclude: .flattened-pom.xml
[INFO] Exclude: **/announcement*.conf
[INFO] Exclude: **/console-guide.conf
[INFO] Exclude: **/reflect-config.json
[INFO] Exclude: **/resource-config.json
[INFO] Exclude: **/proxy-config.json
[INFO] Exclude: **/jni-config.json
[INFO] Exclude: **/predefined-classes-config.json
[INFO] Exclude: **/serialization-config.json
[INFO] Exclude: **/filter-config.json
[INFO] Exclude: **/disk_cache_test/**
[INFO] Exclude: **/failover_test/**
[INFO] Exclude: lefthook.yml
[INFO] Exclude: .vscode/**
[INFO] 43 resources included (use -debug for more details)
[INFO] Rat check: Summary over all files. Unapproved: 0, unknown: 0, generated: 0, approved: 43 licenses.
[INFO] 
[INFO] --- maven-install-plugin:2.4:install (default-install) @ nacos-maintainer-client ---
[INFO] Installing /Users/xinluo/sources/nacos/maintainer-client/target/nacos-maintainer-client-3.1.0-SNAPSHOT.jar to /var/root/.m2/repository/com/alibaba/nacos/nacos-maintainer-client/3.1.0-SNAPSHOT/nacos-maintainer-client-3.1.0-SNAPSHOT.jar
[INFO] Installing /Users/xinluo/sources/nacos/maintainer-client/.flattened-pom.xml to /var/root/.m2/repository/com/alibaba/nacos/nacos-maintainer-client/3.1.0-SNAPSHOT/nacos-maintainer-client-3.1.0-SNAPSHOT.pom
[INFO] Installing /Users/xinluo/sources/nacos/maintainer-client/target/nacos-maintainer-client-3.1.0-SNAPSHOT-sources.jar to /var/root/.m2/repository/com/alibaba/nacos/nacos-maintainer-client/3.1.0-SNAPSHOT/nacos-maintainer-client-3.1.0-SNAPSHOT-sources.jar
[INFO] 
[INFO] ------------< com.alibaba.nacos:nacos-plugin-default-impl >-------------
[INFO] Building nacos-plugin-default-impl 3.1.0-SNAPSHOT 3.1.0-SNAPSHOT [29/45]
[INFO] --------------------------------[ pom ]---------------------------------
[INFO] 
[INFO] --- maven-clean-plugin:2.5:clean (default-clean) @ nacos-plugin-default-impl ---
[INFO] Deleting /Users/xinluo/sources/nacos/plugin-default-impl/target
[INFO] 
[INFO] --- easyj-maven-plugin:1.1.5:clean-simplify-pom (clean-flattened-pom) @ nacos-plugin-default-impl ---
[INFO] Deleting /Users/xinluo/sources/nacos/plugin-default-impl/.flattened-pom.xml
[INFO] 
[INFO] --- maven-enforcer-plugin:3.5.0:enforce (enforce-ban-circular-dependencies) @ nacos-plugin-default-impl ---
[INFO] Rule 0: org.codehaus.mojo.extraenforcer.dependencies.BanCircularDependencies passed
[INFO] 
[INFO] --- maven-checkstyle-plugin:3.1.2:check (validate) @ nacos-plugin-default-impl ---
[WARNING] Old version of checkstyle detected. Consider updating to >= v8.30
[WARNING] For more information see: https://maven.apache.org/plugins/maven-checkstyle-plugin/examples/upgrading-checkstyle.html
[INFO] 开始检查……
检查完成。
[INFO] You have 0 Checkstyle violations.
[INFO] 
[INFO] --- jacoco-maven-plugin:0.8.13:prepare-agent (default-prepare-agent) @ nacos-plugin-default-impl ---
[INFO] argLine set to -javaagent:/var/root/.m2/repository/org/jacoco/org.jacoco.agent/0.8.13/org.jacoco.agent-0.8.13-runtime.jar=destfile=/Users/xinluo/sources/nacos/plugin-default-impl/target/coverage-reports/jacoco-unit.exec,append=true,excludes=**/grpc/auto/**:**/packagescan/classreading/**:**/packagescan/resource/**:**/packagescan/util/**,output=file
[INFO] 
[INFO] --- build-helper-maven-plugin:3.2.0:add-source (add-source) @ nacos-plugin-default-impl ---
[INFO] Source directory: /Users/xinluo/sources/nacos/plugin-default-impl/target/generated-sources/protobuf/java added.
[INFO] 
[INFO] --- jacoco-maven-plugin:0.8.13:report (default-report) @ nacos-plugin-default-impl ---
[INFO] Skipping JaCoCo execution due to missing execution data file.
[INFO] 
[INFO] --- easyj-maven-plugin:1.1.5:simplify-pom (flatten-pom) @ nacos-plugin-default-impl ---
[INFO] Create PomSimplifier by mode: auto
[INFO] The simplify mode is: POM
[INFO] Do simplify by the POM simplifier: PomSimplifier
[INFO] 
[INFO] ==================================  start simplify  ==================================
[INFO] Remove Parent RelativePath.
[INFO] Set Name from 'nacos-plugin-default-impl ${project.version}' to 'nacos-plugin-default-impl 3.1.0-SNAPSHOT'.
[WARNING] The '<description>' is required when uploading OSSRH. Please set a value immediately.
[INFO] Remove Modules.
[INFO] Set parent version from '${revision}' to '3.1.0-SNAPSHOT'.
[INFO] ==================================   end  simplify  ==================================
[INFO] 
[INFO] Create the POM file '.flattened-pom.xml'.
[INFO] Set the POM file '.flattened-pom.xml' to the project object.
[INFO] 
[INFO] --- maven-javadoc-plugin:2.10.4:jar (attach-javadocs) @ nacos-plugin-default-impl ---
[INFO] Skipping javadoc generation
[INFO] 
[INFO] >>> maven-source-plugin:3.0.1:jar (attach-sources) > generate-sources @ nacos-plugin-default-impl >>>
[INFO] 
[INFO] --- maven-enforcer-plugin:3.5.0:enforce (enforce-ban-circular-dependencies) @ nacos-plugin-default-impl ---
[INFO] Rule 0: org.codehaus.mojo.extraenforcer.dependencies.BanCircularDependencies passed
[INFO] 
[INFO] --- maven-checkstyle-plugin:3.1.2:check (validate) @ nacos-plugin-default-impl ---
[WARNING] Old version of checkstyle detected. Consider updating to >= v8.30
[WARNING] For more information see: https://maven.apache.org/plugins/maven-checkstyle-plugin/examples/upgrading-checkstyle.html
[INFO] 开始检查……
检查完成。
[INFO] You have 0 Checkstyle violations.
[INFO] 
[INFO] --- jacoco-maven-plugin:0.8.13:prepare-agent (default-prepare-agent) @ nacos-plugin-default-impl ---
[INFO] argLine set to -javaagent:/var/root/.m2/repository/org/jacoco/org.jacoco.agent/0.8.13/org.jacoco.agent-0.8.13-runtime.jar=destfile=/Users/xinluo/sources/nacos/plugin-default-impl/target/coverage-reports/jacoco-unit.exec,append=true,excludes=**/grpc/auto/**:**/packagescan/classreading/**:**/packagescan/resource/**:**/packagescan/util/**,output=file
[INFO] 
[INFO] --- build-helper-maven-plugin:3.2.0:add-source (add-source) @ nacos-plugin-default-impl ---
[INFO] Source directory: /Users/xinluo/sources/nacos/plugin-default-impl/target/generated-sources/protobuf/java added.
[INFO] 
[INFO] <<< maven-source-plugin:3.0.1:jar (attach-sources) < generate-sources @ nacos-plugin-default-impl <<<
[INFO] 
[INFO] 
[INFO] --- maven-source-plugin:3.0.1:jar (attach-sources) @ nacos-plugin-default-impl ---
[INFO] 
[INFO] >>> maven-pmd-plugin:3.16.0:check (default) > :pmd @ nacos-plugin-default-impl >>>
[INFO] 
[INFO] --- maven-pmd-plugin:3.16.0:pmd (pmd) @ nacos-plugin-default-impl ---
[INFO] 
[INFO] <<< maven-pmd-plugin:3.16.0:check (default) < :pmd @ nacos-plugin-default-impl <<<
[INFO] 
[INFO] 
[INFO] --- maven-pmd-plugin:3.16.0:check (default) @ nacos-plugin-default-impl ---
[INFO] 
[INFO] --- apache-rat-plugin:0.12:check (default) @ nacos-plugin-default-impl ---
[INFO] Enabled default license matchers.
[INFO] Will parse SCM ignores for exclusions...
[INFO] Finished adding exclusions from SCM ignore files.
[INFO] 64 implicit excludes (use -debug for more details).
[INFO] Exclude: .editorconfig
[INFO] Exclude: .travis.yml
[INFO] Exclude: codecov.yml
[INFO] Exclude: CONTRIBUTING.md
[INFO] Exclude: CODE_OF_CONDUCT.md
[INFO] Exclude: CHANGELOG.md
[INFO] Exclude: style/codeStyle.md
[INFO] Exclude: REPORTING-BUGS.md
[INFO] Exclude: README.md
[INFO] Exclude: .github/**/*
[INFO] Exclude: doc/*
[INFO] Exclude: derby.log
[INFO] Exclude: logs/*
[INFO] Exclude: src/main/resources/static/**
[INFO] Exclude: **/istio/model/**
[INFO] Exclude: **/consistency/entity/**
[INFO] Exclude: **/*.txt
[INFO] Exclude: **/*.factories
[INFO] Exclude: /console-ui/**
[INFO] Exclude: **/gogo.proto
[INFO] Exclude: **/any.proto
[INFO] Exclude: src/main/java/com/alibaba/nacos/common/packagescan/classreading/**
[INFO] Exclude: .flattened-pom.xml
[INFO] Exclude: **/announcement*.conf
[INFO] Exclude: **/console-guide.conf
[INFO] Exclude: **/reflect-config.json
[INFO] Exclude: **/resource-config.json
[INFO] Exclude: **/proxy-config.json
[INFO] Exclude: **/jni-config.json
[INFO] Exclude: **/predefined-classes-config.json
[INFO] Exclude: **/serialization-config.json
[INFO] Exclude: **/filter-config.json
[INFO] Exclude: **/disk_cache_test/**
[INFO] Exclude: **/failover_test/**
[INFO] Exclude: lefthook.yml
[INFO] Exclude: .vscode/**
[INFO] 1 resources included (use -debug for more details)
[INFO] Rat check: Summary over all files. Unapproved: 0, unknown: 0, generated: 0, approved: 1 licenses.
[INFO] 
[INFO] --- maven-install-plugin:2.4:install (default-install) @ nacos-plugin-default-impl ---
[INFO] Installing /Users/xinluo/sources/nacos/plugin-default-impl/.flattened-pom.xml to /var/root/.m2/repository/com/alibaba/nacos/nacos-plugin-default-impl/3.1.0-SNAPSHOT/nacos-plugin-default-impl-3.1.0-SNAPSHOT.pom
[INFO] 
[INFO] ---------------< com.alibaba.nacos:default-auth-plugin >----------------
[INFO] Building nacos-default-auth-plugin 3.1.0-SNAPSHOT 3.1.0-SNAPSHOT [30/45]
[INFO] --------------------------------[ jar ]---------------------------------
[INFO] 
[INFO] --- maven-clean-plugin:2.5:clean (default-clean) @ default-auth-plugin ---
[INFO] Deleting /Users/xinluo/sources/nacos/plugin-default-impl/nacos-default-auth-plugin/target
[INFO] 
[INFO] --- easyj-maven-plugin:1.1.5:clean-simplify-pom (clean-flattened-pom) @ default-auth-plugin ---
[INFO] Deleting /Users/xinluo/sources/nacos/plugin-default-impl/nacos-default-auth-plugin/.flattened-pom.xml
[INFO] 
[INFO] --- maven-enforcer-plugin:3.5.0:enforce (enforce-ban-circular-dependencies) @ default-auth-plugin ---
[INFO] Rule 0: org.codehaus.mojo.extraenforcer.dependencies.BanCircularDependencies passed
[INFO] 
[INFO] --- maven-checkstyle-plugin:3.1.2:check (validate) @ default-auth-plugin ---
[WARNING] Old version of checkstyle detected. Consider updating to >= v8.30
[WARNING] For more information see: https://maven.apache.org/plugins/maven-checkstyle-plugin/examples/upgrading-checkstyle.html
[INFO] 开始检查……
检查完成。
[INFO] You have 0 Checkstyle violations.
[INFO] 
[INFO] --- jacoco-maven-plugin:0.8.13:prepare-agent (default-prepare-agent) @ default-auth-plugin ---
[INFO] argLine set to -javaagent:/var/root/.m2/repository/org/jacoco/org.jacoco.agent/0.8.13/org.jacoco.agent-0.8.13-runtime.jar=destfile=/Users/xinluo/sources/nacos/plugin-default-impl/nacos-default-auth-plugin/target/coverage-reports/jacoco-unit.exec,append=true,excludes=**/grpc/auto/**:**/packagescan/classreading/**:**/packagescan/resource/**:**/packagescan/util/**,output=file
[INFO] 
[INFO] --- build-helper-maven-plugin:3.2.0:add-source (add-source) @ default-auth-plugin ---
[INFO] Source directory: /Users/xinluo/sources/nacos/plugin-default-impl/nacos-default-auth-plugin/target/generated-sources/protobuf/java added.
[INFO] 
[INFO] --- maven-resources-plugin:3.0.2:resources (default-resources) @ default-auth-plugin ---
[INFO] Using 'UTF-8' encoding to copy filtered resources.
[INFO] Copying 2 resources
[INFO] 
[INFO] --- maven-compiler-plugin:3.5.1:compile (default-compile) @ default-auth-plugin ---
[INFO] Changes detected - recompiling the module!
[INFO] Compiling 81 source files to /Users/xinluo/sources/nacos/plugin-default-impl/nacos-default-auth-plugin/target/classes
[WARNING] 未与 -source 17 一起设置系统模块路径
[WARNING] /Users/xinluo/sources/nacos/plugin-default-impl/nacos-default-auth-plugin/src/main/java/com/alibaba/nacos/plugin/auth/impl/configuration/web/NacosAuthPluginWebConfig.java:[43,49] com.alibaba.nacos.plugin.auth.impl.configuration.web中的com.alibaba.nacos.plugin.auth.impl.configuration.web.NacosAuthPluginOldControllerConfig已过时
[WARNING] /Users/xinluo/sources/nacos/plugin-default-impl/nacos-default-auth-plugin/src/main/java/com/alibaba/nacos/plugin/auth/impl/persistence/extrnal/AuthExternalPaginationHelperImpl.java:[74,43] org.springframework.jdbc.core.JdbcTemplate中的<T>queryForObject(java.lang.String,java.lang.Object[],java.lang.Class<T>)已过时
[WARNING] /Users/xinluo/sources/nacos/plugin-default-impl/nacos-default-auth-plugin/src/main/java/com/alibaba/nacos/plugin/auth/impl/persistence/extrnal/AuthExternalPaginationHelperImpl.java:[101,38] org.springframework.jdbc.core.JdbcTemplate中的<T>query(java.lang.String,java.lang.Object[],org.springframework.jdbc.core.RowMapper<T>)已过时
[WARNING] /Users/xinluo/sources/nacos/plugin-default-impl/nacos-default-auth-plugin/src/main/java/com/alibaba/nacos/plugin/auth/impl/persistence/extrnal/AuthExternalPaginationHelperImpl.java:[142,38] org.springframework.jdbc.core.JdbcTemplate中的<T>query(java.lang.String,java.lang.Object[],org.springframework.jdbc.core.RowMapper<T>)已过时
[WARNING] /Users/xinluo/sources/nacos/plugin-default-impl/nacos-default-auth-plugin/src/main/java/com/alibaba/nacos/plugin/auth/impl/persistence/extrnal/AuthExternalPaginationHelperImpl.java:[163,43] org.springframework.jdbc.core.JdbcTemplate中的<T>queryForObject(java.lang.String,java.lang.Object[],java.lang.Class<T>)已过时
[WARNING] /Users/xinluo/sources/nacos/plugin-default-impl/nacos-default-auth-plugin/src/main/java/com/alibaba/nacos/plugin/auth/impl/persistence/extrnal/AuthExternalPaginationHelperImpl.java:[189,38] org.springframework.jdbc.core.JdbcTemplate中的<T>query(java.lang.String,java.lang.Object[],org.springframework.jdbc.core.RowMapper<T>)已过时
[WARNING] /Users/xinluo/sources/nacos/plugin-default-impl/nacos-default-auth-plugin/src/main/java/com/alibaba/nacos/plugin/auth/impl/persistence/extrnal/AuthExternalPaginationHelperImpl.java:[211,38] org.springframework.jdbc.core.JdbcTemplate中的<T>query(java.lang.String,java.lang.Object[],org.springframework.jdbc.core.RowMapper<T>)已过时
[WARNING] /Users/xinluo/sources/nacos/plugin-default-impl/nacos-default-auth-plugin/src/main/java/com/alibaba/nacos/plugin/auth/impl/persistence/ExternalRolePersistServiceImpl.java:[170,37] org.springframework.jdbc.core.JdbcTemplate中的<T>queryForList(java.lang.String,java.lang.Object[],java.lang.Class<T>)已过时
[WARNING] /Users/xinluo/sources/nacos/plugin-default-impl/nacos-default-auth-plugin/src/main/java/com/alibaba/nacos/plugin/auth/impl/ldap/LdapAuthPluginConfig.java:[84,12] com.alibaba.nacos.plugin.auth.impl.ldap中的com.alibaba.nacos.plugin.auth.impl.ldap.LdapAuthenticationProvider已过时
[WARNING] /Users/xinluo/sources/nacos/plugin-default-impl/nacos-default-auth-plugin/src/main/java/com/alibaba/nacos/plugin/auth/impl/ldap/LdapAuthPluginConfig.java:[86,20] com.alibaba.nacos.plugin.auth.impl.ldap中的com.alibaba.nacos.plugin.auth.impl.ldap.LdapAuthenticationProvider已过时
[WARNING] /Users/xinluo/sources/nacos/plugin-default-impl/nacos-default-auth-plugin/src/main/java/com/alibaba/nacos/plugin/auth/impl/ldap/LdapAuthPluginConfig.java:[99,13] com.alibaba.nacos.plugin.auth.impl.ldap中的com.alibaba.nacos.plugin.auth.impl.ldap.LdapAuthenticationProvider已过时
[WARNING] /Users/xinluo/sources/nacos/plugin-default-impl/nacos-default-auth-plugin/src/main/java/com/alibaba/nacos/plugin/auth/impl/persistence/ExternalUserPersistServiceImpl.java:[118,27] org.springframework.jdbc.core.JdbcTemplate中的<T>queryForObject(java.lang.String,java.lang.Object[],org.springframework.jdbc.core.RowMapper<T>)已过时
[WARNING] /Users/xinluo/sources/nacos/plugin-default-impl/nacos-default-auth-plugin/src/main/java/com/alibaba/nacos/plugin/auth/impl/persistence/ExternalUserPersistServiceImpl.java:[164,37] org.springframework.jdbc.core.JdbcTemplate中的<T>queryForList(java.lang.String,java.lang.Object[],java.lang.Class<T>)已过时
[WARNING] /Users/xinluo/sources/nacos/plugin-default-impl/nacos-default-auth-plugin/src/main/java/com/alibaba/nacos/plugin/auth/impl/token/impl/CachedJwtTokenManager.java:[95,56] com.alibaba.nacos.plugin.auth.impl.token.impl.JwtTokenManager中的getAuthentication(java.lang.String)已过时
[WARNING] /Users/xinluo/sources/nacos/plugin-default-impl/nacos-default-auth-plugin/src/main/java/com/alibaba/nacos/plugin/auth/impl/token/impl/CachedJwtTokenManager.java:[111,35] com.alibaba.nacos.plugin.auth.impl.token.impl.JwtTokenManager中的getAuthentication(java.lang.String)已过时
[WARNING] /Users/xinluo/sources/nacos/plugin-default-impl/nacos-default-auth-plugin/src/main/java/com/alibaba/nacos/plugin/auth/impl/token/impl/CachedJwtTokenManager.java:[127,60] com.alibaba.nacos.plugin.auth.impl.token.impl.JwtTokenManager中的getAuthentication(java.lang.String)已过时
[WARNING] /Users/xinluo/sources/nacos/plugin-default-impl/nacos-default-auth-plugin/src/main/java/com/alibaba/nacos/plugin/auth/impl/token/impl/CachedJwtTokenManager.java:[144,60] com.alibaba.nacos.plugin.auth.impl.token.impl.JwtTokenManager中的getAuthentication(java.lang.String)已过时
[INFO] /Users/xinluo/sources/nacos/plugin-default-impl/nacos-default-auth-plugin/src/main/java/com/alibaba/nacos/plugin/auth/impl/persistence/extrnal/AuthExternalPaginationHelperImpl.java: 某些输入文件使用了未经检查或不安全的操作。
[INFO] /Users/xinluo/sources/nacos/plugin-default-impl/nacos-default-auth-plugin/src/main/java/com/alibaba/nacos/plugin/auth/impl/persistence/extrnal/AuthExternalPaginationHelperImpl.java: 有关详细信息, 请使用 -Xlint:unchecked 重新编译。
[INFO] 
[INFO] --- maven-resources-plugin:3.0.2:testResources (default-testResources) @ default-auth-plugin ---
[INFO] Using 'UTF-8' encoding to copy filtered resources.
[INFO] skip non existing resourceDirectory /Users/xinluo/sources/nacos/plugin-default-impl/nacos-default-auth-plugin/src/test/resources
[INFO] 
[INFO] --- maven-compiler-plugin:3.5.1:testCompile (default-testCompile) @ default-auth-plugin ---
[INFO] Changes detected - recompiling the module!
[INFO] Compiling 27 source files to /Users/xinluo/sources/nacos/plugin-default-impl/nacos-default-auth-plugin/target/test-classes
[WARNING] 未与 -source 17 一起设置系统模块路径
[WARNING] /Users/xinluo/sources/nacos/plugin-default-impl/nacos-default-auth-plugin/src/test/java/com/alibaba/nacos/plugin/auth/impl/persistence/ExternalPermissionPersistServiceImplTest.java:[61,26] org.springframework.jdbc.core.JdbcTemplate中的<T>queryForObject(java.lang.String,java.lang.Object[],java.lang.Class<T>)已过时
[WARNING] /Users/xinluo/sources/nacos/plugin-default-impl/nacos-default-auth-plugin/src/test/java/com/alibaba/nacos/plugin/auth/impl/persistence/ExternalUserPersistServiceImplTest.java:[64,26] org.springframework.jdbc.core.JdbcTemplate中的<T>queryForObject(java.lang.String,java.lang.Object[],java.lang.Class<T>)已过时
[WARNING] /Users/xinluo/sources/nacos/plugin-default-impl/nacos-default-auth-plugin/src/test/java/com/alibaba/nacos/plugin/auth/impl/ldap/LdapAuthenticationProviderTest.java:[78,13] com.alibaba.nacos.plugin.auth.impl.ldap中的com.alibaba.nacos.plugin.auth.impl.ldap.LdapAuthenticationProvider已过时
[WARNING] /Users/xinluo/sources/nacos/plugin-default-impl/nacos-default-auth-plugin/src/test/java/com/alibaba/nacos/plugin/auth/impl/ldap/LdapAuthenticationProviderTest.java:[80,13] com.alibaba.nacos.plugin.auth.impl.ldap中的com.alibaba.nacos.plugin.auth.impl.ldap.LdapAuthenticationProvider已过时
[WARNING] /Users/xinluo/sources/nacos/plugin-default-impl/nacos-default-auth-plugin/src/test/java/com/alibaba/nacos/plugin/auth/impl/ldap/LdapAuthenticationProviderTest.java:[107,47] com.alibaba.nacos.plugin.auth.impl.ldap中的com.alibaba.nacos.plugin.auth.impl.ldap.LdapAuthenticationProvider已过时
[WARNING] /Users/xinluo/sources/nacos/plugin-default-impl/nacos-default-auth-plugin/src/test/java/com/alibaba/nacos/plugin/auth/impl/ldap/LdapAuthenticationProviderTest.java:[109,68] com.alibaba.nacos.plugin.auth.impl.ldap中的com.alibaba.nacos.plugin.auth.impl.ldap.LdapAuthenticationProvider已过时
[WARNING] /Users/xinluo/sources/nacos/plugin-default-impl/nacos-default-auth-plugin/src/test/java/com/alibaba/nacos/plugin/auth/impl/ldap/LdapAuthenticationProviderTest.java:[111,19] com.alibaba.nacos.plugin.auth.impl.ldap中的com.alibaba.nacos.plugin.auth.impl.ldap.LdapAuthenticationProvider已过时
[WARNING] /Users/xinluo/sources/nacos/plugin-default-impl/nacos-default-auth-plugin/src/test/java/com/alibaba/nacos/plugin/auth/impl/ldap/LdapAuthenticationProviderTest.java:[113,21] com.alibaba.nacos.plugin.auth.impl.ldap中的com.alibaba.nacos.plugin.auth.impl.ldap.LdapAuthenticationProvider已过时
[WARNING] /Users/xinluo/sources/nacos/plugin-default-impl/nacos-default-auth-plugin/src/test/java/com/alibaba/nacos/plugin/auth/impl/persistence/ExternalRolePersistServiceImplTest.java:[63,26] org.springframework.jdbc.core.JdbcTemplate中的<T>queryForObject(java.lang.String,java.lang.Object[],java.lang.Class<T>)已过时
[WARNING] /Users/xinluo/sources/nacos/plugin-default-impl/nacos-default-auth-plugin/src/test/java/com/alibaba/nacos/plugin/auth/impl/token/impl/JwtTokenManagerTest.java:[90,56] com.alibaba.nacos.plugin.auth.impl.token.impl.JwtTokenManager中的getAuthentication(java.lang.String)已过时
[WARNING] /Users/xinluo/sources/nacos/plugin-default-impl/nacos-default-auth-plugin/src/test/java/com/alibaba/nacos/plugin/auth/impl/token/impl/CachedJwtTokenManagerTest.java:[63,29] com.alibaba.nacos.plugin.auth.impl.token.impl.JwtTokenManager中的getAuthentication(java.lang.String)已过时
[WARNING] /Users/xinluo/sources/nacos/plugin-default-impl/nacos-default-auth-plugin/src/test/java/com/alibaba/nacos/plugin/auth/impl/roles/NacosRoleServiceDirectImplTest.java:[184,57] 最后一个参数使用了不准确的变量类型的 varargs 方法的非 varargs 调用; 
  对于 varargs 调用, 应使用 java.lang.Object
  对于非 varargs 调用, 应使用 java.lang.Object[], 这样也可以抑制此警告
[INFO] /Users/xinluo/sources/nacos/plugin-default-impl/nacos-default-auth-plugin/src/test/java/com/alibaba/nacos/plugin/auth/impl/controller/RoleControllerTest.java: 某些输入文件使用了未经检查或不安全的操作。
[INFO] /Users/xinluo/sources/nacos/plugin-default-impl/nacos-default-auth-plugin/src/test/java/com/alibaba/nacos/plugin/auth/impl/controller/RoleControllerTest.java: 有关详细信息, 请使用 -Xlint:unchecked 重新编译。
[INFO] 
[INFO] --- maven-surefire-plugin:3.2.5:test (default-test) @ default-auth-plugin ---
[INFO] Surefire report directory: /Users/xinluo/sources/nacos/plugin-default-impl/nacos-default-auth-plugin/target/surefire-reports
[INFO] Using auto detected provider org.apache.maven.surefire.junitplatform.JUnitPlatformProvider
[INFO] 
[INFO] -------------------------------------------------------
[INFO]  T E S T S
[INFO] -------------------------------------------------------
[INFO] Running com.alibaba.nacos.plugin.auth.impl.jwt.NacosJwtParserTest
17:56:13.726 [main] WARN com.alibaba.nacos.plugin.auth.impl.jwt.NacosJwtParser -- The secret Key currently in use is not a standard Base64 encoding and will no longer be supported in future versions;
[INFO] Tests run: 6, Failures: 0, Errors: 0, Skipped: 0, Time elapsed: 0.922 s -- in com.alibaba.nacos.plugin.auth.impl.jwt.NacosJwtParserTest
[INFO] Running com.alibaba.nacos.plugin.auth.impl.token.impl.JwtTokenManagerTest
oldToken: eyJhbGciOiJIUzUxMiJ9.eyJzdWIiOiJuYWNvcyIsImV4cCI6MTc1Nzk0ODE3NH0.QtAsANC4tehkgMw5--WcY5nZ1tWzrRVyRkjVzbiEJ06dh7laMVdZ0wekDNJK7Hqk77QOSPYSVW8OUNokJfnFQA
newToken: eyJhbGciOiJIUzUxMiJ9.eyJzdWIiOiJuYWNvcyIsImV4cCI6MTc1ODc5NDE3NH0.awJQ7GxNFxhcqypDB7PFWgf8PwyeX5fKaBj_cBP9XdWn0Qch81ccK-3EUs35pyRExMl-ixXSGgrS5hrZBvgiHg
[INFO] Tests run: 10, Failures: 0, Errors: 0, Skipped: 0, Time elapsed: 0.443 s -- in com.alibaba.nacos.plugin.auth.impl.token.impl.JwtTokenManagerTest
[INFO] Running com.alibaba.nacos.plugin.auth.impl.token.impl.CachedJwtTokenManagerTest
[INFO] Tests run: 7, Failures: 0, Errors: 0, Skipped: 0, Time elapsed: 0.185 s -- in com.alibaba.nacos.plugin.auth.impl.token.impl.CachedJwtTokenManagerTest
[INFO] Running com.alibaba.nacos.plugin.auth.impl.token.TokenManagerDelegateTest
[INFO] Tests run: 7, Failures: 0, Errors: 0, Skipped: 0, Time elapsed: 0.042 s -- in com.alibaba.nacos.plugin.auth.impl.token.TokenManagerDelegateTest
[INFO] Running com.alibaba.nacos.plugin.auth.impl.configuration.AuthConfigsTest
[INFO] Tests run: 1, Failures: 0, Errors: 0, Skipped: 0, Time elapsed: 0.089 s -- in com.alibaba.nacos.plugin.auth.impl.configuration.AuthConfigsTest
[INFO] Running com.alibaba.nacos.plugin.auth.impl.configuration.ConditionOnLdapAuthTest
[INFO] Tests run: 1, Failures: 0, Errors: 0, Skipped: 0, Time elapsed: 0.111 s -- in com.alibaba.nacos.plugin.auth.impl.configuration.ConditionOnLdapAuthTest
[INFO] Running com.alibaba.nacos.plugin.auth.impl.authenticate.LdapAuthenticationManagerTest
[INFO] Tests run: 1, Failures: 0, Errors: 0, Skipped: 0, Time elapsed: 0.456 s -- in com.alibaba.nacos.plugin.auth.impl.authenticate.LdapAuthenticationManagerTest
[INFO] Running com.alibaba.nacos.plugin.auth.impl.authenticate.AbstractAuthenticationManagerTest
[INFO] Tests run: 14, Failures: 0, Errors: 0, Skipped: 0, Time elapsed: 1.204 s -- in com.alibaba.nacos.plugin.auth.impl.authenticate.AbstractAuthenticationManagerTest
[INFO] Running com.alibaba.nacos.plugin.auth.impl.ldap.LdapAuthenticationProviderTest
[INFO] Tests run: 4, Failures: 0, Errors: 0, Skipped: 0, Time elapsed: 0.028 s -- in com.alibaba.nacos.plugin.auth.impl.ldap.LdapAuthenticationProviderTest
[INFO] Running com.alibaba.nacos.plugin.auth.impl.roles.NacosRoleServiceDirectImplTest
17:56:16.430 [main] WARN com.alibaba.nacos.core.auth -- [LOAD-ROLES] load failed
java.lang.NullPointerException: Cannot invoke "java.util.List.iterator()" because "roleInfoPage" is null
	at com.alibaba.nacos.plugin.auth.impl.roles.AbstractCachedRoleService.reload(AbstractCachedRoleService.java:66)
	at java.base/jdk.internal.reflect.DirectMethodHandleAccessor.invoke(DirectMethodHandleAccessor.java:103)
	at java.base/java.lang.reflect.Method.invoke(Method.java:580)
	at com.alibaba.nacos.plugin.auth.impl.roles.NacosRoleServiceDirectImplTest.reload(NacosRoleServiceDirectImplTest.java:84)
	at java.base/jdk.internal.reflect.DirectMethodHandleAccessor.invoke(DirectMethodHandleAccessor.java:103)
	at java.base/java.lang.reflect.Method.invoke(Method.java:580)
	at org.junit.platform.commons.util.ReflectionUtils.invokeMethod(ReflectionUtils.java:728)
	at org.junit.jupiter.engine.execution.MethodInvocation.proceed(MethodInvocation.java:60)
	at org.junit.jupiter.engine.execution.InvocationInterceptorChain$ValidatingInvocation.proceed(InvocationInterceptorChain.java:131)
	at org.junit.jupiter.engine.extension.TimeoutExtension.intercept(TimeoutExtension.java:156)
	at org.junit.jupiter.engine.extension.TimeoutExtension.interceptTestableMethod(TimeoutExtension.java:147)
	at org.junit.jupiter.engine.extension.TimeoutExtension.interceptTestMethod(TimeoutExtension.java:86)
	at org.junit.jupiter.engine.execution.InterceptingExecutableInvoker$ReflectiveInterceptorCall.lambda$ofVoidMethod$0(InterceptingExecutableInvoker.java:103)
	at org.junit.jupiter.engine.execution.InterceptingExecutableInvoker.lambda$invoke$0(InterceptingExecutableInvoker.java:93)
	at org.junit.jupiter.engine.execution.InvocationInterceptorChain$InterceptedInvocation.proceed(InvocationInterceptorChain.java:106)
	at org.junit.jupiter.engine.execution.InvocationInterceptorChain.proceed(InvocationInterceptorChain.java:64)
	at org.junit.jupiter.engine.execution.InvocationInterceptorChain.chainAndInvoke(InvocationInterceptorChain.java:45)
	at org.junit.jupiter.engine.execution.InvocationInterceptorChain.invoke(InvocationInterceptorChain.java:37)
	at org.junit.jupiter.engine.execution.InterceptingExecutableInvoker.invoke(InterceptingExecutableInvoker.java:92)
	at org.junit.jupiter.engine.execution.InterceptingExecutableInvoker.invoke(InterceptingExecutableInvoker.java:86)
	at org.junit.jupiter.engine.descriptor.TestMethodTestDescriptor.lambda$invokeTestMethod$7(TestMethodTestDescriptor.java:218)
	at org.junit.platform.engine.support.hierarchical.ThrowableCollector.execute(ThrowableCollector.java:73)
	at org.junit.jupiter.engine.descriptor.TestMethodTestDescriptor.invokeTestMethod(TestMethodTestDescriptor.java:214)
	at org.junit.jupiter.engine.descriptor.TestMethodTestDescriptor.execute(TestMethodTestDescriptor.java:139)
	at org.junit.jupiter.engine.descriptor.TestMethodTestDescriptor.execute(TestMethodTestDescriptor.java:69)
	at org.junit.platform.engine.support.hierarchical.NodeTestTask.lambda$executeRecursively$6(NodeTestTask.java:151)
	at org.junit.platform.engine.support.hierarchical.ThrowableCollector.execute(ThrowableCollector.java:73)
	at org.junit.platform.engine.support.hierarchical.NodeTestTask.lambda$executeRecursively$8(NodeTestTask.java:141)
	at org.junit.platform.engine.support.hierarchical.Node.around(Node.java:137)
	at org.junit.platform.engine.support.hierarchical.NodeTestTask.lambda$executeRecursively$9(NodeTestTask.java:139)
	at org.junit.platform.engine.support.hierarchical.ThrowableCollector.execute(ThrowableCollector.java:73)
	at org.junit.platform.engine.support.hierarchical.NodeTestTask.executeRecursively(NodeTestTask.java:138)
	at org.junit.platform.engine.support.hierarchical.NodeTestTask.execute(NodeTestTask.java:95)
	at java.base/java.util.ArrayList.forEach(ArrayList.java:1596)
	at org.junit.platform.engine.support.hierarchical.SameThreadHierarchicalTestExecutorService.invokeAll(SameThreadHierarchicalTestExecutorService.java:41)
	at org.junit.platform.engine.support.hierarchical.NodeTestTask.lambda$executeRecursively$6(NodeTestTask.java:155)
	at org.junit.platform.engine.support.hierarchical.ThrowableCollector.execute(ThrowableCollector.java:73)
	at org.junit.platform.engine.support.hierarchical.NodeTestTask.lambda$executeRecursively$8(NodeTestTask.java:141)
	at org.junit.platform.engine.support.hierarchical.Node.around(Node.java:137)
	at org.junit.platform.engine.support.hierarchical.NodeTestTask.lambda$executeRecursively$9(NodeTestTask.java:139)
	at org.junit.platform.engine.support.hierarchical.ThrowableCollector.execute(ThrowableCollector.java:73)
	at org.junit.platform.engine.support.hierarchical.NodeTestTask.executeRecursively(NodeTestTask.java:138)
	at org.junit.platform.engine.support.hierarchical.NodeTestTask.execute(NodeTestTask.java:95)
	at java.base/java.util.ArrayList.forEach(ArrayList.java:1596)
	at org.junit.platform.engine.support.hierarchical.SameThreadHierarchicalTestExecutorService.invokeAll(SameThreadHierarchicalTestExecutorService.java:41)
	at org.junit.platform.engine.support.hierarchical.NodeTestTask.lambda$executeRecursively$6(NodeTestTask.java:155)
	at org.junit.platform.engine.support.hierarchical.ThrowableCollector.execute(ThrowableCollector.java:73)
	at org.junit.platform.engine.support.hierarchical.NodeTestTask.lambda$executeRecursively$8(NodeTestTask.java:141)
	at org.junit.platform.engine.support.hierarchical.Node.around(Node.java:137)
	at org.junit.platform.engine.support.hierarchical.NodeTestTask.lambda$executeRecursively$9(NodeTestTask.java:139)
	at org.junit.platform.engine.support.hierarchical.ThrowableCollector.execute(ThrowableCollector.java:73)
	at org.junit.platform.engine.support.hierarchical.NodeTestTask.executeRecursively(NodeTestTask.java:138)
	at org.junit.platform.engine.support.hierarchical.NodeTestTask.execute(NodeTestTask.java:95)
	at org.junit.platform.engine.support.hierarchical.SameThreadHierarchicalTestExecutorService.submit(SameThreadHierarchicalTestExecutorService.java:35)
	at org.junit.platform.engine.support.hierarchical.HierarchicalTestExecutor.execute(HierarchicalTestExecutor.java:57)
	at org.junit.platform.engine.support.hierarchical.HierarchicalTestEngine.execute(HierarchicalTestEngine.java:54)
	at org.junit.platform.launcher.core.EngineExecutionOrchestrator.execute(EngineExecutionOrchestrator.java:198)
	at org.junit.platform.launcher.core.EngineExecutionOrchestrator.execute(EngineExecutionOrchestrator.java:169)
	at org.junit.platform.launcher.core.EngineExecutionOrchestrator.execute(EngineExecutionOrchestrator.java:93)
	at org.junit.platform.launcher.core.EngineExecutionOrchestrator.lambda$execute$0(EngineExecutionOrchestrator.java:58)
	at org.junit.platform.launcher.core.EngineExecutionOrchestrator.withInterceptedStreams(EngineExecutionOrchestrator.java:141)
	at org.junit.platform.launcher.core.EngineExecutionOrchestrator.execute(EngineExecutionOrchestrator.java:57)
	at org.junit.platform.launcher.core.DefaultLauncher.execute(DefaultLauncher.java:103)
	at org.junit.platform.launcher.core.DefaultLauncher.execute(DefaultLauncher.java:85)
	at org.junit.platform.launcher.core.DelegatingLauncher.execute(DelegatingLauncher.java:47)
	at org.apache.maven.surefire.junitplatform.LazyLauncher.execute(LazyLauncher.java:56)
	at org.apache.maven.surefire.junitplatform.JUnitPlatformProvider.execute(JUnitPlatformProvider.java:184)
	at org.apache.maven.surefire.junitplatform.JUnitPlatformProvider.invokeAllTests(JUnitPlatformProvider.java:148)
	at org.apache.maven.surefire.junitplatform.JUnitPlatformProvider.invoke(JUnitPlatformProvider.java:122)
	at org.apache.maven.surefire.booter.ForkedBooter.runSuitesInProcess(ForkedBooter.java:385)
	at org.apache.maven.surefire.booter.ForkedBooter.execute(ForkedBooter.java:162)
	at org.apache.maven.surefire.booter.ForkedBooter.run(ForkedBooter.java:507)
	at org.apache.maven.surefire.booter.ForkedBooter.main(ForkedBooter.java:495)
[INFO] Tests run: 14, Failures: 0, Errors: 0, Skipped: 0, Time elapsed: 0.107 s -- in com.alibaba.nacos.plugin.auth.impl.roles.NacosRoleServiceDirectImplTest
[INFO] Running com.alibaba.nacos.plugin.auth.impl.utils.PasswordEncoderUtilTest
[INFO] Tests run: 3, Failures: 0, Errors: 0, Skipped: 0, Time elapsed: 0.545 s -- in com.alibaba.nacos.plugin.auth.impl.utils.PasswordEncoderUtilTest
[INFO] Running com.alibaba.nacos.plugin.auth.impl.utils.PasswordGeneratorUtilTest
[INFO] Tests run: 1, Failures: 0, Errors: 0, Skipped: 0, Time elapsed: 0.003 s -- in com.alibaba.nacos.plugin.auth.impl.utils.PasswordGeneratorUtilTest
[INFO] Running com.alibaba.nacos.plugin.auth.impl.utils.Base64DecodeTest
[INFO] Tests run: 2, Failures: 0, Errors: 0, Skipped: 0, Time elapsed: 0.002 s -- in com.alibaba.nacos.plugin.auth.impl.utils.Base64DecodeTest
[INFO] Running com.alibaba.nacos.plugin.auth.impl.controller.UserControllerTest
[INFO] Tests run: 19, Failures: 0, Errors: 0, Skipped: 0, Time elapsed: 0.167 s -- in com.alibaba.nacos.plugin.auth.impl.controller.UserControllerTest
[INFO] Running com.alibaba.nacos.plugin.auth.impl.controller.RoleControllerTest
[INFO] Tests run: 6, Failures: 0, Errors: 0, Skipped: 0, Time elapsed: 0.009 s -- in com.alibaba.nacos.plugin.auth.impl.controller.RoleControllerTest
[INFO] Running com.alibaba.nacos.plugin.auth.impl.controller.PermissionControllerTest
[INFO] Tests run: 5, Failures: 0, Errors: 0, Skipped: 0, Time elapsed: 0.006 s -- in com.alibaba.nacos.plugin.auth.impl.controller.PermissionControllerTest
[INFO] Running com.alibaba.nacos.plugin.auth.impl.controller.v3.PermissionControllerV3Test
17:56:17.629 [main] INFO org.springframework.mock.web.MockServletContext -- Initializing Spring TestDispatcherServlet ''
17:56:17.629 [main] INFO org.springframework.test.web.servlet.TestDispatcherServlet -- Initializing Servlet ''
17:56:17.631 [main] INFO org.springframework.test.web.servlet.TestDispatcherServlet -- Completed initialization in 1 ms
17:56:17.636 [main] INFO org.springframework.mock.web.MockServletContext -- Initializing Spring TestDispatcherServlet ''
17:56:17.636 [main] INFO org.springframework.test.web.servlet.TestDispatcherServlet -- Initializing Servlet ''
17:56:17.636 [main] INFO org.springframework.test.web.servlet.TestDispatcherServlet -- Completed initialization in 0 ms
17:56:17.639 [main] INFO org.springframework.mock.web.MockServletContext -- Initializing Spring TestDispatcherServlet ''
17:56:17.640 [main] INFO org.springframework.test.web.servlet.TestDispatcherServlet -- Initializing Servlet ''
17:56:17.640 [main] INFO org.springframework.test.web.servlet.TestDispatcherServlet -- Completed initialization in 0 ms
17:56:17.643 [main] INFO org.springframework.mock.web.MockServletContext -- Initializing Spring TestDispatcherServlet ''
17:56:17.643 [main] INFO org.springframework.test.web.servlet.TestDispatcherServlet -- Initializing Servlet ''
17:56:17.643 [main] INFO org.springframework.test.web.servlet.TestDispatcherServlet -- Completed initialization in 0 ms
[INFO] Tests run: 4, Failures: 0, Errors: 0, Skipped: 0, Time elapsed: 0.457 s -- in com.alibaba.nacos.plugin.auth.impl.controller.v3.PermissionControllerV3Test
[INFO] Running com.alibaba.nacos.plugin.auth.impl.controller.v3.UserControllerV3Test
17:56:17.654 [main] INFO com.alibaba.nacos.core -- Get NacosServerAdminAuth config from env, NacosServerAdminAuthConfig{authEnabled=true, nacosAuthSystemType='nacos', serverIdentityKey='nacos', serverIdentityValue='nacos'}
17:56:17.657 [main] INFO com.alibaba.nacos.core -- Get NacosServerAuth config from env, NacosServerAuthConfig{authEnabled=false, nacosAuthSystemType='nacos', serverIdentityKey='nacos', serverIdentityValue='nacos', authPluginProperties={}}
[INFO] Tests run: 8, Failures: 0, Errors: 0, Skipped: 0, Time elapsed: 0.034 s -- in com.alibaba.nacos.plugin.auth.impl.controller.v3.UserControllerV3Test
[INFO] Running com.alibaba.nacos.plugin.auth.impl.controller.v3.RoleControllerV3Test
17:56:17.685 [main] INFO org.springframework.mock.web.MockServletContext -- Initializing Spring TestDispatcherServlet ''
17:56:17.686 [main] INFO org.springframework.test.web.servlet.TestDispatcherServlet -- Initializing Servlet ''
17:56:17.686 [main] INFO org.springframework.test.web.servlet.TestDispatcherServlet -- Completed initialization in 0 ms
17:56:17.689 [main] INFO org.springframework.mock.web.MockServletContext -- Initializing Spring TestDispatcherServlet ''
17:56:17.689 [main] INFO org.springframework.test.web.servlet.TestDispatcherServlet -- Initializing Servlet ''
17:56:17.689 [main] INFO org.springframework.test.web.servlet.TestDispatcherServlet -- Completed initialization in 0 ms
17:56:17.692 [main] INFO org.springframework.mock.web.MockServletContext -- Initializing Spring TestDispatcherServlet ''
17:56:17.692 [main] INFO org.springframework.test.web.servlet.TestDispatcherServlet -- Initializing Servlet ''
17:56:17.692 [main] INFO org.springframework.test.web.servlet.TestDispatcherServlet -- Completed initialization in 0 ms
17:56:17.695 [main] INFO org.springframework.mock.web.MockServletContext -- Initializing Spring TestDispatcherServlet ''
17:56:17.695 [main] INFO org.springframework.test.web.servlet.TestDispatcherServlet -- Initializing Servlet ''
17:56:17.695 [main] INFO org.springframework.test.web.servlet.TestDispatcherServlet -- Completed initialization in 0 ms
17:56:17.698 [main] INFO org.springframework.mock.web.MockServletContext -- Initializing Spring TestDispatcherServlet ''
17:56:17.698 [main] INFO org.springframework.test.web.servlet.TestDispatcherServlet -- Initializing Servlet ''
17:56:17.698 [main] INFO org.springframework.test.web.servlet.TestDispatcherServlet -- Completed initialization in 0 ms
17:56:17.701 [main] INFO org.springframework.mock.web.MockServletContext -- Initializing Spring TestDispatcherServlet ''
17:56:17.701 [main] INFO org.springframework.test.web.servlet.TestDispatcherServlet -- Initializing Servlet ''
17:56:17.701 [main] INFO org.springframework.test.web.servlet.TestDispatcherServlet -- Completed initialization in 0 ms
[INFO] Tests run: 6, Failures: 0, Errors: 0, Skipped: 0, Time elapsed: 0.020 s -- in com.alibaba.nacos.plugin.auth.impl.controller.v3.RoleControllerV3Test
[INFO] Running com.alibaba.nacos.plugin.auth.impl.users.NacosUserServiceDirectImplTest
[INFO] Tests run: 2, Failures: 0, Errors: 0, Skipped: 0, Time elapsed: 0.095 s -- in com.alibaba.nacos.plugin.auth.impl.users.NacosUserServiceDirectImplTest
[INFO] Running com.alibaba.nacos.plugin.auth.impl.persistence.EmbeddedRolePersistServiceImplTest
[INFO] Tests run: 5, Failures: 0, Errors: 0, Skipped: 0, Time elapsed: 0.149 s -- in com.alibaba.nacos.plugin.auth.impl.persistence.EmbeddedRolePersistServiceImplTest
[INFO] Running com.alibaba.nacos.plugin.auth.impl.persistence.ExternalRolePersistServiceImplTest
[INFO] Tests run: 5, Failures: 0, Errors: 0, Skipped: 0, Time elapsed: 0.135 s -- in com.alibaba.nacos.plugin.auth.impl.persistence.ExternalRolePersistServiceImplTest
[INFO] Running com.alibaba.nacos.plugin.auth.impl.persistence.ExternalPermissionPersistServiceImplTest
[INFO] Tests run: 3, Failures: 0, Errors: 0, Skipped: 0, Time elapsed: 0.006 s -- in com.alibaba.nacos.plugin.auth.impl.persistence.ExternalPermissionPersistServiceImplTest
[INFO] Running com.alibaba.nacos.plugin.auth.impl.persistence.EmbeddedUserPersistServiceImplTest
[INFO] Tests run: 6, Failures: 0, Errors: 0, Skipped: 0, Time elapsed: 0.012 s -- in com.alibaba.nacos.plugin.auth.impl.persistence.EmbeddedUserPersistServiceImplTest
[INFO] Running com.alibaba.nacos.plugin.auth.impl.persistence.ExternalUserPersistServiceImplTest
[INFO] Tests run: 6, Failures: 0, Errors: 0, Skipped: 0, Time elapsed: 0.009 s -- in com.alibaba.nacos.plugin.auth.impl.persistence.ExternalUserPersistServiceImplTest
[INFO] Running com.alibaba.nacos.plugin.auth.impl.persistence.EmbeddedPermissionPersistServiceImplTest
[INFO] Tests run: 3, Failures: 0, Errors: 0, Skipped: 0, Time elapsed: 0.002 s -- in com.alibaba.nacos.plugin.auth.impl.persistence.EmbeddedPermissionPersistServiceImplTest
[INFO] Running com.alibaba.nacos.plugin.auth.impl.SafeBcryptPasswordEncoderTest
[INFO] Tests run: 3, Failures: 0, Errors: 0, Skipped: 0, Time elapsed: 0.353 s -- in com.alibaba.nacos.plugin.auth.impl.SafeBcryptPasswordEncoderTest
[INFO] 
[INFO] Results:
[INFO] 
[INFO] Tests run: 152, Failures: 0, Errors: 0, Skipped: 0
[INFO] 
[INFO] 
[INFO] --- jacoco-maven-plugin:0.8.13:report (default-report) @ default-auth-plugin ---
[INFO] Loading execution data file /Users/xinluo/sources/nacos/plugin-default-impl/nacos-default-auth-plugin/target/coverage-reports/jacoco-unit.exec
[INFO] Analyzed bundle 'nacos-default-auth-plugin 3.1.0-SNAPSHOT' with 90 classes
[INFO] 
[INFO] --- easyj-maven-plugin:1.1.5:simplify-pom (flatten-pom) @ default-auth-plugin ---
[INFO] Create PomSimplifier by mode: auto
[INFO] The simplify mode is: JAR
[INFO] Do simplify by the POM simplifier: JarPomSimplifier
[INFO] 
[INFO] ==================================  start simplify  ==================================
[INFO] Remove Parent.
[INFO] Set GroupId from 'null' to 'com.alibaba.nacos'.
[INFO] Set Version from 'null' to '3.1.0-SNAPSHOT'.
[INFO] Set Name from 'nacos-default-auth-plugin ${project.version}' to 'nacos-default-auth-plugin 3.1.0-SNAPSHOT'.
[WARNING] The '<description>' is required when uploading OSSRH. Please set a value immediately.
[INFO] -------------------------------------------
[INFO] Copy project info from parent for the open source project:
[INFO]    Copy Url.
[INFO]    Copy Licenses.
[INFO]    Copy Developers.
[INFO]    Copy Scm.
[INFO]    Copy Organization.
[INFO]    Copy IssueManagement.
[INFO] -------------------------------------------
[INFO] -------------------------------------------
[INFO] Reset dependencies: groupId, version, exclusions (Contains 6 dependencies)
[INFO]   Reset dependency: [com.alibaba.nacos:nacos-auth-plugin:null] -> [com.alibaba.nacos:nacos-auth-plugin:3.1.0-SNAPSHOT]
[INFO]   Reset dependency: [com.alibaba.nacos:nacos-common:null] -> [com.alibaba.nacos:nacos-common:3.1.0-SNAPSHOT]
[INFO]   Remove dependency by scope=provided: [com.alibaba.nacos:nacos-sys:3.1.0-SNAPSHOT:provided]
[INFO]   Remove dependency by scope=provided: [com.alibaba.nacos:nacos-core:3.1.0-SNAPSHOT:provided]
[INFO]   Reset dependency: [org.springframework.ldap:spring-ldap-core:null] -> [org.springframework.ldap:spring-ldap-core:3.2.14]
[INFO]   Remove dependency by scope=test: [org.springframework:spring-test:6.2.10:test]
[INFO] Remaining 3 dependencies.
[INFO] -------------------------------------------
[INFO] -------------------------------------------
[INFO] Optimize Dependencies: (3)
[INFO]  - Optimize with 'replaceVariable'
[INFO] ==================================   end  simplify  ==================================
[INFO] 
[INFO] Create the POM file '.flattened-pom.xml'.
[INFO] Set the POM file '.flattened-pom.xml' to the project object.
[INFO] 
[INFO] --- maven-jar-plugin:3.2.2:jar (default-jar) @ default-auth-plugin ---
[INFO] Building jar: /Users/xinluo/sources/nacos/plugin-default-impl/nacos-default-auth-plugin/target/default-auth-plugin-3.1.0-SNAPSHOT.jar
[INFO] 
[INFO] --- maven-javadoc-plugin:2.10.4:jar (attach-javadocs) @ default-auth-plugin ---
[INFO] Skipping javadoc generation
[INFO] 
[INFO] >>> maven-source-plugin:3.0.1:jar (attach-sources) > generate-sources @ default-auth-plugin >>>
[INFO] 
[INFO] --- maven-enforcer-plugin:3.5.0:enforce (enforce-ban-circular-dependencies) @ default-auth-plugin ---
[INFO] Rule 0: org.codehaus.mojo.extraenforcer.dependencies.BanCircularDependencies passed
[INFO] 
[INFO] --- maven-checkstyle-plugin:3.1.2:check (validate) @ default-auth-plugin ---
[WARNING] Old version of checkstyle detected. Consider updating to >= v8.30
[WARNING] For more information see: https://maven.apache.org/plugins/maven-checkstyle-plugin/examples/upgrading-checkstyle.html
[INFO] 开始检查……
检查完成。
[INFO] You have 0 Checkstyle violations.
[INFO] 
[INFO] --- jacoco-maven-plugin:0.8.13:prepare-agent (default-prepare-agent) @ default-auth-plugin ---
[INFO] argLine set to -javaagent:/var/root/.m2/repository/org/jacoco/org.jacoco.agent/0.8.13/org.jacoco.agent-0.8.13-runtime.jar=destfile=/Users/xinluo/sources/nacos/plugin-default-impl/nacos-default-auth-plugin/target/coverage-reports/jacoco-unit.exec,append=true,excludes=**/grpc/auto/**:**/packagescan/classreading/**:**/packagescan/resource/**:**/packagescan/util/**,output=file
[INFO] 
[INFO] --- build-helper-maven-plugin:3.2.0:add-source (add-source) @ default-auth-plugin ---
[INFO] Source directory: /Users/xinluo/sources/nacos/plugin-default-impl/nacos-default-auth-plugin/target/generated-sources/protobuf/java added.
[INFO] 
[INFO] <<< maven-source-plugin:3.0.1:jar (attach-sources) < generate-sources @ default-auth-plugin <<<
[INFO] 
[INFO] 
[INFO] --- maven-source-plugin:3.0.1:jar (attach-sources) @ default-auth-plugin ---
[INFO] Building jar: /Users/xinluo/sources/nacos/plugin-default-impl/nacos-default-auth-plugin/target/default-auth-plugin-3.1.0-SNAPSHOT-sources.jar
[INFO] 
[INFO] >>> maven-pmd-plugin:3.16.0:check (default) > :pmd @ default-auth-plugin >>>
[INFO] 
[INFO] --- maven-pmd-plugin:3.16.0:pmd (pmd) @ default-auth-plugin ---
[WARNING] Unable to locate Source XRef to link to - DISABLED
[WARNING] Unable to locate Source XRef to link to - DISABLED
[INFO] PMD version: 6.42.0
[WARNING] Rule /Users/xinluo/sources/nacos/plugin-default-impl/nacos-default-auth-plugin/target/pmd/rulesets/ali-comment.xml/CommentsMustBeJavadocFormatRule does not mention attribute language='java', please mention it explicitly to be compatible with PMD 7
[WARNING] Rule /Users/xinluo/sources/nacos/plugin-default-impl/nacos-default-auth-plugin/target/pmd/rulesets/ali-comment.xml/CommentsMustBeJavadocFormatRule does not mention attribute language='java', please mention it explicitly to be compatible with PMD 7
[WARNING] Rule /Users/xinluo/sources/nacos/plugin-default-impl/nacos-default-auth-plugin/target/pmd/rulesets/ali-comment.xml/AbstractMethodOrInterfaceMethodMustUseJavadocRule does not mention attribute language='java', please mention it explicitly to be compatible with PMD 7
[WARNING] Rule /Users/xinluo/sources/nacos/plugin-default-impl/nacos-default-auth-plugin/target/pmd/rulesets/ali-comment.xml/AbstractMethodOrInterfaceMethodMustUseJavadocRule does not mention attribute language='java', please mention it explicitly to be compatible with PMD 7
[WARNING] Rule /Users/xinluo/sources/nacos/plugin-default-impl/nacos-default-auth-plugin/target/pmd/rulesets/ali-comment.xml/ClassMustHaveAuthorRule does not mention attribute language='java', please mention it explicitly to be compatible with PMD 7
[WARNING] Rule /Users/xinluo/sources/nacos/plugin-default-impl/nacos-default-auth-plugin/target/pmd/rulesets/ali-comment.xml/ClassMustHaveAuthorRule does not mention attribute language='java', please mention it explicitly to be compatible with PMD 7
[WARNING] Rule /Users/xinluo/sources/nacos/plugin-default-impl/nacos-default-auth-plugin/target/pmd/rulesets/ali-comment.xml/EnumConstantsMustHaveCommentRule does not mention attribute language='java', please mention it explicitly to be compatible with PMD 7
[WARNING] Rule /Users/xinluo/sources/nacos/plugin-default-impl/nacos-default-auth-plugin/target/pmd/rulesets/ali-comment.xml/EnumConstantsMustHaveCommentRule does not mention attribute language='java', please mention it explicitly to be compatible with PMD 7
[WARNING] Rule /Users/xinluo/sources/nacos/plugin-default-impl/nacos-default-auth-plugin/target/pmd/rulesets/ali-comment.xml/AvoidCommentBehindStatementRule does not mention attribute language='java', please mention it explicitly to be compatible with PMD 7
[WARNING] Rule /Users/xinluo/sources/nacos/plugin-default-impl/nacos-default-auth-plugin/target/pmd/rulesets/ali-comment.xml/AvoidCommentBehindStatementRule does not mention attribute language='java', please mention it explicitly to be compatible with PMD 7
[WARNING] Rule /Users/xinluo/sources/nacos/plugin-default-impl/nacos-default-auth-plugin/target/pmd/rulesets/ali-comment.xml/RemoveCommentedCodeRule does not mention attribute language='java', please mention it explicitly to be compatible with PMD 7
[WARNING] Rule /Users/xinluo/sources/nacos/plugin-default-impl/nacos-default-auth-plugin/target/pmd/rulesets/ali-comment.xml/RemoveCommentedCodeRule does not mention attribute language='java', please mention it explicitly to be compatible with PMD 7
[WARNING] Rule /Users/xinluo/sources/nacos/plugin-default-impl/nacos-default-auth-plugin/target/pmd/rulesets/ali-constant.xml/UpperEllRule does not mention attribute language='java', please mention it explicitly to be compatible with PMD 7
[WARNING] Rule /Users/xinluo/sources/nacos/plugin-default-impl/nacos-default-auth-plugin/target/pmd/rulesets/ali-constant.xml/UpperEllRule does not mention attribute language='java', please mention it explicitly to be compatible with PMD 7
[WARNING] Rule /Users/xinluo/sources/nacos/plugin-default-impl/nacos-default-auth-plugin/target/pmd/rulesets/ali-constant.xml/UndefineMagicConstantRule does not mention attribute language='java', please mention it explicitly to be compatible with PMD 7
[WARNING] Rule /Users/xinluo/sources/nacos/plugin-default-impl/nacos-default-auth-plugin/target/pmd/rulesets/ali-constant.xml/UndefineMagicConstantRule does not mention attribute language='java', please mention it explicitly to be compatible with PMD 7
[WARNING] Rule /Users/xinluo/sources/nacos/plugin-default-impl/nacos-default-auth-plugin/target/pmd/rulesets/ali-set.xml/ClassCastExceptionWithToArrayRule does not mention attribute language='java', please mention it explicitly to be compatible with PMD 7
[WARNING] Rule /Users/xinluo/sources/nacos/plugin-default-impl/nacos-default-auth-plugin/target/pmd/rulesets/ali-set.xml/ClassCastExceptionWithToArrayRule does not mention attribute language='java', please mention it explicitly to be compatible with PMD 7
[WARNING] Rule /Users/xinluo/sources/nacos/plugin-default-impl/nacos-default-auth-plugin/target/pmd/rulesets/ali-set.xml/UnsupportedExceptionWithModifyAsListRule does not mention attribute language='java', please mention it explicitly to be compatible with PMD 7
[WARNING] Rule /Users/xinluo/sources/nacos/plugin-default-impl/nacos-default-auth-plugin/target/pmd/rulesets/ali-set.xml/UnsupportedExceptionWithModifyAsListRule does not mention attribute language='java', please mention it explicitly to be compatible with PMD 7
[WARNING] Rule /Users/xinluo/sources/nacos/plugin-default-impl/nacos-default-auth-plugin/target/pmd/rulesets/ali-set.xml/ClassCastExceptionWithSubListToArrayListRule does not mention attribute language='java', please mention it explicitly to be compatible with PMD 7
[WARNING] Rule /Users/xinluo/sources/nacos/plugin-default-impl/nacos-default-auth-plugin/target/pmd/rulesets/ali-set.xml/ClassCastExceptionWithSubListToArrayListRule does not mention attribute language='java', please mention it explicitly to be compatible with PMD 7
[WARNING] Rule /Users/xinluo/sources/nacos/plugin-default-impl/nacos-default-auth-plugin/target/pmd/rulesets/ali-set.xml/ConcurrentExceptionWithModifyOriginSubListRule does not mention attribute language='java', please mention it explicitly to be compatible with PMD 7
[WARNING] Rule /Users/xinluo/sources/nacos/plugin-default-impl/nacos-default-auth-plugin/target/pmd/rulesets/ali-set.xml/ConcurrentExceptionWithModifyOriginSubListRule does not mention attribute language='java', please mention it explicitly to be compatible with PMD 7
[WARNING] Rule /Users/xinluo/sources/nacos/plugin-default-impl/nacos-default-auth-plugin/target/pmd/rulesets/ali-set.xml/DontModifyInForeachCircleRule does not mention attribute language='java', please mention it explicitly to be compatible with PMD 7
[WARNING] Rule /Users/xinluo/sources/nacos/plugin-default-impl/nacos-default-auth-plugin/target/pmd/rulesets/ali-set.xml/DontModifyInForeachCircleRule does not mention attribute language='java', please mention it explicitly to be compatible with PMD 7
[WARNING] Rule /Users/xinluo/sources/nacos/plugin-default-impl/nacos-default-auth-plugin/target/pmd/rulesets/ali-set.xml/CollectionInitShouldAssignCapacityRule does not mention attribute language='java', please mention it explicitly to be compatible with PMD 7
[WARNING] Rule /Users/xinluo/sources/nacos/plugin-default-impl/nacos-default-auth-plugin/target/pmd/rulesets/ali-set.xml/CollectionInitShouldAssignCapacityRule does not mention attribute language='java', please mention it explicitly to be compatible with PMD 7
[WARNING] Use of deprecated attribute 'ClassOrInterfaceDeclaration/@Image' by XPath rule 'BooleanPropertyShouldNotStartWithIsRule' (in ruleset 'AlibabaJavaNaming'), please use @SimpleName instead
[WARNING] Use of deprecated attribute 'ClassOrInterfaceDeclaration/@Image' by XPath rule 'BooleanPropertyShouldNotStartWithIsRule' (in ruleset 'AlibabaJavaNaming'), please use @SimpleName instead
[WARNING] Use of deprecated attribute 'FieldDeclaration/@Array' by XPath rule 'ArrayNamingShouldHaveBracketRule' (in ruleset 'AlibabaJavaNaming')
[WARNING] Use of deprecated attribute 'FieldDeclaration/@Array' by XPath rule 'ArrayNamingShouldHaveBracketRule' (in ruleset 'AlibabaJavaNaming')
[WARNING] Use of deprecated attribute 'ClassOrInterfaceDeclaration/@Image' by XPath rule 'ServiceOrDaoClassShouldEndWithImplRule' (in ruleset 'AlibabaJavaNaming'), please use @SimpleName instead
[WARNING] Use of deprecated attribute 'ClassOrInterfaceDeclaration/@Image' by XPath rule 'ServiceOrDaoClassShouldEndWithImplRule' (in ruleset 'AlibabaJavaNaming'), please use @SimpleName instead
[WARNING] Use of deprecated attribute 'LocalVariableDeclaration/@Array' by XPath rule 'ArrayNamingShouldHaveBracketRule' (in ruleset 'AlibabaJavaNaming')
[WARNING] Use of deprecated attribute 'LocalVariableDeclaration/@Array' by XPath rule 'ArrayNamingShouldHaveBracketRule' (in ruleset 'AlibabaJavaNaming')
[WARNING] Use of deprecated attribute 'ReferenceType/@Array' by XPath rule 'ArrayNamingShouldHaveBracketRule' (in ruleset 'AlibabaJavaNaming')
[WARNING] Use of deprecated attribute 'ReferenceType/@Array' by XPath rule 'ArrayNamingShouldHaveBracketRule' (in ruleset 'AlibabaJavaNaming')
[WARNING] Use of deprecated attribute 'AdditiveExpression/@Image' in a findChildNodesWithXPath navigation, please use @Operator instead
java.lang.RuntimeException: Use of deprecated attribute 'AdditiveExpression/@Image' in a findChildNodesWithXPath navigation, please use @Operator instead
    at net.sourceforge.pmd.lang.ast.xpath.internal.DeprecatedAttrLogger$AdhocLoggerImpl.recordUsageOf (DeprecatedAttrLogger.java:113)
    at net.sourceforge.pmd.lang.ast.xpath.internal.ContextualizedNavigator.getAttributeStringValue (ContextualizedNavigator.java:24)
    at org.jaxen.function.StringFunction.evaluate (StringFunction.java:278)
    at org.jaxen.expr.DefaultEqualityExpr.evaluateObjectObject (DefaultEqualityExpr.java:152)
    at org.jaxen.expr.DefaultEqualityExpr.evaluateSetSet (DefaultEqualityExpr.java:126)
    at org.jaxen.expr.DefaultEqualityExpr.evaluate (DefaultEqualityExpr.java:97)
    at org.jaxen.expr.DefaultAndExpr.evaluate (DefaultAndExpr.java:82)
    at org.jaxen.expr.DefaultPredicate.evaluate (DefaultPredicate.java:95)
    at org.jaxen.expr.PredicateSet.applyPredicate (PredicateSet.java:269)
    at org.jaxen.expr.PredicateSet.evaluatePredicates (PredicateSet.java:244)
    at org.jaxen.expr.DefaultNameStep.evaluate (DefaultNameStep.java:215)
    at org.jaxen.expr.DefaultLocationPath.evaluate (DefaultLocationPath.java:140)
    at org.jaxen.expr.DefaultXPathExpr.asList (DefaultXPathExpr.java:102)
    at org.jaxen.BaseXPath.selectNodesForContext (BaseXPath.java:677)
    at org.jaxen.BaseXPath.selectNodes (BaseXPath.java:216)
    at net.sourceforge.pmd.lang.ast.AbstractNode.findChildNodesWithXPath (AbstractNode.java:528)
    at com.alibaba.p3c.pmd.lang.java.rule.oop.StringConcatRule.checkStringConcat (StringConcatRule.java:76)
    at com.alibaba.p3c.pmd.lang.java.rule.oop.StringConcatRule.visit (StringConcatRule.java:51)
    at net.sourceforge.pmd.lang.java.ast.ASTForStatement.jjtAccept (ASTForStatement.java:39)
    at net.sourceforge.pmd.lang.java.rule.AbstractJavaRule.visit (AbstractJavaRule.java:222)
    at net.sourceforge.pmd.lang.java.rule.AbstractJavaRule.visit (AbstractJavaRule.java:659)
    at net.sourceforge.pmd.lang.java.ast.ASTStatement.jjtAccept (ASTStatement.java:25)
    at net.sourceforge.pmd.lang.java.rule.AbstractJavaRule.visit (AbstractJavaRule.java:222)
    at net.sourceforge.pmd.lang.java.rule.AbstractJavaRule.visit (AbstractJavaRule.java:674)
    at net.sourceforge.pmd.lang.java.ast.ASTBlockStatement.jjtAccept (ASTBlockStatement.java:25)
    at net.sourceforge.pmd.lang.java.rule.AbstractJavaRule.visit (AbstractJavaRule.java:222)
    at net.sourceforge.pmd.lang.java.rule.AbstractJavaRule.visit (AbstractJavaRule.java:669)
    at net.sourceforge.pmd.lang.java.ast.ASTBlock.jjtAccept (ASTBlock.java:27)
    at net.sourceforge.pmd.lang.java.rule.AbstractJavaRule.visit (AbstractJavaRule.java:222)
    at net.sourceforge.pmd.lang.java.rule.AbstractJavaRule.visit (AbstractJavaRule.java:449)
    at net.sourceforge.pmd.lang.java.ast.ASTMethodDeclaration.jjtAccept (ASTMethodDeclaration.java:37)
    at net.sourceforge.pmd.lang.java.rule.AbstractJavaRule.visit (AbstractJavaRule.java:222)
    at net.sourceforge.pmd.lang.java.rule.AbstractJavaRule.visit (AbstractJavaRule.java:269)
    at net.sourceforge.pmd.lang.java.ast.ASTClassOrInterfaceBodyDeclaration.jjtAccept (ASTClassOrInterfaceBodyDeclaration.java:44)
    at net.sourceforge.pmd.lang.java.rule.AbstractJavaRule.visit (AbstractJavaRule.java:222)
    at net.sourceforge.pmd.lang.java.rule.AbstractJavaRule.visit (AbstractJavaRule.java:264)
    at net.sourceforge.pmd.lang.java.ast.ASTClassOrInterfaceBody.jjtAccept (ASTClassOrInterfaceBody.java:35)
    at net.sourceforge.pmd.lang.java.rule.AbstractJavaRule.visit (AbstractJavaRule.java:222)
    at net.sourceforge.pmd.lang.java.rule.AbstractJavaRule.visit (AbstractJavaRule.java:234)
    at net.sourceforge.pmd.lang.java.ast.ASTClassOrInterfaceDeclaration.jjtAccept (ASTClassOrInterfaceDeclaration.java:55)
    at net.sourceforge.pmd.lang.java.rule.AbstractJavaRule.visit (AbstractJavaRule.java:222)
    at net.sourceforge.pmd.lang.java.rule.AbstractJavaRule.visit (AbstractJavaRule.java:419)
    at net.sourceforge.pmd.lang.java.ast.ASTTypeDeclaration.jjtAccept (ASTTypeDeclaration.java:39)
    at net.sourceforge.pmd.lang.java.rule.AbstractJavaRule.visit (AbstractJavaRule.java:222)
    at net.sourceforge.pmd.lang.java.rule.AbstractJavaRule.visit (AbstractJavaRule.java:394)
    at com.alibaba.p3c.pmd.lang.java.rule.AbstractAliRule.visit (AbstractAliRule.java:60)
    at net.sourceforge.pmd.lang.java.ast.ASTCompilationUnit.jjtAccept (ASTCompilationUnit.java:44)
    at net.sourceforge.pmd.lang.java.rule.AbstractJavaRule.visitAll (AbstractJavaRule.java:164)
    at net.sourceforge.pmd.lang.java.rule.AbstractJavaRule.apply (AbstractJavaRule.java:158)
    at net.sourceforge.pmd.RuleSet.apply (RuleSet.java:659)
    at net.sourceforge.pmd.RuleSets.apply (RuleSets.java:163)
    at net.sourceforge.pmd.SourceCodeProcessor.processSource (SourceCodeProcessor.java:209)
    at net.sourceforge.pmd.SourceCodeProcessor.processSourceCodeWithoutCache (SourceCodeProcessor.java:118)
    at net.sourceforge.pmd.SourceCodeProcessor.processSourceCode (SourceCodeProcessor.java:100)
    at net.sourceforge.pmd.SourceCodeProcessor.processSourceCode (SourceCodeProcessor.java:62)
    at net.sourceforge.pmd.processor.PmdRunnable.call (PmdRunnable.java:85)
    at net.sourceforge.pmd.processor.PmdRunnable.call (PmdRunnable.java:29)
    at java.util.concurrent.FutureTask.run (FutureTask.java:317)
    at java.util.concurrent.Executors$RunnableAdapter.call (Executors.java:572)
    at java.util.concurrent.FutureTask.run (FutureTask.java:317)
    at java.util.concurrent.ThreadPoolExecutor.runWorker (ThreadPoolExecutor.java:1144)
    at java.util.concurrent.ThreadPoolExecutor$Worker.run (ThreadPoolExecutor.java:642)
    at java.lang.Thread.run (Thread.java:1583)
[WARNING] Use of deprecated attribute 'AdditiveExpression/@Image' in a findChildNodesWithXPath navigation, please use @Operator instead
java.lang.RuntimeException: Use of deprecated attribute 'AdditiveExpression/@Image' in a findChildNodesWithXPath navigation, please use @Operator instead
    at net.sourceforge.pmd.lang.ast.xpath.internal.DeprecatedAttrLogger$AdhocLoggerImpl.recordUsageOf (DeprecatedAttrLogger.java:113)
    at net.sourceforge.pmd.lang.ast.xpath.internal.ContextualizedNavigator.getAttributeStringValue (ContextualizedNavigator.java:24)
    at org.jaxen.function.StringFunction.evaluate (StringFunction.java:278)
    at org.jaxen.expr.DefaultEqualityExpr.evaluateObjectObject (DefaultEqualityExpr.java:152)
    at org.jaxen.expr.DefaultEqualityExpr.evaluateSetSet (DefaultEqualityExpr.java:126)
    at org.jaxen.expr.DefaultEqualityExpr.evaluate (DefaultEqualityExpr.java:97)
    at org.jaxen.expr.DefaultAndExpr.evaluate (DefaultAndExpr.java:82)
    at org.jaxen.expr.DefaultPredicate.evaluate (DefaultPredicate.java:95)
    at org.jaxen.expr.PredicateSet.applyPredicate (PredicateSet.java:269)
    at org.jaxen.expr.PredicateSet.evaluatePredicates (PredicateSet.java:244)
    at org.jaxen.expr.DefaultNameStep.evaluate (DefaultNameStep.java:215)
    at org.jaxen.expr.DefaultLocationPath.evaluate (DefaultLocationPath.java:140)
    at org.jaxen.expr.DefaultXPathExpr.asList (DefaultXPathExpr.java:102)
    at org.jaxen.BaseXPath.selectNodesForContext (BaseXPath.java:677)
    at org.jaxen.BaseXPath.selectNodes (BaseXPath.java:216)
    at net.sourceforge.pmd.lang.ast.AbstractNode.findChildNodesWithXPath (AbstractNode.java:528)
    at com.alibaba.p3c.pmd.lang.java.rule.oop.StringConcatRule.checkStringConcat (StringConcatRule.java:76)
    at com.alibaba.p3c.pmd.lang.java.rule.oop.StringConcatRule.visit (StringConcatRule.java:51)
    at net.sourceforge.pmd.lang.java.ast.ASTForStatement.jjtAccept (ASTForStatement.java:39)
    at net.sourceforge.pmd.lang.java.rule.AbstractJavaRule.visit (AbstractJavaRule.java:222)
    at net.sourceforge.pmd.lang.java.rule.AbstractJavaRule.visit (AbstractJavaRule.java:659)
    at net.sourceforge.pmd.lang.java.ast.ASTStatement.jjtAccept (ASTStatement.java:25)
    at net.sourceforge.pmd.lang.java.rule.AbstractJavaRule.visit (AbstractJavaRule.java:222)
    at net.sourceforge.pmd.lang.java.rule.AbstractJavaRule.visit (AbstractJavaRule.java:674)
    at net.sourceforge.pmd.lang.java.ast.ASTBlockStatement.jjtAccept (ASTBlockStatement.java:25)
    at net.sourceforge.pmd.lang.java.rule.AbstractJavaRule.visit (AbstractJavaRule.java:222)
    at net.sourceforge.pmd.lang.java.rule.AbstractJavaRule.visit (AbstractJavaRule.java:669)
    at net.sourceforge.pmd.lang.java.ast.ASTBlock.jjtAccept (ASTBlock.java:27)
    at net.sourceforge.pmd.lang.java.rule.AbstractJavaRule.visit (AbstractJavaRule.java:222)
    at net.sourceforge.pmd.lang.java.rule.AbstractJavaRule.visit (AbstractJavaRule.java:449)
    at net.sourceforge.pmd.lang.java.ast.ASTMethodDeclaration.jjtAccept (ASTMethodDeclaration.java:37)
    at net.sourceforge.pmd.lang.java.rule.AbstractJavaRule.visit (AbstractJavaRule.java:222)
    at net.sourceforge.pmd.lang.java.rule.AbstractJavaRule.visit (AbstractJavaRule.java:269)
    at net.sourceforge.pmd.lang.java.ast.ASTClassOrInterfaceBodyDeclaration.jjtAccept (ASTClassOrInterfaceBodyDeclaration.java:44)
    at net.sourceforge.pmd.lang.java.rule.AbstractJavaRule.visit (AbstractJavaRule.java:222)
    at net.sourceforge.pmd.lang.java.rule.AbstractJavaRule.visit (AbstractJavaRule.java:264)
    at net.sourceforge.pmd.lang.java.ast.ASTClassOrInterfaceBody.jjtAccept (ASTClassOrInterfaceBody.java:35)
    at net.sourceforge.pmd.lang.java.rule.AbstractJavaRule.visit (AbstractJavaRule.java:222)
    at net.sourceforge.pmd.lang.java.rule.AbstractJavaRule.visit (AbstractJavaRule.java:234)
    at net.sourceforge.pmd.lang.java.ast.ASTClassOrInterfaceDeclaration.jjtAccept (ASTClassOrInterfaceDeclaration.java:55)
    at net.sourceforge.pmd.lang.java.rule.AbstractJavaRule.visit (AbstractJavaRule.java:222)
    at net.sourceforge.pmd.lang.java.rule.AbstractJavaRule.visit (AbstractJavaRule.java:419)
    at net.sourceforge.pmd.lang.java.ast.ASTTypeDeclaration.jjtAccept (ASTTypeDeclaration.java:39)
    at net.sourceforge.pmd.lang.java.rule.AbstractJavaRule.visit (AbstractJavaRule.java:222)
    at net.sourceforge.pmd.lang.java.rule.AbstractJavaRule.visit (AbstractJavaRule.java:394)
    at com.alibaba.p3c.pmd.lang.java.rule.AbstractAliRule.visit (AbstractAliRule.java:60)
    at net.sourceforge.pmd.lang.java.ast.ASTCompilationUnit.jjtAccept (ASTCompilationUnit.java:44)
    at net.sourceforge.pmd.lang.java.rule.AbstractJavaRule.visitAll (AbstractJavaRule.java:164)
    at net.sourceforge.pmd.lang.java.rule.AbstractJavaRule.apply (AbstractJavaRule.java:158)
    at net.sourceforge.pmd.RuleSet.apply (RuleSet.java:659)
    at net.sourceforge.pmd.RuleSets.apply (RuleSets.java:163)
    at net.sourceforge.pmd.SourceCodeProcessor.processSource (SourceCodeProcessor.java:209)
    at net.sourceforge.pmd.SourceCodeProcessor.processSourceCodeWithoutCache (SourceCodeProcessor.java:118)
    at net.sourceforge.pmd.SourceCodeProcessor.processSourceCode (SourceCodeProcessor.java:100)
    at net.sourceforge.pmd.SourceCodeProcessor.processSourceCode (SourceCodeProcessor.java:62)
    at net.sourceforge.pmd.processor.PmdRunnable.call (PmdRunnable.java:85)
    at net.sourceforge.pmd.processor.PmdRunnable.call (PmdRunnable.java:29)
    at java.util.concurrent.FutureTask.run (FutureTask.java:317)
    at java.util.concurrent.Executors$RunnableAdapter.call (Executors.java:572)
    at java.util.concurrent.FutureTask.run (FutureTask.java:317)
    at java.util.concurrent.ThreadPoolExecutor.runWorker (ThreadPoolExecutor.java:1144)
    at java.util.concurrent.ThreadPoolExecutor$Worker.run (ThreadPoolExecutor.java:642)
    at java.lang.Thread.run (Thread.java:1583)
[WARNING] Use of deprecated attribute 'AdditiveExpression/@Image' in a findChildNodesWithXPath navigation, please use @Operator instead
java.lang.RuntimeException: Use of deprecated attribute 'AdditiveExpression/@Image' in a findChildNodesWithXPath navigation, please use @Operator instead
    at net.sourceforge.pmd.lang.ast.xpath.internal.DeprecatedAttrLogger$AdhocLoggerImpl.recordUsageOf (DeprecatedAttrLogger.java:113)
    at net.sourceforge.pmd.lang.ast.xpath.internal.ContextualizedNavigator.getAttributeStringValue (ContextualizedNavigator.java:24)
    at org.jaxen.function.StringFunction.evaluate (StringFunction.java:278)
    at org.jaxen.expr.DefaultEqualityExpr.evaluateObjectObject (DefaultEqualityExpr.java:152)
    at org.jaxen.expr.DefaultEqualityExpr.evaluateSetSet (DefaultEqualityExpr.java:126)
    at org.jaxen.expr.DefaultEqualityExpr.evaluate (DefaultEqualityExpr.java:97)
    at org.jaxen.expr.DefaultAndExpr.evaluate (DefaultAndExpr.java:82)
    at org.jaxen.expr.DefaultPredicate.evaluate (DefaultPredicate.java:95)
    at org.jaxen.expr.PredicateSet.applyPredicate (PredicateSet.java:269)
    at org.jaxen.expr.PredicateSet.evaluatePredicates (PredicateSet.java:244)
    at org.jaxen.expr.DefaultNameStep.evaluate (DefaultNameStep.java:215)
    at org.jaxen.expr.DefaultLocationPath.evaluate (DefaultLocationPath.java:140)
    at org.jaxen.expr.DefaultXPathExpr.asList (DefaultXPathExpr.java:102)
    at org.jaxen.BaseXPath.selectNodesForContext (BaseXPath.java:677)
    at org.jaxen.BaseXPath.selectNodes (BaseXPath.java:216)
    at net.sourceforge.pmd.lang.ast.AbstractNode.findChildNodesWithXPath (AbstractNode.java:528)
    at com.alibaba.p3c.pmd.lang.java.rule.oop.StringConcatRule.checkStringConcat (StringConcatRule.java:76)
    at com.alibaba.p3c.pmd.lang.java.rule.oop.StringConcatRule.visit (StringConcatRule.java:51)
    at net.sourceforge.pmd.lang.java.ast.ASTForStatement.jjtAccept (ASTForStatement.java:39)
    at net.sourceforge.pmd.lang.java.rule.AbstractJavaRule.visit (AbstractJavaRule.java:222)
    at net.sourceforge.pmd.lang.java.rule.AbstractJavaRule.visit (AbstractJavaRule.java:659)
    at net.sourceforge.pmd.lang.java.ast.ASTStatement.jjtAccept (ASTStatement.java:25)
    at net.sourceforge.pmd.lang.java.rule.AbstractJavaRule.visit (AbstractJavaRule.java:222)
    at net.sourceforge.pmd.lang.java.rule.AbstractJavaRule.visit (AbstractJavaRule.java:674)
    at net.sourceforge.pmd.lang.java.ast.ASTBlockStatement.jjtAccept (ASTBlockStatement.java:25)
    at net.sourceforge.pmd.lang.java.rule.AbstractJavaRule.visit (AbstractJavaRule.java:222)
    at net.sourceforge.pmd.lang.java.rule.AbstractJavaRule.visit (AbstractJavaRule.java:669)
    at net.sourceforge.pmd.lang.java.ast.ASTBlock.jjtAccept (ASTBlock.java:27)
    at net.sourceforge.pmd.lang.java.rule.AbstractJavaRule.visit (AbstractJavaRule.java:222)
    at net.sourceforge.pmd.lang.java.rule.AbstractJavaRule.visit (AbstractJavaRule.java:659)
    at net.sourceforge.pmd.lang.java.ast.ASTStatement.jjtAccept (ASTStatement.java:25)
    at net.sourceforge.pmd.lang.java.rule.AbstractJavaRule.visit (AbstractJavaRule.java:222)
    at net.sourceforge.pmd.lang.java.rule.AbstractJavaRule.visit (AbstractJavaRule.java:719)
    at com.alibaba.p3c.pmd.lang.java.rule.oop.StringConcatRule.visit (StringConcatRule.java:52)
    at net.sourceforge.pmd.lang.java.ast.ASTForStatement.jjtAccept (ASTForStatement.java:39)
    at net.sourceforge.pmd.lang.java.rule.AbstractJavaRule.visit (AbstractJavaRule.java:222)
    at net.sourceforge.pmd.lang.java.rule.AbstractJavaRule.visit (AbstractJavaRule.java:659)
    at net.sourceforge.pmd.lang.java.ast.ASTStatement.jjtAccept (ASTStatement.java:25)
    at net.sourceforge.pmd.lang.java.rule.AbstractJavaRule.visit (AbstractJavaRule.java:222)
    at net.sourceforge.pmd.lang.java.rule.AbstractJavaRule.visit (AbstractJavaRule.java:674)
    at net.sourceforge.pmd.lang.java.ast.ASTBlockStatement.jjtAccept (ASTBlockStatement.java:25)
    at net.sourceforge.pmd.lang.java.rule.AbstractJavaRule.visit (AbstractJavaRule.java:222)
    at net.sourceforge.pmd.lang.java.rule.AbstractJavaRule.visit (AbstractJavaRule.java:669)
    at net.sourceforge.pmd.lang.java.ast.ASTBlock.jjtAccept (ASTBlock.java:27)
    at net.sourceforge.pmd.lang.java.rule.AbstractJavaRule.visit (AbstractJavaRule.java:222)
    at net.sourceforge.pmd.lang.java.rule.AbstractJavaRule.visit (AbstractJavaRule.java:449)
    at net.sourceforge.pmd.lang.java.ast.ASTMethodDeclaration.jjtAccept (ASTMethodDeclaration.java:37)
    at net.sourceforge.pmd.lang.java.rule.AbstractJavaRule.visit (AbstractJavaRule.java:222)
    at net.sourceforge.pmd.lang.java.rule.AbstractJavaRule.visit (AbstractJavaRule.java:269)
    at net.sourceforge.pmd.lang.java.ast.ASTClassOrInterfaceBodyDeclaration.jjtAccept (ASTClassOrInterfaceBodyDeclaration.java:44)
    at net.sourceforge.pmd.lang.java.rule.AbstractJavaRule.visit (AbstractJavaRule.java:222)
    at net.sourceforge.pmd.lang.java.rule.AbstractJavaRule.visit (AbstractJavaRule.java:264)
    at net.sourceforge.pmd.lang.java.ast.ASTClassOrInterfaceBody.jjtAccept (ASTClassOrInterfaceBody.java:35)
    at net.sourceforge.pmd.lang.java.rule.AbstractJavaRule.visit (AbstractJavaRule.java:222)
    at net.sourceforge.pmd.lang.java.rule.AbstractJavaRule.visit (AbstractJavaRule.java:234)
    at net.sourceforge.pmd.lang.java.ast.ASTClassOrInterfaceDeclaration.jjtAccept (ASTClassOrInterfaceDeclaration.java:55)
    at net.sourceforge.pmd.lang.java.rule.AbstractJavaRule.visit (AbstractJavaRule.java:222)
    at net.sourceforge.pmd.lang.java.rule.AbstractJavaRule.visit (AbstractJavaRule.java:419)
    at net.sourceforge.pmd.lang.java.ast.ASTTypeDeclaration.jjtAccept (ASTTypeDeclaration.java:39)
    at net.sourceforge.pmd.lang.java.rule.AbstractJavaRule.visit (AbstractJavaRule.java:222)
    at net.sourceforge.pmd.lang.java.rule.AbstractJavaRule.visit (AbstractJavaRule.java:394)
    at com.alibaba.p3c.pmd.lang.java.rule.AbstractAliRule.visit (AbstractAliRule.java:60)
    at net.sourceforge.pmd.lang.java.ast.ASTCompilationUnit.jjtAccept (ASTCompilationUnit.java:44)
    at net.sourceforge.pmd.lang.java.rule.AbstractJavaRule.visitAll (AbstractJavaRule.java:164)
    at net.sourceforge.pmd.lang.java.rule.AbstractJavaRule.apply (AbstractJavaRule.java:158)
    at net.sourceforge.pmd.RuleSet.apply (RuleSet.java:659)
    at net.sourceforge.pmd.RuleSets.apply (RuleSets.java:163)
    at net.sourceforge.pmd.SourceCodeProcessor.processSource (SourceCodeProcessor.java:209)
    at net.sourceforge.pmd.SourceCodeProcessor.processSourceCodeWithoutCache (SourceCodeProcessor.java:118)
    at net.sourceforge.pmd.SourceCodeProcessor.processSourceCode (SourceCodeProcessor.java:100)
    at net.sourceforge.pmd.SourceCodeProcessor.processSourceCode (SourceCodeProcessor.java:62)
    at net.sourceforge.pmd.processor.PmdRunnable.call (PmdRunnable.java:85)
    at net.sourceforge.pmd.processor.PmdRunnable.call (PmdRunnable.java:29)
    at java.util.concurrent.FutureTask.run (FutureTask.java:317)
    at java.util.concurrent.Executors$RunnableAdapter.call (Executors.java:572)
    at java.util.concurrent.FutureTask.run (FutureTask.java:317)
    at java.util.concurrent.ThreadPoolExecutor.runWorker (ThreadPoolExecutor.java:1144)
    at java.util.concurrent.ThreadPoolExecutor$Worker.run (ThreadPoolExecutor.java:642)
    at java.lang.Thread.run (Thread.java:1583)
[WARNING] Use of deprecated attribute 'AdditiveExpression/@Image' in a findChildNodesWithXPath navigation, please use @Operator instead
java.lang.RuntimeException: Use of deprecated attribute 'AdditiveExpression/@Image' in a findChildNodesWithXPath navigation, please use @Operator instead
    at net.sourceforge.pmd.lang.ast.xpath.internal.DeprecatedAttrLogger$AdhocLoggerImpl.recordUsageOf (DeprecatedAttrLogger.java:113)
    at net.sourceforge.pmd.lang.ast.xpath.internal.ContextualizedNavigator.getAttributeStringValue (ContextualizedNavigator.java:24)
    at org.jaxen.function.StringFunction.evaluate (StringFunction.java:278)
    at org.jaxen.expr.DefaultEqualityExpr.evaluateObjectObject (DefaultEqualityExpr.java:152)
    at org.jaxen.expr.DefaultEqualityExpr.evaluateSetSet (DefaultEqualityExpr.java:126)
    at org.jaxen.expr.DefaultEqualityExpr.evaluate (DefaultEqualityExpr.java:97)
    at org.jaxen.expr.DefaultAndExpr.evaluate (DefaultAndExpr.java:82)
    at org.jaxen.expr.DefaultPredicate.evaluate (DefaultPredicate.java:95)
    at org.jaxen.expr.PredicateSet.applyPredicate (PredicateSet.java:269)
    at org.jaxen.expr.PredicateSet.evaluatePredicates (PredicateSet.java:244)
    at org.jaxen.expr.DefaultNameStep.evaluate (DefaultNameStep.java:215)
    at org.jaxen.expr.DefaultLocationPath.evaluate (DefaultLocationPath.java:140)
    at org.jaxen.expr.DefaultXPathExpr.asList (DefaultXPathExpr.java:102)
    at org.jaxen.BaseXPath.selectNodesForContext (BaseXPath.java:677)
    at org.jaxen.BaseXPath.selectNodes (BaseXPath.java:216)
    at net.sourceforge.pmd.lang.ast.AbstractNode.findChildNodesWithXPath (AbstractNode.java:528)
    at com.alibaba.p3c.pmd.lang.java.rule.oop.StringConcatRule.checkStringConcat (StringConcatRule.java:76)
    at com.alibaba.p3c.pmd.lang.java.rule.oop.StringConcatRule.visit (StringConcatRule.java:51)
    at net.sourceforge.pmd.lang.java.ast.ASTForStatement.jjtAccept (ASTForStatement.java:39)
    at net.sourceforge.pmd.lang.java.rule.AbstractJavaRule.visit (AbstractJavaRule.java:222)
    at net.sourceforge.pmd.lang.java.rule.AbstractJavaRule.visit (AbstractJavaRule.java:659)
    at net.sourceforge.pmd.lang.java.ast.ASTStatement.jjtAccept (ASTStatement.java:25)
    at net.sourceforge.pmd.lang.java.rule.AbstractJavaRule.visit (AbstractJavaRule.java:222)
    at net.sourceforge.pmd.lang.java.rule.AbstractJavaRule.visit (AbstractJavaRule.java:674)
    at net.sourceforge.pmd.lang.java.ast.ASTBlockStatement.jjtAccept (ASTBlockStatement.java:25)
    at net.sourceforge.pmd.lang.java.rule.AbstractJavaRule.visit (AbstractJavaRule.java:222)
    at net.sourceforge.pmd.lang.java.rule.AbstractJavaRule.visit (AbstractJavaRule.java:669)
    at net.sourceforge.pmd.lang.java.ast.ASTBlock.jjtAccept (ASTBlock.java:27)
    at net.sourceforge.pmd.lang.java.rule.AbstractJavaRule.visit (AbstractJavaRule.java:222)
    at net.sourceforge.pmd.lang.java.rule.AbstractJavaRule.visit (AbstractJavaRule.java:659)
    at net.sourceforge.pmd.lang.java.ast.ASTStatement.jjtAccept (ASTStatement.java:25)
    at net.sourceforge.pmd.lang.java.rule.AbstractJavaRule.visit (AbstractJavaRule.java:222)
    at net.sourceforge.pmd.lang.java.rule.AbstractJavaRule.visit (AbstractJavaRule.java:719)
    at com.alibaba.p3c.pmd.lang.java.rule.oop.StringConcatRule.visit (StringConcatRule.java:52)
    at net.sourceforge.pmd.lang.java.ast.ASTForStatement.jjtAccept (ASTForStatement.java:39)
    at net.sourceforge.pmd.lang.java.rule.AbstractJavaRule.visit (AbstractJavaRule.java:222)
    at net.sourceforge.pmd.lang.java.rule.AbstractJavaRule.visit (AbstractJavaRule.java:659)
    at net.sourceforge.pmd.lang.java.ast.ASTStatement.jjtAccept (ASTStatement.java:25)
    at net.sourceforge.pmd.lang.java.rule.AbstractJavaRule.visit (AbstractJavaRule.java:222)
    at net.sourceforge.pmd.lang.java.rule.AbstractJavaRule.visit (AbstractJavaRule.java:674)
    at net.sourceforge.pmd.lang.java.ast.ASTBlockStatement.jjtAccept (ASTBlockStatement.java:25)
    at net.sourceforge.pmd.lang.java.rule.AbstractJavaRule.visit (AbstractJavaRule.java:222)
    at net.sourceforge.pmd.lang.java.rule.AbstractJavaRule.visit (AbstractJavaRule.java:669)
    at net.sourceforge.pmd.lang.java.ast.ASTBlock.jjtAccept (ASTBlock.java:27)
    at net.sourceforge.pmd.lang.java.rule.AbstractJavaRule.visit (AbstractJavaRule.java:222)
    at net.sourceforge.pmd.lang.java.rule.AbstractJavaRule.visit (AbstractJavaRule.java:449)
    at net.sourceforge.pmd.lang.java.ast.ASTMethodDeclaration.jjtAccept (ASTMethodDeclaration.java:37)
    at net.sourceforge.pmd.lang.java.rule.AbstractJavaRule.visit (AbstractJavaRule.java:222)
    at net.sourceforge.pmd.lang.java.rule.AbstractJavaRule.visit (AbstractJavaRule.java:269)
    at net.sourceforge.pmd.lang.java.ast.ASTClassOrInterfaceBodyDeclaration.jjtAccept (ASTClassOrInterfaceBodyDeclaration.java:44)
    at net.sourceforge.pmd.lang.java.rule.AbstractJavaRule.visit (AbstractJavaRule.java:222)
    at net.sourceforge.pmd.lang.java.rule.AbstractJavaRule.visit (AbstractJavaRule.java:264)
    at net.sourceforge.pmd.lang.java.ast.ASTClassOrInterfaceBody.jjtAccept (ASTClassOrInterfaceBody.java:35)
    at net.sourceforge.pmd.lang.java.rule.AbstractJavaRule.visit (AbstractJavaRule.java:222)
    at net.sourceforge.pmd.lang.java.rule.AbstractJavaRule.visit (AbstractJavaRule.java:234)
    at net.sourceforge.pmd.lang.java.ast.ASTClassOrInterfaceDeclaration.jjtAccept (ASTClassOrInterfaceDeclaration.java:55)
    at net.sourceforge.pmd.lang.java.rule.AbstractJavaRule.visit (AbstractJavaRule.java:222)
    at net.sourceforge.pmd.lang.java.rule.AbstractJavaRule.visit (AbstractJavaRule.java:419)
    at net.sourceforge.pmd.lang.java.ast.ASTTypeDeclaration.jjtAccept (ASTTypeDeclaration.java:39)
    at net.sourceforge.pmd.lang.java.rule.AbstractJavaRule.visit (AbstractJavaRule.java:222)
    at net.sourceforge.pmd.lang.java.rule.AbstractJavaRule.visit (AbstractJavaRule.java:394)
    at com.alibaba.p3c.pmd.lang.java.rule.AbstractAliRule.visit (AbstractAliRule.java:60)
    at net.sourceforge.pmd.lang.java.ast.ASTCompilationUnit.jjtAccept (ASTCompilationUnit.java:44)
    at net.sourceforge.pmd.lang.java.rule.AbstractJavaRule.visitAll (AbstractJavaRule.java:164)
    at net.sourceforge.pmd.lang.java.rule.AbstractJavaRule.apply (AbstractJavaRule.java:158)
    at net.sourceforge.pmd.RuleSet.apply (RuleSet.java:659)
    at net.sourceforge.pmd.RuleSets.apply (RuleSets.java:163)
    at net.sourceforge.pmd.SourceCodeProcessor.processSource (SourceCodeProcessor.java:209)
    at net.sourceforge.pmd.SourceCodeProcessor.processSourceCodeWithoutCache (SourceCodeProcessor.java:118)
    at net.sourceforge.pmd.SourceCodeProcessor.processSourceCode (SourceCodeProcessor.java:100)
    at net.sourceforge.pmd.SourceCodeProcessor.processSourceCode (SourceCodeProcessor.java:62)
    at net.sourceforge.pmd.processor.PmdRunnable.call (PmdRunnable.java:85)
    at net.sourceforge.pmd.processor.PmdRunnable.call (PmdRunnable.java:29)
    at java.util.concurrent.FutureTask.run (FutureTask.java:317)
    at java.util.concurrent.Executors$RunnableAdapter.call (Executors.java:572)
    at java.util.concurrent.FutureTask.run (FutureTask.java:317)
    at java.util.concurrent.ThreadPoolExecutor.runWorker (ThreadPoolExecutor.java:1144)
    at java.util.concurrent.ThreadPoolExecutor$Worker.run (ThreadPoolExecutor.java:642)
    at java.lang.Thread.run (Thread.java:1583)
[WARNING] Use of deprecated attribute 'ConditionalExpression/@Ternary' by XPath rule 'AvoidComplexConditionRule' (in ruleset 'AlibabaJavaFlowControl')
[WARNING] Use of deprecated attribute 'ConditionalExpression/@Ternary' by XPath rule 'AvoidComplexConditionRule' (in ruleset 'AlibabaJavaFlowControl')
[INFO] 
[INFO] <<< maven-pmd-plugin:3.16.0:check (default) < :pmd @ default-auth-plugin <<<
[INFO] 
[INFO] 
[INFO] --- maven-pmd-plugin:3.16.0:check (default) @ default-auth-plugin ---
[INFO] PMD version: 6.42.0
[INFO] 
[INFO] 
[INFO] --- apache-rat-plugin:0.12:check (default) @ default-auth-plugin ---
[INFO] Enabled default license matchers.
[INFO] Will parse SCM ignores for exclusions...
[INFO] Finished adding exclusions from SCM ignore files.
[INFO] 61 implicit excludes (use -debug for more details).
[INFO] Exclude: .editorconfig
[INFO] Exclude: .travis.yml
[INFO] Exclude: codecov.yml
[INFO] Exclude: CONTRIBUTING.md
[INFO] Exclude: CODE_OF_CONDUCT.md
[INFO] Exclude: CHANGELOG.md
[INFO] Exclude: style/codeStyle.md
[INFO] Exclude: REPORTING-BUGS.md
[INFO] Exclude: README.md
[INFO] Exclude: .github/**/*
[INFO] Exclude: doc/*
[INFO] Exclude: derby.log
[INFO] Exclude: logs/*
[INFO] Exclude: src/main/resources/static/**
[INFO] Exclude: **/istio/model/**
[INFO] Exclude: **/consistency/entity/**
[INFO] Exclude: **/*.txt
[INFO] Exclude: **/*.factories
[INFO] Exclude: /console-ui/**
[INFO] Exclude: **/gogo.proto
[INFO] Exclude: **/any.proto
[INFO] Exclude: src/main/java/com/alibaba/nacos/common/packagescan/classreading/**
[INFO] Exclude: .flattened-pom.xml
[INFO] Exclude: **/announcement*.conf
[INFO] Exclude: **/console-guide.conf
[INFO] Exclude: **/reflect-config.json
[INFO] Exclude: **/resource-config.json
[INFO] Exclude: **/proxy-config.json
[INFO] Exclude: **/jni-config.json
[INFO] Exclude: **/predefined-classes-config.json
[INFO] Exclude: **/serialization-config.json
[INFO] Exclude: **/filter-config.json
[INFO] Exclude: **/disk_cache_test/**
[INFO] Exclude: **/failover_test/**
[INFO] Exclude: lefthook.yml
[INFO] Exclude: .vscode/**
[INFO] 111 resources included (use -debug for more details)
[INFO] Rat check: Summary over all files. Unapproved: 0, unknown: 0, generated: 0, approved: 111 licenses.
[INFO] 
[INFO] --- maven-install-plugin:2.4:install (default-install) @ default-auth-plugin ---
[INFO] Installing /Users/xinluo/sources/nacos/plugin-default-impl/nacos-default-auth-plugin/target/default-auth-plugin-3.1.0-SNAPSHOT.jar to /var/root/.m2/repository/com/alibaba/nacos/default-auth-plugin/3.1.0-SNAPSHOT/default-auth-plugin-3.1.0-SNAPSHOT.jar
[INFO] Installing /Users/xinluo/sources/nacos/plugin-default-impl/nacos-default-auth-plugin/.flattened-pom.xml to /var/root/.m2/repository/com/alibaba/nacos/default-auth-plugin/3.1.0-SNAPSHOT/default-auth-plugin-3.1.0-SNAPSHOT.pom
[INFO] Installing /Users/xinluo/sources/nacos/plugin-default-impl/nacos-default-auth-plugin/target/default-auth-plugin-3.1.0-SNAPSHOT-sources.jar to /var/root/.m2/repository/com/alibaba/nacos/default-auth-plugin/3.1.0-SNAPSHOT/default-auth-plugin-3.1.0-SNAPSHOT-sources.jar
[INFO] 
[INFO] --------------< com.alibaba.nacos:default-control-plugin >--------------
[INFO] Building nacos-default-control-plugin 3.1.0-SNAPSHOT 3.1.0-SNAPSHOT [31/45]
[INFO] --------------------------------[ jar ]---------------------------------
[INFO] 
[INFO] --- maven-clean-plugin:2.5:clean (default-clean) @ default-control-plugin ---
[INFO] Deleting /Users/xinluo/sources/nacos/plugin-default-impl/nacos-default-control-plugin/target
[INFO] 
[INFO] --- easyj-maven-plugin:1.1.5:clean-simplify-pom (clean-flattened-pom) @ default-control-plugin ---
[INFO] Deleting /Users/xinluo/sources/nacos/plugin-default-impl/nacos-default-control-plugin/.flattened-pom.xml
[INFO] 
[INFO] --- maven-enforcer-plugin:3.5.0:enforce (enforce-ban-circular-dependencies) @ default-control-plugin ---
[INFO] Rule 0: org.codehaus.mojo.extraenforcer.dependencies.BanCircularDependencies passed
[INFO] 
[INFO] --- maven-checkstyle-plugin:3.1.2:check (validate) @ default-control-plugin ---
[WARNING] Old version of checkstyle detected. Consider updating to >= v8.30
[WARNING] For more information see: https://maven.apache.org/plugins/maven-checkstyle-plugin/examples/upgrading-checkstyle.html
[INFO] 开始检查……
检查完成。
[INFO] You have 0 Checkstyle violations.
[INFO] 
[INFO] --- jacoco-maven-plugin:0.8.13:prepare-agent (default-prepare-agent) @ default-control-plugin ---
[INFO] argLine set to -javaagent:/var/root/.m2/repository/org/jacoco/org.jacoco.agent/0.8.13/org.jacoco.agent-0.8.13-runtime.jar=destfile=/Users/xinluo/sources/nacos/plugin-default-impl/nacos-default-control-plugin/target/coverage-reports/jacoco-unit.exec,append=true,excludes=**/grpc/auto/**:**/packagescan/classreading/**:**/packagescan/resource/**:**/packagescan/util/**,output=file
[INFO] 
[INFO] --- build-helper-maven-plugin:3.2.0:add-source (add-source) @ default-control-plugin ---
[INFO] Source directory: /Users/xinluo/sources/nacos/plugin-default-impl/nacos-default-control-plugin/target/generated-sources/protobuf/java added.
[INFO] 
[INFO] --- maven-resources-plugin:3.0.2:resources (default-resources) @ default-control-plugin ---
[INFO] Using 'UTF-8' encoding to copy filtered resources.
[INFO] Copying 1 resource
[INFO] 
[INFO] --- maven-compiler-plugin:3.5.1:compile (default-compile) @ default-control-plugin ---
[INFO] Changes detected - recompiling the module!
[INFO] Compiling 3 source files to /Users/xinluo/sources/nacos/plugin-default-impl/nacos-default-control-plugin/target/classes
[WARNING] 未与 -source 17 一起设置系统模块路径
[INFO] 
[INFO] --- maven-resources-plugin:3.0.2:testResources (default-testResources) @ default-control-plugin ---
[INFO] Using 'UTF-8' encoding to copy filtered resources.
[INFO] Copying 1 resource
[INFO] 
[INFO] --- maven-compiler-plugin:3.5.1:testCompile (default-testCompile) @ default-control-plugin ---
[INFO] Changes detected - recompiling the module!
[INFO] Compiling 4 source files to /Users/xinluo/sources/nacos/plugin-default-impl/nacos-default-control-plugin/target/test-classes
[WARNING] 未与 -source 17 一起设置系统模块路径
[INFO] 
[INFO] --- maven-surefire-plugin:3.2.5:test (default-test) @ default-control-plugin ---
[INFO] Surefire report directory: /Users/xinluo/sources/nacos/plugin-default-impl/nacos-default-control-plugin/target/surefire-reports
[INFO] Using auto detected provider org.apache.maven.surefire.junitplatform.JUnitPlatformProvider
[INFO] 
[INFO] -------------------------------------------------------
[INFO]  T E S T S
[INFO] -------------------------------------------------------
[INFO] Running com.alibaba.nacos.plugin.control.impl.NacosControlManagerBuilderTest
[INFO] Tests run: 1, Failures: 0, Errors: 0, Skipped: 0, Time elapsed: 0.051 s -- in com.alibaba.nacos.plugin.control.impl.NacosControlManagerBuilderTest
[INFO] Running com.alibaba.nacos.plugin.control.impl.NacosTpsControlManagerTest
[INFO] Tests run: 5, Failures: 0, Errors: 0, Skipped: 0, Time elapsed: 0.019 s -- in com.alibaba.nacos.plugin.control.impl.NacosTpsControlManagerTest
[INFO] Running com.alibaba.nacos.plugin.control.impl.NacosConnectionControlManagerTest
[INFO] Tests run: 4, Failures: 0, Errors: 0, Skipped: 0, Time elapsed: 0.225 s -- in com.alibaba.nacos.plugin.control.impl.NacosConnectionControlManagerTest
[INFO] 
[INFO] Results:
[INFO] 
[INFO] Tests run: 10, Failures: 0, Errors: 0, Skipped: 0
[INFO] 
[INFO] 
[INFO] --- jacoco-maven-plugin:0.8.13:report (default-report) @ default-control-plugin ---
[INFO] Loading execution data file /Users/xinluo/sources/nacos/plugin-default-impl/nacos-default-control-plugin/target/coverage-reports/jacoco-unit.exec
[INFO] Analyzed bundle 'nacos-default-control-plugin 3.1.0-SNAPSHOT' with 4 classes
[INFO] 
[INFO] --- easyj-maven-plugin:1.1.5:simplify-pom (flatten-pom) @ default-control-plugin ---
[INFO] Create PomSimplifier by mode: auto
[INFO] The simplify mode is: JAR
[INFO] Do simplify by the POM simplifier: JarPomSimplifier
[INFO] 
[INFO] ==================================  start simplify  ==================================
[INFO] Remove Parent.
[INFO] Set GroupId from 'null' to 'com.alibaba.nacos'.
[INFO] Set Version from 'null' to '3.1.0-SNAPSHOT'.
[INFO] Set Name from 'nacos-default-control-plugin ${project.version}' to 'nacos-default-control-plugin 3.1.0-SNAPSHOT'.
[WARNING] The '<description>' is required when uploading OSSRH. Please set a value immediately.
[INFO] -------------------------------------------
[INFO] Copy project info from parent for the open source project:
[INFO]    Copy Url.
[INFO]    Copy Licenses.
[INFO]    Copy Developers.
[INFO]    Copy Scm.
[INFO]    Copy Organization.
[INFO]    Copy IssueManagement.
[INFO] -------------------------------------------
[INFO] -------------------------------------------
[INFO] Reset dependencies: groupId, version, exclusions (Contains 2 dependencies)
[INFO]   Reset dependency: [com.alibaba.nacos:nacos-control-plugin:null] -> [com.alibaba.nacos:nacos-control-plugin:3.1.0-SNAPSHOT]
[INFO]   Reset dependency: [com.alibaba.nacos:nacos-common:null] -> [com.alibaba.nacos:nacos-common:3.1.0-SNAPSHOT]
[INFO] Remaining 2 dependencies.
[INFO] -------------------------------------------
[INFO] -------------------------------------------
[INFO] Optimize Dependencies: (2)
[INFO]  - Optimize with 'replaceVariable'
[INFO] ==================================   end  simplify  ==================================
[INFO] 
[INFO] Create the POM file '.flattened-pom.xml'.
[INFO] Set the POM file '.flattened-pom.xml' to the project object.
[INFO] 
[INFO] --- maven-jar-plugin:3.2.2:jar (default-jar) @ default-control-plugin ---
[INFO] Building jar: /Users/xinluo/sources/nacos/plugin-default-impl/nacos-default-control-plugin/target/default-control-plugin-3.1.0-SNAPSHOT.jar
[INFO] 
[INFO] --- maven-javadoc-plugin:2.10.4:jar (attach-javadocs) @ default-control-plugin ---
[INFO] Skipping javadoc generation
[INFO] 
[INFO] >>> maven-source-plugin:3.0.1:jar (attach-sources) > generate-sources @ default-control-plugin >>>
[INFO] 
[INFO] --- maven-enforcer-plugin:3.5.0:enforce (enforce-ban-circular-dependencies) @ default-control-plugin ---
[INFO] Rule 0: org.codehaus.mojo.extraenforcer.dependencies.BanCircularDependencies passed
[INFO] 
[INFO] --- maven-checkstyle-plugin:3.1.2:check (validate) @ default-control-plugin ---
[WARNING] Old version of checkstyle detected. Consider updating to >= v8.30
[WARNING] For more information see: https://maven.apache.org/plugins/maven-checkstyle-plugin/examples/upgrading-checkstyle.html
[INFO] 开始检查……
检查完成。
[INFO] You have 0 Checkstyle violations.
[INFO] 
[INFO] --- jacoco-maven-plugin:0.8.13:prepare-agent (default-prepare-agent) @ default-control-plugin ---
[INFO] argLine set to -javaagent:/var/root/.m2/repository/org/jacoco/org.jacoco.agent/0.8.13/org.jacoco.agent-0.8.13-runtime.jar=destfile=/Users/xinluo/sources/nacos/plugin-default-impl/nacos-default-control-plugin/target/coverage-reports/jacoco-unit.exec,append=true,excludes=**/grpc/auto/**:**/packagescan/classreading/**:**/packagescan/resource/**:**/packagescan/util/**,output=file
[INFO] 
[INFO] --- build-helper-maven-plugin:3.2.0:add-source (add-source) @ default-control-plugin ---
[INFO] Source directory: /Users/xinluo/sources/nacos/plugin-default-impl/nacos-default-control-plugin/target/generated-sources/protobuf/java added.
[INFO] 
[INFO] <<< maven-source-plugin:3.0.1:jar (attach-sources) < generate-sources @ default-control-plugin <<<
[INFO] 
[INFO] 
[INFO] --- maven-source-plugin:3.0.1:jar (attach-sources) @ default-control-plugin ---
[INFO] Building jar: /Users/xinluo/sources/nacos/plugin-default-impl/nacos-default-control-plugin/target/default-control-plugin-3.1.0-SNAPSHOT-sources.jar
[INFO] 
[INFO] >>> maven-pmd-plugin:3.16.0:check (default) > :pmd @ default-control-plugin >>>
[INFO] 
[INFO] --- maven-pmd-plugin:3.16.0:pmd (pmd) @ default-control-plugin ---
[WARNING] Unable to locate Source XRef to link to - DISABLED
[WARNING] Unable to locate Source XRef to link to - DISABLED
[INFO] PMD version: 6.42.0
[WARNING] Rule /Users/xinluo/sources/nacos/plugin-default-impl/nacos-default-control-plugin/target/pmd/rulesets/ali-comment.xml/CommentsMustBeJavadocFormatRule does not mention attribute language='java', please mention it explicitly to be compatible with PMD 7
[WARNING] Rule /Users/xinluo/sources/nacos/plugin-default-impl/nacos-default-control-plugin/target/pmd/rulesets/ali-comment.xml/CommentsMustBeJavadocFormatRule does not mention attribute language='java', please mention it explicitly to be compatible with PMD 7
[WARNING] Rule /Users/xinluo/sources/nacos/plugin-default-impl/nacos-default-control-plugin/target/pmd/rulesets/ali-comment.xml/AbstractMethodOrInterfaceMethodMustUseJavadocRule does not mention attribute language='java', please mention it explicitly to be compatible with PMD 7
[WARNING] Rule /Users/xinluo/sources/nacos/plugin-default-impl/nacos-default-control-plugin/target/pmd/rulesets/ali-comment.xml/AbstractMethodOrInterfaceMethodMustUseJavadocRule does not mention attribute language='java', please mention it explicitly to be compatible with PMD 7
[WARNING] Rule /Users/xinluo/sources/nacos/plugin-default-impl/nacos-default-control-plugin/target/pmd/rulesets/ali-comment.xml/ClassMustHaveAuthorRule does not mention attribute language='java', please mention it explicitly to be compatible with PMD 7
[WARNING] Rule /Users/xinluo/sources/nacos/plugin-default-impl/nacos-default-control-plugin/target/pmd/rulesets/ali-comment.xml/ClassMustHaveAuthorRule does not mention attribute language='java', please mention it explicitly to be compatible with PMD 7
[WARNING] Rule /Users/xinluo/sources/nacos/plugin-default-impl/nacos-default-control-plugin/target/pmd/rulesets/ali-comment.xml/EnumConstantsMustHaveCommentRule does not mention attribute language='java', please mention it explicitly to be compatible with PMD 7
[WARNING] Rule /Users/xinluo/sources/nacos/plugin-default-impl/nacos-default-control-plugin/target/pmd/rulesets/ali-comment.xml/EnumConstantsMustHaveCommentRule does not mention attribute language='java', please mention it explicitly to be compatible with PMD 7
[WARNING] Rule /Users/xinluo/sources/nacos/plugin-default-impl/nacos-default-control-plugin/target/pmd/rulesets/ali-comment.xml/AvoidCommentBehindStatementRule does not mention attribute language='java', please mention it explicitly to be compatible with PMD 7
[WARNING] Rule /Users/xinluo/sources/nacos/plugin-default-impl/nacos-default-control-plugin/target/pmd/rulesets/ali-comment.xml/AvoidCommentBehindStatementRule does not mention attribute language='java', please mention it explicitly to be compatible with PMD 7
[WARNING] Rule /Users/xinluo/sources/nacos/plugin-default-impl/nacos-default-control-plugin/target/pmd/rulesets/ali-comment.xml/RemoveCommentedCodeRule does not mention attribute language='java', please mention it explicitly to be compatible with PMD 7
[WARNING] Rule /Users/xinluo/sources/nacos/plugin-default-impl/nacos-default-control-plugin/target/pmd/rulesets/ali-comment.xml/RemoveCommentedCodeRule does not mention attribute language='java', please mention it explicitly to be compatible with PMD 7
[WARNING] Rule /Users/xinluo/sources/nacos/plugin-default-impl/nacos-default-control-plugin/target/pmd/rulesets/ali-constant.xml/UpperEllRule does not mention attribute language='java', please mention it explicitly to be compatible with PMD 7
[WARNING] Rule /Users/xinluo/sources/nacos/plugin-default-impl/nacos-default-control-plugin/target/pmd/rulesets/ali-constant.xml/UpperEllRule does not mention attribute language='java', please mention it explicitly to be compatible with PMD 7
[WARNING] Rule /Users/xinluo/sources/nacos/plugin-default-impl/nacos-default-control-plugin/target/pmd/rulesets/ali-constant.xml/UndefineMagicConstantRule does not mention attribute language='java', please mention it explicitly to be compatible with PMD 7
[WARNING] Rule /Users/xinluo/sources/nacos/plugin-default-impl/nacos-default-control-plugin/target/pmd/rulesets/ali-constant.xml/UndefineMagicConstantRule does not mention attribute language='java', please mention it explicitly to be compatible with PMD 7
[WARNING] Rule /Users/xinluo/sources/nacos/plugin-default-impl/nacos-default-control-plugin/target/pmd/rulesets/ali-set.xml/ClassCastExceptionWithToArrayRule does not mention attribute language='java', please mention it explicitly to be compatible with PMD 7
[WARNING] Rule /Users/xinluo/sources/nacos/plugin-default-impl/nacos-default-control-plugin/target/pmd/rulesets/ali-set.xml/ClassCastExceptionWithToArrayRule does not mention attribute language='java', please mention it explicitly to be compatible with PMD 7
[WARNING] Rule /Users/xinluo/sources/nacos/plugin-default-impl/nacos-default-control-plugin/target/pmd/rulesets/ali-set.xml/UnsupportedExceptionWithModifyAsListRule does not mention attribute language='java', please mention it explicitly to be compatible with PMD 7
[WARNING] Rule /Users/xinluo/sources/nacos/plugin-default-impl/nacos-default-control-plugin/target/pmd/rulesets/ali-set.xml/UnsupportedExceptionWithModifyAsListRule does not mention attribute language='java', please mention it explicitly to be compatible with PMD 7
[WARNING] Rule /Users/xinluo/sources/nacos/plugin-default-impl/nacos-default-control-plugin/target/pmd/rulesets/ali-set.xml/ClassCastExceptionWithSubListToArrayListRule does not mention attribute language='java', please mention it explicitly to be compatible with PMD 7
[WARNING] Rule /Users/xinluo/sources/nacos/plugin-default-impl/nacos-default-control-plugin/target/pmd/rulesets/ali-set.xml/ClassCastExceptionWithSubListToArrayListRule does not mention attribute language='java', please mention it explicitly to be compatible with PMD 7
[WARNING] Rule /Users/xinluo/sources/nacos/plugin-default-impl/nacos-default-control-plugin/target/pmd/rulesets/ali-set.xml/ConcurrentExceptionWithModifyOriginSubListRule does not mention attribute language='java', please mention it explicitly to be compatible with PMD 7
[WARNING] Rule /Users/xinluo/sources/nacos/plugin-default-impl/nacos-default-control-plugin/target/pmd/rulesets/ali-set.xml/ConcurrentExceptionWithModifyOriginSubListRule does not mention attribute language='java', please mention it explicitly to be compatible with PMD 7
[WARNING] Rule /Users/xinluo/sources/nacos/plugin-default-impl/nacos-default-control-plugin/target/pmd/rulesets/ali-set.xml/DontModifyInForeachCircleRule does not mention attribute language='java', please mention it explicitly to be compatible with PMD 7
[WARNING] Rule /Users/xinluo/sources/nacos/plugin-default-impl/nacos-default-control-plugin/target/pmd/rulesets/ali-set.xml/DontModifyInForeachCircleRule does not mention attribute language='java', please mention it explicitly to be compatible with PMD 7
[WARNING] Rule /Users/xinluo/sources/nacos/plugin-default-impl/nacos-default-control-plugin/target/pmd/rulesets/ali-set.xml/CollectionInitShouldAssignCapacityRule does not mention attribute language='java', please mention it explicitly to be compatible with PMD 7
[WARNING] Rule /Users/xinluo/sources/nacos/plugin-default-impl/nacos-default-control-plugin/target/pmd/rulesets/ali-set.xml/CollectionInitShouldAssignCapacityRule does not mention attribute language='java', please mention it explicitly to be compatible with PMD 7
[WARNING] Use of deprecated attribute 'ClassOrInterfaceDeclaration/@Image' by XPath rule 'BooleanPropertyShouldNotStartWithIsRule' (in ruleset 'AlibabaJavaNaming'), please use @SimpleName instead
[WARNING] Use of deprecated attribute 'ClassOrInterfaceDeclaration/@Image' by XPath rule 'BooleanPropertyShouldNotStartWithIsRule' (in ruleset 'AlibabaJavaNaming'), please use @SimpleName instead
[WARNING] Use of deprecated attribute 'LocalVariableDeclaration/@Array' by XPath rule 'ArrayNamingShouldHaveBracketRule' (in ruleset 'AlibabaJavaNaming')
[WARNING] Use of deprecated attribute 'LocalVariableDeclaration/@Array' by XPath rule 'ArrayNamingShouldHaveBracketRule' (in ruleset 'AlibabaJavaNaming')
[WARNING] Use of deprecated attribute 'ConditionalExpression/@Ternary' by XPath rule 'AvoidComplexConditionRule' (in ruleset 'AlibabaJavaFlowControl')
[WARNING] Use of deprecated attribute 'ConditionalExpression/@Ternary' by XPath rule 'AvoidComplexConditionRule' (in ruleset 'AlibabaJavaFlowControl')
[WARNING] Use of deprecated attribute 'FieldDeclaration/@Array' by XPath rule 'ArrayNamingShouldHaveBracketRule' (in ruleset 'AlibabaJavaNaming')
[WARNING] Use of deprecated attribute 'FieldDeclaration/@Array' by XPath rule 'ArrayNamingShouldHaveBracketRule' (in ruleset 'AlibabaJavaNaming')
[WARNING] Use of deprecated attribute 'Arguments/@ArgumentCount' by XPath rule 'AvoidNewDateGetTimeRule' (in ruleset 'AlibabaJavaOthers'), please use @Size instead
[WARNING] Use of deprecated attribute 'Arguments/@ArgumentCount' by XPath rule 'AvoidNewDateGetTimeRule' (in ruleset 'AlibabaJavaOthers'), please use @Size instead
[INFO] 
[INFO] <<< maven-pmd-plugin:3.16.0:check (default) < :pmd @ default-control-plugin <<<
[INFO] 
[INFO] 
[INFO] --- maven-pmd-plugin:3.16.0:check (default) @ default-control-plugin ---
[INFO] PMD version: 6.42.0
[INFO] 
[INFO] 
[INFO] --- apache-rat-plugin:0.12:check (default) @ default-control-plugin ---
[INFO] Enabled default license matchers.
[INFO] Will parse SCM ignores for exclusions...
[INFO] Finished adding exclusions from SCM ignore files.
[INFO] 61 implicit excludes (use -debug for more details).
[INFO] Exclude: .editorconfig
[INFO] Exclude: .travis.yml
[INFO] Exclude: codecov.yml
[INFO] Exclude: CONTRIBUTING.md
[INFO] Exclude: CODE_OF_CONDUCT.md
[INFO] Exclude: CHANGELOG.md
[INFO] Exclude: style/codeStyle.md
[INFO] Exclude: REPORTING-BUGS.md
[INFO] Exclude: README.md
[INFO] Exclude: .github/**/*
[INFO] Exclude: doc/*
[INFO] Exclude: derby.log
[INFO] Exclude: logs/*
[INFO] Exclude: src/main/resources/static/**
[INFO] Exclude: **/istio/model/**
[INFO] Exclude: **/consistency/entity/**
[INFO] Exclude: **/*.txt
[INFO] Exclude: **/*.factories
[INFO] Exclude: /console-ui/**
[INFO] Exclude: **/gogo.proto
[INFO] Exclude: **/any.proto
[INFO] Exclude: src/main/java/com/alibaba/nacos/common/packagescan/classreading/**
[INFO] Exclude: .flattened-pom.xml
[INFO] Exclude: **/announcement*.conf
[INFO] Exclude: **/console-guide.conf
[INFO] Exclude: **/reflect-config.json
[INFO] Exclude: **/resource-config.json
[INFO] Exclude: **/proxy-config.json
[INFO] Exclude: **/jni-config.json
[INFO] Exclude: **/predefined-classes-config.json
[INFO] Exclude: **/serialization-config.json
[INFO] Exclude: **/filter-config.json
[INFO] Exclude: **/disk_cache_test/**
[INFO] Exclude: **/failover_test/**
[INFO] Exclude: lefthook.yml
[INFO] Exclude: .vscode/**
[INFO] 10 resources included (use -debug for more details)
[INFO] Rat check: Summary over all files. Unapproved: 0, unknown: 0, generated: 0, approved: 10 licenses.
[INFO] 
[INFO] --- maven-install-plugin:2.4:install (default-install) @ default-control-plugin ---
[INFO] Installing /Users/xinluo/sources/nacos/plugin-default-impl/nacos-default-control-plugin/target/default-control-plugin-3.1.0-SNAPSHOT.jar to /var/root/.m2/repository/com/alibaba/nacos/default-control-plugin/3.1.0-SNAPSHOT/default-control-plugin-3.1.0-SNAPSHOT.jar
[INFO] Installing /Users/xinluo/sources/nacos/plugin-default-impl/nacos-default-control-plugin/.flattened-pom.xml to /var/root/.m2/repository/com/alibaba/nacos/default-control-plugin/3.1.0-SNAPSHOT/default-control-plugin-3.1.0-SNAPSHOT.pom
[INFO] Installing /Users/xinluo/sources/nacos/plugin-default-impl/nacos-default-control-plugin/target/default-control-plugin-3.1.0-SNAPSHOT-sources.jar to /var/root/.m2/repository/com/alibaba/nacos/default-control-plugin/3.1.0-SNAPSHOT/default-control-plugin-3.1.0-SNAPSHOT-sources.jar
[INFO] 
[INFO] -------------< com.alibaba.nacos:nacos-default-plugin-all >-------------
[INFO] Building nacos-default-plugin-all 3.1.0-SNAPSHOT                 [32/45]
[INFO] --------------------------------[ jar ]---------------------------------
[INFO] 
[INFO] --- maven-clean-plugin:2.5:clean (default-clean) @ nacos-default-plugin-all ---
[INFO] Deleting /Users/xinluo/sources/nacos/plugin-default-impl/nacos-default-plugin-all/target
[INFO] 
[INFO] --- easyj-maven-plugin:1.1.5:clean-simplify-pom (clean-flattened-pom) @ nacos-default-plugin-all ---
[INFO] Deleting /Users/xinluo/sources/nacos/plugin-default-impl/nacos-default-plugin-all/.flattened-pom.xml
[INFO] 
[INFO] --- maven-enforcer-plugin:3.5.0:enforce (enforce-ban-circular-dependencies) @ nacos-default-plugin-all ---
[INFO] Rule 0: org.codehaus.mojo.extraenforcer.dependencies.BanCircularDependencies passed
[INFO] 
[INFO] --- maven-checkstyle-plugin:3.1.2:check (validate) @ nacos-default-plugin-all ---
[WARNING] Old version of checkstyle detected. Consider updating to >= v8.30
[WARNING] For more information see: https://maven.apache.org/plugins/maven-checkstyle-plugin/examples/upgrading-checkstyle.html
[INFO] 开始检查……
检查完成。
[INFO] You have 0 Checkstyle violations.
[INFO] 
[INFO] --- jacoco-maven-plugin:0.8.13:prepare-agent (default-prepare-agent) @ nacos-default-plugin-all ---
[INFO] argLine set to -javaagent:/var/root/.m2/repository/org/jacoco/org.jacoco.agent/0.8.13/org.jacoco.agent-0.8.13-runtime.jar=destfile=/Users/xinluo/sources/nacos/plugin-default-impl/nacos-default-plugin-all/target/coverage-reports/jacoco-unit.exec,append=true,excludes=**/grpc/auto/**:**/packagescan/classreading/**:**/packagescan/resource/**:**/packagescan/util/**,output=file
[INFO] 
[INFO] --- build-helper-maven-plugin:3.2.0:add-source (add-source) @ nacos-default-plugin-all ---
[INFO] Source directory: /Users/xinluo/sources/nacos/plugin-default-impl/nacos-default-plugin-all/target/generated-sources/protobuf/java added.
[INFO] 
[INFO] --- maven-resources-plugin:3.0.2:resources (default-resources) @ nacos-default-plugin-all ---
[INFO] Using 'UTF-8' encoding to copy filtered resources.
[INFO] skip non existing resourceDirectory /Users/xinluo/sources/nacos/plugin-default-impl/nacos-default-plugin-all/src/main/resources
[INFO] 
[INFO] --- maven-compiler-plugin:3.5.1:compile (default-compile) @ nacos-default-plugin-all ---
[INFO] No sources to compile
[INFO] 
[INFO] --- maven-resources-plugin:3.0.2:testResources (default-testResources) @ nacos-default-plugin-all ---
[INFO] Using 'UTF-8' encoding to copy filtered resources.
[INFO] skip non existing resourceDirectory /Users/xinluo/sources/nacos/plugin-default-impl/nacos-default-plugin-all/src/test/resources
[INFO] 
[INFO] --- maven-compiler-plugin:3.5.1:testCompile (default-testCompile) @ nacos-default-plugin-all ---
[INFO] No sources to compile
[INFO] 
[INFO] --- maven-surefire-plugin:3.2.5:test (default-test) @ nacos-default-plugin-all ---
[INFO] No tests to run.
[INFO] 
[INFO] --- jacoco-maven-plugin:0.8.13:report (default-report) @ nacos-default-plugin-all ---
[INFO] Skipping JaCoCo execution due to missing execution data file.
[INFO] 
[INFO] --- easyj-maven-plugin:1.1.5:simplify-pom (flatten-pom) @ nacos-default-plugin-all ---
[INFO] Create PomSimplifier by mode: auto
[INFO] Set mode to 'shade', because the artifactId "nacos-default-plugin-all".endsWith("-all").
[INFO] The simplify mode is: SHADE
[INFO] Do simplify by the POM simplifier: ShadeJarPomSimplifier
[INFO] 
[INFO] ==================================  start simplify  ==================================
[INFO] Remove Parent.
[INFO] Set GroupId from 'null' to 'com.alibaba.nacos'.
[INFO] Set Version from 'null' to '3.1.0-SNAPSHOT'.
[INFO] The '<name>' is required when uploading OSSRH. (nacos-default-plugin-all)
[INFO] Set Name to the default value 'com.alibaba.nacos :: nacos-default-plugin-all'.
[WARNING] The '<description>' is required when uploading OSSRH. Please set a value immediately.
[INFO] -------------------------------------------
[INFO] Copy project info from parent:
[INFO]    Copy InceptionYear.
[INFO]    Copy MailingLists.
[INFO] -------------------------------------------
[INFO] Copy project info from parent for the open source project:
[INFO]    Copy Url.
[INFO]    Copy Licenses.
[INFO]    Copy Developers.
[INFO]    Copy Scm.
[INFO]    Copy Organization.
[INFO]    Copy IssueManagement.
[INFO] -------------------------------------------
[INFO] -------------------------------------------
[WARNING] The '<description>' is required when uploading OSSRH. Please set a value immediately.
[INFO] -------------------------------------------
[INFO] Reset dependencies: groupId, version, exclusions (Contains 2 dependencies)
[INFO]   Reset dependency: [com.alibaba.nacos:default-auth-plugin:${project.version}] -> [com.alibaba.nacos:default-auth-plugin:3.1.0-SNAPSHOT]
[INFO]   Reset dependency: [com.alibaba.nacos:default-control-plugin:${project.version}] -> [com.alibaba.nacos:default-control-plugin:3.1.0-SNAPSHOT]
[INFO] Remaining 2 dependencies.
[INFO] -------------------------------------------
[INFO] -------------------------------------------
[INFO] Optimize Dependencies: (2)
[INFO]  - Optimize with 'replaceVariable'
[INFO] ==================================   end  simplify  ==================================
[INFO] 
[INFO] Create the POM file '.flattened-pom.xml'.
[INFO] Set the POM file '.flattened-pom.xml' to the project object.
[INFO] 
[INFO] --- maven-jar-plugin:3.2.2:jar (default-jar) @ nacos-default-plugin-all ---
[WARNING] JAR will be empty - no content was marked for inclusion!
[INFO] Building jar: /Users/xinluo/sources/nacos/plugin-default-impl/nacos-default-plugin-all/target/nacos-default-plugin-all-3.1.0-SNAPSHOT.jar
[INFO] 
[INFO] --- maven-javadoc-plugin:2.10.4:jar (attach-javadocs) @ nacos-default-plugin-all ---
[INFO] Skipping javadoc generation
[INFO] 
[INFO] >>> maven-source-plugin:3.0.1:jar (attach-sources) > generate-sources @ nacos-default-plugin-all >>>
[INFO] 
[INFO] --- maven-enforcer-plugin:3.5.0:enforce (enforce-ban-circular-dependencies) @ nacos-default-plugin-all ---
[INFO] Rule 0: org.codehaus.mojo.extraenforcer.dependencies.BanCircularDependencies passed
[INFO] 
[INFO] --- maven-checkstyle-plugin:3.1.2:check (validate) @ nacos-default-plugin-all ---
[WARNING] Old version of checkstyle detected. Consider updating to >= v8.30
[WARNING] For more information see: https://maven.apache.org/plugins/maven-checkstyle-plugin/examples/upgrading-checkstyle.html
[INFO] 开始检查……
检查完成。
[INFO] You have 0 Checkstyle violations.
[INFO] 
[INFO] --- jacoco-maven-plugin:0.8.13:prepare-agent (default-prepare-agent) @ nacos-default-plugin-all ---
[INFO] argLine set to -javaagent:/var/root/.m2/repository/org/jacoco/org.jacoco.agent/0.8.13/org.jacoco.agent-0.8.13-runtime.jar=destfile=/Users/xinluo/sources/nacos/plugin-default-impl/nacos-default-plugin-all/target/coverage-reports/jacoco-unit.exec,append=true,excludes=**/grpc/auto/**:**/packagescan/classreading/**:**/packagescan/resource/**:**/packagescan/util/**,output=file
[INFO] 
[INFO] --- build-helper-maven-plugin:3.2.0:add-source (add-source) @ nacos-default-plugin-all ---
[INFO] Source directory: /Users/xinluo/sources/nacos/plugin-default-impl/nacos-default-plugin-all/target/generated-sources/protobuf/java added.
[INFO] 
[INFO] <<< maven-source-plugin:3.0.1:jar (attach-sources) < generate-sources @ nacos-default-plugin-all <<<
[INFO] 
[INFO] 
[INFO] --- maven-source-plugin:3.0.1:jar (attach-sources) @ nacos-default-plugin-all ---
[INFO] No sources in project. Archive not created.
[INFO] 
[INFO] >>> maven-pmd-plugin:3.16.0:check (default) > :pmd @ nacos-default-plugin-all >>>
[INFO] 
[INFO] --- maven-pmd-plugin:3.16.0:pmd (pmd) @ nacos-default-plugin-all ---
[INFO] PMD version: 6.42.0
[WARNING] Rule /Users/xinluo/sources/nacos/plugin-default-impl/nacos-default-plugin-all/target/pmd/rulesets/ali-comment.xml/CommentsMustBeJavadocFormatRule does not mention attribute language='java', please mention it explicitly to be compatible with PMD 7
[WARNING] Rule /Users/xinluo/sources/nacos/plugin-default-impl/nacos-default-plugin-all/target/pmd/rulesets/ali-comment.xml/CommentsMustBeJavadocFormatRule does not mention attribute language='java', please mention it explicitly to be compatible with PMD 7
[WARNING] Rule /Users/xinluo/sources/nacos/plugin-default-impl/nacos-default-plugin-all/target/pmd/rulesets/ali-comment.xml/AbstractMethodOrInterfaceMethodMustUseJavadocRule does not mention attribute language='java', please mention it explicitly to be compatible with PMD 7
[WARNING] Rule /Users/xinluo/sources/nacos/plugin-default-impl/nacos-default-plugin-all/target/pmd/rulesets/ali-comment.xml/AbstractMethodOrInterfaceMethodMustUseJavadocRule does not mention attribute language='java', please mention it explicitly to be compatible with PMD 7
[WARNING] Rule /Users/xinluo/sources/nacos/plugin-default-impl/nacos-default-plugin-all/target/pmd/rulesets/ali-comment.xml/ClassMustHaveAuthorRule does not mention attribute language='java', please mention it explicitly to be compatible with PMD 7
[WARNING] Rule /Users/xinluo/sources/nacos/plugin-default-impl/nacos-default-plugin-all/target/pmd/rulesets/ali-comment.xml/ClassMustHaveAuthorRule does not mention attribute language='java', please mention it explicitly to be compatible with PMD 7
[WARNING] Rule /Users/xinluo/sources/nacos/plugin-default-impl/nacos-default-plugin-all/target/pmd/rulesets/ali-comment.xml/EnumConstantsMustHaveCommentRule does not mention attribute language='java', please mention it explicitly to be compatible with PMD 7
[WARNING] Rule /Users/xinluo/sources/nacos/plugin-default-impl/nacos-default-plugin-all/target/pmd/rulesets/ali-comment.xml/EnumConstantsMustHaveCommentRule does not mention attribute language='java', please mention it explicitly to be compatible with PMD 7
[WARNING] Rule /Users/xinluo/sources/nacos/plugin-default-impl/nacos-default-plugin-all/target/pmd/rulesets/ali-comment.xml/AvoidCommentBehindStatementRule does not mention attribute language='java', please mention it explicitly to be compatible with PMD 7
[WARNING] Rule /Users/xinluo/sources/nacos/plugin-default-impl/nacos-default-plugin-all/target/pmd/rulesets/ali-comment.xml/AvoidCommentBehindStatementRule does not mention attribute language='java', please mention it explicitly to be compatible with PMD 7
[WARNING] Rule /Users/xinluo/sources/nacos/plugin-default-impl/nacos-default-plugin-all/target/pmd/rulesets/ali-comment.xml/RemoveCommentedCodeRule does not mention attribute language='java', please mention it explicitly to be compatible with PMD 7
[WARNING] Rule /Users/xinluo/sources/nacos/plugin-default-impl/nacos-default-plugin-all/target/pmd/rulesets/ali-comment.xml/RemoveCommentedCodeRule does not mention attribute language='java', please mention it explicitly to be compatible with PMD 7
[WARNING] Rule /Users/xinluo/sources/nacos/plugin-default-impl/nacos-default-plugin-all/target/pmd/rulesets/ali-constant.xml/UpperEllRule does not mention attribute language='java', please mention it explicitly to be compatible with PMD 7
[WARNING] Rule /Users/xinluo/sources/nacos/plugin-default-impl/nacos-default-plugin-all/target/pmd/rulesets/ali-constant.xml/UpperEllRule does not mention attribute language='java', please mention it explicitly to be compatible with PMD 7
[WARNING] Rule /Users/xinluo/sources/nacos/plugin-default-impl/nacos-default-plugin-all/target/pmd/rulesets/ali-constant.xml/UndefineMagicConstantRule does not mention attribute language='java', please mention it explicitly to be compatible with PMD 7
[WARNING] Rule /Users/xinluo/sources/nacos/plugin-default-impl/nacos-default-plugin-all/target/pmd/rulesets/ali-constant.xml/UndefineMagicConstantRule does not mention attribute language='java', please mention it explicitly to be compatible with PMD 7
[WARNING] Rule /Users/xinluo/sources/nacos/plugin-default-impl/nacos-default-plugin-all/target/pmd/rulesets/ali-set.xml/ClassCastExceptionWithToArrayRule does not mention attribute language='java', please mention it explicitly to be compatible with PMD 7
[WARNING] Rule /Users/xinluo/sources/nacos/plugin-default-impl/nacos-default-plugin-all/target/pmd/rulesets/ali-set.xml/ClassCastExceptionWithToArrayRule does not mention attribute language='java', please mention it explicitly to be compatible with PMD 7
[WARNING] Rule /Users/xinluo/sources/nacos/plugin-default-impl/nacos-default-plugin-all/target/pmd/rulesets/ali-set.xml/UnsupportedExceptionWithModifyAsListRule does not mention attribute language='java', please mention it explicitly to be compatible with PMD 7
[WARNING] Rule /Users/xinluo/sources/nacos/plugin-default-impl/nacos-default-plugin-all/target/pmd/rulesets/ali-set.xml/UnsupportedExceptionWithModifyAsListRule does not mention attribute language='java', please mention it explicitly to be compatible with PMD 7
[WARNING] Rule /Users/xinluo/sources/nacos/plugin-default-impl/nacos-default-plugin-all/target/pmd/rulesets/ali-set.xml/ClassCastExceptionWithSubListToArrayListRule does not mention attribute language='java', please mention it explicitly to be compatible with PMD 7
[WARNING] Rule /Users/xinluo/sources/nacos/plugin-default-impl/nacos-default-plugin-all/target/pmd/rulesets/ali-set.xml/ClassCastExceptionWithSubListToArrayListRule does not mention attribute language='java', please mention it explicitly to be compatible with PMD 7
[WARNING] Rule /Users/xinluo/sources/nacos/plugin-default-impl/nacos-default-plugin-all/target/pmd/rulesets/ali-set.xml/ConcurrentExceptionWithModifyOriginSubListRule does not mention attribute language='java', please mention it explicitly to be compatible with PMD 7
[WARNING] Rule /Users/xinluo/sources/nacos/plugin-default-impl/nacos-default-plugin-all/target/pmd/rulesets/ali-set.xml/ConcurrentExceptionWithModifyOriginSubListRule does not mention attribute language='java', please mention it explicitly to be compatible with PMD 7
[WARNING] Rule /Users/xinluo/sources/nacos/plugin-default-impl/nacos-default-plugin-all/target/pmd/rulesets/ali-set.xml/DontModifyInForeachCircleRule does not mention attribute language='java', please mention it explicitly to be compatible with PMD 7
[WARNING] Rule /Users/xinluo/sources/nacos/plugin-default-impl/nacos-default-plugin-all/target/pmd/rulesets/ali-set.xml/DontModifyInForeachCircleRule does not mention attribute language='java', please mention it explicitly to be compatible with PMD 7
[WARNING] Rule /Users/xinluo/sources/nacos/plugin-default-impl/nacos-default-plugin-all/target/pmd/rulesets/ali-set.xml/CollectionInitShouldAssignCapacityRule does not mention attribute language='java', please mention it explicitly to be compatible with PMD 7
[WARNING] Rule /Users/xinluo/sources/nacos/plugin-default-impl/nacos-default-plugin-all/target/pmd/rulesets/ali-set.xml/CollectionInitShouldAssignCapacityRule does not mention attribute language='java', please mention it explicitly to be compatible with PMD 7
[INFO] 
[INFO] <<< maven-pmd-plugin:3.16.0:check (default) < :pmd @ nacos-default-plugin-all <<<
[INFO] 
[INFO] 
[INFO] --- maven-pmd-plugin:3.16.0:check (default) @ nacos-default-plugin-all ---
[INFO] PMD version: 6.42.0
[INFO] 
[INFO] 
[INFO] --- apache-rat-plugin:0.12:check (default) @ nacos-default-plugin-all ---
[INFO] Enabled default license matchers.
[INFO] Will parse SCM ignores for exclusions...
[INFO] Finished adding exclusions from SCM ignore files.
[INFO] 61 implicit excludes (use -debug for more details).
[INFO] Exclude: .editorconfig
[INFO] Exclude: .travis.yml
[INFO] Exclude: codecov.yml
[INFO] Exclude: CONTRIBUTING.md
[INFO] Exclude: CODE_OF_CONDUCT.md
[INFO] Exclude: CHANGELOG.md
[INFO] Exclude: style/codeStyle.md
[INFO] Exclude: REPORTING-BUGS.md
[INFO] Exclude: README.md
[INFO] Exclude: .github/**/*
[INFO] Exclude: doc/*
[INFO] Exclude: derby.log
[INFO] Exclude: logs/*
[INFO] Exclude: src/main/resources/static/**
[INFO] Exclude: **/istio/model/**
[INFO] Exclude: **/consistency/entity/**
[INFO] Exclude: **/*.txt
[INFO] Exclude: **/*.factories
[INFO] Exclude: /console-ui/**
[INFO] Exclude: **/gogo.proto
[INFO] Exclude: **/any.proto
[INFO] Exclude: src/main/java/com/alibaba/nacos/common/packagescan/classreading/**
[INFO] Exclude: .flattened-pom.xml
[INFO] Exclude: **/announcement*.conf
[INFO] Exclude: **/console-guide.conf
[INFO] Exclude: **/reflect-config.json
[INFO] Exclude: **/resource-config.json
[INFO] Exclude: **/proxy-config.json
[INFO] Exclude: **/jni-config.json
[INFO] Exclude: **/predefined-classes-config.json
[INFO] Exclude: **/serialization-config.json
[INFO] Exclude: **/filter-config.json
[INFO] Exclude: **/disk_cache_test/**
[INFO] Exclude: **/failover_test/**
[INFO] Exclude: lefthook.yml
[INFO] Exclude: .vscode/**
[INFO] 1 resources included (use -debug for more details)
[INFO] Rat check: Summary over all files. Unapproved: 0, unknown: 0, generated: 0, approved: 1 licenses.
[INFO] 
[INFO] --- maven-install-plugin:2.4:install (default-install) @ nacos-default-plugin-all ---
[INFO] Installing /Users/xinluo/sources/nacos/plugin-default-impl/nacos-default-plugin-all/target/nacos-default-plugin-all-3.1.0-SNAPSHOT.jar to /var/root/.m2/repository/com/alibaba/nacos/nacos-default-plugin-all/3.1.0-SNAPSHOT/nacos-default-plugin-all-3.1.0-SNAPSHOT.jar
[INFO] Installing /Users/xinluo/sources/nacos/plugin-default-impl/nacos-default-plugin-all/.flattened-pom.xml to /var/root/.m2/repository/com/alibaba/nacos/nacos-default-plugin-all/3.1.0-SNAPSHOT/nacos-default-plugin-all-3.1.0-SNAPSHOT.pom
[INFO] 
[INFO] -------------------< com.alibaba.nacos:nacos-istio >--------------------
[INFO] Building nacos-istio 3.1.0-SNAPSHOT 3.1.0-SNAPSHOT               [33/45]
[INFO] --------------------------------[ jar ]---------------------------------
[INFO] 
[INFO] --- maven-clean-plugin:2.5:clean (default-clean) @ nacos-istio ---
[INFO] Deleting /Users/xinluo/sources/nacos/istio/target
[INFO] 
[INFO] --- easyj-maven-plugin:1.1.5:clean-simplify-pom (clean-flattened-pom) @ nacos-istio ---
[INFO] Deleting /Users/xinluo/sources/nacos/istio/.flattened-pom.xml
[INFO] 
[INFO] --- maven-enforcer-plugin:3.5.0:enforce (enforce-ban-circular-dependencies) @ nacos-istio ---
[INFO] Rule 0: org.codehaus.mojo.extraenforcer.dependencies.BanCircularDependencies passed
[INFO] 
[INFO] --- maven-checkstyle-plugin:3.1.2:check (validate) @ nacos-istio ---
[WARNING] Old version of checkstyle detected. Consider updating to >= v8.30
[WARNING] For more information see: https://maven.apache.org/plugins/maven-checkstyle-plugin/examples/upgrading-checkstyle.html
[INFO] 开始检查……
检查完成。
[INFO] You have 0 Checkstyle violations.
[INFO] 
[INFO] --- jacoco-maven-plugin:0.8.13:prepare-agent (default-prepare-agent) @ nacos-istio ---
[INFO] argLine set to -javaagent:/var/root/.m2/repository/org/jacoco/org.jacoco.agent/0.8.13/org.jacoco.agent-0.8.13-runtime.jar=destfile=/Users/xinluo/sources/nacos/istio/target/coverage-reports/jacoco-unit.exec,append=true,excludes=**/grpc/auto/**:**/packagescan/classreading/**:**/packagescan/resource/**:**/packagescan/util/**,output=file
[INFO] 
[INFO] --- build-helper-maven-plugin:3.2.0:add-source (add-source) @ nacos-istio ---
[INFO] Source directory: /Users/xinluo/sources/nacos/istio/target/generated-sources/protobuf/java added.
[INFO] 
[INFO] --- protobuf-maven-plugin:0.6.1:compile (default) @ nacos-istio ---
[INFO] Compiling 13 proto file(s) to /Users/xinluo/sources/nacos/istio/target/generated-sources/protobuf/java
[WARNING] PROTOC: networking/v1alpha3/destination_rule.proto:20:1: warning: Import gogoproto/gogo.proto is unused.
networking/v1alpha3/sidecar.proto:20:1: warning: Import networking/v1alpha3/destination_rule.proto is unused.

[INFO] 
[INFO] --- protobuf-maven-plugin:0.6.1:compile-custom (default) @ nacos-istio ---
[INFO] Compiling 13 proto file(s) to /Users/xinluo/sources/nacos/istio/target/generated-sources/protobuf/grpc-java
[WARNING] PROTOC: networking/v1alpha3/destination_rule.proto:20:1: warning: Import gogoproto/gogo.proto is unused.
networking/v1alpha3/sidecar.proto:20:1: warning: Import networking/v1alpha3/destination_rule.proto is unused.

[INFO] 
[INFO] --- maven-resources-plugin:3.0.2:resources (default-resources) @ nacos-istio ---
[INFO] Using 'UTF-8' encoding to copy filtered resources.
[INFO] Copying 15 resources
[INFO] Copying 13 resources
[INFO] Copying 13 resources
[INFO] 
[INFO] --- maven-compiler-plugin:3.5.1:compile (default-compile) @ nacos-istio ---
[INFO] Changes detected - recompiling the module!
[INFO] Compiling 58 source files to /Users/xinluo/sources/nacos/istio/target/classes
[WARNING] 未与 -source 17 一起设置系统模块路径
[INFO] 
[INFO] --- maven-resources-plugin:3.0.2:testResources (default-testResources) @ nacos-istio ---
[INFO] Using 'UTF-8' encoding to copy filtered resources.
[INFO] skip non existing resourceDirectory /Users/xinluo/sources/nacos/istio/src/test/resources
[INFO] 
[INFO] --- maven-compiler-plugin:3.5.1:testCompile (default-testCompile) @ nacos-istio ---
[INFO] Changes detected - recompiling the module!
[INFO] Compiling 1 source file to /Users/xinluo/sources/nacos/istio/target/test-classes
[WARNING] 未与 -source 17 一起设置系统模块路径
[INFO] 
[INFO] --- maven-surefire-plugin:3.2.5:test (default-test) @ nacos-istio ---
[INFO] Surefire report directory: /Users/xinluo/sources/nacos/istio/target/surefire-reports
[INFO] Using auto detected provider org.apache.maven.surefire.junitplatform.JUnitPlatformProvider
[INFO] 
[INFO] -------------------------------------------------------
[INFO]  T E S T S
[INFO] -------------------------------------------------------
[INFO] Running com.alibaba.nacos.istio.config.IstioEnabledFilterTest
17:56:30.042 [main] WARN com.alibaba.nacos.istio.config.IstioEnabledFilter -- Istio module disabled because set nacos.extension.naming.istio.enabled as false
17:56:30.045 [main] WARN com.alibaba.nacos.istio.config.IstioEnabledFilter -- Istio module disabled because function mode is config, and Istio depend naming module
17:56:30.047 [main] WARN com.alibaba.nacos.istio.config.IstioEnabledFilter -- Istio module disabled because set nacos.extension.naming.istio.enabled as false
[INFO] Tests run: 5, Failures: 0, Errors: 0, Skipped: 0, Time elapsed: 0.105 s -- in com.alibaba.nacos.istio.config.IstioEnabledFilterTest
[INFO] 
[INFO] Results:
[INFO] 
[INFO] Tests run: 5, Failures: 0, Errors: 0, Skipped: 0
[INFO] 
[INFO] 
[INFO] --- jacoco-maven-plugin:0.8.13:report (default-report) @ nacos-istio ---
[INFO] Loading execution data file /Users/xinluo/sources/nacos/istio/target/coverage-reports/jacoco-unit.exec
[INFO] Analyzed bundle 'nacos-istio 3.1.0-SNAPSHOT' with 418 classes
[INFO] 
[INFO] --- easyj-maven-plugin:1.1.5:simplify-pom (flatten-pom) @ nacos-istio ---
[INFO] Create PomSimplifier by mode: auto
[INFO] The simplify mode is: JAR
[INFO] Do simplify by the POM simplifier: JarPomSimplifier
[INFO] 
[INFO] ==================================  start simplify  ==================================
[INFO] Remove Parent.
[INFO] Set GroupId from 'null' to 'com.alibaba.nacos'.
[INFO] Set Version from 'null' to '3.1.0-SNAPSHOT'.
[INFO] Set Name from 'nacos-istio ${project.version}' to 'nacos-istio 3.1.0-SNAPSHOT'.
[WARNING] The '<description>' is required when uploading OSSRH. Please set a value immediately.
[INFO] -------------------------------------------
[INFO] Copy project info from parent for the open source project:
[INFO]    Copy Licenses.
[INFO]    Copy Developers.
[INFO]    Copy Scm.
[INFO]    Copy Organization.
[INFO]    Copy IssueManagement.
[INFO] -------------------------------------------
[INFO] -------------------------------------------
[INFO] Reset dependencies: groupId, version, exclusions (Contains 12 dependencies)
[INFO]   Reset dependency: [${project.groupId}:nacos-api:null] -> [com.alibaba.nacos:nacos-api:3.1.0-SNAPSHOT]
[INFO]   Reset dependency: [${project.groupId}:nacos-client:null] -> [com.alibaba.nacos:nacos-client:3.1.0-SNAPSHOT]
[INFO]   Reset dependency: [${project.groupId}:nacos-config:null] -> [com.alibaba.nacos:nacos-config:3.1.0-SNAPSHOT]
[INFO]   Reset dependency: [${project.groupId}:nacos-naming:null] -> [com.alibaba.nacos:nacos-naming:3.1.0-SNAPSHOT]
[INFO]   Reset dependency: [${project.groupId}:nacos-core:null] -> [com.alibaba.nacos:nacos-core:3.1.0-SNAPSHOT]
[INFO]   Reset dependency: [io.grpc:grpc-netty-shaded:null] -> [io.grpc:grpc-netty-shaded:1.75.0]
[INFO]   Reset dependency: [io.grpc:grpc-protobuf:null] -> [io.grpc:grpc-protobuf:1.75.0]
[INFO]   Reset dependency: [io.grpc:grpc-stub:null] -> [io.grpc:grpc-stub:1.75.0]
[INFO]   Reset dependency: [com.google.api.grpc:proto-google-common-protos:null] -> [com.google.api.grpc:proto-google-common-protos:2.17.0]
[INFO]   Reset dependency: [com.google.protobuf:protobuf-java:null] -> [com.google.protobuf:protobuf-java:3.25.5]
[INFO]   Reset dependency: [io.envoyproxy.controlplane:api:0.1.27] -> [io.envoyproxy.controlplane:api:0.1.27]
[INFO]   Remove dependency by scope=test: [org.springframework.boot:spring-boot-starter-test:3.4.9:test]
[INFO] Remaining 11 dependencies.
[INFO] -------------------------------------------
[INFO] Remove Build.
[INFO] -------------------------------------------
[INFO] Optimize Dependencies: (11)
[INFO]  - Optimize with 'replaceVariable'
[INFO] ==================================   end  simplify  ==================================
[INFO] 
[INFO] Create the POM file '.flattened-pom.xml'.
[INFO] Set the POM file '.flattened-pom.xml' to the project object.
[INFO] 
[INFO] --- maven-jar-plugin:3.2.2:jar (default-jar) @ nacos-istio ---
[INFO] Building jar: /Users/xinluo/sources/nacos/istio/target/nacos-istio-3.1.0-SNAPSHOT.jar
[INFO] 
[INFO] --- maven-javadoc-plugin:2.10.4:jar (attach-javadocs) @ nacos-istio ---
[INFO] Skipping javadoc generation
[INFO] 
[INFO] >>> maven-source-plugin:3.0.1:jar (attach-sources) > generate-sources @ nacos-istio >>>
[INFO] 
[INFO] --- maven-enforcer-plugin:3.5.0:enforce (enforce-ban-circular-dependencies) @ nacos-istio ---
[INFO] Rule 0: org.codehaus.mojo.extraenforcer.dependencies.BanCircularDependencies passed
[INFO] 
[INFO] --- maven-checkstyle-plugin:3.1.2:check (validate) @ nacos-istio ---
[WARNING] Old version of checkstyle detected. Consider updating to >= v8.30
[WARNING] For more information see: https://maven.apache.org/plugins/maven-checkstyle-plugin/examples/upgrading-checkstyle.html
[INFO] 开始检查……
检查完成。
[INFO] You have 0 Checkstyle violations.
[INFO] 
[INFO] --- jacoco-maven-plugin:0.8.13:prepare-agent (default-prepare-agent) @ nacos-istio ---
[INFO] argLine set to -javaagent:/var/root/.m2/repository/org/jacoco/org.jacoco.agent/0.8.13/org.jacoco.agent-0.8.13-runtime.jar=destfile=/Users/xinluo/sources/nacos/istio/target/coverage-reports/jacoco-unit.exec,append=true,excludes=**/grpc/auto/**:**/packagescan/classreading/**:**/packagescan/resource/**:**/packagescan/util/**,output=file
[INFO] 
[INFO] --- build-helper-maven-plugin:3.2.0:add-source (add-source) @ nacos-istio ---
[INFO] Source directory: /Users/xinluo/sources/nacos/istio/target/generated-sources/protobuf/java added.
[INFO] 
[INFO] --- protobuf-maven-plugin:0.6.1:compile (default) @ nacos-istio ---
[INFO] Skipping compilation because target directory newer than sources.
[INFO] 
[INFO] --- protobuf-maven-plugin:0.6.1:compile-custom (default) @ nacos-istio ---
[INFO] Skipping compilation because target directory newer than sources.
[INFO] 
[INFO] <<< maven-source-plugin:3.0.1:jar (attach-sources) < generate-sources @ nacos-istio <<<
[INFO] 
[INFO] 
[INFO] --- maven-source-plugin:3.0.1:jar (attach-sources) @ nacos-istio ---
[INFO] Building jar: /Users/xinluo/sources/nacos/istio/target/nacos-istio-3.1.0-SNAPSHOT-sources.jar
[INFO] 
[INFO] >>> maven-pmd-plugin:3.16.0:check (default) > :pmd @ nacos-istio >>>
[INFO] 
[INFO] --- maven-pmd-plugin:3.16.0:pmd (pmd) @ nacos-istio ---
[WARNING] Unable to locate Source XRef to link to - DISABLED
[WARNING] Unable to locate Source XRef to link to - DISABLED
[WARNING] Unable to locate Source XRef to link to - DISABLED
[WARNING] Unable to locate Source XRef to link to - DISABLED
[INFO] PMD version: 6.42.0
[WARNING] Rule /Users/xinluo/sources/nacos/istio/target/pmd/rulesets/ali-comment.xml/CommentsMustBeJavadocFormatRule does not mention attribute language='java', please mention it explicitly to be compatible with PMD 7
[WARNING] Rule /Users/xinluo/sources/nacos/istio/target/pmd/rulesets/ali-comment.xml/CommentsMustBeJavadocFormatRule does not mention attribute language='java', please mention it explicitly to be compatible with PMD 7
[WARNING] Rule /Users/xinluo/sources/nacos/istio/target/pmd/rulesets/ali-comment.xml/CommentsMustBeJavadocFormatRule does not mention attribute language='java', please mention it explicitly to be compatible with PMD 7
[WARNING] Rule /Users/xinluo/sources/nacos/istio/target/pmd/rulesets/ali-comment.xml/AbstractMethodOrInterfaceMethodMustUseJavadocRule does not mention attribute language='java', please mention it explicitly to be compatible with PMD 7
[WARNING] Rule /Users/xinluo/sources/nacos/istio/target/pmd/rulesets/ali-comment.xml/AbstractMethodOrInterfaceMethodMustUseJavadocRule does not mention attribute language='java', please mention it explicitly to be compatible with PMD 7
[WARNING] Rule /Users/xinluo/sources/nacos/istio/target/pmd/rulesets/ali-comment.xml/AbstractMethodOrInterfaceMethodMustUseJavadocRule does not mention attribute language='java', please mention it explicitly to be compatible with PMD 7
[WARNING] Rule /Users/xinluo/sources/nacos/istio/target/pmd/rulesets/ali-comment.xml/ClassMustHaveAuthorRule does not mention attribute language='java', please mention it explicitly to be compatible with PMD 7
[WARNING] Rule /Users/xinluo/sources/nacos/istio/target/pmd/rulesets/ali-comment.xml/ClassMustHaveAuthorRule does not mention attribute language='java', please mention it explicitly to be compatible with PMD 7
[WARNING] Rule /Users/xinluo/sources/nacos/istio/target/pmd/rulesets/ali-comment.xml/ClassMustHaveAuthorRule does not mention attribute language='java', please mention it explicitly to be compatible with PMD 7
[WARNING] Rule /Users/xinluo/sources/nacos/istio/target/pmd/rulesets/ali-comment.xml/EnumConstantsMustHaveCommentRule does not mention attribute language='java', please mention it explicitly to be compatible with PMD 7
[WARNING] Rule /Users/xinluo/sources/nacos/istio/target/pmd/rulesets/ali-comment.xml/EnumConstantsMustHaveCommentRule does not mention attribute language='java', please mention it explicitly to be compatible with PMD 7
[WARNING] Rule /Users/xinluo/sources/nacos/istio/target/pmd/rulesets/ali-comment.xml/EnumConstantsMustHaveCommentRule does not mention attribute language='java', please mention it explicitly to be compatible with PMD 7
[WARNING] Rule /Users/xinluo/sources/nacos/istio/target/pmd/rulesets/ali-comment.xml/AvoidCommentBehindStatementRule does not mention attribute language='java', please mention it explicitly to be compatible with PMD 7
[WARNING] Rule /Users/xinluo/sources/nacos/istio/target/pmd/rulesets/ali-comment.xml/AvoidCommentBehindStatementRule does not mention attribute language='java', please mention it explicitly to be compatible with PMD 7
[WARNING] Rule /Users/xinluo/sources/nacos/istio/target/pmd/rulesets/ali-comment.xml/AvoidCommentBehindStatementRule does not mention attribute language='java', please mention it explicitly to be compatible with PMD 7
[WARNING] Rule /Users/xinluo/sources/nacos/istio/target/pmd/rulesets/ali-comment.xml/RemoveCommentedCodeRule does not mention attribute language='java', please mention it explicitly to be compatible with PMD 7
[WARNING] Rule /Users/xinluo/sources/nacos/istio/target/pmd/rulesets/ali-comment.xml/RemoveCommentedCodeRule does not mention attribute language='java', please mention it explicitly to be compatible with PMD 7
[WARNING] Rule /Users/xinluo/sources/nacos/istio/target/pmd/rulesets/ali-comment.xml/RemoveCommentedCodeRule does not mention attribute language='java', please mention it explicitly to be compatible with PMD 7
[WARNING] Rule /Users/xinluo/sources/nacos/istio/target/pmd/rulesets/ali-constant.xml/UpperEllRule does not mention attribute language='java', please mention it explicitly to be compatible with PMD 7
[WARNING] Rule /Users/xinluo/sources/nacos/istio/target/pmd/rulesets/ali-constant.xml/UpperEllRule does not mention attribute language='java', please mention it explicitly to be compatible with PMD 7
[WARNING] Rule /Users/xinluo/sources/nacos/istio/target/pmd/rulesets/ali-constant.xml/UpperEllRule does not mention attribute language='java', please mention it explicitly to be compatible with PMD 7
[WARNING] Rule /Users/xinluo/sources/nacos/istio/target/pmd/rulesets/ali-constant.xml/UndefineMagicConstantRule does not mention attribute language='java', please mention it explicitly to be compatible with PMD 7
[WARNING] Rule /Users/xinluo/sources/nacos/istio/target/pmd/rulesets/ali-constant.xml/UndefineMagicConstantRule does not mention attribute language='java', please mention it explicitly to be compatible with PMD 7
[WARNING] Rule /Users/xinluo/sources/nacos/istio/target/pmd/rulesets/ali-constant.xml/UndefineMagicConstantRule does not mention attribute language='java', please mention it explicitly to be compatible with PMD 7
[WARNING] Rule /Users/xinluo/sources/nacos/istio/target/pmd/rulesets/ali-set.xml/ClassCastExceptionWithToArrayRule does not mention attribute language='java', please mention it explicitly to be compatible with PMD 7
[WARNING] Rule /Users/xinluo/sources/nacos/istio/target/pmd/rulesets/ali-set.xml/ClassCastExceptionWithToArrayRule does not mention attribute language='java', please mention it explicitly to be compatible with PMD 7
[WARNING] Rule /Users/xinluo/sources/nacos/istio/target/pmd/rulesets/ali-set.xml/ClassCastExceptionWithToArrayRule does not mention attribute language='java', please mention it explicitly to be compatible with PMD 7
[WARNING] Rule /Users/xinluo/sources/nacos/istio/target/pmd/rulesets/ali-set.xml/UnsupportedExceptionWithModifyAsListRule does not mention attribute language='java', please mention it explicitly to be compatible with PMD 7
[WARNING] Rule /Users/xinluo/sources/nacos/istio/target/pmd/rulesets/ali-set.xml/UnsupportedExceptionWithModifyAsListRule does not mention attribute language='java', please mention it explicitly to be compatible with PMD 7
[WARNING] Rule /Users/xinluo/sources/nacos/istio/target/pmd/rulesets/ali-set.xml/UnsupportedExceptionWithModifyAsListRule does not mention attribute language='java', please mention it explicitly to be compatible with PMD 7
[WARNING] Rule /Users/xinluo/sources/nacos/istio/target/pmd/rulesets/ali-set.xml/ClassCastExceptionWithSubListToArrayListRule does not mention attribute language='java', please mention it explicitly to be compatible with PMD 7
[WARNING] Rule /Users/xinluo/sources/nacos/istio/target/pmd/rulesets/ali-set.xml/ClassCastExceptionWithSubListToArrayListRule does not mention attribute language='java', please mention it explicitly to be compatible with PMD 7
[WARNING] Rule /Users/xinluo/sources/nacos/istio/target/pmd/rulesets/ali-set.xml/ClassCastExceptionWithSubListToArrayListRule does not mention attribute language='java', please mention it explicitly to be compatible with PMD 7
[WARNING] Rule /Users/xinluo/sources/nacos/istio/target/pmd/rulesets/ali-set.xml/ConcurrentExceptionWithModifyOriginSubListRule does not mention attribute language='java', please mention it explicitly to be compatible with PMD 7
[WARNING] Rule /Users/xinluo/sources/nacos/istio/target/pmd/rulesets/ali-set.xml/ConcurrentExceptionWithModifyOriginSubListRule does not mention attribute language='java', please mention it explicitly to be compatible with PMD 7
[WARNING] Rule /Users/xinluo/sources/nacos/istio/target/pmd/rulesets/ali-set.xml/ConcurrentExceptionWithModifyOriginSubListRule does not mention attribute language='java', please mention it explicitly to be compatible with PMD 7
[WARNING] Rule /Users/xinluo/sources/nacos/istio/target/pmd/rulesets/ali-set.xml/DontModifyInForeachCircleRule does not mention attribute language='java', please mention it explicitly to be compatible with PMD 7
[WARNING] Rule /Users/xinluo/sources/nacos/istio/target/pmd/rulesets/ali-set.xml/DontModifyInForeachCircleRule does not mention attribute language='java', please mention it explicitly to be compatible with PMD 7
[WARNING] Rule /Users/xinluo/sources/nacos/istio/target/pmd/rulesets/ali-set.xml/DontModifyInForeachCircleRule does not mention attribute language='java', please mention it explicitly to be compatible with PMD 7
[WARNING] Rule /Users/xinluo/sources/nacos/istio/target/pmd/rulesets/ali-set.xml/CollectionInitShouldAssignCapacityRule does not mention attribute language='java', please mention it explicitly to be compatible with PMD 7
[WARNING] Rule /Users/xinluo/sources/nacos/istio/target/pmd/rulesets/ali-set.xml/CollectionInitShouldAssignCapacityRule does not mention attribute language='java', please mention it explicitly to be compatible with PMD 7
[WARNING] Rule /Users/xinluo/sources/nacos/istio/target/pmd/rulesets/ali-set.xml/CollectionInitShouldAssignCapacityRule does not mention attribute language='java', please mention it explicitly to be compatible with PMD 7
[WARNING] Use of deprecated attribute 'ClassOrInterfaceDeclaration/@Image' by XPath rule 'BooleanPropertyShouldNotStartWithIsRule' (in ruleset 'AlibabaJavaNaming'), please use @SimpleName instead
[WARNING] Use of deprecated attribute 'ClassOrInterfaceDeclaration/@Image' by XPath rule 'BooleanPropertyShouldNotStartWithIsRule' (in ruleset 'AlibabaJavaNaming'), please use @SimpleName instead
[WARNING] Use of deprecated attribute 'ClassOrInterfaceDeclaration/@Image' by XPath rule 'BooleanPropertyShouldNotStartWithIsRule' (in ruleset 'AlibabaJavaNaming'), please use @SimpleName instead
[WARNING] Use of deprecated attribute 'FieldDeclaration/@Array' by XPath rule 'ArrayNamingShouldHaveBracketRule' (in ruleset 'AlibabaJavaNaming')
[WARNING] Use of deprecated attribute 'FieldDeclaration/@Array' by XPath rule 'ArrayNamingShouldHaveBracketRule' (in ruleset 'AlibabaJavaNaming')
[WARNING] Use of deprecated attribute 'FieldDeclaration/@Array' by XPath rule 'ArrayNamingShouldHaveBracketRule' (in ruleset 'AlibabaJavaNaming')
[WARNING] Use of deprecated attribute 'LocalVariableDeclaration/@Array' by XPath rule 'ArrayNamingShouldHaveBracketRule' (in ruleset 'AlibabaJavaNaming')
[WARNING] Use of deprecated attribute 'LocalVariableDeclaration/@Array' by XPath rule 'ArrayNamingShouldHaveBracketRule' (in ruleset 'AlibabaJavaNaming')
[WARNING] Use of deprecated attribute 'LocalVariableDeclaration/@Array' by XPath rule 'ArrayNamingShouldHaveBracketRule' (in ruleset 'AlibabaJavaNaming')
[WARNING] Use of deprecated attribute 'Arguments/@ArgumentCount' by XPath rule 'AvoidNewDateGetTimeRule' (in ruleset 'AlibabaJavaOthers'), please use @Size instead
[WARNING] Use of deprecated attribute 'Arguments/@ArgumentCount' by XPath rule 'AvoidNewDateGetTimeRule' (in ruleset 'AlibabaJavaOthers'), please use @Size instead
[WARNING] Use of deprecated attribute 'Arguments/@ArgumentCount' by XPath rule 'AvoidNewDateGetTimeRule' (in ruleset 'AlibabaJavaOthers'), please use @Size instead
[WARNING] Use of deprecated attribute 'ConditionalExpression/@Ternary' by XPath rule 'AvoidComplexConditionRule' (in ruleset 'AlibabaJavaFlowControl')
[WARNING] Use of deprecated attribute 'ConditionalExpression/@Ternary' by XPath rule 'AvoidComplexConditionRule' (in ruleset 'AlibabaJavaFlowControl')
[WARNING] Use of deprecated attribute 'ConditionalExpression/@Ternary' by XPath rule 'AvoidComplexConditionRule' (in ruleset 'AlibabaJavaFlowControl')
[INFO] 
[INFO] <<< maven-pmd-plugin:3.16.0:check (default) < :pmd @ nacos-istio <<<
[INFO] 
[INFO] 
[INFO] --- maven-pmd-plugin:3.16.0:check (default) @ nacos-istio ---
[INFO] PMD version: 6.42.0
[INFO] 
[INFO] 
[INFO] --- apache-rat-plugin:0.12:check (default) @ nacos-istio ---
[INFO] Enabled default license matchers.
[INFO] Will parse SCM ignores for exclusions...
[INFO] Finished adding exclusions from SCM ignore files.
[INFO] 61 implicit excludes (use -debug for more details).
[INFO] Exclude: .editorconfig
[INFO] Exclude: .travis.yml
[INFO] Exclude: codecov.yml
[INFO] Exclude: CONTRIBUTING.md
[INFO] Exclude: CODE_OF_CONDUCT.md
[INFO] Exclude: CHANGELOG.md
[INFO] Exclude: style/codeStyle.md
[INFO] Exclude: REPORTING-BUGS.md
[INFO] Exclude: README.md
[INFO] Exclude: .github/**/*
[INFO] Exclude: doc/*
[INFO] Exclude: derby.log
[INFO] Exclude: logs/*
[INFO] Exclude: src/main/resources/static/**
[INFO] Exclude: **/istio/model/**
[INFO] Exclude: **/consistency/entity/**
[INFO] Exclude: **/*.txt
[INFO] Exclude: **/*.factories
[INFO] Exclude: /console-ui/**
[INFO] Exclude: **/gogo.proto
[INFO] Exclude: **/any.proto
[INFO] Exclude: src/main/java/com/alibaba/nacos/common/packagescan/classreading/**
[INFO] Exclude: .flattened-pom.xml
[INFO] Exclude: **/announcement*.conf
[INFO] Exclude: **/console-guide.conf
[INFO] Exclude: **/reflect-config.json
[INFO] Exclude: **/resource-config.json
[INFO] Exclude: **/proxy-config.json
[INFO] Exclude: **/jni-config.json
[INFO] Exclude: **/predefined-classes-config.json
[INFO] Exclude: **/serialization-config.json
[INFO] Exclude: **/filter-config.json
[INFO] Exclude: **/disk_cache_test/**
[INFO] Exclude: **/failover_test/**
[INFO] Exclude: lefthook.yml
[INFO] Exclude: .vscode/**
[INFO] 48 resources included (use -debug for more details)
[INFO] Rat check: Summary over all files. Unapproved: 0, unknown: 0, generated: 0, approved: 48 licenses.
[INFO] 
[INFO] --- maven-install-plugin:2.4:install (default-install) @ nacos-istio ---
[INFO] Installing /Users/xinluo/sources/nacos/istio/target/nacos-istio-3.1.0-SNAPSHOT.jar to /var/root/.m2/repository/com/alibaba/nacos/nacos-istio/3.1.0-SNAPSHOT/nacos-istio-3.1.0-SNAPSHOT.jar
[INFO] Installing /Users/xinluo/sources/nacos/istio/.flattened-pom.xml to /var/root/.m2/repository/com/alibaba/nacos/nacos-istio/3.1.0-SNAPSHOT/nacos-istio-3.1.0-SNAPSHOT.pom
[INFO] Installing /Users/xinluo/sources/nacos/istio/target/nacos-istio-3.1.0-SNAPSHOT-sources.jar to /var/root/.m2/repository/com/alibaba/nacos/nacos-istio/3.1.0-SNAPSHOT/nacos-istio-3.1.0-SNAPSHOT-sources.jar
[INFO] 
[INFO] -----------------< com.alibaba.nacos:nacos-prometheus >-----------------
[INFO] Building nacos-prometheus 3.1.0-SNAPSHOT 3.1.0-SNAPSHOT          [34/45]
[INFO] --------------------------------[ jar ]---------------------------------
[INFO] 
[INFO] --- maven-clean-plugin:2.5:clean (default-clean) @ nacos-prometheus ---
[INFO] Deleting /Users/xinluo/sources/nacos/prometheus/target
[INFO] 
[INFO] --- easyj-maven-plugin:1.1.5:clean-simplify-pom (clean-flattened-pom) @ nacos-prometheus ---
[INFO] Deleting /Users/xinluo/sources/nacos/prometheus/.flattened-pom.xml
[INFO] 
[INFO] --- maven-enforcer-plugin:3.5.0:enforce (enforce-ban-circular-dependencies) @ nacos-prometheus ---
[INFO] Rule 0: org.codehaus.mojo.extraenforcer.dependencies.BanCircularDependencies passed
[INFO] 
[INFO] --- maven-checkstyle-plugin:3.1.2:check (validate) @ nacos-prometheus ---
[WARNING] Old version of checkstyle detected. Consider updating to >= v8.30
[WARNING] For more information see: https://maven.apache.org/plugins/maven-checkstyle-plugin/examples/upgrading-checkstyle.html
[INFO] 开始检查……
检查完成。
[INFO] You have 0 Checkstyle violations.
[INFO] 
[INFO] --- jacoco-maven-plugin:0.8.13:prepare-agent (default-prepare-agent) @ nacos-prometheus ---
[INFO] argLine set to -javaagent:/var/root/.m2/repository/org/jacoco/org.jacoco.agent/0.8.13/org.jacoco.agent-0.8.13-runtime.jar=destfile=/Users/xinluo/sources/nacos/prometheus/target/coverage-reports/jacoco-unit.exec,append=true,excludes=**/grpc/auto/**:**/packagescan/classreading/**:**/packagescan/resource/**:**/packagescan/util/**,output=file
[INFO] 
[INFO] --- build-helper-maven-plugin:3.2.0:add-source (add-source) @ nacos-prometheus ---
[INFO] Source directory: /Users/xinluo/sources/nacos/prometheus/target/generated-sources/protobuf/java added.
[INFO] 
[INFO] --- maven-resources-plugin:3.0.2:resources (default-resources) @ nacos-prometheus ---
[INFO] Using 'UTF-8' encoding to copy filtered resources.
[INFO] skip non existing resourceDirectory /Users/xinluo/sources/nacos/prometheus/src/main/resources
[INFO] 
[INFO] --- maven-compiler-plugin:3.5.1:compile (default-compile) @ nacos-prometheus ---
[INFO] Changes detected - recompiling the module!
[INFO] Compiling 7 source files to /Users/xinluo/sources/nacos/prometheus/target/classes
[WARNING] 未与 -source 17 一起设置系统模块路径
[INFO] 
[INFO] --- maven-resources-plugin:3.0.2:testResources (default-testResources) @ nacos-prometheus ---
[INFO] Using 'UTF-8' encoding to copy filtered resources.
[INFO] Copying 1 resource
[INFO] 
[INFO] --- maven-compiler-plugin:3.5.1:testCompile (default-testCompile) @ nacos-prometheus ---
[INFO] Changes detected - recompiling the module!
[INFO] Compiling 2 source files to /Users/xinluo/sources/nacos/prometheus/target/test-classes
[WARNING] 未与 -source 17 一起设置系统模块路径
[INFO] /Users/xinluo/sources/nacos/prometheus/src/test/java/com/alibaba/nacos/prometheus/controller/PrometheusControllerTest.java: /Users/xinluo/sources/nacos/prometheus/src/test/java/com/alibaba/nacos/prometheus/controller/PrometheusControllerTest.java使用了未经检查或不安全的操作。
[INFO] /Users/xinluo/sources/nacos/prometheus/src/test/java/com/alibaba/nacos/prometheus/controller/PrometheusControllerTest.java: 有关详细信息, 请使用 -Xlint:unchecked 重新编译。
[INFO] 
[INFO] --- maven-surefire-plugin:3.2.5:test (default-test) @ nacos-prometheus ---
[INFO] Surefire report directory: /Users/xinluo/sources/nacos/prometheus/target/surefire-reports
[INFO] Using auto detected provider org.apache.maven.surefire.junitplatform.JUnitPlatformProvider
[INFO] 
[INFO] -------------------------------------------------------
[INFO]  T E S T S
[INFO] -------------------------------------------------------
[INFO] Running com.alibaba.nacos.prometheus.controller.PrometheusControllerTest
17:56:36.731 [main] WARN com.alibaba.nacos.common.notify.NotifyCenter -- There are no [com.alibaba.nacos.naming.core.v2.event.metadata.MetadataEvent.ServiceMetadataEvent] publishers for this event, please register
17:56:37.258 [main] INFO org.springframework.mock.web.MockServletContext -- Initializing Spring TestDispatcherServlet ''
17:56:37.258 [main] INFO org.springframework.test.web.servlet.TestDispatcherServlet -- Initializing Servlet ''
17:56:37.260 [main] INFO org.springframework.test.web.servlet.TestDispatcherServlet -- Completed initialization in 2 ms
17:56:37.375 [main] WARN com.alibaba.nacos.common.notify.NotifyCenter -- There are no [com.alibaba.nacos.naming.core.v2.event.metadata.MetadataEvent.ServiceMetadataEvent] publishers for this event, please register
17:56:37.378 [main] INFO org.springframework.mock.web.MockServletContext -- Initializing Spring TestDispatcherServlet ''
17:56:37.378 [main] INFO org.springframework.test.web.servlet.TestDispatcherServlet -- Initializing Servlet ''
17:56:37.378 [main] INFO org.springframework.test.web.servlet.TestDispatcherServlet -- Completed initialization in 0 ms
17:56:37.407 [main] WARN com.alibaba.nacos.common.notify.NotifyCenter -- There are no [com.alibaba.nacos.naming.core.v2.event.metadata.MetadataEvent.ServiceMetadataEvent] publishers for this event, please register
17:56:37.410 [main] INFO org.springframework.mock.web.MockServletContext -- Initializing Spring TestDispatcherServlet ''
17:56:37.410 [main] INFO org.springframework.test.web.servlet.TestDispatcherServlet -- Initializing Servlet ''
17:56:37.410 [main] INFO org.springframework.test.web.servlet.TestDispatcherServlet -- Completed initialization in 0 ms
17:56:37.414 [main] WARN com.alibaba.nacos.common.notify.NotifyCenter -- There are no [com.alibaba.nacos.naming.core.v2.event.metadata.MetadataEvent.ServiceMetadataEvent] publishers for this event, please register
17:56:37.417 [main] INFO org.springframework.mock.web.MockServletContext -- Initializing Spring TestDispatcherServlet ''
17:56:37.417 [main] INFO org.springframework.test.web.servlet.TestDispatcherServlet -- Initializing Servlet ''
17:56:37.417 [main] INFO org.springframework.test.web.servlet.TestDispatcherServlet -- Completed initialization in 0 ms
[INFO] Tests run: 4, Failures: 0, Errors: 0, Skipped: 0, Time elapsed: 1.625 s -- in com.alibaba.nacos.prometheus.controller.PrometheusControllerTest
[INFO] Running com.alibaba.nacos.prometheus.controller.exception.PrometheusApiExceptionHandlerTest
17:56:37.459 [main] INFO org.springframework.test.context.support.AnnotationConfigContextLoaderUtils -- Could not detect default configuration classes for test class [com.alibaba.nacos.prometheus.controller.exception.PrometheusApiExceptionHandlerTest]: PrometheusApiExceptionHandlerTest does not declare any static, non-private, non-final, nested classes annotated with @Configuration.
17:56:37.547 [main] INFO org.springframework.boot.test.context.SpringBootTestContextBootstrapper -- Found @SpringBootConfiguration com.alibaba.nacos.prometheus.PrometheusApp for test class com.alibaba.nacos.prometheus.controller.exception.PrometheusApiExceptionHandlerTest

  .   ____          _            __ _ _
 /\\ / ___'_ __ _ _(_)_ __  __ _ \ \ \ \
( ( )\___ | '_ | '_| | '_ \/ _` | \ \ \ \
 \\/  ___)| |_)| | | | | || (_| |  ) ) ) )
  '  |____| .__|_| |_|_| |_\__, | / / / /
 =========|_|==============|___/=/_/_/_/

 :: Spring Boot ::                (v3.4.9)

2025-09-15T17:56:37.960+08:00  INFO 14845 --- [           main] c.a.n.c.l.StartingApplicationListener    : The server IP list of Nacos is [192.168.1.2:8848, 192.168.1.3]
2025-09-15T17:56:38.802+08:00  INFO 14845 --- [           main] c.a.n.c.l.StartingApplicationListener    : Nacos started successfully in cluster mode with external storage in 1202 ms
[INFO] Tests run: 1, Failures: 0, Errors: 0, Skipped: 0, Time elapsed: 1.420 s -- in com.alibaba.nacos.prometheus.controller.exception.PrometheusApiExceptionHandlerTest
2025-09-15T17:56:38.847+08:00  INFO 14845 --- [       Thread-3] c.a.nacos.common.notify.NotifyCenter     : [NotifyCenter] Start destroying Publisher
[INFO] 
[INFO] Results:
[INFO] 
[INFO] Tests run: 5, Failures: 0, Errors: 0, Skipped: 0
[INFO] 
[INFO] 
[INFO] --- jacoco-maven-plugin:0.8.13:report (default-report) @ nacos-prometheus ---
[INFO] Loading execution data file /Users/xinluo/sources/nacos/prometheus/target/coverage-reports/jacoco-unit.exec
[INFO] Analyzed bundle 'nacos-prometheus 3.1.0-SNAPSHOT' with 8 classes
[INFO] 
[INFO] --- easyj-maven-plugin:1.1.5:simplify-pom (flatten-pom) @ nacos-prometheus ---
[INFO] Create PomSimplifier by mode: auto
[INFO] The simplify mode is: JAR
[INFO] Do simplify by the POM simplifier: JarPomSimplifier
[INFO] 
[INFO] ==================================  start simplify  ==================================
[INFO] Remove Parent.
[INFO] Set GroupId from 'null' to 'com.alibaba.nacos'.
[INFO] Set Version from 'null' to '3.1.0-SNAPSHOT'.
[INFO] Set Name from 'nacos-prometheus ${project.version}' to 'nacos-prometheus 3.1.0-SNAPSHOT'.
[WARNING] The '<description>' is required when uploading OSSRH. Please set a value immediately.
[INFO] -------------------------------------------
[INFO] Copy project info from parent for the open source project:
[INFO]    Copy Licenses.
[INFO]    Copy Developers.
[INFO]    Copy Scm.
[INFO]    Copy Organization.
[INFO]    Copy IssueManagement.
[INFO] -------------------------------------------
[INFO] -------------------------------------------
[INFO] Reset dependencies: groupId, version, exclusions (Contains 6 dependencies)
[INFO]   Reset dependency: [${project.groupId}:nacos-api:null] -> [com.alibaba.nacos:nacos-api:3.1.0-SNAPSHOT]
[INFO]   Reset dependency: [${project.groupId}:nacos-naming:null] -> [com.alibaba.nacos:nacos-naming:3.1.0-SNAPSHOT]
[INFO]   Reset dependency: [${project.groupId}:nacos-core:null] -> [com.alibaba.nacos:nacos-core:3.1.0-SNAPSHOT]
[INFO]   Remove dependency by scope=test: [org.springframework.boot:spring-boot-test-autoconfigure:3.4.9:test]
[INFO]   Remove dependency by scope=test: [org.springframework:spring-test:6.2.10:test]
[INFO]   Remove dependency by scope=test: [org.hamcrest:hamcrest:2.2:test]
[INFO] Remaining 3 dependencies.
[INFO] -------------------------------------------
[INFO] Remove Build.
[INFO] -------------------------------------------
[INFO] Optimize Dependencies: (3)
[INFO]  - Optimize with 'replaceVariable'
[INFO] ==================================   end  simplify  ==================================
[INFO] 
[INFO] Create the POM file '.flattened-pom.xml'.
[INFO] Set the POM file '.flattened-pom.xml' to the project object.
[INFO] 
[INFO] --- maven-jar-plugin:3.2.2:jar (default-jar) @ nacos-prometheus ---
[INFO] Building jar: /Users/xinluo/sources/nacos/prometheus/target/nacos-prometheus-3.1.0-SNAPSHOT.jar
[INFO] 
[INFO] --- maven-javadoc-plugin:2.10.4:jar (attach-javadocs) @ nacos-prometheus ---
[INFO] Skipping javadoc generation
[INFO] 
[INFO] >>> maven-source-plugin:3.0.1:jar (attach-sources) > generate-sources @ nacos-prometheus >>>
[INFO] 
[INFO] --- maven-enforcer-plugin:3.5.0:enforce (enforce-ban-circular-dependencies) @ nacos-prometheus ---
[INFO] Rule 0: org.codehaus.mojo.extraenforcer.dependencies.BanCircularDependencies passed
[INFO] 
[INFO] --- maven-checkstyle-plugin:3.1.2:check (validate) @ nacos-prometheus ---
[WARNING] Old version of checkstyle detected. Consider updating to >= v8.30
[WARNING] For more information see: https://maven.apache.org/plugins/maven-checkstyle-plugin/examples/upgrading-checkstyle.html
[INFO] 开始检查……
检查完成。
[INFO] You have 0 Checkstyle violations.
[INFO] 
[INFO] --- jacoco-maven-plugin:0.8.13:prepare-agent (default-prepare-agent) @ nacos-prometheus ---
[INFO] argLine set to -javaagent:/var/root/.m2/repository/org/jacoco/org.jacoco.agent/0.8.13/org.jacoco.agent-0.8.13-runtime.jar=destfile=/Users/xinluo/sources/nacos/prometheus/target/coverage-reports/jacoco-unit.exec,append=true,excludes=**/grpc/auto/**:**/packagescan/classreading/**:**/packagescan/resource/**:**/packagescan/util/**,output=file
[INFO] 
[INFO] --- build-helper-maven-plugin:3.2.0:add-source (add-source) @ nacos-prometheus ---
[INFO] Source directory: /Users/xinluo/sources/nacos/prometheus/target/generated-sources/protobuf/java added.
[INFO] 
[INFO] <<< maven-source-plugin:3.0.1:jar (attach-sources) < generate-sources @ nacos-prometheus <<<
[INFO] 
[INFO] 
[INFO] --- maven-source-plugin:3.0.1:jar (attach-sources) @ nacos-prometheus ---
[INFO] Building jar: /Users/xinluo/sources/nacos/prometheus/target/nacos-prometheus-3.1.0-SNAPSHOT-sources.jar
[INFO] 
[INFO] >>> maven-pmd-plugin:3.16.0:check (default) > :pmd @ nacos-prometheus >>>
[INFO] 
[INFO] --- maven-pmd-plugin:3.16.0:pmd (pmd) @ nacos-prometheus ---
[WARNING] Unable to locate Source XRef to link to - DISABLED
[WARNING] Unable to locate Source XRef to link to - DISABLED
[INFO] PMD version: 6.42.0
[WARNING] Rule /Users/xinluo/sources/nacos/prometheus/target/pmd/rulesets/ali-comment.xml/CommentsMustBeJavadocFormatRule does not mention attribute language='java', please mention it explicitly to be compatible with PMD 7
[WARNING] Rule /Users/xinluo/sources/nacos/prometheus/target/pmd/rulesets/ali-comment.xml/CommentsMustBeJavadocFormatRule does not mention attribute language='java', please mention it explicitly to be compatible with PMD 7
[WARNING] Rule /Users/xinluo/sources/nacos/prometheus/target/pmd/rulesets/ali-comment.xml/CommentsMustBeJavadocFormatRule does not mention attribute language='java', please mention it explicitly to be compatible with PMD 7
[WARNING] Rule /Users/xinluo/sources/nacos/prometheus/target/pmd/rulesets/ali-comment.xml/AbstractMethodOrInterfaceMethodMustUseJavadocRule does not mention attribute language='java', please mention it explicitly to be compatible with PMD 7
[WARNING] Rule /Users/xinluo/sources/nacos/prometheus/target/pmd/rulesets/ali-comment.xml/AbstractMethodOrInterfaceMethodMustUseJavadocRule does not mention attribute language='java', please mention it explicitly to be compatible with PMD 7
[WARNING] Rule /Users/xinluo/sources/nacos/prometheus/target/pmd/rulesets/ali-comment.xml/AbstractMethodOrInterfaceMethodMustUseJavadocRule does not mention attribute language='java', please mention it explicitly to be compatible with PMD 7
[WARNING] Rule /Users/xinluo/sources/nacos/prometheus/target/pmd/rulesets/ali-comment.xml/ClassMustHaveAuthorRule does not mention attribute language='java', please mention it explicitly to be compatible with PMD 7
[WARNING] Rule /Users/xinluo/sources/nacos/prometheus/target/pmd/rulesets/ali-comment.xml/ClassMustHaveAuthorRule does not mention attribute language='java', please mention it explicitly to be compatible with PMD 7
[WARNING] Rule /Users/xinluo/sources/nacos/prometheus/target/pmd/rulesets/ali-comment.xml/ClassMustHaveAuthorRule does not mention attribute language='java', please mention it explicitly to be compatible with PMD 7
[WARNING] Rule /Users/xinluo/sources/nacos/prometheus/target/pmd/rulesets/ali-comment.xml/EnumConstantsMustHaveCommentRule does not mention attribute language='java', please mention it explicitly to be compatible with PMD 7
[WARNING] Rule /Users/xinluo/sources/nacos/prometheus/target/pmd/rulesets/ali-comment.xml/EnumConstantsMustHaveCommentRule does not mention attribute language='java', please mention it explicitly to be compatible with PMD 7
[WARNING] Rule /Users/xinluo/sources/nacos/prometheus/target/pmd/rulesets/ali-comment.xml/EnumConstantsMustHaveCommentRule does not mention attribute language='java', please mention it explicitly to be compatible with PMD 7
[WARNING] Rule /Users/xinluo/sources/nacos/prometheus/target/pmd/rulesets/ali-comment.xml/AvoidCommentBehindStatementRule does not mention attribute language='java', please mention it explicitly to be compatible with PMD 7
[WARNING] Rule /Users/xinluo/sources/nacos/prometheus/target/pmd/rulesets/ali-comment.xml/AvoidCommentBehindStatementRule does not mention attribute language='java', please mention it explicitly to be compatible with PMD 7
[WARNING] Rule /Users/xinluo/sources/nacos/prometheus/target/pmd/rulesets/ali-comment.xml/AvoidCommentBehindStatementRule does not mention attribute language='java', please mention it explicitly to be compatible with PMD 7
[WARNING] Rule /Users/xinluo/sources/nacos/prometheus/target/pmd/rulesets/ali-comment.xml/RemoveCommentedCodeRule does not mention attribute language='java', please mention it explicitly to be compatible with PMD 7
[WARNING] Rule /Users/xinluo/sources/nacos/prometheus/target/pmd/rulesets/ali-comment.xml/RemoveCommentedCodeRule does not mention attribute language='java', please mention it explicitly to be compatible with PMD 7
[WARNING] Rule /Users/xinluo/sources/nacos/prometheus/target/pmd/rulesets/ali-comment.xml/RemoveCommentedCodeRule does not mention attribute language='java', please mention it explicitly to be compatible with PMD 7
[WARNING] Rule /Users/xinluo/sources/nacos/prometheus/target/pmd/rulesets/ali-constant.xml/UpperEllRule does not mention attribute language='java', please mention it explicitly to be compatible with PMD 7
[WARNING] Rule /Users/xinluo/sources/nacos/prometheus/target/pmd/rulesets/ali-constant.xml/UpperEllRule does not mention attribute language='java', please mention it explicitly to be compatible with PMD 7
[WARNING] Rule /Users/xinluo/sources/nacos/prometheus/target/pmd/rulesets/ali-constant.xml/UpperEllRule does not mention attribute language='java', please mention it explicitly to be compatible with PMD 7
[WARNING] Rule /Users/xinluo/sources/nacos/prometheus/target/pmd/rulesets/ali-constant.xml/UndefineMagicConstantRule does not mention attribute language='java', please mention it explicitly to be compatible with PMD 7
[WARNING] Rule /Users/xinluo/sources/nacos/prometheus/target/pmd/rulesets/ali-constant.xml/UndefineMagicConstantRule does not mention attribute language='java', please mention it explicitly to be compatible with PMD 7
[WARNING] Rule /Users/xinluo/sources/nacos/prometheus/target/pmd/rulesets/ali-constant.xml/UndefineMagicConstantRule does not mention attribute language='java', please mention it explicitly to be compatible with PMD 7
[WARNING] Rule /Users/xinluo/sources/nacos/prometheus/target/pmd/rulesets/ali-set.xml/ClassCastExceptionWithToArrayRule does not mention attribute language='java', please mention it explicitly to be compatible with PMD 7
[WARNING] Rule /Users/xinluo/sources/nacos/prometheus/target/pmd/rulesets/ali-set.xml/ClassCastExceptionWithToArrayRule does not mention attribute language='java', please mention it explicitly to be compatible with PMD 7
[WARNING] Rule /Users/xinluo/sources/nacos/prometheus/target/pmd/rulesets/ali-set.xml/ClassCastExceptionWithToArrayRule does not mention attribute language='java', please mention it explicitly to be compatible with PMD 7
[WARNING] Rule /Users/xinluo/sources/nacos/prometheus/target/pmd/rulesets/ali-set.xml/UnsupportedExceptionWithModifyAsListRule does not mention attribute language='java', please mention it explicitly to be compatible with PMD 7
[WARNING] Rule /Users/xinluo/sources/nacos/prometheus/target/pmd/rulesets/ali-set.xml/UnsupportedExceptionWithModifyAsListRule does not mention attribute language='java', please mention it explicitly to be compatible with PMD 7
[WARNING] Rule /Users/xinluo/sources/nacos/prometheus/target/pmd/rulesets/ali-set.xml/UnsupportedExceptionWithModifyAsListRule does not mention attribute language='java', please mention it explicitly to be compatible with PMD 7
[WARNING] Rule /Users/xinluo/sources/nacos/prometheus/target/pmd/rulesets/ali-set.xml/ClassCastExceptionWithSubListToArrayListRule does not mention attribute language='java', please mention it explicitly to be compatible with PMD 7
[WARNING] Rule /Users/xinluo/sources/nacos/prometheus/target/pmd/rulesets/ali-set.xml/ClassCastExceptionWithSubListToArrayListRule does not mention attribute language='java', please mention it explicitly to be compatible with PMD 7
[WARNING] Rule /Users/xinluo/sources/nacos/prometheus/target/pmd/rulesets/ali-set.xml/ClassCastExceptionWithSubListToArrayListRule does not mention attribute language='java', please mention it explicitly to be compatible with PMD 7
[WARNING] Rule /Users/xinluo/sources/nacos/prometheus/target/pmd/rulesets/ali-set.xml/ConcurrentExceptionWithModifyOriginSubListRule does not mention attribute language='java', please mention it explicitly to be compatible with PMD 7
[WARNING] Rule /Users/xinluo/sources/nacos/prometheus/target/pmd/rulesets/ali-set.xml/ConcurrentExceptionWithModifyOriginSubListRule does not mention attribute language='java', please mention it explicitly to be compatible with PMD 7
[WARNING] Rule /Users/xinluo/sources/nacos/prometheus/target/pmd/rulesets/ali-set.xml/ConcurrentExceptionWithModifyOriginSubListRule does not mention attribute language='java', please mention it explicitly to be compatible with PMD 7
[WARNING] Rule /Users/xinluo/sources/nacos/prometheus/target/pmd/rulesets/ali-set.xml/DontModifyInForeachCircleRule does not mention attribute language='java', please mention it explicitly to be compatible with PMD 7
[WARNING] Rule /Users/xinluo/sources/nacos/prometheus/target/pmd/rulesets/ali-set.xml/DontModifyInForeachCircleRule does not mention attribute language='java', please mention it explicitly to be compatible with PMD 7
[WARNING] Rule /Users/xinluo/sources/nacos/prometheus/target/pmd/rulesets/ali-set.xml/DontModifyInForeachCircleRule does not mention attribute language='java', please mention it explicitly to be compatible with PMD 7
[WARNING] Rule /Users/xinluo/sources/nacos/prometheus/target/pmd/rulesets/ali-set.xml/CollectionInitShouldAssignCapacityRule does not mention attribute language='java', please mention it explicitly to be compatible with PMD 7
[WARNING] Rule /Users/xinluo/sources/nacos/prometheus/target/pmd/rulesets/ali-set.xml/CollectionInitShouldAssignCapacityRule does not mention attribute language='java', please mention it explicitly to be compatible with PMD 7
[WARNING] Rule /Users/xinluo/sources/nacos/prometheus/target/pmd/rulesets/ali-set.xml/CollectionInitShouldAssignCapacityRule does not mention attribute language='java', please mention it explicitly to be compatible with PMD 7
[WARNING] Use of deprecated attribute 'ClassOrInterfaceDeclaration/@Image' by XPath rule 'BooleanPropertyShouldNotStartWithIsRule' (in ruleset 'AlibabaJavaNaming'), please use @SimpleName instead
[WARNING] Use of deprecated attribute 'ClassOrInterfaceDeclaration/@Image' by XPath rule 'BooleanPropertyShouldNotStartWithIsRule' (in ruleset 'AlibabaJavaNaming'), please use @SimpleName instead
[WARNING] Use of deprecated attribute 'ClassOrInterfaceDeclaration/@Image' by XPath rule 'BooleanPropertyShouldNotStartWithIsRule' (in ruleset 'AlibabaJavaNaming'), please use @SimpleName instead
[WARNING] Use of deprecated attribute 'FieldDeclaration/@Array' by XPath rule 'ArrayNamingShouldHaveBracketRule' (in ruleset 'AlibabaJavaNaming')
[WARNING] Use of deprecated attribute 'FieldDeclaration/@Array' by XPath rule 'ArrayNamingShouldHaveBracketRule' (in ruleset 'AlibabaJavaNaming')
[WARNING] Use of deprecated attribute 'FieldDeclaration/@Array' by XPath rule 'ArrayNamingShouldHaveBracketRule' (in ruleset 'AlibabaJavaNaming')
[WARNING] Use of deprecated attribute 'LocalVariableDeclaration/@Array' by XPath rule 'ArrayNamingShouldHaveBracketRule' (in ruleset 'AlibabaJavaNaming')
[WARNING] Use of deprecated attribute 'LocalVariableDeclaration/@Array' by XPath rule 'ArrayNamingShouldHaveBracketRule' (in ruleset 'AlibabaJavaNaming')
[WARNING] Use of deprecated attribute 'LocalVariableDeclaration/@Array' by XPath rule 'ArrayNamingShouldHaveBracketRule' (in ruleset 'AlibabaJavaNaming')
[INFO] 
[INFO] <<< maven-pmd-plugin:3.16.0:check (default) < :pmd @ nacos-prometheus <<<
[INFO] 
[INFO] 
[INFO] --- maven-pmd-plugin:3.16.0:check (default) @ nacos-prometheus ---
[INFO] PMD version: 6.42.0
[INFO] 
[INFO] 
[INFO] --- apache-rat-plugin:0.12:check (default) @ nacos-prometheus ---
[INFO] Enabled default license matchers.
[INFO] Will parse SCM ignores for exclusions...
[INFO] Finished adding exclusions from SCM ignore files.
[INFO] 61 implicit excludes (use -debug for more details).
[INFO] Exclude: .editorconfig
[INFO] Exclude: .travis.yml
[INFO] Exclude: codecov.yml
[INFO] Exclude: CONTRIBUTING.md
[INFO] Exclude: CODE_OF_CONDUCT.md
[INFO] Exclude: CHANGELOG.md
[INFO] Exclude: style/codeStyle.md
[INFO] Exclude: REPORTING-BUGS.md
[INFO] Exclude: README.md
[INFO] Exclude: .github/**/*
[INFO] Exclude: doc/*
[INFO] Exclude: derby.log
[INFO] Exclude: logs/*
[INFO] Exclude: src/main/resources/static/**
[INFO] Exclude: **/istio/model/**
[INFO] Exclude: **/consistency/entity/**
[INFO] Exclude: **/*.txt
[INFO] Exclude: **/*.factories
[INFO] Exclude: /console-ui/**
[INFO] Exclude: **/gogo.proto
[INFO] Exclude: **/any.proto
[INFO] Exclude: src/main/java/com/alibaba/nacos/common/packagescan/classreading/**
[INFO] Exclude: .flattened-pom.xml
[INFO] Exclude: **/announcement*.conf
[INFO] Exclude: **/console-guide.conf
[INFO] Exclude: **/reflect-config.json
[INFO] Exclude: **/resource-config.json
[INFO] Exclude: **/proxy-config.json
[INFO] Exclude: **/jni-config.json
[INFO] Exclude: **/predefined-classes-config.json
[INFO] Exclude: **/serialization-config.json
[INFO] Exclude: **/filter-config.json
[INFO] Exclude: **/disk_cache_test/**
[INFO] Exclude: **/failover_test/**
[INFO] Exclude: lefthook.yml
[INFO] Exclude: .vscode/**
[INFO] 11 resources included (use -debug for more details)
[INFO] Rat check: Summary over all files. Unapproved: 0, unknown: 0, generated: 0, approved: 11 licenses.
[INFO] 
[INFO] --- maven-install-plugin:2.4:install (default-install) @ nacos-prometheus ---
[INFO] Installing /Users/xinluo/sources/nacos/prometheus/target/nacos-prometheus-3.1.0-SNAPSHOT.jar to /var/root/.m2/repository/com/alibaba/nacos/nacos-prometheus/3.1.0-SNAPSHOT/nacos-prometheus-3.1.0-SNAPSHOT.jar
[INFO] Installing /Users/xinluo/sources/nacos/prometheus/.flattened-pom.xml to /var/root/.m2/repository/com/alibaba/nacos/nacos-prometheus/3.1.0-SNAPSHOT/nacos-prometheus-3.1.0-SNAPSHOT.pom
[INFO] Installing /Users/xinluo/sources/nacos/prometheus/target/nacos-prometheus-3.1.0-SNAPSHOT-sources.jar to /var/root/.m2/repository/com/alibaba/nacos/nacos-prometheus/3.1.0-SNAPSHOT/nacos-prometheus-3.1.0-SNAPSHOT-sources.jar
[INFO] 
[INFO] ------------------< com.alibaba.nacos:nacos-k8s-sync >------------------
[INFO] Building nacos-k8s-sync 3.1.0-SNAPSHOT 3.1.0-SNAPSHOT            [35/45]
[INFO] --------------------------------[ jar ]---------------------------------
[INFO] 
[INFO] --- maven-clean-plugin:2.5:clean (default-clean) @ nacos-k8s-sync ---
[INFO] Deleting /Users/xinluo/sources/nacos/k8s-sync/target
[INFO] 
[INFO] --- easyj-maven-plugin:1.1.5:clean-simplify-pom (clean-flattened-pom) @ nacos-k8s-sync ---
[INFO] Deleting /Users/xinluo/sources/nacos/k8s-sync/.flattened-pom.xml
[INFO] 
[INFO] --- maven-enforcer-plugin:3.5.0:enforce (enforce-ban-circular-dependencies) @ nacos-k8s-sync ---
[INFO] Rule 0: org.codehaus.mojo.extraenforcer.dependencies.BanCircularDependencies passed
[INFO] 
[INFO] --- maven-checkstyle-plugin:3.1.2:check (validate) @ nacos-k8s-sync ---
[WARNING] Old version of checkstyle detected. Consider updating to >= v8.30
[WARNING] For more information see: https://maven.apache.org/plugins/maven-checkstyle-plugin/examples/upgrading-checkstyle.html
[INFO] 开始检查……
检查完成。
[INFO] You have 0 Checkstyle violations.
[INFO] 
[INFO] --- jacoco-maven-plugin:0.8.13:prepare-agent (default-prepare-agent) @ nacos-k8s-sync ---
[INFO] argLine set to -javaagent:/var/root/.m2/repository/org/jacoco/org.jacoco.agent/0.8.13/org.jacoco.agent-0.8.13-runtime.jar=destfile=/Users/xinluo/sources/nacos/k8s-sync/target/coverage-reports/jacoco-unit.exec,append=true,excludes=**/grpc/auto/**:**/packagescan/classreading/**:**/packagescan/resource/**:**/packagescan/util/**,output=file
[INFO] 
[INFO] --- build-helper-maven-plugin:3.2.0:add-source (add-source) @ nacos-k8s-sync ---
[INFO] Source directory: /Users/xinluo/sources/nacos/k8s-sync/target/generated-sources/protobuf/java added.
[INFO] 
[INFO] --- maven-resources-plugin:3.0.2:resources (default-resources) @ nacos-k8s-sync ---
[INFO] Using 'UTF-8' encoding to copy filtered resources.
[INFO] Copying 1 resource
[INFO] 
[INFO] --- maven-compiler-plugin:3.5.1:compile (default-compile) @ nacos-k8s-sync ---
[INFO] Changes detected - recompiling the module!
[INFO] Compiling 4 source files to /Users/xinluo/sources/nacos/k8s-sync/target/classes
[WARNING] 未与 -source 17 一起设置系统模块路径
[WARNING] /Users/xinluo/sources/nacos/k8s-sync/src/main/java/com/alibaba/nacos/k8s/sync/K8sSyncServer.java:[354,35] com.alibaba.nacos.naming.core.InstanceOperator中的removeInstance(java.lang.String,java.lang.String,com.alibaba.nacos.api.naming.pojo.Instance)已过时
[WARNING] /Users/xinluo/sources/nacos/k8s-sync/src/main/java/com/alibaba/nacos/k8s/sync/K8sSyncServer.java:[378,39] com.alibaba.nacos.naming.core.InstanceOperator中的registerInstance(java.lang.String,java.lang.String,com.alibaba.nacos.api.naming.pojo.Instance)已过时
[WARNING] /Users/xinluo/sources/nacos/k8s-sync/src/main/java/com/alibaba/nacos/k8s/sync/K8sSyncServer.java:[396,39] com.alibaba.nacos.naming.core.InstanceOperator中的removeInstance(java.lang.String,java.lang.String,com.alibaba.nacos.api.naming.pojo.Instance)已过时
[INFO] 
[INFO] --- maven-resources-plugin:3.0.2:testResources (default-testResources) @ nacos-k8s-sync ---
[INFO] Using 'UTF-8' encoding to copy filtered resources.
[INFO] skip non existing resourceDirectory /Users/xinluo/sources/nacos/k8s-sync/src/test/resources
[INFO] 
[INFO] --- maven-compiler-plugin:3.5.1:testCompile (default-testCompile) @ nacos-k8s-sync ---
[INFO] Changes detected - recompiling the module!
[INFO] Compiling 1 source file to /Users/xinluo/sources/nacos/k8s-sync/target/test-classes
[WARNING] 未与 -source 17 一起设置系统模块路径
[INFO] 
[INFO] --- maven-surefire-plugin:3.2.5:test (default-test) @ nacos-k8s-sync ---
[INFO] Surefire report directory: /Users/xinluo/sources/nacos/k8s-sync/target/surefire-reports
[INFO] Using auto detected provider org.apache.maven.surefire.junitplatform.JUnitPlatformProvider
[INFO] 
[INFO] -------------------------------------------------------
[INFO]  T E S T S
[INFO] -------------------------------------------------------
[INFO] Running com.alibaba.nacos.k8s.sync.K8sSyncEnabledFilterTest
17:56:41.029 [main] WARN com.alibaba.nacos.k8s.sync.K8sSyncEnabledFilter -- K8s Sync module disabled because set nacos.k8s.sync.enabled as false
17:56:41.032 [main] WARN com.alibaba.nacos.k8s.sync.K8sSyncEnabledFilter -- K8s Sync module disabled because function mode is config, and K8s Sync depend naming module
17:56:41.033 [main] WARN com.alibaba.nacos.k8s.sync.K8sSyncEnabledFilter -- K8s Sync module disabled because set nacos.k8s.sync.enabled as false
[INFO] Tests run: 5, Failures: 0, Errors: 0, Skipped: 0, Time elapsed: 0.107 s -- in com.alibaba.nacos.k8s.sync.K8sSyncEnabledFilterTest
[INFO] 
[INFO] Results:
[INFO] 
[INFO] Tests run: 5, Failures: 0, Errors: 0, Skipped: 0
[INFO] 
[INFO] 
[INFO] --- jacoco-maven-plugin:0.8.13:report (default-report) @ nacos-k8s-sync ---
[INFO] Loading execution data file /Users/xinluo/sources/nacos/k8s-sync/target/coverage-reports/jacoco-unit.exec
[INFO] Analyzed bundle 'nacos-k8s-sync 3.1.0-SNAPSHOT' with 7 classes
[INFO] 
[INFO] --- easyj-maven-plugin:1.1.5:simplify-pom (flatten-pom) @ nacos-k8s-sync ---
[INFO] Create PomSimplifier by mode: auto
[INFO] The simplify mode is: JAR
[INFO] Do simplify by the POM simplifier: JarPomSimplifier
[INFO] 
[INFO] ==================================  start simplify  ==================================
[INFO] Remove Parent.
[INFO] Set GroupId from 'null' to 'com.alibaba.nacos'.
[INFO] Set Version from 'null' to '3.1.0-SNAPSHOT'.
[INFO] Set Name from 'nacos-k8s-sync ${project.version}' to 'nacos-k8s-sync 3.1.0-SNAPSHOT'.
[WARNING] The '<description>' is required when uploading OSSRH. Please set a value immediately.
[INFO] -------------------------------------------
[INFO] Copy project info from parent for the open source project:
[INFO]    Copy Licenses.
[INFO]    Copy Developers.
[INFO]    Copy Scm.
[INFO]    Copy Organization.
[INFO]    Copy IssueManagement.
[INFO] -------------------------------------------
[INFO] -------------------------------------------
[INFO] Reset dependencies: groupId, version, exclusions (Contains 4 dependencies)
[INFO]   Reset dependency: [${project.groupId}:nacos-naming:null] -> [com.alibaba.nacos:nacos-naming:3.1.0-SNAPSHOT]
[INFO]   Reset dependency: [io.kubernetes:client-java-api:null] -> [io.kubernetes:client-java-api:22.0.0]
[INFO]   Reset dependency: [io.kubernetes:client-java:null] -> [io.kubernetes:client-java:22.0.0]
[INFO]   Remove dependency by scope=test: [org.springframework.boot:spring-boot-starter-test:3.4.9:test]
[INFO] Remaining 3 dependencies.
[INFO] -------------------------------------------
[INFO] -------------------------------------------
[INFO] Optimize Dependencies: (3)
[INFO]  - Optimize with 'replaceVariable'
[INFO] ==================================   end  simplify  ==================================
[INFO] 
[INFO] Create the POM file '.flattened-pom.xml'.
[INFO] Set the POM file '.flattened-pom.xml' to the project object.
[INFO] 
[INFO] --- maven-jar-plugin:3.2.2:jar (default-jar) @ nacos-k8s-sync ---
[INFO] Building jar: /Users/xinluo/sources/nacos/k8s-sync/target/nacos-k8s-sync-3.1.0-SNAPSHOT.jar
[INFO] 
[INFO] --- maven-javadoc-plugin:2.10.4:jar (attach-javadocs) @ nacos-k8s-sync ---
[INFO] Skipping javadoc generation
[INFO] 
[INFO] >>> maven-source-plugin:3.0.1:jar (attach-sources) > generate-sources @ nacos-k8s-sync >>>
[INFO] 
[INFO] --- maven-enforcer-plugin:3.5.0:enforce (enforce-ban-circular-dependencies) @ nacos-k8s-sync ---
[INFO] Rule 0: org.codehaus.mojo.extraenforcer.dependencies.BanCircularDependencies passed
[INFO] 
[INFO] --- maven-checkstyle-plugin:3.1.2:check (validate) @ nacos-k8s-sync ---
[WARNING] Old version of checkstyle detected. Consider updating to >= v8.30
[WARNING] For more information see: https://maven.apache.org/plugins/maven-checkstyle-plugin/examples/upgrading-checkstyle.html
[INFO] 开始检查……
检查完成。
[INFO] You have 0 Checkstyle violations.
[INFO] 
[INFO] --- jacoco-maven-plugin:0.8.13:prepare-agent (default-prepare-agent) @ nacos-k8s-sync ---
[INFO] argLine set to -javaagent:/var/root/.m2/repository/org/jacoco/org.jacoco.agent/0.8.13/org.jacoco.agent-0.8.13-runtime.jar=destfile=/Users/xinluo/sources/nacos/k8s-sync/target/coverage-reports/jacoco-unit.exec,append=true,excludes=**/grpc/auto/**:**/packagescan/classreading/**:**/packagescan/resource/**:**/packagescan/util/**,output=file
[INFO] 
[INFO] --- build-helper-maven-plugin:3.2.0:add-source (add-source) @ nacos-k8s-sync ---
[INFO] Source directory: /Users/xinluo/sources/nacos/k8s-sync/target/generated-sources/protobuf/java added.
[INFO] 
[INFO] <<< maven-source-plugin:3.0.1:jar (attach-sources) < generate-sources @ nacos-k8s-sync <<<
[INFO] 
[INFO] 
[INFO] --- maven-source-plugin:3.0.1:jar (attach-sources) @ nacos-k8s-sync ---
[INFO] Building jar: /Users/xinluo/sources/nacos/k8s-sync/target/nacos-k8s-sync-3.1.0-SNAPSHOT-sources.jar
[INFO] 
[INFO] >>> maven-pmd-plugin:3.16.0:check (default) > :pmd @ nacos-k8s-sync >>>
[INFO] 
[INFO] --- maven-pmd-plugin:3.16.0:pmd (pmd) @ nacos-k8s-sync ---
[WARNING] Unable to locate Source XRef to link to - DISABLED
[WARNING] Unable to locate Source XRef to link to - DISABLED
[INFO] PMD version: 6.42.0
[WARNING] Rule /Users/xinluo/sources/nacos/k8s-sync/target/pmd/rulesets/ali-comment.xml/CommentsMustBeJavadocFormatRule does not mention attribute language='java', please mention it explicitly to be compatible with PMD 7
[WARNING] Rule /Users/xinluo/sources/nacos/k8s-sync/target/pmd/rulesets/ali-comment.xml/CommentsMustBeJavadocFormatRule does not mention attribute language='java', please mention it explicitly to be compatible with PMD 7
[WARNING] Rule /Users/xinluo/sources/nacos/k8s-sync/target/pmd/rulesets/ali-comment.xml/CommentsMustBeJavadocFormatRule does not mention attribute language='java', please mention it explicitly to be compatible with PMD 7
[WARNING] Rule /Users/xinluo/sources/nacos/k8s-sync/target/pmd/rulesets/ali-comment.xml/AbstractMethodOrInterfaceMethodMustUseJavadocRule does not mention attribute language='java', please mention it explicitly to be compatible with PMD 7
[WARNING] Rule /Users/xinluo/sources/nacos/k8s-sync/target/pmd/rulesets/ali-comment.xml/AbstractMethodOrInterfaceMethodMustUseJavadocRule does not mention attribute language='java', please mention it explicitly to be compatible with PMD 7
[WARNING] Rule /Users/xinluo/sources/nacos/k8s-sync/target/pmd/rulesets/ali-comment.xml/AbstractMethodOrInterfaceMethodMustUseJavadocRule does not mention attribute language='java', please mention it explicitly to be compatible with PMD 7
[WARNING] Rule /Users/xinluo/sources/nacos/k8s-sync/target/pmd/rulesets/ali-comment.xml/ClassMustHaveAuthorRule does not mention attribute language='java', please mention it explicitly to be compatible with PMD 7
[WARNING] Rule /Users/xinluo/sources/nacos/k8s-sync/target/pmd/rulesets/ali-comment.xml/ClassMustHaveAuthorRule does not mention attribute language='java', please mention it explicitly to be compatible with PMD 7
[WARNING] Rule /Users/xinluo/sources/nacos/k8s-sync/target/pmd/rulesets/ali-comment.xml/ClassMustHaveAuthorRule does not mention attribute language='java', please mention it explicitly to be compatible with PMD 7
[WARNING] Rule /Users/xinluo/sources/nacos/k8s-sync/target/pmd/rulesets/ali-comment.xml/EnumConstantsMustHaveCommentRule does not mention attribute language='java', please mention it explicitly to be compatible with PMD 7
[WARNING] Rule /Users/xinluo/sources/nacos/k8s-sync/target/pmd/rulesets/ali-comment.xml/EnumConstantsMustHaveCommentRule does not mention attribute language='java', please mention it explicitly to be compatible with PMD 7
[WARNING] Rule /Users/xinluo/sources/nacos/k8s-sync/target/pmd/rulesets/ali-comment.xml/EnumConstantsMustHaveCommentRule does not mention attribute language='java', please mention it explicitly to be compatible with PMD 7
[WARNING] Rule /Users/xinluo/sources/nacos/k8s-sync/target/pmd/rulesets/ali-comment.xml/AvoidCommentBehindStatementRule does not mention attribute language='java', please mention it explicitly to be compatible with PMD 7
[WARNING] Rule /Users/xinluo/sources/nacos/k8s-sync/target/pmd/rulesets/ali-comment.xml/AvoidCommentBehindStatementRule does not mention attribute language='java', please mention it explicitly to be compatible with PMD 7
[WARNING] Rule /Users/xinluo/sources/nacos/k8s-sync/target/pmd/rulesets/ali-comment.xml/AvoidCommentBehindStatementRule does not mention attribute language='java', please mention it explicitly to be compatible with PMD 7
[WARNING] Rule /Users/xinluo/sources/nacos/k8s-sync/target/pmd/rulesets/ali-comment.xml/RemoveCommentedCodeRule does not mention attribute language='java', please mention it explicitly to be compatible with PMD 7
[WARNING] Rule /Users/xinluo/sources/nacos/k8s-sync/target/pmd/rulesets/ali-comment.xml/RemoveCommentedCodeRule does not mention attribute language='java', please mention it explicitly to be compatible with PMD 7
[WARNING] Rule /Users/xinluo/sources/nacos/k8s-sync/target/pmd/rulesets/ali-comment.xml/RemoveCommentedCodeRule does not mention attribute language='java', please mention it explicitly to be compatible with PMD 7
[WARNING] Rule /Users/xinluo/sources/nacos/k8s-sync/target/pmd/rulesets/ali-constant.xml/UpperEllRule does not mention attribute language='java', please mention it explicitly to be compatible with PMD 7
[WARNING] Rule /Users/xinluo/sources/nacos/k8s-sync/target/pmd/rulesets/ali-constant.xml/UpperEllRule does not mention attribute language='java', please mention it explicitly to be compatible with PMD 7
[WARNING] Rule /Users/xinluo/sources/nacos/k8s-sync/target/pmd/rulesets/ali-constant.xml/UpperEllRule does not mention attribute language='java', please mention it explicitly to be compatible with PMD 7
[WARNING] Rule /Users/xinluo/sources/nacos/k8s-sync/target/pmd/rulesets/ali-constant.xml/UndefineMagicConstantRule does not mention attribute language='java', please mention it explicitly to be compatible with PMD 7
[WARNING] Rule /Users/xinluo/sources/nacos/k8s-sync/target/pmd/rulesets/ali-constant.xml/UndefineMagicConstantRule does not mention attribute language='java', please mention it explicitly to be compatible with PMD 7
[WARNING] Rule /Users/xinluo/sources/nacos/k8s-sync/target/pmd/rulesets/ali-constant.xml/UndefineMagicConstantRule does not mention attribute language='java', please mention it explicitly to be compatible with PMD 7
[WARNING] Rule /Users/xinluo/sources/nacos/k8s-sync/target/pmd/rulesets/ali-set.xml/ClassCastExceptionWithToArrayRule does not mention attribute language='java', please mention it explicitly to be compatible with PMD 7
[WARNING] Rule /Users/xinluo/sources/nacos/k8s-sync/target/pmd/rulesets/ali-set.xml/ClassCastExceptionWithToArrayRule does not mention attribute language='java', please mention it explicitly to be compatible with PMD 7
[WARNING] Rule /Users/xinluo/sources/nacos/k8s-sync/target/pmd/rulesets/ali-set.xml/ClassCastExceptionWithToArrayRule does not mention attribute language='java', please mention it explicitly to be compatible with PMD 7
[WARNING] Rule /Users/xinluo/sources/nacos/k8s-sync/target/pmd/rulesets/ali-set.xml/UnsupportedExceptionWithModifyAsListRule does not mention attribute language='java', please mention it explicitly to be compatible with PMD 7
[WARNING] Rule /Users/xinluo/sources/nacos/k8s-sync/target/pmd/rulesets/ali-set.xml/UnsupportedExceptionWithModifyAsListRule does not mention attribute language='java', please mention it explicitly to be compatible with PMD 7
[WARNING] Rule /Users/xinluo/sources/nacos/k8s-sync/target/pmd/rulesets/ali-set.xml/UnsupportedExceptionWithModifyAsListRule does not mention attribute language='java', please mention it explicitly to be compatible with PMD 7
[WARNING] Rule /Users/xinluo/sources/nacos/k8s-sync/target/pmd/rulesets/ali-set.xml/ClassCastExceptionWithSubListToArrayListRule does not mention attribute language='java', please mention it explicitly to be compatible with PMD 7
[WARNING] Rule /Users/xinluo/sources/nacos/k8s-sync/target/pmd/rulesets/ali-set.xml/ClassCastExceptionWithSubListToArrayListRule does not mention attribute language='java', please mention it explicitly to be compatible with PMD 7
[WARNING] Rule /Users/xinluo/sources/nacos/k8s-sync/target/pmd/rulesets/ali-set.xml/ClassCastExceptionWithSubListToArrayListRule does not mention attribute language='java', please mention it explicitly to be compatible with PMD 7
[WARNING] Rule /Users/xinluo/sources/nacos/k8s-sync/target/pmd/rulesets/ali-set.xml/ConcurrentExceptionWithModifyOriginSubListRule does not mention attribute language='java', please mention it explicitly to be compatible with PMD 7
[WARNING] Rule /Users/xinluo/sources/nacos/k8s-sync/target/pmd/rulesets/ali-set.xml/ConcurrentExceptionWithModifyOriginSubListRule does not mention attribute language='java', please mention it explicitly to be compatible with PMD 7
[WARNING] Rule /Users/xinluo/sources/nacos/k8s-sync/target/pmd/rulesets/ali-set.xml/ConcurrentExceptionWithModifyOriginSubListRule does not mention attribute language='java', please mention it explicitly to be compatible with PMD 7
[WARNING] Rule /Users/xinluo/sources/nacos/k8s-sync/target/pmd/rulesets/ali-set.xml/DontModifyInForeachCircleRule does not mention attribute language='java', please mention it explicitly to be compatible with PMD 7
[WARNING] Rule /Users/xinluo/sources/nacos/k8s-sync/target/pmd/rulesets/ali-set.xml/DontModifyInForeachCircleRule does not mention attribute language='java', please mention it explicitly to be compatible with PMD 7
[WARNING] Rule /Users/xinluo/sources/nacos/k8s-sync/target/pmd/rulesets/ali-set.xml/DontModifyInForeachCircleRule does not mention attribute language='java', please mention it explicitly to be compatible with PMD 7
[WARNING] Rule /Users/xinluo/sources/nacos/k8s-sync/target/pmd/rulesets/ali-set.xml/CollectionInitShouldAssignCapacityRule does not mention attribute language='java', please mention it explicitly to be compatible with PMD 7
[WARNING] Rule /Users/xinluo/sources/nacos/k8s-sync/target/pmd/rulesets/ali-set.xml/CollectionInitShouldAssignCapacityRule does not mention attribute language='java', please mention it explicitly to be compatible with PMD 7
[WARNING] Rule /Users/xinluo/sources/nacos/k8s-sync/target/pmd/rulesets/ali-set.xml/CollectionInitShouldAssignCapacityRule does not mention attribute language='java', please mention it explicitly to be compatible with PMD 7
[WARNING] Use of deprecated attribute 'ClassOrInterfaceDeclaration/@Image' by XPath rule 'BooleanPropertyShouldNotStartWithIsRule' (in ruleset 'AlibabaJavaNaming'), please use @SimpleName instead
[WARNING] Use of deprecated attribute 'ClassOrInterfaceDeclaration/@Image' by XPath rule 'BooleanPropertyShouldNotStartWithIsRule' (in ruleset 'AlibabaJavaNaming'), please use @SimpleName instead
[WARNING] Use of deprecated attribute 'ClassOrInterfaceDeclaration/@Image' by XPath rule 'BooleanPropertyShouldNotStartWithIsRule' (in ruleset 'AlibabaJavaNaming'), please use @SimpleName instead
[WARNING] Use of deprecated attribute 'FieldDeclaration/@Array' by XPath rule 'ArrayNamingShouldHaveBracketRule' (in ruleset 'AlibabaJavaNaming')
[WARNING] Use of deprecated attribute 'FieldDeclaration/@Array' by XPath rule 'ArrayNamingShouldHaveBracketRule' (in ruleset 'AlibabaJavaNaming')
[WARNING] Use of deprecated attribute 'FieldDeclaration/@Array' by XPath rule 'ArrayNamingShouldHaveBracketRule' (in ruleset 'AlibabaJavaNaming')
[WARNING] Use of deprecated attribute 'LocalVariableDeclaration/@Array' by XPath rule 'ArrayNamingShouldHaveBracketRule' (in ruleset 'AlibabaJavaNaming')
[WARNING] Use of deprecated attribute 'LocalVariableDeclaration/@Array' by XPath rule 'ArrayNamingShouldHaveBracketRule' (in ruleset 'AlibabaJavaNaming')
[WARNING] Use of deprecated attribute 'LocalVariableDeclaration/@Array' by XPath rule 'ArrayNamingShouldHaveBracketRule' (in ruleset 'AlibabaJavaNaming')
[INFO] 
[INFO] <<< maven-pmd-plugin:3.16.0:check (default) < :pmd @ nacos-k8s-sync <<<
[INFO] 
[INFO] 
[INFO] --- maven-pmd-plugin:3.16.0:check (default) @ nacos-k8s-sync ---
[INFO] PMD version: 6.42.0
[INFO] 
[INFO] 
[INFO] --- apache-rat-plugin:0.12:check (default) @ nacos-k8s-sync ---
[INFO] Enabled default license matchers.
[INFO] Will parse SCM ignores for exclusions...
[INFO] Finished adding exclusions from SCM ignore files.
[INFO] 61 implicit excludes (use -debug for more details).
[INFO] Exclude: .editorconfig
[INFO] Exclude: .travis.yml
[INFO] Exclude: codecov.yml
[INFO] Exclude: CONTRIBUTING.md
[INFO] Exclude: CODE_OF_CONDUCT.md
[INFO] Exclude: CHANGELOG.md
[INFO] Exclude: style/codeStyle.md
[INFO] Exclude: REPORTING-BUGS.md
[INFO] Exclude: README.md
[INFO] Exclude: .github/**/*
[INFO] Exclude: doc/*
[INFO] Exclude: derby.log
[INFO] Exclude: logs/*
[INFO] Exclude: src/main/resources/static/**
[INFO] Exclude: **/istio/model/**
[INFO] Exclude: **/consistency/entity/**
[INFO] Exclude: **/*.txt
[INFO] Exclude: **/*.factories
[INFO] Exclude: /console-ui/**
[INFO] Exclude: **/gogo.proto
[INFO] Exclude: **/any.proto
[INFO] Exclude: src/main/java/com/alibaba/nacos/common/packagescan/classreading/**
[INFO] Exclude: .flattened-pom.xml
[INFO] Exclude: **/announcement*.conf
[INFO] Exclude: **/console-guide.conf
[INFO] Exclude: **/reflect-config.json
[INFO] Exclude: **/resource-config.json
[INFO] Exclude: **/proxy-config.json
[INFO] Exclude: **/jni-config.json
[INFO] Exclude: **/predefined-classes-config.json
[INFO] Exclude: **/serialization-config.json
[INFO] Exclude: **/filter-config.json
[INFO] Exclude: **/disk_cache_test/**
[INFO] Exclude: **/failover_test/**
[INFO] Exclude: lefthook.yml
[INFO] Exclude: .vscode/**
[INFO] 7 resources included (use -debug for more details)
[INFO] Rat check: Summary over all files. Unapproved: 0, unknown: 0, generated: 0, approved: 7 licenses.
[INFO] 
[INFO] --- maven-install-plugin:2.4:install (default-install) @ nacos-k8s-sync ---
[INFO] Installing /Users/xinluo/sources/nacos/k8s-sync/target/nacos-k8s-sync-3.1.0-SNAPSHOT.jar to /var/root/.m2/repository/com/alibaba/nacos/nacos-k8s-sync/3.1.0-SNAPSHOT/nacos-k8s-sync-3.1.0-SNAPSHOT.jar
[INFO] Installing /Users/xinluo/sources/nacos/k8s-sync/.flattened-pom.xml to /var/root/.m2/repository/com/alibaba/nacos/nacos-k8s-sync/3.1.0-SNAPSHOT/nacos-k8s-sync-3.1.0-SNAPSHOT.pom
[INFO] Installing /Users/xinluo/sources/nacos/k8s-sync/target/nacos-k8s-sync-3.1.0-SNAPSHOT-sources.jar to /var/root/.m2/repository/com/alibaba/nacos/nacos-k8s-sync/3.1.0-SNAPSHOT/nacos-k8s-sync-3.1.0-SNAPSHOT-sources.jar
[INFO] 
[INFO] ------------------< com.alibaba.nacos:nacos-console >-------------------
[INFO] Building nacos-console 3.1.0-SNAPSHOT 3.1.0-SNAPSHOT             [36/45]
[INFO] --------------------------------[ jar ]---------------------------------
[INFO] 
[INFO] --- maven-clean-plugin:2.5:clean (default-clean) @ nacos-console ---
[INFO] Deleting /Users/xinluo/sources/nacos/console/target
[INFO] 
[INFO] --- easyj-maven-plugin:1.1.5:clean-simplify-pom (clean-flattened-pom) @ nacos-console ---
[INFO] Deleting /Users/xinluo/sources/nacos/console/.flattened-pom.xml
[INFO] 
[INFO] --- maven-enforcer-plugin:3.5.0:enforce (enforce-ban-circular-dependencies) @ nacos-console ---
[INFO] Rule 0: org.codehaus.mojo.extraenforcer.dependencies.BanCircularDependencies passed
[INFO] 
[INFO] --- maven-checkstyle-plugin:3.1.2:check (validate) @ nacos-console ---
[WARNING] Old version of checkstyle detected. Consider updating to >= v8.30
[WARNING] For more information see: https://maven.apache.org/plugins/maven-checkstyle-plugin/examples/upgrading-checkstyle.html
[INFO] 开始检查……
检查完成。
[INFO] You have 0 Checkstyle violations.
[INFO] 
[INFO] --- jacoco-maven-plugin:0.8.13:prepare-agent (default-prepare-agent) @ nacos-console ---
[INFO] argLine set to -javaagent:/var/root/.m2/repository/org/jacoco/org.jacoco.agent/0.8.13/org.jacoco.agent-0.8.13-runtime.jar=destfile=/Users/xinluo/sources/nacos/console/target/coverage-reports/jacoco-unit.exec,append=true,excludes=**/grpc/auto/**:**/packagescan/classreading/**:**/packagescan/resource/**:**/packagescan/util/**,output=file
[INFO] 
[INFO] --- build-helper-maven-plugin:3.2.0:add-source (add-source) @ nacos-console ---
[INFO] Source directory: /Users/xinluo/sources/nacos/console/target/generated-sources/protobuf/java added.
[INFO] 
[INFO] --- maven-resources-plugin:3.0.2:resources (default-resources) @ nacos-console ---
[INFO] Using 'UTF-8' encoding to copy filtered resources.
[INFO] Copying 146 resources
[INFO] 
[INFO] --- maven-compiler-plugin:3.5.1:compile (default-compile) @ nacos-console ---
[INFO] Changes detected - recompiling the module!
[INFO] Compiling 85 source files to /Users/xinluo/sources/nacos/console/target/classes
[WARNING] 未与 -source 17 一起设置系统模块路径
[WARNING] /Users/xinluo/sources/nacos/console/src/main/java/com/alibaba/nacos/console/handler/impl/inner/config/ConfigInnerHandler.java:[117,13] com.alibaba.nacos.config.server.service.repository中的com.alibaba.nacos.config.server.service.repository.ConfigInfoBetaPersistService已过时
[WARNING] /Users/xinluo/sources/nacos/console/src/main/java/com/alibaba/nacos/console/handler/impl/inner/config/ConfigInnerHandler.java:[128,62] com.alibaba.nacos.config.server.service.repository中的com.alibaba.nacos.config.server.service.repository.ConfigInfoBetaPersistService已过时
[WARNING] /Users/xinluo/sources/nacos/console/src/main/java/com/alibaba/nacos/console/aot/NacosRuntimeHints.java:[42,21] sun.misc.Unsafe是内部专用 API, 可能会在未来发行版中删除
[WARNING] /Users/xinluo/sources/nacos/console/src/main/java/com/alibaba/nacos/console/aot/NacosRuntimeHints.java:[51,63] java.security 中的 java.security.AccessController 已过时, 且标记为待删除
[WARNING] /Users/xinluo/sources/nacos/console/src/main/java/com/alibaba/nacos/console/aot/NacosRuntimeHints.java:[284,49] com.alibaba.nacos.naming.controllers中的com.alibaba.nacos.naming.controllers.CatalogController已过时
[WARNING] /Users/xinluo/sources/nacos/console/src/main/java/com/alibaba/nacos/console/aot/NacosRuntimeHints.java:[311,42] com.alibaba.nacos.api.ability中的com.alibaba.nacos.api.ability.ServerAbilities已过时
[WARNING] /Users/xinluo/sources/nacos/console/src/main/java/com/alibaba/nacos/console/aot/NacosRuntimeHints.java:[425,42] com.alibaba.nacos.naming.pojo中的com.alibaba.nacos.naming.pojo.ClusterInfo已过时
[WARNING] /Users/xinluo/sources/nacos/console/src/main/java/com/alibaba/nacos/console/aot/NacosRuntimeHints.java:[427,42] com.alibaba.nacos.naming.pojo中的com.alibaba.nacos.naming.pojo.ServiceDetailInfo已过时
[WARNING] /Users/xinluo/sources/nacos/console/src/main/java/com/alibaba/nacos/console/aot/NacosRuntimeHints.java:[462,42] com.alibaba.nacos.naming.pojo中的com.alibaba.nacos.naming.pojo.ClusterInfo已过时
[WARNING] /Users/xinluo/sources/nacos/console/src/main/java/com/alibaba/nacos/console/aot/NacosRuntimeHints.java:[463,86] com.alibaba.nacos.naming.pojo中的com.alibaba.nacos.naming.pojo.ServiceDetailInfo已过时
[INFO] 
[INFO] --- maven-resources-plugin:3.0.2:testResources (default-testResources) @ nacos-console ---
[INFO] Using 'UTF-8' encoding to copy filtered resources.
[INFO] Copying 4 resources
[INFO] 
[INFO] --- maven-compiler-plugin:3.5.1:testCompile (default-testCompile) @ nacos-console ---
[INFO] Changes detected - recompiling the module!
[INFO] Compiling 67 source files to /Users/xinluo/sources/nacos/console/target/test-classes
[WARNING] 未与 -source 17 一起设置系统模块路径
[WARNING] /Users/xinluo/sources/nacos/console/src/test/java/com/alibaba/nacos/console/handler/impl/inner/config/ConfigInnerHandlerTest.java:[113,13] com.alibaba.nacos.config.server.service.repository中的com.alibaba.nacos.config.server.service.repository.ConfigInfoBetaPersistService已过时
[WARNING] /Users/xinluo/sources/nacos/console/src/test/java/com/alibaba/nacos/console/controller/HealthControllerTest.java:[70,35] org.springframework.http.ResponseEntity中的getStatusCodeValue()已过时
[WARNING] /Users/xinluo/sources/nacos/console/src/test/java/com/alibaba/nacos/console/controller/HealthControllerTest.java:[79,35] org.springframework.http.ResponseEntity中的getStatusCodeValue()已过时
[WARNING] /Users/xinluo/sources/nacos/console/src/test/java/com/alibaba/nacos/console/controller/HealthControllerTest.java:[90,35] org.springframework.http.ResponseEntity中的getStatusCodeValue()已过时
[WARNING] /Users/xinluo/sources/nacos/console/src/test/java/com/alibaba/nacos/console/controller/HealthControllerTest.java:[101,35] org.springframework.http.ResponseEntity中的getStatusCodeValue()已过时
[WARNING] /Users/xinluo/sources/nacos/console/src/test/java/com/alibaba/nacos/console/controller/HealthControllerTest.java:[111,35] org.springframework.http.ResponseEntity中的getStatusCodeValue()已过时
[INFO] /Users/xinluo/sources/nacos/console/src/test/java/com/alibaba/nacos/console/config/ConsoleAuthModuleStateBuilderTest.java: 某些输入文件使用了未经检查或不安全的操作。
[INFO] /Users/xinluo/sources/nacos/console/src/test/java/com/alibaba/nacos/console/config/ConsoleAuthModuleStateBuilderTest.java: 有关详细信息, 请使用 -Xlint:unchecked 重新编译。
[INFO] 
[INFO] --- maven-surefire-plugin:3.2.5:test (default-test) @ nacos-console ---
[INFO] Surefire report directory: /Users/xinluo/sources/nacos/console/target/surefire-reports
[INFO] Using auto detected provider org.apache.maven.surefire.junitplatform.JUnitPlatformProvider
[INFO] 
[INFO] -------------------------------------------------------
[INFO]  T E S T S
[INFO] -------------------------------------------------------
[INFO] Running com.alibaba.nacos.console.handler.impl.noop.config.HistoryNoopHandlerTest
[INFO] Tests run: 4, Failures: 0, Errors: 0, Skipped: 0, Time elapsed: 0.023 s -- in com.alibaba.nacos.console.handler.impl.noop.config.HistoryNoopHandlerTest
[INFO] Running com.alibaba.nacos.console.handler.impl.noop.config.ConfigNoopHandlerTest
[INFO] Tests run: 13, Failures: 0, Errors: 0, Skipped: 0, Time elapsed: 0.007 s -- in com.alibaba.nacos.console.handler.impl.noop.config.ConfigNoopHandlerTest
[INFO] Running com.alibaba.nacos.console.handler.impl.noop.ai.McpNoopHandlerTest
[INFO] Tests run: 5, Failures: 0, Errors: 0, Skipped: 0, Time elapsed: 0.003 s -- in com.alibaba.nacos.console.handler.impl.noop.ai.McpNoopHandlerTest
[INFO] Running com.alibaba.nacos.console.handler.impl.noop.naming.ServiceNoopHandlerTest
[INFO] Tests run: 8, Failures: 0, Errors: 0, Skipped: 0, Time elapsed: 0.004 s -- in com.alibaba.nacos.console.handler.impl.noop.naming.ServiceNoopHandlerTest
[INFO] Running com.alibaba.nacos.console.handler.impl.noop.naming.InstanceNoopHandlerTest
[INFO] Tests run: 2, Failures: 0, Errors: 0, Skipped: 0, Time elapsed: 0.001 s -- in com.alibaba.nacos.console.handler.impl.noop.naming.InstanceNoopHandlerTest
[INFO] Running com.alibaba.nacos.console.handler.impl.AbstractServerStateHandlerTest
[INFO] Tests run: 7, Failures: 0, Errors: 0, Skipped: 0, Time elapsed: 0.054 s -- in com.alibaba.nacos.console.handler.impl.AbstractServerStateHandlerTest
[INFO] Running com.alibaba.nacos.console.handler.impl.inner.core.NamespaceInnerHandlerTest
[INFO] Tests run: 6, Failures: 0, Errors: 0, Skipped: 0, Time elapsed: 0.698 s -- in com.alibaba.nacos.console.handler.impl.inner.core.NamespaceInnerHandlerTest
[INFO] Running com.alibaba.nacos.console.handler.impl.inner.core.ClusterInnerHandlerTest
[INFO] Tests run: 1, Failures: 0, Errors: 0, Skipped: 0, Time elapsed: 0.070 s -- in com.alibaba.nacos.console.handler.impl.inner.core.ClusterInnerHandlerTest
[INFO] Running com.alibaba.nacos.console.handler.impl.inner.config.ConfigInnerHandlerTest
17:56:45.729 [main] ERROR com.alibaba.nacos.console.handler.impl.inner.config.ConfigInnerHandler -- serialize page error, dataId=dataId, group=group
com.alibaba.nacos.api.exception.runtime.NacosRuntimeException: errCode: 500, errMsg: test 
	at com.alibaba.nacos.config.server.service.ConfigDetailService.findConfigInfoPage(ConfigDetailService.java:126)
	at com.alibaba.nacos.console.handler.impl.inner.config.ConfigInnerHandler.getConfigListByContent(ConfigInnerHandler.java:197)
	at com.alibaba.nacos.console.handler.impl.inner.config.ConfigInnerHandlerTest.lambda$getConfigListByContentWithException$0(ConfigInnerHandlerTest.java:230)
	at org.junit.jupiter.api.AssertThrows.assertThrows(AssertThrows.java:53)
	at org.junit.jupiter.api.AssertThrows.assertThrows(AssertThrows.java:35)
	at org.junit.jupiter.api.Assertions.assertThrows(Assertions.java:3115)
	at com.alibaba.nacos.console.handler.impl.inner.config.ConfigInnerHandlerTest.getConfigListByContentWithException(ConfigInnerHandlerTest.java:229)
	at java.base/jdk.internal.reflect.DirectMethodHandleAccessor.invoke(DirectMethodHandleAccessor.java:103)
	at java.base/java.lang.reflect.Method.invoke(Method.java:580)
	at org.junit.platform.commons.util.ReflectionUtils.invokeMethod(ReflectionUtils.java:728)
	at org.junit.jupiter.engine.execution.MethodInvocation.proceed(MethodInvocation.java:60)
	at org.junit.jupiter.engine.execution.InvocationInterceptorChain$ValidatingInvocation.proceed(InvocationInterceptorChain.java:131)
	at org.junit.jupiter.engine.extension.TimeoutExtension.intercept(TimeoutExtension.java:156)
	at org.junit.jupiter.engine.extension.TimeoutExtension.interceptTestableMethod(TimeoutExtension.java:147)
	at org.junit.jupiter.engine.extension.TimeoutExtension.interceptTestMethod(TimeoutExtension.java:86)
	at org.junit.jupiter.engine.execution.InterceptingExecutableInvoker$ReflectiveInterceptorCall.lambda$ofVoidMethod$0(InterceptingExecutableInvoker.java:103)
	at org.junit.jupiter.engine.execution.InterceptingExecutableInvoker.lambda$invoke$0(InterceptingExecutableInvoker.java:93)
	at org.junit.jupiter.engine.execution.InvocationInterceptorChain$InterceptedInvocation.proceed(InvocationInterceptorChain.java:106)
	at org.junit.jupiter.engine.execution.InvocationInterceptorChain.proceed(InvocationInterceptorChain.java:64)
	at org.junit.jupiter.engine.execution.InvocationInterceptorChain.chainAndInvoke(InvocationInterceptorChain.java:45)
	at org.junit.jupiter.engine.execution.InvocationInterceptorChain.invoke(InvocationInterceptorChain.java:37)
	at org.junit.jupiter.engine.execution.InterceptingExecutableInvoker.invoke(InterceptingExecutableInvoker.java:92)
	at org.junit.jupiter.engine.execution.InterceptingExecutableInvoker.invoke(InterceptingExecutableInvoker.java:86)
	at org.junit.jupiter.engine.descriptor.TestMethodTestDescriptor.lambda$invokeTestMethod$7(TestMethodTestDescriptor.java:218)
	at org.junit.platform.engine.support.hierarchical.ThrowableCollector.execute(ThrowableCollector.java:73)
	at org.junit.jupiter.engine.descriptor.TestMethodTestDescriptor.invokeTestMethod(TestMethodTestDescriptor.java:214)
	at org.junit.jupiter.engine.descriptor.TestMethodTestDescriptor.execute(TestMethodTestDescriptor.java:139)
	at org.junit.jupiter.engine.descriptor.TestMethodTestDescriptor.execute(TestMethodTestDescriptor.java:69)
	at org.junit.platform.engine.support.hierarchical.NodeTestTask.lambda$executeRecursively$6(NodeTestTask.java:151)
	at org.junit.platform.engine.support.hierarchical.ThrowableCollector.execute(ThrowableCollector.java:73)
	at org.junit.platform.engine.support.hierarchical.NodeTestTask.lambda$executeRecursively$8(NodeTestTask.java:141)
	at org.junit.platform.engine.support.hierarchical.Node.around(Node.java:137)
	at org.junit.platform.engine.support.hierarchical.NodeTestTask.lambda$executeRecursively$9(NodeTestTask.java:139)
	at org.junit.platform.engine.support.hierarchical.ThrowableCollector.execute(ThrowableCollector.java:73)
	at org.junit.platform.engine.support.hierarchical.NodeTestTask.executeRecursively(NodeTestTask.java:138)
	at org.junit.platform.engine.support.hierarchical.NodeTestTask.execute(NodeTestTask.java:95)
	at java.base/java.util.ArrayList.forEach(ArrayList.java:1596)
	at org.junit.platform.engine.support.hierarchical.SameThreadHierarchicalTestExecutorService.invokeAll(SameThreadHierarchicalTestExecutorService.java:41)
	at org.junit.platform.engine.support.hierarchical.NodeTestTask.lambda$executeRecursively$6(NodeTestTask.java:155)
	at org.junit.platform.engine.support.hierarchical.ThrowableCollector.execute(ThrowableCollector.java:73)
	at org.junit.platform.engine.support.hierarchical.NodeTestTask.lambda$executeRecursively$8(NodeTestTask.java:141)
	at org.junit.platform.engine.support.hierarchical.Node.around(Node.java:137)
	at org.junit.platform.engine.support.hierarchical.NodeTestTask.lambda$executeRecursively$9(NodeTestTask.java:139)
	at org.junit.platform.engine.support.hierarchical.ThrowableCollector.execute(ThrowableCollector.java:73)
	at org.junit.platform.engine.support.hierarchical.NodeTestTask.executeRecursively(NodeTestTask.java:138)
	at org.junit.platform.engine.support.hierarchical.NodeTestTask.execute(NodeTestTask.java:95)
	at java.base/java.util.ArrayList.forEach(ArrayList.java:1596)
	at org.junit.platform.engine.support.hierarchical.SameThreadHierarchicalTestExecutorService.invokeAll(SameThreadHierarchicalTestExecutorService.java:41)
	at org.junit.platform.engine.support.hierarchical.NodeTestTask.lambda$executeRecursively$6(NodeTestTask.java:155)
	at org.junit.platform.engine.support.hierarchical.ThrowableCollector.execute(ThrowableCollector.java:73)
	at org.junit.platform.engine.support.hierarchical.NodeTestTask.lambda$executeRecursively$8(NodeTestTask.java:141)
	at org.junit.platform.engine.support.hierarchical.Node.around(Node.java:137)
	at org.junit.platform.engine.support.hierarchical.NodeTestTask.lambda$executeRecursively$9(NodeTestTask.java:139)
	at org.junit.platform.engine.support.hierarchical.ThrowableCollector.execute(ThrowableCollector.java:73)
	at org.junit.platform.engine.support.hierarchical.NodeTestTask.executeRecursively(NodeTestTask.java:138)
	at org.junit.platform.engine.support.hierarchical.NodeTestTask.execute(NodeTestTask.java:95)
	at org.junit.platform.engine.support.hierarchical.SameThreadHierarchicalTestExecutorService.submit(SameThreadHierarchicalTestExecutorService.java:35)
	at org.junit.platform.engine.support.hierarchical.HierarchicalTestExecutor.execute(HierarchicalTestExecutor.java:57)
	at org.junit.platform.engine.support.hierarchical.HierarchicalTestEngine.execute(HierarchicalTestEngine.java:54)
	at org.junit.platform.launcher.core.EngineExecutionOrchestrator.execute(EngineExecutionOrchestrator.java:198)
	at org.junit.platform.launcher.core.EngineExecutionOrchestrator.execute(EngineExecutionOrchestrator.java:169)
	at org.junit.platform.launcher.core.EngineExecutionOrchestrator.execute(EngineExecutionOrchestrator.java:93)
	at org.junit.platform.launcher.core.EngineExecutionOrchestrator.lambda$execute$0(EngineExecutionOrchestrator.java:58)
	at org.junit.platform.launcher.core.EngineExecutionOrchestrator.withInterceptedStreams(EngineExecutionOrchestrator.java:141)
	at org.junit.platform.launcher.core.EngineExecutionOrchestrator.execute(EngineExecutionOrchestrator.java:57)
	at org.junit.platform.launcher.core.DefaultLauncher.execute(DefaultLauncher.java:103)
	at org.junit.platform.launcher.core.DefaultLauncher.execute(DefaultLauncher.java:85)
	at org.junit.platform.launcher.core.DelegatingLauncher.execute(DelegatingLauncher.java:47)
	at org.apache.maven.surefire.junitplatform.LazyLauncher.execute(LazyLauncher.java:56)
	at org.apache.maven.surefire.junitplatform.JUnitPlatformProvider.execute(JUnitPlatformProvider.java:184)
	at org.apache.maven.surefire.junitplatform.JUnitPlatformProvider.invokeAllTests(JUnitPlatformProvider.java:148)
	at org.apache.maven.surefire.junitplatform.JUnitPlatformProvider.invoke(JUnitPlatformProvider.java:122)
	at org.apache.maven.surefire.booter.ForkedBooter.runSuitesInProcess(ForkedBooter.java:385)
	at org.apache.maven.surefire.booter.ForkedBooter.execute(ForkedBooter.java:162)
	at org.apache.maven.surefire.booter.ForkedBooter.run(ForkedBooter.java:507)
	at org.apache.maven.surefire.booter.ForkedBooter.main(ForkedBooter.java:495)
17:56:45.751 [main] INFO com.alibaba.nacos.config.traceLog -- 30.221.131.95|dataId|group|tenant|requestIpApp|1757930205736|remoteIp|persist-beta|remove|-1|null
17:56:45.754 [main] WARN com.alibaba.nacos.common.notify.NotifyCenter -- There are no [com.alibaba.nacos.config.server.model.event.ConfigDataChangeEvent] publishers for this event, please register
17:56:45.841 [main] ERROR com.alibaba.nacos.console.handler.impl.inner.config.ConfigInnerHandler -- remove beta data error
com.alibaba.nacos.api.exception.runtime.NacosRuntimeException: errCode: 0, errMsg: test 
	at com.alibaba.nacos.console.handler.impl.inner.config.ConfigInnerHandler.removeBetaConfig(ConfigInnerHandler.java:487)
	at com.alibaba.nacos.console.handler.impl.inner.config.ConfigInnerHandlerTest.removeBetaConfigWithException(ConfigInnerHandlerTest.java:524)
	at java.base/jdk.internal.reflect.DirectMethodHandleAccessor.invoke(DirectMethodHandleAccessor.java:103)
	at java.base/java.lang.reflect.Method.invoke(Method.java:580)
	at org.junit.platform.commons.util.ReflectionUtils.invokeMethod(ReflectionUtils.java:728)
	at org.junit.jupiter.engine.execution.MethodInvocation.proceed(MethodInvocation.java:60)
	at org.junit.jupiter.engine.execution.InvocationInterceptorChain$ValidatingInvocation.proceed(InvocationInterceptorChain.java:131)
	at org.junit.jupiter.engine.extension.TimeoutExtension.intercept(TimeoutExtension.java:156)
	at org.junit.jupiter.engine.extension.TimeoutExtension.interceptTestableMethod(TimeoutExtension.java:147)
	at org.junit.jupiter.engine.extension.TimeoutExtension.interceptTestMethod(TimeoutExtension.java:86)
	at org.junit.jupiter.engine.execution.InterceptingExecutableInvoker$ReflectiveInterceptorCall.lambda$ofVoidMethod$0(InterceptingExecutableInvoker.java:103)
	at org.junit.jupiter.engine.execution.InterceptingExecutableInvoker.lambda$invoke$0(InterceptingExecutableInvoker.java:93)
	at org.junit.jupiter.engine.execution.InvocationInterceptorChain$InterceptedInvocation.proceed(InvocationInterceptorChain.java:106)
	at org.junit.jupiter.engine.execution.InvocationInterceptorChain.proceed(InvocationInterceptorChain.java:64)
	at org.junit.jupiter.engine.execution.InvocationInterceptorChain.chainAndInvoke(InvocationInterceptorChain.java:45)
	at org.junit.jupiter.engine.execution.InvocationInterceptorChain.invoke(InvocationInterceptorChain.java:37)
	at org.junit.jupiter.engine.execution.InterceptingExecutableInvoker.invoke(InterceptingExecutableInvoker.java:92)
	at org.junit.jupiter.engine.execution.InterceptingExecutableInvoker.invoke(InterceptingExecutableInvoker.java:86)
	at org.junit.jupiter.engine.descriptor.TestMethodTestDescriptor.lambda$invokeTestMethod$7(TestMethodTestDescriptor.java:218)
	at org.junit.platform.engine.support.hierarchical.ThrowableCollector.execute(ThrowableCollector.java:73)
	at org.junit.jupiter.engine.descriptor.TestMethodTestDescriptor.invokeTestMethod(TestMethodTestDescriptor.java:214)
	at org.junit.jupiter.engine.descriptor.TestMethodTestDescriptor.execute(TestMethodTestDescriptor.java:139)
	at org.junit.jupiter.engine.descriptor.TestMethodTestDescriptor.execute(TestMethodTestDescriptor.java:69)
	at org.junit.platform.engine.support.hierarchical.NodeTestTask.lambda$executeRecursively$6(NodeTestTask.java:151)
	at org.junit.platform.engine.support.hierarchical.ThrowableCollector.execute(ThrowableCollector.java:73)
	at org.junit.platform.engine.support.hierarchical.NodeTestTask.lambda$executeRecursively$8(NodeTestTask.java:141)
	at org.junit.platform.engine.support.hierarchical.Node.around(Node.java:137)
	at org.junit.platform.engine.support.hierarchical.NodeTestTask.lambda$executeRecursively$9(NodeTestTask.java:139)
	at org.junit.platform.engine.support.hierarchical.ThrowableCollector.execute(ThrowableCollector.java:73)
	at org.junit.platform.engine.support.hierarchical.NodeTestTask.executeRecursively(NodeTestTask.java:138)
	at org.junit.platform.engine.support.hierarchical.NodeTestTask.execute(NodeTestTask.java:95)
	at java.base/java.util.ArrayList.forEach(ArrayList.java:1596)
	at org.junit.platform.engine.support.hierarchical.SameThreadHierarchicalTestExecutorService.invokeAll(SameThreadHierarchicalTestExecutorService.java:41)
	at org.junit.platform.engine.support.hierarchical.NodeTestTask.lambda$executeRecursively$6(NodeTestTask.java:155)
	at org.junit.platform.engine.support.hierarchical.ThrowableCollector.execute(ThrowableCollector.java:73)
	at org.junit.platform.engine.support.hierarchical.NodeTestTask.lambda$executeRecursively$8(NodeTestTask.java:141)
	at org.junit.platform.engine.support.hierarchical.Node.around(Node.java:137)
	at org.junit.platform.engine.support.hierarchical.NodeTestTask.lambda$executeRecursively$9(NodeTestTask.java:139)
	at org.junit.platform.engine.support.hierarchical.ThrowableCollector.execute(ThrowableCollector.java:73)
	at org.junit.platform.engine.support.hierarchical.NodeTestTask.executeRecursively(NodeTestTask.java:138)
	at org.junit.platform.engine.support.hierarchical.NodeTestTask.execute(NodeTestTask.java:95)
	at java.base/java.util.ArrayList.forEach(ArrayList.java:1596)
	at org.junit.platform.engine.support.hierarchical.SameThreadHierarchicalTestExecutorService.invokeAll(SameThreadHierarchicalTestExecutorService.java:41)
	at org.junit.platform.engine.support.hierarchical.NodeTestTask.lambda$executeRecursively$6(NodeTestTask.java:155)
	at org.junit.platform.engine.support.hierarchical.ThrowableCollector.execute(ThrowableCollector.java:73)
	at org.junit.platform.engine.support.hierarchical.NodeTestTask.lambda$executeRecursively$8(NodeTestTask.java:141)
	at org.junit.platform.engine.support.hierarchical.Node.around(Node.java:137)
	at org.junit.platform.engine.support.hierarchical.NodeTestTask.lambda$executeRecursively$9(NodeTestTask.java:139)
	at org.junit.platform.engine.support.hierarchical.ThrowableCollector.execute(ThrowableCollector.java:73)
	at org.junit.platform.engine.support.hierarchical.NodeTestTask.executeRecursively(NodeTestTask.java:138)
	at org.junit.platform.engine.support.hierarchical.NodeTestTask.execute(NodeTestTask.java:95)
	at org.junit.platform.engine.support.hierarchical.SameThreadHierarchicalTestExecutorService.submit(SameThreadHierarchicalTestExecutorService.java:35)
	at org.junit.platform.engine.support.hierarchical.HierarchicalTestExecutor.execute(HierarchicalTestExecutor.java:57)
	at org.junit.platform.engine.support.hierarchical.HierarchicalTestEngine.execute(HierarchicalTestEngine.java:54)
	at org.junit.platform.launcher.core.EngineExecutionOrchestrator.execute(EngineExecutionOrchestrator.java:198)
	at org.junit.platform.launcher.core.EngineExecutionOrchestrator.execute(EngineExecutionOrchestrator.java:169)
	at org.junit.platform.launcher.core.EngineExecutionOrchestrator.execute(EngineExecutionOrchestrator.java:93)
	at org.junit.platform.launcher.core.EngineExecutionOrchestrator.lambda$execute$0(EngineExecutionOrchestrator.java:58)
	at org.junit.platform.launcher.core.EngineExecutionOrchestrator.withInterceptedStreams(EngineExecutionOrchestrator.java:141)
	at org.junit.platform.launcher.core.EngineExecutionOrchestrator.execute(EngineExecutionOrchestrator.java:57)
	at org.junit.platform.launcher.core.DefaultLauncher.execute(DefaultLauncher.java:103)
	at org.junit.platform.launcher.core.DefaultLauncher.execute(DefaultLauncher.java:85)
	at org.junit.platform.launcher.core.DelegatingLauncher.execute(DelegatingLauncher.java:47)
	at org.apache.maven.surefire.junitplatform.LazyLauncher.execute(LazyLauncher.java:56)
	at org.apache.maven.surefire.junitplatform.JUnitPlatformProvider.execute(JUnitPlatformProvider.java:184)
	at org.apache.maven.surefire.junitplatform.JUnitPlatformProvider.invokeAllTests(JUnitPlatformProvider.java:148)
	at org.apache.maven.surefire.junitplatform.JUnitPlatformProvider.invoke(JUnitPlatformProvider.java:122)
	at org.apache.maven.surefire.booter.ForkedBooter.runSuitesInProcess(ForkedBooter.java:385)
	at org.apache.maven.surefire.booter.ForkedBooter.execute(ForkedBooter.java:162)
	at org.apache.maven.surefire.booter.ForkedBooter.run(ForkedBooter.java:507)
	at org.apache.maven.surefire.booter.ForkedBooter.main(ForkedBooter.java:495)
17:56:45.888 [main] WARN com.alibaba.nacos.common.notify.NotifyCenter -- There are no [com.alibaba.nacos.config.server.model.event.ConfigDataChangeEvent] publishers for this event, please register
17:56:45.890 [main] INFO com.alibaba.nacos.config.traceLog -- 30.221.131.95|dataId23456.json|group132|public|requestIpApp|1757930205888|30.221.131.95|persist|pub|-1|f41e63d77aa489a826d32d111f875334
17:56:45.941 [main] WARN com.alibaba.nacos.console.handler.impl.inner.config.ConfigInnerHandler -- [deleteConfigs] configInfo is null, id: 2
17:56:45.944 [main] INFO com.alibaba.nacos.config.traceLog -- 30.221.131.95|dataId|group|tenant|requestIpApp|1757930205944|remoteIp|persist-beta|remove|-1|null
17:56:45.944 [main] WARN com.alibaba.nacos.common.notify.NotifyCenter -- There are no [com.alibaba.nacos.config.server.model.event.ConfigDataChangeEvent] publishers for this event, please register
17:56:45.947 [main] WARN com.alibaba.nacos.common.notify.NotifyCenter -- There are no [com.alibaba.nacos.config.server.model.event.ConfigDataChangeEvent] publishers for this event, please register
17:56:45.947 [main] INFO com.alibaba.nacos.config.traceLog -- 30.221.131.95|dataId|group|public|requestIpApp|1757930205947|30.221.131.95|persist|pub|-1|9a0364b9e99bb480dd25e1f0284c8555
17:56:45.955 [main] ERROR com.alibaba.nacos.console.handler.impl.inner.config.ConfigInnerHandler -- parsing data failed
java.io.IOException: null
	at com.alibaba.nacos.console.handler.impl.inner.config.ConfigInnerHandler.importAndPublishConfig(ConfigInnerHandler.java:289)
	at com.alibaba.nacos.console.handler.impl.inner.config.ConfigInnerHandlerTest.importAndPublishConfigWithUnzipException(ConfigInnerHandlerTest.java:324)
	at java.base/jdk.internal.reflect.DirectMethodHandleAccessor.invoke(DirectMethodHandleAccessor.java:103)
	at java.base/java.lang.reflect.Method.invoke(Method.java:580)
	at org.junit.platform.commons.util.ReflectionUtils.invokeMethod(ReflectionUtils.java:728)
	at org.junit.jupiter.engine.execution.MethodInvocation.proceed(MethodInvocation.java:60)
	at org.junit.jupiter.engine.execution.InvocationInterceptorChain$ValidatingInvocation.proceed(InvocationInterceptorChain.java:131)
	at org.junit.jupiter.engine.extension.TimeoutExtension.intercept(TimeoutExtension.java:156)
	at org.junit.jupiter.engine.extension.TimeoutExtension.interceptTestableMethod(TimeoutExtension.java:147)
	at org.junit.jupiter.engine.extension.TimeoutExtension.interceptTestMethod(TimeoutExtension.java:86)
	at org.junit.jupiter.engine.execution.InterceptingExecutableInvoker$ReflectiveInterceptorCall.lambda$ofVoidMethod$0(InterceptingExecutableInvoker.java:103)
	at org.junit.jupiter.engine.execution.InterceptingExecutableInvoker.lambda$invoke$0(InterceptingExecutableInvoker.java:93)
	at org.junit.jupiter.engine.execution.InvocationInterceptorChain$InterceptedInvocation.proceed(InvocationInterceptorChain.java:106)
	at org.junit.jupiter.engine.execution.InvocationInterceptorChain.proceed(InvocationInterceptorChain.java:64)
	at org.junit.jupiter.engine.execution.InvocationInterceptorChain.chainAndInvoke(InvocationInterceptorChain.java:45)
	at org.junit.jupiter.engine.execution.InvocationInterceptorChain.invoke(InvocationInterceptorChain.java:37)
	at org.junit.jupiter.engine.execution.InterceptingExecutableInvoker.invoke(InterceptingExecutableInvoker.java:92)
	at org.junit.jupiter.engine.execution.InterceptingExecutableInvoker.invoke(InterceptingExecutableInvoker.java:86)
	at org.junit.jupiter.engine.descriptor.TestMethodTestDescriptor.lambda$invokeTestMethod$7(TestMethodTestDescriptor.java:218)
	at org.junit.platform.engine.support.hierarchical.ThrowableCollector.execute(ThrowableCollector.java:73)
	at org.junit.jupiter.engine.descriptor.TestMethodTestDescriptor.invokeTestMethod(TestMethodTestDescriptor.java:214)
	at org.junit.jupiter.engine.descriptor.TestMethodTestDescriptor.execute(TestMethodTestDescriptor.java:139)
	at org.junit.jupiter.engine.descriptor.TestMethodTestDescriptor.execute(TestMethodTestDescriptor.java:69)
	at org.junit.platform.engine.support.hierarchical.NodeTestTask.lambda$executeRecursively$6(NodeTestTask.java:151)
	at org.junit.platform.engine.support.hierarchical.ThrowableCollector.execute(ThrowableCollector.java:73)
	at org.junit.platform.engine.support.hierarchical.NodeTestTask.lambda$executeRecursively$8(NodeTestTask.java:141)
	at org.junit.platform.engine.support.hierarchical.Node.around(Node.java:137)
	at org.junit.platform.engine.support.hierarchical.NodeTestTask.lambda$executeRecursively$9(NodeTestTask.java:139)
	at org.junit.platform.engine.support.hierarchical.ThrowableCollector.execute(ThrowableCollector.java:73)
	at org.junit.platform.engine.support.hierarchical.NodeTestTask.executeRecursively(NodeTestTask.java:138)
	at org.junit.platform.engine.support.hierarchical.NodeTestTask.execute(NodeTestTask.java:95)
	at java.base/java.util.ArrayList.forEach(ArrayList.java:1596)
	at org.junit.platform.engine.support.hierarchical.SameThreadHierarchicalTestExecutorService.invokeAll(SameThreadHierarchicalTestExecutorService.java:41)
	at org.junit.platform.engine.support.hierarchical.NodeTestTask.lambda$executeRecursively$6(NodeTestTask.java:155)
	at org.junit.platform.engine.support.hierarchical.ThrowableCollector.execute(ThrowableCollector.java:73)
	at org.junit.platform.engine.support.hierarchical.NodeTestTask.lambda$executeRecursively$8(NodeTestTask.java:141)
	at org.junit.platform.engine.support.hierarchical.Node.around(Node.java:137)
	at org.junit.platform.engine.support.hierarchical.NodeTestTask.lambda$executeRecursively$9(NodeTestTask.java:139)
	at org.junit.platform.engine.support.hierarchical.ThrowableCollector.execute(ThrowableCollector.java:73)
	at org.junit.platform.engine.support.hierarchical.NodeTestTask.executeRecursively(NodeTestTask.java:138)
	at org.junit.platform.engine.support.hierarchical.NodeTestTask.execute(NodeTestTask.java:95)
	at java.base/java.util.ArrayList.forEach(ArrayList.java:1596)
	at org.junit.platform.engine.support.hierarchical.SameThreadHierarchicalTestExecutorService.invokeAll(SameThreadHierarchicalTestExecutorService.java:41)
	at org.junit.platform.engine.support.hierarchical.NodeTestTask.lambda$executeRecursively$6(NodeTestTask.java:155)
	at org.junit.platform.engine.support.hierarchical.ThrowableCollector.execute(ThrowableCollector.java:73)
	at org.junit.platform.engine.support.hierarchical.NodeTestTask.lambda$executeRecursively$8(NodeTestTask.java:141)
	at org.junit.platform.engine.support.hierarchical.Node.around(Node.java:137)
	at org.junit.platform.engine.support.hierarchical.NodeTestTask.lambda$executeRecursively$9(NodeTestTask.java:139)
	at org.junit.platform.engine.support.hierarchical.ThrowableCollector.execute(ThrowableCollector.java:73)
	at org.junit.platform.engine.support.hierarchical.NodeTestTask.executeRecursively(NodeTestTask.java:138)
	at org.junit.platform.engine.support.hierarchical.NodeTestTask.execute(NodeTestTask.java:95)
	at org.junit.platform.engine.support.hierarchical.SameThreadHierarchicalTestExecutorService.submit(SameThreadHierarchicalTestExecutorService.java:35)
	at org.junit.platform.engine.support.hierarchical.HierarchicalTestExecutor.execute(HierarchicalTestExecutor.java:57)
	at org.junit.platform.engine.support.hierarchical.HierarchicalTestEngine.execute(HierarchicalTestEngine.java:54)
	at org.junit.platform.launcher.core.EngineExecutionOrchestrator.execute(EngineExecutionOrchestrator.java:198)
	at org.junit.platform.launcher.core.EngineExecutionOrchestrator.execute(EngineExecutionOrchestrator.java:169)
	at org.junit.platform.launcher.core.EngineExecutionOrchestrator.execute(EngineExecutionOrchestrator.java:93)
	at org.junit.platform.launcher.core.EngineExecutionOrchestrator.lambda$execute$0(EngineExecutionOrchestrator.java:58)
	at org.junit.platform.launcher.core.EngineExecutionOrchestrator.withInterceptedStreams(EngineExecutionOrchestrator.java:141)
	at org.junit.platform.launcher.core.EngineExecutionOrchestrator.execute(EngineExecutionOrchestrator.java:57)
	at org.junit.platform.launcher.core.DefaultLauncher.execute(DefaultLauncher.java:103)
	at org.junit.platform.launcher.core.DefaultLauncher.execute(DefaultLauncher.java:85)
	at org.junit.platform.launcher.core.DelegatingLauncher.execute(DelegatingLauncher.java:47)
	at org.apache.maven.surefire.junitplatform.LazyLauncher.execute(LazyLauncher.java:56)
	at org.apache.maven.surefire.junitplatform.JUnitPlatformProvider.execute(JUnitPlatformProvider.java:184)
	at org.apache.maven.surefire.junitplatform.JUnitPlatformProvider.invokeAllTests(JUnitPlatformProvider.java:148)
	at org.apache.maven.surefire.junitplatform.JUnitPlatformProvider.invoke(JUnitPlatformProvider.java:122)
	at org.apache.maven.surefire.booter.ForkedBooter.runSuitesInProcess(ForkedBooter.java:385)
	at org.apache.maven.surefire.booter.ForkedBooter.execute(ForkedBooter.java:162)
	at org.apache.maven.surefire.booter.ForkedBooter.run(ForkedBooter.java:507)
	at org.apache.maven.surefire.booter.ForkedBooter.main(ForkedBooter.java:495)
17:56:45.961 [main] INFO com.alibaba.nacos.config.traceLog -- 30.221.131.95|dataId|group|tenant|requestIpApp|1757930205961|remoteIp|persist-beta|remove|-1|null
17:56:45.961 [main] WARN com.alibaba.nacos.common.notify.NotifyCenter -- There are no [com.alibaba.nacos.config.server.model.event.ConfigDataChangeEvent] publishers for this event, please register
17:56:45.966 [main] WARN com.alibaba.nacos.common.notify.NotifyCenter -- There are no [com.alibaba.nacos.config.server.model.event.ConfigDataChangeEvent] publishers for this event, please register
17:56:45.967 [main] INFO com.alibaba.nacos.config.traceLog -- 30.221.131.95|dataId23456.json|group132|public|requestIpApp|1757930205966|30.221.131.95|persist|pub|-1|f41e63d77aa489a826d32d111f875334
[INFO] Tests run: 33, Failures: 0, Errors: 0, Skipped: 0, Time elapsed: 0.572 s -- in com.alibaba.nacos.console.handler.impl.inner.config.ConfigInnerHandlerTest
[INFO] Running com.alibaba.nacos.console.handler.impl.inner.config.HistoryInnerHandlerTest
[INFO] Tests run: 6, Failures: 0, Errors: 0, Skipped: 0, Time elapsed: 0.032 s -- in com.alibaba.nacos.console.handler.impl.inner.config.HistoryInnerHandlerTest
[INFO] Running com.alibaba.nacos.console.handler.impl.inner.ai.McpInnerHandlerTest
[INFO] Tests run: 5, Failures: 0, Errors: 0, Skipped: 0, Time elapsed: 0.067 s -- in com.alibaba.nacos.console.handler.impl.inner.ai.McpInnerHandlerTest
[INFO] Running com.alibaba.nacos.console.handler.impl.inner.naming.ServiceInnerHandlerTest
17:56:46.220 [main] WARN com.alibaba.nacos.common.notify.NotifyCenter -- There are no [com.alibaba.nacos.naming.core.v2.event.metadata.MetadataEvent.ServiceMetadataEvent] publishers for this event, please register
[INFO] Tests run: 10, Failures: 0, Errors: 0, Skipped: 0, Time elapsed: 0.126 s -- in com.alibaba.nacos.console.handler.impl.inner.naming.ServiceInnerHandlerTest
[INFO] Running com.alibaba.nacos.console.handler.impl.inner.naming.InstanceInnerHandlerTest
[INFO] Tests run: 2, Failures: 0, Errors: 0, Skipped: 0, Time elapsed: 0.062 s -- in com.alibaba.nacos.console.handler.impl.inner.naming.InstanceInnerHandlerTest
[INFO] Running com.alibaba.nacos.console.handler.impl.inner.HealthInnerHandlerTest
[INFO] Tests run: 2, Failures: 0, Errors: 0, Skipped: 0, Time elapsed: 0.021 s -- in com.alibaba.nacos.console.handler.impl.inner.HealthInnerHandlerTest
[INFO] Running com.alibaba.nacos.console.handler.impl.inner.ServerStateInnerHandlerTest
[INFO] Tests run: 1, Failures: 0, Errors: 0, Skipped: 0, Time elapsed: 0.015 s -- in com.alibaba.nacos.console.handler.impl.inner.ServerStateInnerHandlerTest
[INFO] Running com.alibaba.nacos.console.handler.impl.ConditionFunctionEnabledTest
[INFO] Tests run: 4, Failures: 0, Errors: 0, Skipped: 0, Time elapsed: 0.011 s -- in com.alibaba.nacos.console.handler.impl.ConditionFunctionEnabledTest
[INFO] Running com.alibaba.nacos.console.handler.impl.remote.core.ClusterRemoteHandlerTest
[INFO] Tests run: 1, Failures: 0, Errors: 0, Skipped: 0, Time elapsed: 0.280 s -- in com.alibaba.nacos.console.handler.impl.remote.core.ClusterRemoteHandlerTest
[INFO] Running com.alibaba.nacos.console.handler.impl.remote.core.NamespaceRemoteHandlerTest
[INFO] Tests run: 6, Failures: 0, Errors: 0, Skipped: 0, Time elapsed: 0.006 s -- in com.alibaba.nacos.console.handler.impl.remote.core.NamespaceRemoteHandlerTest
[INFO] Running com.alibaba.nacos.console.handler.impl.remote.config.HistoryRemoteHandlerTest
[INFO] Tests run: 4, Failures: 0, Errors: 0, Skipped: 0, Time elapsed: 0.004 s -- in com.alibaba.nacos.console.handler.impl.remote.config.HistoryRemoteHandlerTest
[INFO] Running com.alibaba.nacos.console.handler.impl.remote.config.ConfigRemoteHandlerTest
[INFO] Tests run: 19, Failures: 0, Errors: 0, Skipped: 0, Time elapsed: 0.044 s -- in com.alibaba.nacos.console.handler.impl.remote.config.ConfigRemoteHandlerTest
[INFO] Running com.alibaba.nacos.console.handler.impl.remote.config.ConfigImportAndExportServiceTest
17:56:46.845 [main] INFO com.alibaba.nacos.core -- Get NacosConsoleAuth config from env, NacosConsoleAuthConfig{authEnabled=true, nacosAuthSystemType=''}
17:56:46.879 [main] INFO com.alibaba.nacos.core -- Get NacosServerAdminAuth config from env, NacosServerAdminAuthConfig{authEnabled=false, nacosAuthSystemType='', serverIdentityKey='', serverIdentityValue=''}
17:56:46.934 [main] INFO com.alibaba.nacos.core -- Get NacosServerAuth config from env, NacosServerAuthConfig{authEnabled=false, nacosAuthSystemType='', serverIdentityKey='', serverIdentityValue='', authPluginProperties={}}
17:56:46.935 [main] ERROR com.alibaba.nacos.console.handler.impl.remote.config.ConfigImportAndExportService -- Export config from server 127.0.0.1:8080 failed with code 403: 
17:56:46.972 [main] ERROR com.alibaba.nacos.console.handler.impl.remote.config.ConfigImportAndExportService -- Import config to server 127.0.0.1:8080 failed with code 403: 
17:56:47.002 [main] ERROR com.alibaba.nacos.console.handler.impl.remote.config.ConfigImportAndExportService -- Import config to server 127.0.0.1:8080 failed: 
java.io.IOException: test
	at org.apache.hc.client5.http.impl.classic.CloseableHttpClient.execute(CloseableHttpClient.java:162)
	at com.alibaba.nacos.console.handler.impl.remote.config.ConfigImportAndExportService.importConfig(ConfigImportAndExportService.java:121)
	at com.alibaba.nacos.console.handler.impl.remote.config.ConfigImportAndExportServiceTest.lambda$importConfigWithIoException$1(ConfigImportAndExportServiceTest.java:135)
	at org.junit.jupiter.api.AssertThrows.assertThrows(AssertThrows.java:53)
	at org.junit.jupiter.api.AssertThrows.assertThrows(AssertThrows.java:39)
	at org.junit.jupiter.api.Assertions.assertThrows(Assertions.java:3131)
	at com.alibaba.nacos.console.handler.impl.remote.config.ConfigImportAndExportServiceTest.importConfigWithIoException(ConfigImportAndExportServiceTest.java:134)
	at java.base/jdk.internal.reflect.DirectMethodHandleAccessor.invoke(DirectMethodHandleAccessor.java:103)
	at java.base/java.lang.reflect.Method.invoke(Method.java:580)
	at org.junit.platform.commons.util.ReflectionUtils.invokeMethod(ReflectionUtils.java:728)
	at org.junit.jupiter.engine.execution.MethodInvocation.proceed(MethodInvocation.java:60)
	at org.junit.jupiter.engine.execution.InvocationInterceptorChain$ValidatingInvocation.proceed(InvocationInterceptorChain.java:131)
	at org.junit.jupiter.engine.extension.TimeoutExtension.intercept(TimeoutExtension.java:156)
	at org.junit.jupiter.engine.extension.TimeoutExtension.interceptTestableMethod(TimeoutExtension.java:147)
	at org.junit.jupiter.engine.extension.TimeoutExtension.interceptTestMethod(TimeoutExtension.java:86)
	at org.junit.jupiter.engine.execution.InterceptingExecutableInvoker$ReflectiveInterceptorCall.lambda$ofVoidMethod$0(InterceptingExecutableInvoker.java:103)
	at org.junit.jupiter.engine.execution.InterceptingExecutableInvoker.lambda$invoke$0(InterceptingExecutableInvoker.java:93)
	at org.junit.jupiter.engine.execution.InvocationInterceptorChain$InterceptedInvocation.proceed(InvocationInterceptorChain.java:106)
	at org.junit.jupiter.engine.execution.InvocationInterceptorChain.proceed(InvocationInterceptorChain.java:64)
	at org.junit.jupiter.engine.execution.InvocationInterceptorChain.chainAndInvoke(InvocationInterceptorChain.java:45)
	at org.junit.jupiter.engine.execution.InvocationInterceptorChain.invoke(InvocationInterceptorChain.java:37)
	at org.junit.jupiter.engine.execution.InterceptingExecutableInvoker.invoke(InterceptingExecutableInvoker.java:92)
	at org.junit.jupiter.engine.execution.InterceptingExecutableInvoker.invoke(InterceptingExecutableInvoker.java:86)
	at org.junit.jupiter.engine.descriptor.TestMethodTestDescriptor.lambda$invokeTestMethod$7(TestMethodTestDescriptor.java:218)
	at org.junit.platform.engine.support.hierarchical.ThrowableCollector.execute(ThrowableCollector.java:73)
	at org.junit.jupiter.engine.descriptor.TestMethodTestDescriptor.invokeTestMethod(TestMethodTestDescriptor.java:214)
	at org.junit.jupiter.engine.descriptor.TestMethodTestDescriptor.execute(TestMethodTestDescriptor.java:139)
	at org.junit.jupiter.engine.descriptor.TestMethodTestDescriptor.execute(TestMethodTestDescriptor.java:69)
	at org.junit.platform.engine.support.hierarchical.NodeTestTask.lambda$executeRecursively$6(NodeTestTask.java:151)
	at org.junit.platform.engine.support.hierarchical.ThrowableCollector.execute(ThrowableCollector.java:73)
	at org.junit.platform.engine.support.hierarchical.NodeTestTask.lambda$executeRecursively$8(NodeTestTask.java:141)
	at org.junit.platform.engine.support.hierarchical.Node.around(Node.java:137)
	at org.junit.platform.engine.support.hierarchical.NodeTestTask.lambda$executeRecursively$9(NodeTestTask.java:139)
	at org.junit.platform.engine.support.hierarchical.ThrowableCollector.execute(ThrowableCollector.java:73)
	at org.junit.platform.engine.support.hierarchical.NodeTestTask.executeRecursively(NodeTestTask.java:138)
	at org.junit.platform.engine.support.hierarchical.NodeTestTask.execute(NodeTestTask.java:95)
	at java.base/java.util.ArrayList.forEach(ArrayList.java:1596)
	at org.junit.platform.engine.support.hierarchical.SameThreadHierarchicalTestExecutorService.invokeAll(SameThreadHierarchicalTestExecutorService.java:41)
	at org.junit.platform.engine.support.hierarchical.NodeTestTask.lambda$executeRecursively$6(NodeTestTask.java:155)
	at org.junit.platform.engine.support.hierarchical.ThrowableCollector.execute(ThrowableCollector.java:73)
	at org.junit.platform.engine.support.hierarchical.NodeTestTask.lambda$executeRecursively$8(NodeTestTask.java:141)
	at org.junit.platform.engine.support.hierarchical.Node.around(Node.java:137)
	at org.junit.platform.engine.support.hierarchical.NodeTestTask.lambda$executeRecursively$9(NodeTestTask.java:139)
	at org.junit.platform.engine.support.hierarchical.ThrowableCollector.execute(ThrowableCollector.java:73)
	at org.junit.platform.engine.support.hierarchical.NodeTestTask.executeRecursively(NodeTestTask.java:138)
	at org.junit.platform.engine.support.hierarchical.NodeTestTask.execute(NodeTestTask.java:95)
	at java.base/java.util.ArrayList.forEach(ArrayList.java:1596)
	at org.junit.platform.engine.support.hierarchical.SameThreadHierarchicalTestExecutorService.invokeAll(SameThreadHierarchicalTestExecutorService.java:41)
	at org.junit.platform.engine.support.hierarchical.NodeTestTask.lambda$executeRecursively$6(NodeTestTask.java:155)
	at org.junit.platform.engine.support.hierarchical.ThrowableCollector.execute(ThrowableCollector.java:73)
	at org.junit.platform.engine.support.hierarchical.NodeTestTask.lambda$executeRecursively$8(NodeTestTask.java:141)
	at org.junit.platform.engine.support.hierarchical.Node.around(Node.java:137)
	at org.junit.platform.engine.support.hierarchical.NodeTestTask.lambda$executeRecursively$9(NodeTestTask.java:139)
	at org.junit.platform.engine.support.hierarchical.ThrowableCollector.execute(ThrowableCollector.java:73)
	at org.junit.platform.engine.support.hierarchical.NodeTestTask.executeRecursively(NodeTestTask.java:138)
	at org.junit.platform.engine.support.hierarchical.NodeTestTask.execute(NodeTestTask.java:95)
	at org.junit.platform.engine.support.hierarchical.SameThreadHierarchicalTestExecutorService.submit(SameThreadHierarchicalTestExecutorService.java:35)
	at org.junit.platform.engine.support.hierarchical.HierarchicalTestExecutor.execute(HierarchicalTestExecutor.java:57)
	at org.junit.platform.engine.support.hierarchical.HierarchicalTestEngine.execute(HierarchicalTestEngine.java:54)
	at org.junit.platform.launcher.core.EngineExecutionOrchestrator.execute(EngineExecutionOrchestrator.java:198)
	at org.junit.platform.launcher.core.EngineExecutionOrchestrator.execute(EngineExecutionOrchestrator.java:169)
	at org.junit.platform.launcher.core.EngineExecutionOrchestrator.execute(EngineExecutionOrchestrator.java:93)
	at org.junit.platform.launcher.core.EngineExecutionOrchestrator.lambda$execute$0(EngineExecutionOrchestrator.java:58)
	at org.junit.platform.launcher.core.EngineExecutionOrchestrator.withInterceptedStreams(EngineExecutionOrchestrator.java:141)
	at org.junit.platform.launcher.core.EngineExecutionOrchestrator.execute(EngineExecutionOrchestrator.java:57)
	at org.junit.platform.launcher.core.DefaultLauncher.execute(DefaultLauncher.java:103)
	at org.junit.platform.launcher.core.DefaultLauncher.execute(DefaultLauncher.java:85)
	at org.junit.platform.launcher.core.DelegatingLauncher.execute(DelegatingLauncher.java:47)
	at org.apache.maven.surefire.junitplatform.LazyLauncher.execute(LazyLauncher.java:56)
	at org.apache.maven.surefire.junitplatform.JUnitPlatformProvider.execute(JUnitPlatformProvider.java:184)
	at org.apache.maven.surefire.junitplatform.JUnitPlatformProvider.invokeAllTests(JUnitPlatformProvider.java:148)
	at org.apache.maven.surefire.junitplatform.JUnitPlatformProvider.invoke(JUnitPlatformProvider.java:122)
	at org.apache.maven.surefire.booter.ForkedBooter.runSuitesInProcess(ForkedBooter.java:385)
	at org.apache.maven.surefire.booter.ForkedBooter.execute(ForkedBooter.java:162)
	at org.apache.maven.surefire.booter.ForkedBooter.run(ForkedBooter.java:507)
	at org.apache.maven.surefire.booter.ForkedBooter.main(ForkedBooter.java:495)
17:56:47.003 [main] ERROR com.alibaba.nacos.console.handler.impl.remote.config.ConfigImportAndExportService -- Export config from server 127.0.0.1:8080 failed: 
java.io.IOException: test
	at org.apache.hc.client5.http.impl.classic.CloseableHttpClient.execute(CloseableHttpClient.java:162)
	at com.alibaba.nacos.console.handler.impl.remote.config.ConfigImportAndExportService.exportConfig(ConfigImportAndExportService.java:156)
	at com.alibaba.nacos.console.handler.impl.remote.config.ConfigImportAndExportServiceTest.lambda$exportConfigWithIoException$4(ConfigImportAndExportServiceTest.java:165)
	at org.junit.jupiter.api.AssertThrows.assertThrows(AssertThrows.java:53)
	at org.junit.jupiter.api.AssertThrows.assertThrows(AssertThrows.java:39)
	at org.junit.jupiter.api.Assertions.assertThrows(Assertions.java:3131)
	at com.alibaba.nacos.console.handler.impl.remote.config.ConfigImportAndExportServiceTest.exportConfigWithIoException(ConfigImportAndExportServiceTest.java:164)
	at java.base/jdk.internal.reflect.DirectMethodHandleAccessor.invoke(DirectMethodHandleAccessor.java:103)
	at java.base/java.lang.reflect.Method.invoke(Method.java:580)
	at org.junit.platform.commons.util.ReflectionUtils.invokeMethod(ReflectionUtils.java:728)
	at org.junit.jupiter.engine.execution.MethodInvocation.proceed(MethodInvocation.java:60)
	at org.junit.jupiter.engine.execution.InvocationInterceptorChain$ValidatingInvocation.proceed(InvocationInterceptorChain.java:131)
	at org.junit.jupiter.engine.extension.TimeoutExtension.intercept(TimeoutExtension.java:156)
	at org.junit.jupiter.engine.extension.TimeoutExtension.interceptTestableMethod(TimeoutExtension.java:147)
	at org.junit.jupiter.engine.extension.TimeoutExtension.interceptTestMethod(TimeoutExtension.java:86)
	at org.junit.jupiter.engine.execution.InterceptingExecutableInvoker$ReflectiveInterceptorCall.lambda$ofVoidMethod$0(InterceptingExecutableInvoker.java:103)
	at org.junit.jupiter.engine.execution.InterceptingExecutableInvoker.lambda$invoke$0(InterceptingExecutableInvoker.java:93)
	at org.junit.jupiter.engine.execution.InvocationInterceptorChain$InterceptedInvocation.proceed(InvocationInterceptorChain.java:106)
	at org.junit.jupiter.engine.execution.InvocationInterceptorChain.proceed(InvocationInterceptorChain.java:64)
	at org.junit.jupiter.engine.execution.InvocationInterceptorChain.chainAndInvoke(InvocationInterceptorChain.java:45)
	at org.junit.jupiter.engine.execution.InvocationInterceptorChain.invoke(InvocationInterceptorChain.java:37)
	at org.junit.jupiter.engine.execution.InterceptingExecutableInvoker.invoke(InterceptingExecutableInvoker.java:92)
	at org.junit.jupiter.engine.execution.InterceptingExecutableInvoker.invoke(InterceptingExecutableInvoker.java:86)
	at org.junit.jupiter.engine.descriptor.TestMethodTestDescriptor.lambda$invokeTestMethod$7(TestMethodTestDescriptor.java:218)
	at org.junit.platform.engine.support.hierarchical.ThrowableCollector.execute(ThrowableCollector.java:73)
	at org.junit.jupiter.engine.descriptor.TestMethodTestDescriptor.invokeTestMethod(TestMethodTestDescriptor.java:214)
	at org.junit.jupiter.engine.descriptor.TestMethodTestDescriptor.execute(TestMethodTestDescriptor.java:139)
	at org.junit.jupiter.engine.descriptor.TestMethodTestDescriptor.execute(TestMethodTestDescriptor.java:69)
	at org.junit.platform.engine.support.hierarchical.NodeTestTask.lambda$executeRecursively$6(NodeTestTask.java:151)
	at org.junit.platform.engine.support.hierarchical.ThrowableCollector.execute(ThrowableCollector.java:73)
	at org.junit.platform.engine.support.hierarchical.NodeTestTask.lambda$executeRecursively$8(NodeTestTask.java:141)
	at org.junit.platform.engine.support.hierarchical.Node.around(Node.java:137)
	at org.junit.platform.engine.support.hierarchical.NodeTestTask.lambda$executeRecursively$9(NodeTestTask.java:139)
	at org.junit.platform.engine.support.hierarchical.ThrowableCollector.execute(ThrowableCollector.java:73)
	at org.junit.platform.engine.support.hierarchical.NodeTestTask.executeRecursively(NodeTestTask.java:138)
	at org.junit.platform.engine.support.hierarchical.NodeTestTask.execute(NodeTestTask.java:95)
	at java.base/java.util.ArrayList.forEach(ArrayList.java:1596)
	at org.junit.platform.engine.support.hierarchical.SameThreadHierarchicalTestExecutorService.invokeAll(SameThreadHierarchicalTestExecutorService.java:41)
	at org.junit.platform.engine.support.hierarchical.NodeTestTask.lambda$executeRecursively$6(NodeTestTask.java:155)
	at org.junit.platform.engine.support.hierarchical.ThrowableCollector.execute(ThrowableCollector.java:73)
	at org.junit.platform.engine.support.hierarchical.NodeTestTask.lambda$executeRecursively$8(NodeTestTask.java:141)
	at org.junit.platform.engine.support.hierarchical.Node.around(Node.java:137)
	at org.junit.platform.engine.support.hierarchical.NodeTestTask.lambda$executeRecursively$9(NodeTestTask.java:139)
	at org.junit.platform.engine.support.hierarchical.ThrowableCollector.execute(ThrowableCollector.java:73)
	at org.junit.platform.engine.support.hierarchical.NodeTestTask.executeRecursively(NodeTestTask.java:138)
	at org.junit.platform.engine.support.hierarchical.NodeTestTask.execute(NodeTestTask.java:95)
	at java.base/java.util.ArrayList.forEach(ArrayList.java:1596)
	at org.junit.platform.engine.support.hierarchical.SameThreadHierarchicalTestExecutorService.invokeAll(SameThreadHierarchicalTestExecutorService.java:41)
	at org.junit.platform.engine.support.hierarchical.NodeTestTask.lambda$executeRecursively$6(NodeTestTask.java:155)
	at org.junit.platform.engine.support.hierarchical.ThrowableCollector.execute(ThrowableCollector.java:73)
	at org.junit.platform.engine.support.hierarchical.NodeTestTask.lambda$executeRecursively$8(NodeTestTask.java:141)
	at org.junit.platform.engine.support.hierarchical.Node.around(Node.java:137)
	at org.junit.platform.engine.support.hierarchical.NodeTestTask.lambda$executeRecursively$9(NodeTestTask.java:139)
	at org.junit.platform.engine.support.hierarchical.ThrowableCollector.execute(ThrowableCollector.java:73)
	at org.junit.platform.engine.support.hierarchical.NodeTestTask.executeRecursively(NodeTestTask.java:138)
	at org.junit.platform.engine.support.hierarchical.NodeTestTask.execute(NodeTestTask.java:95)
	at org.junit.platform.engine.support.hierarchical.SameThreadHierarchicalTestExecutorService.submit(SameThreadHierarchicalTestExecutorService.java:35)
	at org.junit.platform.engine.support.hierarchical.HierarchicalTestExecutor.execute(HierarchicalTestExecutor.java:57)
	at org.junit.platform.engine.support.hierarchical.HierarchicalTestEngine.execute(HierarchicalTestEngine.java:54)
	at org.junit.platform.launcher.core.EngineExecutionOrchestrator.execute(EngineExecutionOrchestrator.java:198)
	at org.junit.platform.launcher.core.EngineExecutionOrchestrator.execute(EngineExecutionOrchestrator.java:169)
	at org.junit.platform.launcher.core.EngineExecutionOrchestrator.execute(EngineExecutionOrchestrator.java:93)
	at org.junit.platform.launcher.core.EngineExecutionOrchestrator.lambda$execute$0(EngineExecutionOrchestrator.java:58)
	at org.junit.platform.launcher.core.EngineExecutionOrchestrator.withInterceptedStreams(EngineExecutionOrchestrator.java:141)
	at org.junit.platform.launcher.core.EngineExecutionOrchestrator.execute(EngineExecutionOrchestrator.java:57)
	at org.junit.platform.launcher.core.DefaultLauncher.execute(DefaultLauncher.java:103)
	at org.junit.platform.launcher.core.DefaultLauncher.execute(DefaultLauncher.java:85)
	at org.junit.platform.launcher.core.DelegatingLauncher.execute(DelegatingLauncher.java:47)
	at org.apache.maven.surefire.junitplatform.LazyLauncher.execute(LazyLauncher.java:56)
	at org.apache.maven.surefire.junitplatform.JUnitPlatformProvider.execute(JUnitPlatformProvider.java:184)
	at org.apache.maven.surefire.junitplatform.JUnitPlatformProvider.invokeAllTests(JUnitPlatformProvider.java:148)
	at org.apache.maven.surefire.junitplatform.JUnitPlatformProvider.invoke(JUnitPlatformProvider.java:122)
	at org.apache.maven.surefire.booter.ForkedBooter.runSuitesInProcess(ForkedBooter.java:385)
	at org.apache.maven.surefire.booter.ForkedBooter.execute(ForkedBooter.java:162)
	at org.apache.maven.surefire.booter.ForkedBooter.run(ForkedBooter.java:507)
	at org.apache.maven.surefire.booter.ForkedBooter.main(ForkedBooter.java:495)
[INFO] Tests run: 8, Failures: 0, Errors: 0, Skipped: 0, Time elapsed: 0.471 s -- in com.alibaba.nacos.console.handler.impl.remote.config.ConfigImportAndExportServiceTest
[INFO] Running com.alibaba.nacos.console.handler.impl.remote.NacosMaintainerClientHolderTest
17:56:47.225 [main] INFO com.alibaba.nacos.maintainer.client.utils.ParamUtil -- [settings] [maintainer-http-client] connect timeout:2000
17:56:47.225 [main] INFO com.alibaba.nacos.maintainer.client.utils.ParamUtil -- [settings] [maintainer-http-client] read timeout:5000
17:56:47.225 [main] INFO com.alibaba.nacos.maintainer.client.utils.ParamUtil -- [settings] [maintainer-http-client] max retry times:3
17:56:47.225 [main] INFO com.alibaba.nacos.maintainer.client.utils.ParamUtil -- [settings] [maintainer-http-client] auth refresh interval mills:5000
17:56:47.228 [main] INFO com.alibaba.nacos.client.utils.ClientBasicParamUtil -- [settings] [req-serv] nacos-server port:8848
17:56:47.229 [main] INFO com.alibaba.nacos.client.address.AbstractServerListManager -- Load and match ServerListProvider com.alibaba.nacos.client.address.EndpointServerListProvider, match result: false
17:56:47.229 [main] INFO com.alibaba.nacos.client.address.AbstractServerListManager -- Load and match ServerListProvider com.alibaba.nacos.client.address.PropertiesListProvider, match result: true
17:56:47.229 [main] INFO com.alibaba.nacos.client.address.AbstractServerListManager -- Will use com.alibaba.nacos.client.address.PropertiesListProvider as ServerListProvider
17:56:47.233 [main] INFO com.alibaba.nacos.plugin.auth.spi.client.ClientAuthPluginManager -- [ClientAuthPluginManager] Load ClientAuthService com.alibaba.nacos.console.handler.impl.remote.ConsoleMaintainerClientAuthPlugin success.
17:56:47.233 [main] INFO com.alibaba.nacos.plugin.auth.spi.client.ClientAuthPluginManager -- [ClientAuthPluginManager] Load ClientAuthService com.alibaba.nacos.client.auth.impl.NacosClientAuthServiceImpl success.
17:56:47.233 [main] INFO com.alibaba.nacos.plugin.auth.spi.client.ClientAuthPluginManager -- [ClientAuthPluginManager] Load ClientAuthService com.alibaba.nacos.client.auth.ram.RamClientAuthServiceImpl success.
17:56:47.256 [main] INFO com.alibaba.nacos.client.auth.ram.identify.CredentialWatcher -- null No credential found
17:56:47.261 [main] INFO com.alibaba.nacos.client.address.AbstractServerListManager -- Load and match ServerListProvider com.alibaba.nacos.client.address.EndpointServerListProvider, match result: false
17:56:47.261 [main] INFO com.alibaba.nacos.client.address.AbstractServerListManager -- Load and match ServerListProvider com.alibaba.nacos.client.address.PropertiesListProvider, match result: true
17:56:47.261 [main] INFO com.alibaba.nacos.client.address.AbstractServerListManager -- Will use com.alibaba.nacos.client.address.PropertiesListProvider as ServerListProvider
17:56:47.261 [main] INFO com.alibaba.nacos.plugin.auth.spi.client.ClientAuthPluginManager -- [ClientAuthPluginManager] Load ClientAuthService com.alibaba.nacos.console.handler.impl.remote.ConsoleMaintainerClientAuthPlugin success.
17:56:47.261 [main] INFO com.alibaba.nacos.plugin.auth.spi.client.ClientAuthPluginManager -- [ClientAuthPluginManager] Load ClientAuthService com.alibaba.nacos.client.auth.impl.NacosClientAuthServiceImpl success.
17:56:47.261 [main] INFO com.alibaba.nacos.plugin.auth.spi.client.ClientAuthPluginManager -- [ClientAuthPluginManager] Load ClientAuthService com.alibaba.nacos.client.auth.ram.RamClientAuthServiceImpl success.
17:56:47.263 [main] INFO com.alibaba.nacos.client.address.AbstractServerListManager -- Load and match ServerListProvider com.alibaba.nacos.client.address.EndpointServerListProvider, match result: false
17:56:47.263 [main] INFO com.alibaba.nacos.client.address.AbstractServerListManager -- Load and match ServerListProvider com.alibaba.nacos.client.address.PropertiesListProvider, match result: true
17:56:47.263 [main] INFO com.alibaba.nacos.client.address.AbstractServerListManager -- Will use com.alibaba.nacos.client.address.PropertiesListProvider as ServerListProvider
17:56:47.263 [main] INFO com.alibaba.nacos.plugin.auth.spi.client.ClientAuthPluginManager -- [ClientAuthPluginManager] Load ClientAuthService com.alibaba.nacos.console.handler.impl.remote.ConsoleMaintainerClientAuthPlugin success.
17:56:47.263 [main] INFO com.alibaba.nacos.plugin.auth.spi.client.ClientAuthPluginManager -- [ClientAuthPluginManager] Load ClientAuthService com.alibaba.nacos.client.auth.impl.NacosClientAuthServiceImpl success.
17:56:47.263 [main] INFO com.alibaba.nacos.plugin.auth.spi.client.ClientAuthPluginManager -- [ClientAuthPluginManager] Load ClientAuthService com.alibaba.nacos.client.auth.ram.RamClientAuthServiceImpl success.
17:56:47.264 [main] INFO com.alibaba.nacos.client.address.AbstractServerListManager -- Load and match ServerListProvider com.alibaba.nacos.client.address.EndpointServerListProvider, match result: false
17:56:47.264 [main] INFO com.alibaba.nacos.client.address.AbstractServerListManager -- Load and match ServerListProvider com.alibaba.nacos.client.address.PropertiesListProvider, match result: false
17:56:47.264 [main] ERROR com.alibaba.nacos.client.address.AbstractServerListManager -- No server list provider found, SPI load size: 2
17:56:47.265 [main] WARN com.alibaba.nacos.console.handler.impl.remote.NacosMaintainerClientHolder -- Nacos Server members changed, but build new maintain client failed with: 
com.alibaba.nacos.api.exception.NacosException: No server list provider found.
	at com.alibaba.nacos.client.address.AbstractServerListManager.start(AbstractServerListManager.java:100)
	at com.alibaba.nacos.maintainer.client.address.DefaultServerListManager.start(DefaultServerListManager.java:45)
	at com.alibaba.nacos.maintainer.client.remote.ClientHttpProxy.initServerListManager(ClientHttpProxy.java:82)
	at com.alibaba.nacos.maintainer.client.remote.ClientHttpProxy.<init>(ClientHttpProxy.java:75)
	at com.alibaba.nacos.maintainer.client.core.AbstractCoreMaintainerService.<init>(AbstractCoreMaintainerService.java:51)
	at com.alibaba.nacos.maintainer.client.naming.NacosNamingMaintainerServiceImpl.<init>(NacosNamingMaintainerServiceImpl.java:68)
	at com.alibaba.nacos.maintainer.client.naming.NamingMaintainerFactory.createNamingMaintainerService(NamingMaintainerFactory.java:54)
	at com.alibaba.nacos.console.handler.impl.remote.NacosMaintainerClientHolder.buildMaintainerService(NacosMaintainerClientHolder.java:70)
	at com.alibaba.nacos.console.handler.impl.remote.NacosMaintainerClientHolder.onEvent(NacosMaintainerClientHolder.java:90)
	at com.alibaba.nacos.console.handler.impl.remote.NacosMaintainerClientHolderTest.onEventWithException(NacosMaintainerClientHolderTest.java:98)
	at java.base/jdk.internal.reflect.DirectMethodHandleAccessor.invoke(DirectMethodHandleAccessor.java:103)
	at java.base/java.lang.reflect.Method.invoke(Method.java:580)
	at org.junit.platform.commons.util.ReflectionUtils.invokeMethod(ReflectionUtils.java:728)
	at org.junit.jupiter.engine.execution.MethodInvocation.proceed(MethodInvocation.java:60)
	at org.junit.jupiter.engine.execution.InvocationInterceptorChain$ValidatingInvocation.proceed(InvocationInterceptorChain.java:131)
	at org.junit.jupiter.engine.extension.TimeoutExtension.intercept(TimeoutExtension.java:156)
	at org.junit.jupiter.engine.extension.TimeoutExtension.interceptTestableMethod(TimeoutExtension.java:147)
	at org.junit.jupiter.engine.extension.TimeoutExtension.interceptTestMethod(TimeoutExtension.java:86)
	at org.junit.jupiter.engine.execution.InterceptingExecutableInvoker$ReflectiveInterceptorCall.lambda$ofVoidMethod$0(InterceptingExecutableInvoker.java:103)
	at org.junit.jupiter.engine.execution.InterceptingExecutableInvoker.lambda$invoke$0(InterceptingExecutableInvoker.java:93)
	at org.junit.jupiter.engine.execution.InvocationInterceptorChain$InterceptedInvocation.proceed(InvocationInterceptorChain.java:106)
	at org.junit.jupiter.engine.execution.InvocationInterceptorChain.proceed(InvocationInterceptorChain.java:64)
	at org.junit.jupiter.engine.execution.InvocationInterceptorChain.chainAndInvoke(InvocationInterceptorChain.java:45)
	at org.junit.jupiter.engine.execution.InvocationInterceptorChain.invoke(InvocationInterceptorChain.java:37)
	at org.junit.jupiter.engine.execution.InterceptingExecutableInvoker.invoke(InterceptingExecutableInvoker.java:92)
	at org.junit.jupiter.engine.execution.InterceptingExecutableInvoker.invoke(InterceptingExecutableInvoker.java:86)
	at org.junit.jupiter.engine.descriptor.TestMethodTestDescriptor.lambda$invokeTestMethod$7(TestMethodTestDescriptor.java:218)
	at org.junit.platform.engine.support.hierarchical.ThrowableCollector.execute(ThrowableCollector.java:73)
	at org.junit.jupiter.engine.descriptor.TestMethodTestDescriptor.invokeTestMethod(TestMethodTestDescriptor.java:214)
	at org.junit.jupiter.engine.descriptor.TestMethodTestDescriptor.execute(TestMethodTestDescriptor.java:139)
	at org.junit.jupiter.engine.descriptor.TestMethodTestDescriptor.execute(TestMethodTestDescriptor.java:69)
	at org.junit.platform.engine.support.hierarchical.NodeTestTask.lambda$executeRecursively$6(NodeTestTask.java:151)
	at org.junit.platform.engine.support.hierarchical.ThrowableCollector.execute(ThrowableCollector.java:73)
	at org.junit.platform.engine.support.hierarchical.NodeTestTask.lambda$executeRecursively$8(NodeTestTask.java:141)
	at org.junit.platform.engine.support.hierarchical.Node.around(Node.java:137)
	at org.junit.platform.engine.support.hierarchical.NodeTestTask.lambda$executeRecursively$9(NodeTestTask.java:139)
	at org.junit.platform.engine.support.hierarchical.ThrowableCollector.execute(ThrowableCollector.java:73)
	at org.junit.platform.engine.support.hierarchical.NodeTestTask.executeRecursively(NodeTestTask.java:138)
	at org.junit.platform.engine.support.hierarchical.NodeTestTask.execute(NodeTestTask.java:95)
	at java.base/java.util.ArrayList.forEach(ArrayList.java:1596)
	at org.junit.platform.engine.support.hierarchical.SameThreadHierarchicalTestExecutorService.invokeAll(SameThreadHierarchicalTestExecutorService.java:41)
	at org.junit.platform.engine.support.hierarchical.NodeTestTask.lambda$executeRecursively$6(NodeTestTask.java:155)
	at org.junit.platform.engine.support.hierarchical.ThrowableCollector.execute(ThrowableCollector.java:73)
	at org.junit.platform.engine.support.hierarchical.NodeTestTask.lambda$executeRecursively$8(NodeTestTask.java:141)
	at org.junit.platform.engine.support.hierarchical.Node.around(Node.java:137)
	at org.junit.platform.engine.support.hierarchical.NodeTestTask.lambda$executeRecursively$9(NodeTestTask.java:139)
	at org.junit.platform.engine.support.hierarchical.ThrowableCollector.execute(ThrowableCollector.java:73)
	at org.junit.platform.engine.support.hierarchical.NodeTestTask.executeRecursively(NodeTestTask.java:138)
	at org.junit.platform.engine.support.hierarchical.NodeTestTask.execute(NodeTestTask.java:95)
	at java.base/java.util.ArrayList.forEach(ArrayList.java:1596)
	at org.junit.platform.engine.support.hierarchical.SameThreadHierarchicalTestExecutorService.invokeAll(SameThreadHierarchicalTestExecutorService.java:41)
	at org.junit.platform.engine.support.hierarchical.NodeTestTask.lambda$executeRecursively$6(NodeTestTask.java:155)
	at org.junit.platform.engine.support.hierarchical.ThrowableCollector.execute(ThrowableCollector.java:73)
	at org.junit.platform.engine.support.hierarchical.NodeTestTask.lambda$executeRecursively$8(NodeTestTask.java:141)
	at org.junit.platform.engine.support.hierarchical.Node.around(Node.java:137)
	at org.junit.platform.engine.support.hierarchical.NodeTestTask.lambda$executeRecursively$9(NodeTestTask.java:139)
	at org.junit.platform.engine.support.hierarchical.ThrowableCollector.execute(ThrowableCollector.java:73)
	at org.junit.platform.engine.support.hierarchical.NodeTestTask.executeRecursively(NodeTestTask.java:138)
	at org.junit.platform.engine.support.hierarchical.NodeTestTask.execute(NodeTestTask.java:95)
	at org.junit.platform.engine.support.hierarchical.SameThreadHierarchicalTestExecutorService.submit(SameThreadHierarchicalTestExecutorService.java:35)
	at org.junit.platform.engine.support.hierarchical.HierarchicalTestExecutor.execute(HierarchicalTestExecutor.java:57)
	at org.junit.platform.engine.support.hierarchical.HierarchicalTestEngine.execute(HierarchicalTestEngine.java:54)
	at org.junit.platform.launcher.core.EngineExecutionOrchestrator.execute(EngineExecutionOrchestrator.java:198)
	at org.junit.platform.launcher.core.EngineExecutionOrchestrator.execute(EngineExecutionOrchestrator.java:169)
	at org.junit.platform.launcher.core.EngineExecutionOrchestrator.execute(EngineExecutionOrchestrator.java:93)
	at org.junit.platform.launcher.core.EngineExecutionOrchestrator.lambda$execute$0(EngineExecutionOrchestrator.java:58)
	at org.junit.platform.launcher.core.EngineExecutionOrchestrator.withInterceptedStreams(EngineExecutionOrchestrator.java:141)
	at org.junit.platform.launcher.core.EngineExecutionOrchestrator.execute(EngineExecutionOrchestrator.java:57)
	at org.junit.platform.launcher.core.DefaultLauncher.execute(DefaultLauncher.java:103)
	at org.junit.platform.launcher.core.DefaultLauncher.execute(DefaultLauncher.java:85)
	at org.junit.platform.launcher.core.DelegatingLauncher.execute(DelegatingLauncher.java:47)
	at org.apache.maven.surefire.junitplatform.LazyLauncher.execute(LazyLauncher.java:56)
	at org.apache.maven.surefire.junitplatform.JUnitPlatformProvider.execute(JUnitPlatformProvider.java:184)
	at org.apache.maven.surefire.junitplatform.JUnitPlatformProvider.invokeAllTests(JUnitPlatformProvider.java:148)
	at org.apache.maven.surefire.junitplatform.JUnitPlatformProvider.invoke(JUnitPlatformProvider.java:122)
	at org.apache.maven.surefire.booter.ForkedBooter.runSuitesInProcess(ForkedBooter.java:385)
	at org.apache.maven.surefire.booter.ForkedBooter.execute(ForkedBooter.java:162)
	at org.apache.maven.surefire.booter.ForkedBooter.run(ForkedBooter.java:507)
	at org.apache.maven.surefire.booter.ForkedBooter.main(ForkedBooter.java:495)
17:56:47.266 [main] INFO com.alibaba.nacos.client.address.AbstractServerListManager -- Load and match ServerListProvider com.alibaba.nacos.client.address.EndpointServerListProvider, match result: false
17:56:47.266 [main] INFO com.alibaba.nacos.client.address.AbstractServerListManager -- Load and match ServerListProvider com.alibaba.nacos.client.address.PropertiesListProvider, match result: true
17:56:47.266 [main] INFO com.alibaba.nacos.client.address.AbstractServerListManager -- Will use com.alibaba.nacos.client.address.PropertiesListProvider as ServerListProvider
17:56:47.266 [main] INFO com.alibaba.nacos.plugin.auth.spi.client.ClientAuthPluginManager -- [ClientAuthPluginManager] Load ClientAuthService com.alibaba.nacos.console.handler.impl.remote.ConsoleMaintainerClientAuthPlugin success.
17:56:47.266 [main] INFO com.alibaba.nacos.plugin.auth.spi.client.ClientAuthPluginManager -- [ClientAuthPluginManager] Load ClientAuthService com.alibaba.nacos.client.auth.impl.NacosClientAuthServiceImpl success.
17:56:47.266 [main] INFO com.alibaba.nacos.plugin.auth.spi.client.ClientAuthPluginManager -- [ClientAuthPluginManager] Load ClientAuthService com.alibaba.nacos.client.auth.ram.RamClientAuthServiceImpl success.
17:56:47.266 [main] INFO com.alibaba.nacos.client.address.AbstractServerListManager -- Load and match ServerListProvider com.alibaba.nacos.client.address.EndpointServerListProvider, match result: false
17:56:47.266 [main] INFO com.alibaba.nacos.client.address.AbstractServerListManager -- Load and match ServerListProvider com.alibaba.nacos.client.address.PropertiesListProvider, match result: true
17:56:47.266 [main] INFO com.alibaba.nacos.client.address.AbstractServerListManager -- Will use com.alibaba.nacos.client.address.PropertiesListProvider as ServerListProvider
17:56:47.266 [main] INFO com.alibaba.nacos.plugin.auth.spi.client.ClientAuthPluginManager -- [ClientAuthPluginManager] Load ClientAuthService com.alibaba.nacos.console.handler.impl.remote.ConsoleMaintainerClientAuthPlugin success.
17:56:47.266 [main] INFO com.alibaba.nacos.plugin.auth.spi.client.ClientAuthPluginManager -- [ClientAuthPluginManager] Load ClientAuthService com.alibaba.nacos.client.auth.impl.NacosClientAuthServiceImpl success.
17:56:47.266 [main] INFO com.alibaba.nacos.plugin.auth.spi.client.ClientAuthPluginManager -- [ClientAuthPluginManager] Load ClientAuthService com.alibaba.nacos.client.auth.ram.RamClientAuthServiceImpl success.
17:56:47.266 [main] INFO com.alibaba.nacos.client.address.AbstractServerListManager -- Load and match ServerListProvider com.alibaba.nacos.client.address.EndpointServerListProvider, match result: false
17:56:47.266 [main] INFO com.alibaba.nacos.client.address.AbstractServerListManager -- Load and match ServerListProvider com.alibaba.nacos.client.address.PropertiesListProvider, match result: true
17:56:47.266 [main] INFO com.alibaba.nacos.client.address.AbstractServerListManager -- Will use com.alibaba.nacos.client.address.PropertiesListProvider as ServerListProvider
17:56:47.266 [main] INFO com.alibaba.nacos.plugin.auth.spi.client.ClientAuthPluginManager -- [ClientAuthPluginManager] Load ClientAuthService com.alibaba.nacos.console.handler.impl.remote.ConsoleMaintainerClientAuthPlugin success.
17:56:47.266 [main] INFO com.alibaba.nacos.plugin.auth.spi.client.ClientAuthPluginManager -- [ClientAuthPluginManager] Load ClientAuthService com.alibaba.nacos.client.auth.impl.NacosClientAuthServiceImpl success.
17:56:47.266 [main] INFO com.alibaba.nacos.plugin.auth.spi.client.ClientAuthPluginManager -- [ClientAuthPluginManager] Load ClientAuthService com.alibaba.nacos.client.auth.ram.RamClientAuthServiceImpl success.
17:56:47.267 [main] INFO com.alibaba.nacos.client.address.AbstractServerListManager -- Load and match ServerListProvider com.alibaba.nacos.client.address.EndpointServerListProvider, match result: false
17:56:47.267 [main] INFO com.alibaba.nacos.client.address.AbstractServerListManager -- Load and match ServerListProvider com.alibaba.nacos.client.address.PropertiesListProvider, match result: true
17:56:47.267 [main] INFO com.alibaba.nacos.client.address.AbstractServerListManager -- Will use com.alibaba.nacos.client.address.PropertiesListProvider as ServerListProvider
17:56:47.267 [main] INFO com.alibaba.nacos.plugin.auth.spi.client.ClientAuthPluginManager -- [ClientAuthPluginManager] Load ClientAuthService com.alibaba.nacos.console.handler.impl.remote.ConsoleMaintainerClientAuthPlugin success.
17:56:47.267 [main] INFO com.alibaba.nacos.plugin.auth.spi.client.ClientAuthPluginManager -- [ClientAuthPluginManager] Load ClientAuthService com.alibaba.nacos.client.auth.impl.NacosClientAuthServiceImpl success.
17:56:47.267 [main] INFO com.alibaba.nacos.plugin.auth.spi.client.ClientAuthPluginManager -- [ClientAuthPluginManager] Load ClientAuthService com.alibaba.nacos.client.auth.ram.RamClientAuthServiceImpl success.
17:56:47.267 [main] INFO com.alibaba.nacos.client.address.AbstractServerListManager -- Load and match ServerListProvider com.alibaba.nacos.client.address.EndpointServerListProvider, match result: false
17:56:47.267 [main] INFO com.alibaba.nacos.client.address.AbstractServerListManager -- Load and match ServerListProvider com.alibaba.nacos.client.address.PropertiesListProvider, match result: true
17:56:47.267 [main] INFO com.alibaba.nacos.client.address.AbstractServerListManager -- Will use com.alibaba.nacos.client.address.PropertiesListProvider as ServerListProvider
17:56:47.267 [main] INFO com.alibaba.nacos.plugin.auth.spi.client.ClientAuthPluginManager -- [ClientAuthPluginManager] Load ClientAuthService com.alibaba.nacos.console.handler.impl.remote.ConsoleMaintainerClientAuthPlugin success.
17:56:47.267 [main] INFO com.alibaba.nacos.plugin.auth.spi.client.ClientAuthPluginManager -- [ClientAuthPluginManager] Load ClientAuthService com.alibaba.nacos.client.auth.impl.NacosClientAuthServiceImpl success.
17:56:47.267 [main] INFO com.alibaba.nacos.plugin.auth.spi.client.ClientAuthPluginManager -- [ClientAuthPluginManager] Load ClientAuthService com.alibaba.nacos.client.auth.ram.RamClientAuthServiceImpl success.
17:56:47.267 [main] INFO com.alibaba.nacos.client.address.AbstractServerListManager -- Load and match ServerListProvider com.alibaba.nacos.client.address.EndpointServerListProvider, match result: false
17:56:47.267 [main] INFO com.alibaba.nacos.client.address.AbstractServerListManager -- Load and match ServerListProvider com.alibaba.nacos.client.address.PropertiesListProvider, match result: true
17:56:47.267 [main] INFO com.alibaba.nacos.client.address.AbstractServerListManager -- Will use com.alibaba.nacos.client.address.PropertiesListProvider as ServerListProvider
17:56:47.267 [main] INFO com.alibaba.nacos.plugin.auth.spi.client.ClientAuthPluginManager -- [ClientAuthPluginManager] Load ClientAuthService com.alibaba.nacos.console.handler.impl.remote.ConsoleMaintainerClientAuthPlugin success.
17:56:47.267 [main] INFO com.alibaba.nacos.plugin.auth.spi.client.ClientAuthPluginManager -- [ClientAuthPluginManager] Load ClientAuthService com.alibaba.nacos.client.auth.impl.NacosClientAuthServiceImpl success.
17:56:47.267 [main] INFO com.alibaba.nacos.plugin.auth.spi.client.ClientAuthPluginManager -- [ClientAuthPluginManager] Load ClientAuthService com.alibaba.nacos.client.auth.ram.RamClientAuthServiceImpl success.
[INFO] Tests run: 2, Failures: 0, Errors: 0, Skipped: 0, Time elapsed: 0.077 s -- in com.alibaba.nacos.console.handler.impl.remote.NacosMaintainerClientHolderTest
[INFO] Running com.alibaba.nacos.console.handler.impl.remote.ai.McpRemoteHandlerTest
[INFO] Tests run: 6, Failures: 0, Errors: 0, Skipped: 0, Time elapsed: 0.010 s -- in com.alibaba.nacos.console.handler.impl.remote.ai.McpRemoteHandlerTest
[INFO] Running com.alibaba.nacos.console.handler.impl.remote.naming.ServiceRemoteHandlerTest
[INFO] Tests run: 9, Failures: 0, Errors: 0, Skipped: 0, Time elapsed: 0.018 s -- in com.alibaba.nacos.console.handler.impl.remote.naming.ServiceRemoteHandlerTest
[INFO] Running com.alibaba.nacos.console.handler.impl.remote.naming.InstanceRemoteHandlerTest
[INFO] Tests run: 2, Failures: 0, Errors: 0, Skipped: 0, Time elapsed: 0.003 s -- in com.alibaba.nacos.console.handler.impl.remote.naming.InstanceRemoteHandlerTest
[INFO] Running com.alibaba.nacos.console.handler.impl.remote.ServerStateRemoteHandlerTest
[INFO] Tests run: 1, Failures: 0, Errors: 0, Skipped: 0, Time elapsed: 0.005 s -- in com.alibaba.nacos.console.handler.impl.remote.ServerStateRemoteHandlerTest
[INFO] Running com.alibaba.nacos.console.handler.impl.remote.HealthRemoteHandlerTest
[INFO] Tests run: 1, Failures: 0, Errors: 0, Skipped: 0, Time elapsed: 0.001 s -- in com.alibaba.nacos.console.handler.impl.remote.HealthRemoteHandlerTest
[INFO] Running com.alibaba.nacos.console.handler.impl.remote.ConsoleMaintainerClientAuthPluginTest
[INFO] Tests run: 1, Failures: 0, Errors: 0, Skipped: 0, Time elapsed: 0.025 s -- in com.alibaba.nacos.console.handler.impl.remote.ConsoleMaintainerClientAuthPluginTest
[INFO] Running com.alibaba.nacos.console.cluster.RemoteServerMemberManagerTest
17:56:47.358 [main] INFO com.alibaba.nacos.core.cluster -- [serverlist] nacos remote server members changed to : {127.0.0.1:8848=Member{ip='127.0.0.1', port=8848, state=null, extendInfo={adWeight=0, site=unknow, weight=1}}}
17:56:47.359 [nacos.publisher-com.alibaba.nacos.core.cluster.MembersChangeEvent] INFO com.alibaba.nacos.client.address.AbstractServerListManager -- Load and match ServerListProvider com.alibaba.nacos.client.address.EndpointServerListProvider, match result: false
17:56:47.359 [nacos.publisher-com.alibaba.nacos.core.cluster.MembersChangeEvent] INFO com.alibaba.nacos.client.address.AbstractServerListManager -- Load and match ServerListProvider com.alibaba.nacos.client.address.PropertiesListProvider, match result: true
17:56:47.359 [nacos.publisher-com.alibaba.nacos.core.cluster.MembersChangeEvent] INFO com.alibaba.nacos.client.address.AbstractServerListManager -- Will use com.alibaba.nacos.client.address.PropertiesListProvider as ServerListProvider
17:56:47.359 [nacos.publisher-com.alibaba.nacos.core.cluster.MembersChangeEvent] INFO com.alibaba.nacos.plugin.auth.spi.client.ClientAuthPluginManager -- [ClientAuthPluginManager] Load ClientAuthService com.alibaba.nacos.console.handler.impl.remote.ConsoleMaintainerClientAuthPlugin success.
17:56:47.359 [nacos.publisher-com.alibaba.nacos.core.cluster.MembersChangeEvent] INFO com.alibaba.nacos.plugin.auth.spi.client.ClientAuthPluginManager -- [ClientAuthPluginManager] Load ClientAuthService com.alibaba.nacos.client.auth.impl.NacosClientAuthServiceImpl success.
17:56:47.359 [nacos.publisher-com.alibaba.nacos.core.cluster.MembersChangeEvent] INFO com.alibaba.nacos.plugin.auth.spi.client.ClientAuthPluginManager -- [ClientAuthPluginManager] Load ClientAuthService com.alibaba.nacos.client.auth.ram.RamClientAuthServiceImpl success.
17:56:47.359 [main] INFO com.alibaba.nacos.core.cluster -- [serverlist] nacos remote server members changed to : {127.0.0.1:8848=Member{ip='127.0.0.1', port=8848, state=null, extendInfo={adWeight=0, site=unknow, weight=1}}}
17:56:47.359 [nacos.publisher-com.alibaba.nacos.core.cluster.MembersChangeEvent] INFO com.alibaba.nacos.client.address.AbstractServerListManager -- Load and match ServerListProvider com.alibaba.nacos.client.address.EndpointServerListProvider, match result: false
17:56:47.359 [nacos.publisher-com.alibaba.nacos.core.cluster.MembersChangeEvent] INFO com.alibaba.nacos.client.address.AbstractServerListManager -- Load and match ServerListProvider com.alibaba.nacos.client.address.PropertiesListProvider, match result: true
17:56:47.359 [nacos.publisher-com.alibaba.nacos.core.cluster.MembersChangeEvent] INFO com.alibaba.nacos.client.address.AbstractServerListManager -- Will use com.alibaba.nacos.client.address.PropertiesListProvider as ServerListProvider
17:56:47.359 [nacos.publisher-com.alibaba.nacos.core.cluster.MembersChangeEvent] INFO com.alibaba.nacos.plugin.auth.spi.client.ClientAuthPluginManager -- [ClientAuthPluginManager] Load ClientAuthService com.alibaba.nacos.console.handler.impl.remote.ConsoleMaintainerClientAuthPlugin success.
17:56:47.359 [nacos.publisher-com.alibaba.nacos.core.cluster.MembersChangeEvent] INFO com.alibaba.nacos.plugin.auth.spi.client.ClientAuthPluginManager -- [ClientAuthPluginManager] Load ClientAuthService com.alibaba.nacos.client.auth.impl.NacosClientAuthServiceImpl success.
17:56:47.359 [nacos.publisher-com.alibaba.nacos.core.cluster.MembersChangeEvent] INFO com.alibaba.nacos.plugin.auth.spi.client.ClientAuthPluginManager -- [ClientAuthPluginManager] Load ClientAuthService com.alibaba.nacos.client.auth.ram.RamClientAuthServiceImpl success.
17:56:47.359 [nacos.publisher-com.alibaba.nacos.core.cluster.MembersChangeEvent] INFO com.alibaba.nacos.client.address.AbstractServerListManager -- Load and match ServerListProvider com.alibaba.nacos.client.address.EndpointServerListProvider, match result: false
17:56:47.359 [nacos.publisher-com.alibaba.nacos.core.cluster.MembersChangeEvent] INFO com.alibaba.nacos.client.address.AbstractServerListManager -- Load and match ServerListProvider com.alibaba.nacos.client.address.PropertiesListProvider, match result: true
17:56:47.359 [nacos.publisher-com.alibaba.nacos.core.cluster.MembersChangeEvent] INFO com.alibaba.nacos.client.address.AbstractServerListManager -- Will use com.alibaba.nacos.client.address.PropertiesListProvider as ServerListProvider
17:56:47.359 [nacos.publisher-com.alibaba.nacos.core.cluster.MembersChangeEvent] INFO com.alibaba.nacos.plugin.auth.spi.client.ClientAuthPluginManager -- [ClientAuthPluginManager] Load ClientAuthService com.alibaba.nacos.console.handler.impl.remote.ConsoleMaintainerClientAuthPlugin success.
17:56:47.359 [nacos.publisher-com.alibaba.nacos.core.cluster.MembersChangeEvent] INFO com.alibaba.nacos.plugin.auth.spi.client.ClientAuthPluginManager -- [ClientAuthPluginManager] Load ClientAuthService com.alibaba.nacos.client.auth.impl.NacosClientAuthServiceImpl success.
17:56:47.359 [nacos.publisher-com.alibaba.nacos.core.cluster.MembersChangeEvent] INFO com.alibaba.nacos.plugin.auth.spi.client.ClientAuthPluginManager -- [ClientAuthPluginManager] Load ClientAuthService com.alibaba.nacos.client.auth.ram.RamClientAuthServiceImpl success.
17:56:47.360 [nacos.publisher-com.alibaba.nacos.core.cluster.MembersChangeEvent] INFO com.alibaba.nacos.client.address.AbstractServerListManager -- Load and match ServerListProvider com.alibaba.nacos.client.address.EndpointServerListProvider, match result: false
17:56:47.360 [nacos.publisher-com.alibaba.nacos.core.cluster.MembersChangeEvent] INFO com.alibaba.nacos.client.address.AbstractServerListManager -- Load and match ServerListProvider com.alibaba.nacos.client.address.PropertiesListProvider, match result: false
17:56:47.360 [nacos.publisher-com.alibaba.nacos.core.cluster.MembersChangeEvent] ERROR com.alibaba.nacos.client.address.AbstractServerListManager -- No server list provider found, SPI load size: 2
17:56:47.360 [nacos.publisher-com.alibaba.nacos.core.cluster.MembersChangeEvent] WARN com.alibaba.nacos.console.handler.impl.remote.NacosMaintainerClientHolder -- Nacos Server members changed, but build new maintain client failed with: 
com.alibaba.nacos.api.exception.NacosException: No server list provider found.
	at com.alibaba.nacos.client.address.AbstractServerListManager.start(AbstractServerListManager.java:100)
	at com.alibaba.nacos.maintainer.client.address.DefaultServerListManager.start(DefaultServerListManager.java:45)
	at com.alibaba.nacos.maintainer.client.remote.ClientHttpProxy.initServerListManager(ClientHttpProxy.java:82)
	at com.alibaba.nacos.maintainer.client.remote.ClientHttpProxy.<init>(ClientHttpProxy.java:75)
	at com.alibaba.nacos.maintainer.client.core.AbstractCoreMaintainerService.<init>(AbstractCoreMaintainerService.java:51)
	at com.alibaba.nacos.maintainer.client.naming.NacosNamingMaintainerServiceImpl.<init>(NacosNamingMaintainerServiceImpl.java:68)
	at com.alibaba.nacos.maintainer.client.naming.NamingMaintainerFactory.createNamingMaintainerService(NamingMaintainerFactory.java:54)
	at com.alibaba.nacos.console.handler.impl.remote.NacosMaintainerClientHolder.buildMaintainerService(NacosMaintainerClientHolder.java:70)
	at com.alibaba.nacos.console.handler.impl.remote.NacosMaintainerClientHolder.onEvent(NacosMaintainerClientHolder.java:90)
	at com.alibaba.nacos.console.handler.impl.remote.NacosMaintainerClientHolder.onEvent(NacosMaintainerClientHolder.java:45)
	at com.alibaba.nacos.common.notify.DefaultPublisher.lambda$notifySubscriber$0(DefaultPublisher.java:203)
	at com.alibaba.nacos.common.notify.DefaultPublisher.notifySubscriber(DefaultPublisher.java:210)
	at com.alibaba.nacos.common.notify.DefaultPublisher.receiveEvent(DefaultPublisher.java:194)
	at com.alibaba.nacos.common.notify.DefaultPublisher.openEventHandler(DefaultPublisher.java:112)
	at com.alibaba.nacos.common.notify.DefaultPublisher.run(DefaultPublisher.java:95)
17:56:47.360 [nacos.publisher-com.alibaba.nacos.core.cluster.MembersChangeEvent] INFO com.alibaba.nacos.client.address.AbstractServerListManager -- Load and match ServerListProvider com.alibaba.nacos.client.address.EndpointServerListProvider, match result: false
17:56:47.360 [nacos.publisher-com.alibaba.nacos.core.cluster.MembersChangeEvent] INFO com.alibaba.nacos.client.address.AbstractServerListManager -- Load and match ServerListProvider com.alibaba.nacos.client.address.PropertiesListProvider, match result: true
17:56:47.360 [nacos.publisher-com.alibaba.nacos.core.cluster.MembersChangeEvent] INFO com.alibaba.nacos.client.address.AbstractServerListManager -- Will use com.alibaba.nacos.client.address.PropertiesListProvider as ServerListProvider
17:56:47.360 [nacos.publisher-com.alibaba.nacos.core.cluster.MembersChangeEvent] INFO com.alibaba.nacos.plugin.auth.spi.client.ClientAuthPluginManager -- [ClientAuthPluginManager] Load ClientAuthService com.alibaba.nacos.console.handler.impl.remote.ConsoleMaintainerClientAuthPlugin success.
17:56:47.360 [nacos.publisher-com.alibaba.nacos.core.cluster.MembersChangeEvent] INFO com.alibaba.nacos.plugin.auth.spi.client.ClientAuthPluginManager -- [ClientAuthPluginManager] Load ClientAuthService com.alibaba.nacos.client.auth.impl.NacosClientAuthServiceImpl success.
17:56:47.360 [nacos.publisher-com.alibaba.nacos.core.cluster.MembersChangeEvent] INFO com.alibaba.nacos.plugin.auth.spi.client.ClientAuthPluginManager -- [ClientAuthPluginManager] Load ClientAuthService com.alibaba.nacos.client.auth.ram.RamClientAuthServiceImpl success.
17:56:47.360 [nacos.publisher-com.alibaba.nacos.core.cluster.MembersChangeEvent] INFO com.alibaba.nacos.client.address.AbstractServerListManager -- Load and match ServerListProvider com.alibaba.nacos.client.address.EndpointServerListProvider, match result: false
17:56:47.360 [nacos.publisher-com.alibaba.nacos.core.cluster.MembersChangeEvent] INFO com.alibaba.nacos.client.address.AbstractServerListManager -- Load and match ServerListProvider com.alibaba.nacos.client.address.PropertiesListProvider, match result: true
17:56:47.360 [nacos.publisher-com.alibaba.nacos.core.cluster.MembersChangeEvent] INFO com.alibaba.nacos.client.address.AbstractServerListManager -- Will use com.alibaba.nacos.client.address.PropertiesListProvider as ServerListProvider
17:56:47.360 [nacos.publisher-com.alibaba.nacos.core.cluster.MembersChangeEvent] INFO com.alibaba.nacos.plugin.auth.spi.client.ClientAuthPluginManager -- [ClientAuthPluginManager] Load ClientAuthService com.alibaba.nacos.console.handler.impl.remote.ConsoleMaintainerClientAuthPlugin success.
17:56:47.360 [nacos.publisher-com.alibaba.nacos.core.cluster.MembersChangeEvent] INFO com.alibaba.nacos.plugin.auth.spi.client.ClientAuthPluginManager -- [ClientAuthPluginManager] Load ClientAuthService com.alibaba.nacos.client.auth.impl.NacosClientAuthServiceImpl success.
17:56:47.360 [nacos.publisher-com.alibaba.nacos.core.cluster.MembersChangeEvent] INFO com.alibaba.nacos.plugin.auth.spi.client.ClientAuthPluginManager -- [ClientAuthPluginManager] Load ClientAuthService com.alibaba.nacos.client.auth.ram.RamClientAuthServiceImpl success.
17:56:47.361 [nacos.publisher-com.alibaba.nacos.core.cluster.MembersChangeEvent] INFO com.alibaba.nacos.client.address.AbstractServerListManager -- Load and match ServerListProvider com.alibaba.nacos.client.address.EndpointServerListProvider, match result: false
17:56:47.361 [nacos.publisher-com.alibaba.nacos.core.cluster.MembersChangeEvent] INFO com.alibaba.nacos.client.address.AbstractServerListManager -- Load and match ServerListProvider com.alibaba.nacos.client.address.PropertiesListProvider, match result: true
17:56:47.361 [nacos.publisher-com.alibaba.nacos.core.cluster.MembersChangeEvent] INFO com.alibaba.nacos.client.address.AbstractServerListManager -- Will use com.alibaba.nacos.client.address.PropertiesListProvider as ServerListProvider
17:56:47.361 [nacos.publisher-com.alibaba.nacos.core.cluster.MembersChangeEvent] INFO com.alibaba.nacos.plugin.auth.spi.client.ClientAuthPluginManager -- [ClientAuthPluginManager] Load ClientAuthService com.alibaba.nacos.console.handler.impl.remote.ConsoleMaintainerClientAuthPlugin success.
17:56:47.361 [nacos.publisher-com.alibaba.nacos.core.cluster.MembersChangeEvent] INFO com.alibaba.nacos.plugin.auth.spi.client.ClientAuthPluginManager -- [ClientAuthPluginManager] Load ClientAuthService com.alibaba.nacos.client.auth.impl.NacosClientAuthServiceImpl success.
17:56:47.361 [nacos.publisher-com.alibaba.nacos.core.cluster.MembersChangeEvent] INFO com.alibaba.nacos.plugin.auth.spi.client.ClientAuthPluginManager -- [ClientAuthPluginManager] Load ClientAuthService com.alibaba.nacos.client.auth.ram.RamClientAuthServiceImpl success.
17:56:47.361 [nacos.publisher-com.alibaba.nacos.core.cluster.MembersChangeEvent] INFO com.alibaba.nacos.client.address.AbstractServerListManager -- Load and match ServerListProvider com.alibaba.nacos.client.address.EndpointServerListProvider, match result: false
17:56:47.361 [nacos.publisher-com.alibaba.nacos.core.cluster.MembersChangeEvent] INFO com.alibaba.nacos.client.address.AbstractServerListManager -- Load and match ServerListProvider com.alibaba.nacos.client.address.PropertiesListProvider, match result: false
17:56:47.361 [nacos.publisher-com.alibaba.nacos.core.cluster.MembersChangeEvent] ERROR com.alibaba.nacos.client.address.AbstractServerListManager -- No server list provider found, SPI load size: 2
17:56:47.361 [nacos.publisher-com.alibaba.nacos.core.cluster.MembersChangeEvent] WARN com.alibaba.nacos.console.handler.impl.remote.NacosMaintainerClientHolder -- Nacos Server members changed, but build new maintain client failed with: 
com.alibaba.nacos.api.exception.NacosException: No server list provider found.
	at com.alibaba.nacos.client.address.AbstractServerListManager.start(AbstractServerListManager.java:100)
	at com.alibaba.nacos.maintainer.client.address.DefaultServerListManager.start(DefaultServerListManager.java:45)
	at com.alibaba.nacos.maintainer.client.remote.ClientHttpProxy.initServerListManager(ClientHttpProxy.java:82)
	at com.alibaba.nacos.maintainer.client.remote.ClientHttpProxy.<init>(ClientHttpProxy.java:75)
	at com.alibaba.nacos.maintainer.client.core.AbstractCoreMaintainerService.<init>(AbstractCoreMaintainerService.java:51)
	at com.alibaba.nacos.maintainer.client.naming.NacosNamingMaintainerServiceImpl.<init>(NacosNamingMaintainerServiceImpl.java:68)
	at com.alibaba.nacos.maintainer.client.naming.NamingMaintainerFactory.createNamingMaintainerService(NamingMaintainerFactory.java:54)
	at com.alibaba.nacos.console.handler.impl.remote.NacosMaintainerClientHolder.buildMaintainerService(NacosMaintainerClientHolder.java:70)
	at com.alibaba.nacos.console.handler.impl.remote.NacosMaintainerClientHolder.onEvent(NacosMaintainerClientHolder.java:90)
	at com.alibaba.nacos.console.handler.impl.remote.NacosMaintainerClientHolder.onEvent(NacosMaintainerClientHolder.java:45)
	at com.alibaba.nacos.common.notify.DefaultPublisher.lambda$notifySubscriber$0(DefaultPublisher.java:203)
	at com.alibaba.nacos.common.notify.DefaultPublisher.notifySubscriber(DefaultPublisher.java:210)
	at com.alibaba.nacos.common.notify.DefaultPublisher.receiveEvent(DefaultPublisher.java:194)
	at com.alibaba.nacos.common.notify.DefaultPublisher.openEventHandler(DefaultPublisher.java:112)
	at com.alibaba.nacos.common.notify.DefaultPublisher.run(DefaultPublisher.java:95)
17:56:47.383 [main] INFO com.alibaba.nacos.core.cluster -- [serverlist] nacos remote server members changed to : {127.0.0.1:8848=Member{ip='127.0.0.1', port=8848, state=null, extendInfo={adWeight=0, site=unknow, weight=1}}}
17:56:47.388 [main] INFO com.alibaba.nacos.core.cluster -- [serverlist] nacos remote server members changed to : {192.168.1.2:8848=Member{ip='192.168.1.2', port=8848, state=UP, extendInfo={raftPort=7848, readyToUpgrade=true}}, 192.168.1.3:8848=Member{ip='192.168.1.3', port=8848, state=UP, extendInfo={raftPort=7848, readyToUpgrade=true}}}
17:56:47.388 [nacos.publisher-com.alibaba.nacos.core.cluster.MembersChangeEvent] INFO com.alibaba.nacos.client.address.AbstractServerListManager -- Load and match ServerListProvider com.alibaba.nacos.client.address.EndpointServerListProvider, match result: false
17:56:47.388 [nacos.publisher-com.alibaba.nacos.core.cluster.MembersChangeEvent] INFO com.alibaba.nacos.client.address.AbstractServerListManager -- Load and match ServerListProvider com.alibaba.nacos.client.address.PropertiesListProvider, match result: true
17:56:47.388 [nacos.publisher-com.alibaba.nacos.core.cluster.MembersChangeEvent] INFO com.alibaba.nacos.client.address.AbstractServerListManager -- Will use com.alibaba.nacos.client.address.PropertiesListProvider as ServerListProvider
17:56:47.388 [nacos.publisher-com.alibaba.nacos.core.cluster.MembersChangeEvent] INFO com.alibaba.nacos.plugin.auth.spi.client.ClientAuthPluginManager -- [ClientAuthPluginManager] Load ClientAuthService com.alibaba.nacos.console.handler.impl.remote.ConsoleMaintainerClientAuthPlugin success.
17:56:47.388 [nacos.publisher-com.alibaba.nacos.core.cluster.MembersChangeEvent] INFO com.alibaba.nacos.plugin.auth.spi.client.ClientAuthPluginManager -- [ClientAuthPluginManager] Load ClientAuthService com.alibaba.nacos.client.auth.impl.NacosClientAuthServiceImpl success.
17:56:47.388 [nacos.publisher-com.alibaba.nacos.core.cluster.MembersChangeEvent] INFO com.alibaba.nacos.plugin.auth.spi.client.ClientAuthPluginManager -- [ClientAuthPluginManager] Load ClientAuthService com.alibaba.nacos.client.auth.ram.RamClientAuthServiceImpl success.
17:56:47.388 [nacos.publisher-com.alibaba.nacos.core.cluster.MembersChangeEvent] INFO com.alibaba.nacos.client.address.AbstractServerListManager -- Load and match ServerListProvider com.alibaba.nacos.client.address.EndpointServerListProvider, match result: false
17:56:47.389 [nacos.publisher-com.alibaba.nacos.core.cluster.MembersChangeEvent] INFO com.alibaba.nacos.client.address.AbstractServerListManager -- Load and match ServerListProvider com.alibaba.nacos.client.address.PropertiesListProvider, match result: true
17:56:47.389 [nacos.publisher-com.alibaba.nacos.core.cluster.MembersChangeEvent] INFO com.alibaba.nacos.client.address.AbstractServerListManager -- Will use com.alibaba.nacos.client.address.PropertiesListProvider as ServerListProvider
17:56:47.389 [nacos.publisher-com.alibaba.nacos.core.cluster.MembersChangeEvent] INFO com.alibaba.nacos.plugin.auth.spi.client.ClientAuthPluginManager -- [ClientAuthPluginManager] Load ClientAuthService com.alibaba.nacos.console.handler.impl.remote.ConsoleMaintainerClientAuthPlugin success.
17:56:47.389 [nacos.publisher-com.alibaba.nacos.core.cluster.MembersChangeEvent] INFO com.alibaba.nacos.plugin.auth.spi.client.ClientAuthPluginManager -- [ClientAuthPluginManager] Load ClientAuthService com.alibaba.nacos.client.auth.impl.NacosClientAuthServiceImpl success.
17:56:47.389 [nacos.publisher-com.alibaba.nacos.core.cluster.MembersChangeEvent] INFO com.alibaba.nacos.plugin.auth.spi.client.ClientAuthPluginManager -- [ClientAuthPluginManager] Load ClientAuthService com.alibaba.nacos.client.auth.ram.RamClientAuthServiceImpl success.
17:56:47.389 [nacos.publisher-com.alibaba.nacos.core.cluster.MembersChangeEvent] INFO com.alibaba.nacos.client.address.AbstractServerListManager -- Load and match ServerListProvider com.alibaba.nacos.client.address.EndpointServerListProvider, match result: false
17:56:47.389 [nacos.publisher-com.alibaba.nacos.core.cluster.MembersChangeEvent] INFO com.alibaba.nacos.client.address.AbstractServerListManager -- Load and match ServerListProvider com.alibaba.nacos.client.address.PropertiesListProvider, match result: true
17:56:47.389 [nacos.publisher-com.alibaba.nacos.core.cluster.MembersChangeEvent] INFO com.alibaba.nacos.client.address.AbstractServerListManager -- Will use com.alibaba.nacos.client.address.PropertiesListProvider as ServerListProvider
17:56:47.389 [nacos.publisher-com.alibaba.nacos.core.cluster.MembersChangeEvent] INFO com.alibaba.nacos.plugin.auth.spi.client.ClientAuthPluginManager -- [ClientAuthPluginManager] Load ClientAuthService com.alibaba.nacos.console.handler.impl.remote.ConsoleMaintainerClientAuthPlugin success.
17:56:47.389 [nacos.publisher-com.alibaba.nacos.core.cluster.MembersChangeEvent] INFO com.alibaba.nacos.plugin.auth.spi.client.ClientAuthPluginManager -- [ClientAuthPluginManager] Load ClientAuthService com.alibaba.nacos.client.auth.impl.NacosClientAuthServiceImpl success.
17:56:47.389 [nacos.publisher-com.alibaba.nacos.core.cluster.MembersChangeEvent] INFO com.alibaba.nacos.plugin.auth.spi.client.ClientAuthPluginManager -- [ClientAuthPluginManager] Load ClientAuthService com.alibaba.nacos.client.auth.ram.RamClientAuthServiceImpl success.
17:56:47.389 [nacos.publisher-com.alibaba.nacos.core.cluster.MembersChangeEvent] INFO com.alibaba.nacos.client.address.AbstractServerListManager -- Load and match ServerListProvider com.alibaba.nacos.client.address.EndpointServerListProvider, match result: false
17:56:47.389 [nacos.publisher-com.alibaba.nacos.core.cluster.MembersChangeEvent] INFO com.alibaba.nacos.client.address.AbstractServerListManager -- Load and match ServerListProvider com.alibaba.nacos.client.address.PropertiesListProvider, match result: false
17:56:47.389 [nacos.publisher-com.alibaba.nacos.core.cluster.MembersChangeEvent] ERROR com.alibaba.nacos.client.address.AbstractServerListManager -- No server list provider found, SPI load size: 2
17:56:47.389 [nacos.publisher-com.alibaba.nacos.core.cluster.MembersChangeEvent] WARN com.alibaba.nacos.console.handler.impl.remote.NacosMaintainerClientHolder -- Nacos Server members changed, but build new maintain client failed with: 
com.alibaba.nacos.api.exception.NacosException: No server list provider found.
	at com.alibaba.nacos.client.address.AbstractServerListManager.start(AbstractServerListManager.java:100)
	at com.alibaba.nacos.maintainer.client.address.DefaultServerListManager.start(DefaultServerListManager.java:45)
	at com.alibaba.nacos.maintainer.client.remote.ClientHttpProxy.initServerListManager(ClientHttpProxy.java:82)
	at com.alibaba.nacos.maintainer.client.remote.ClientHttpProxy.<init>(ClientHttpProxy.java:75)
	at com.alibaba.nacos.maintainer.client.core.AbstractCoreMaintainerService.<init>(AbstractCoreMaintainerService.java:51)
	at com.alibaba.nacos.maintainer.client.naming.NacosNamingMaintainerServiceImpl.<init>(NacosNamingMaintainerServiceImpl.java:68)
	at com.alibaba.nacos.maintainer.client.naming.NamingMaintainerFactory.createNamingMaintainerService(NamingMaintainerFactory.java:54)
	at com.alibaba.nacos.console.handler.impl.remote.NacosMaintainerClientHolder.buildMaintainerService(NacosMaintainerClientHolder.java:70)
	at com.alibaba.nacos.console.handler.impl.remote.NacosMaintainerClientHolder.onEvent(NacosMaintainerClientHolder.java:90)
	at com.alibaba.nacos.console.handler.impl.remote.NacosMaintainerClientHolder.onEvent(NacosMaintainerClientHolder.java:45)
	at com.alibaba.nacos.common.notify.DefaultPublisher.lambda$notifySubscriber$0(DefaultPublisher.java:203)
	at com.alibaba.nacos.common.notify.DefaultPublisher.notifySubscriber(DefaultPublisher.java:210)
	at com.alibaba.nacos.common.notify.DefaultPublisher.receiveEvent(DefaultPublisher.java:194)
	at com.alibaba.nacos.common.notify.DefaultPublisher.openEventHandler(DefaultPublisher.java:112)
	at com.alibaba.nacos.common.notify.DefaultPublisher.run(DefaultPublisher.java:95)
17:56:47.397 [main] INFO com.alibaba.nacos.core.cluster -- [serverlist] nacos remote server members changed to : {127.0.0.1:8848=Member{ip='127.0.0.1', port=8848, state=null, extendInfo={adWeight=0, site=unknow, weight=1}}}
17:56:47.407 [nacos.publisher-com.alibaba.nacos.core.cluster.MembersChangeEvent] INFO com.alibaba.nacos.client.address.AbstractServerListManager -- Load and match ServerListProvider com.alibaba.nacos.client.address.EndpointServerListProvider, match result: false
17:56:47.407 [nacos.publisher-com.alibaba.nacos.core.cluster.MembersChangeEvent] INFO com.alibaba.nacos.client.address.AbstractServerListManager -- Load and match ServerListProvider com.alibaba.nacos.client.address.PropertiesListProvider, match result: true
17:56:47.407 [nacos.publisher-com.alibaba.nacos.core.cluster.MembersChangeEvent] INFO com.alibaba.nacos.client.address.AbstractServerListManager -- Will use com.alibaba.nacos.client.address.PropertiesListProvider as ServerListProvider
17:56:47.407 [nacos.publisher-com.alibaba.nacos.core.cluster.MembersChangeEvent] INFO com.alibaba.nacos.plugin.auth.spi.client.ClientAuthPluginManager -- [ClientAuthPluginManager] Load ClientAuthService com.alibaba.nacos.console.handler.impl.remote.ConsoleMaintainerClientAuthPlugin success.
17:56:47.407 [nacos.publisher-com.alibaba.nacos.core.cluster.MembersChangeEvent] INFO com.alibaba.nacos.plugin.auth.spi.client.ClientAuthPluginManager -- [ClientAuthPluginManager] Load ClientAuthService com.alibaba.nacos.client.auth.impl.NacosClientAuthServiceImpl success.
17:56:47.407 [nacos.publisher-com.alibaba.nacos.core.cluster.MembersChangeEvent] INFO com.alibaba.nacos.plugin.auth.spi.client.ClientAuthPluginManager -- [ClientAuthPluginManager] Load ClientAuthService com.alibaba.nacos.client.auth.ram.RamClientAuthServiceImpl success.
17:56:47.407 [nacos.publisher-com.alibaba.nacos.core.cluster.MembersChangeEvent] INFO com.alibaba.nacos.client.address.AbstractServerListManager -- Load and match ServerListProvider com.alibaba.nacos.client.address.EndpointServerListProvider, match result: false
17:56:47.407 [nacos.publisher-com.alibaba.nacos.core.cluster.MembersChangeEvent] INFO com.alibaba.nacos.client.address.AbstractServerListManager -- Load and match ServerListProvider com.alibaba.nacos.client.address.PropertiesListProvider, match result: true
17:56:47.407 [nacos.publisher-com.alibaba.nacos.core.cluster.MembersChangeEvent] INFO com.alibaba.nacos.client.address.AbstractServerListManager -- Will use com.alibaba.nacos.client.address.PropertiesListProvider as ServerListProvider
17:56:47.407 [nacos.publisher-com.alibaba.nacos.core.cluster.MembersChangeEvent] INFO com.alibaba.nacos.plugin.auth.spi.client.ClientAuthPluginManager -- [ClientAuthPluginManager] Load ClientAuthService com.alibaba.nacos.console.handler.impl.remote.ConsoleMaintainerClientAuthPlugin success.
17:56:47.407 [nacos.publisher-com.alibaba.nacos.core.cluster.MembersChangeEvent] INFO com.alibaba.nacos.plugin.auth.spi.client.ClientAuthPluginManager -- [ClientAuthPluginManager] Load ClientAuthService com.alibaba.nacos.client.auth.impl.NacosClientAuthServiceImpl success.
17:56:47.407 [nacos.publisher-com.alibaba.nacos.core.cluster.MembersChangeEvent] INFO com.alibaba.nacos.plugin.auth.spi.client.ClientAuthPluginManager -- [ClientAuthPluginManager] Load ClientAuthService com.alibaba.nacos.client.auth.ram.RamClientAuthServiceImpl success.
17:56:47.407 [nacos.publisher-com.alibaba.nacos.core.cluster.MembersChangeEvent] INFO com.alibaba.nacos.client.address.AbstractServerListManager -- Load and match ServerListProvider com.alibaba.nacos.client.address.EndpointServerListProvider, match result: false
17:56:47.407 [nacos.publisher-com.alibaba.nacos.core.cluster.MembersChangeEvent] INFO com.alibaba.nacos.client.address.AbstractServerListManager -- Load and match ServerListProvider com.alibaba.nacos.client.address.PropertiesListProvider, match result: true
17:56:47.407 [nacos.publisher-com.alibaba.nacos.core.cluster.MembersChangeEvent] INFO com.alibaba.nacos.client.address.AbstractServerListManager -- Will use com.alibaba.nacos.client.address.PropertiesListProvider as ServerListProvider
17:56:47.407 [main] INFO com.alibaba.nacos.core.cluster -- [serverlist] nacos remote server members changed to : {}
17:56:47.407 [nacos.publisher-com.alibaba.nacos.core.cluster.MembersChangeEvent] INFO com.alibaba.nacos.plugin.auth.spi.client.ClientAuthPluginManager -- [ClientAuthPluginManager] Load ClientAuthService com.alibaba.nacos.console.handler.impl.remote.ConsoleMaintainerClientAuthPlugin success.
17:56:47.407 [nacos.publisher-com.alibaba.nacos.core.cluster.MembersChangeEvent] INFO com.alibaba.nacos.plugin.auth.spi.client.ClientAuthPluginManager -- [ClientAuthPluginManager] Load ClientAuthService com.alibaba.nacos.client.auth.impl.NacosClientAuthServiceImpl success.
17:56:47.407 [nacos.publisher-com.alibaba.nacos.core.cluster.MembersChangeEvent] INFO com.alibaba.nacos.plugin.auth.spi.client.ClientAuthPluginManager -- [ClientAuthPluginManager] Load ClientAuthService com.alibaba.nacos.client.auth.ram.RamClientAuthServiceImpl success.
17:56:47.408 [nacos.publisher-com.alibaba.nacos.core.cluster.MembersChangeEvent] INFO com.alibaba.nacos.client.address.AbstractServerListManager -- Load and match ServerListProvider com.alibaba.nacos.client.address.EndpointServerListProvider, match result: false
17:56:47.408 [nacos.publisher-com.alibaba.nacos.core.cluster.MembersChangeEvent] INFO com.alibaba.nacos.client.address.AbstractServerListManager -- Load and match ServerListProvider com.alibaba.nacos.client.address.PropertiesListProvider, match result: false
17:56:47.408 [nacos.publisher-com.alibaba.nacos.core.cluster.MembersChangeEvent] ERROR com.alibaba.nacos.client.address.AbstractServerListManager -- No server list provider found, SPI load size: 2
17:56:47.408 [nacos.publisher-com.alibaba.nacos.core.cluster.MembersChangeEvent] WARN com.alibaba.nacos.console.handler.impl.remote.NacosMaintainerClientHolder -- Nacos Server members changed, but build new maintain client failed with: 
com.alibaba.nacos.api.exception.NacosException: No server list provider found.
	at com.alibaba.nacos.client.address.AbstractServerListManager.start(AbstractServerListManager.java:100)
	at com.alibaba.nacos.maintainer.client.address.DefaultServerListManager.start(DefaultServerListManager.java:45)
	at com.alibaba.nacos.maintainer.client.remote.ClientHttpProxy.initServerListManager(ClientHttpProxy.java:82)
	at com.alibaba.nacos.maintainer.client.remote.ClientHttpProxy.<init>(ClientHttpProxy.java:75)
	at com.alibaba.nacos.maintainer.client.core.AbstractCoreMaintainerService.<init>(AbstractCoreMaintainerService.java:51)
	at com.alibaba.nacos.maintainer.client.naming.NacosNamingMaintainerServiceImpl.<init>(NacosNamingMaintainerServiceImpl.java:68)
	at com.alibaba.nacos.maintainer.client.naming.NamingMaintainerFactory.createNamingMaintainerService(NamingMaintainerFactory.java:54)
	at com.alibaba.nacos.console.handler.impl.remote.NacosMaintainerClientHolder.buildMaintainerService(NacosMaintainerClientHolder.java:70)
	at com.alibaba.nacos.console.handler.impl.remote.NacosMaintainerClientHolder.onEvent(NacosMaintainerClientHolder.java:90)
	at com.alibaba.nacos.console.handler.impl.remote.NacosMaintainerClientHolder.onEvent(NacosMaintainerClientHolder.java:45)
	at com.alibaba.nacos.common.notify.DefaultPublisher.lambda$notifySubscriber$0(DefaultPublisher.java:203)
	at com.alibaba.nacos.common.notify.DefaultPublisher.notifySubscriber(DefaultPublisher.java:210)
	at com.alibaba.nacos.common.notify.DefaultPublisher.receiveEvent(DefaultPublisher.java:194)
	at com.alibaba.nacos.common.notify.DefaultPublisher.openEventHandler(DefaultPublisher.java:112)
	at com.alibaba.nacos.common.notify.DefaultPublisher.run(DefaultPublisher.java:95)
17:56:47.408 [nacos.publisher-com.alibaba.nacos.core.cluster.MembersChangeEvent] INFO com.alibaba.nacos.client.address.AbstractServerListManager -- Load and match ServerListProvider com.alibaba.nacos.client.address.EndpointServerListProvider, match result: false
[INFO] Tests run: 6, Failures: 0, Errors: 0, Skipped: 0, Time elapsed: 0.071 s -- in com.alibaba.nacos.console.cluster.RemoteServerMemberManagerTest
17:56:47.408 [nacos.publisher-com.alibaba.nacos.core.cluster.MembersChangeEvent] INFO com.alibaba.nacos.client.address.AbstractServerListManager -- Load and match ServerListProvider com.alibaba.nacos.client.address.PropertiesListProvider, match result: true
17:56:47.408 [nacos.publisher-com.alibaba.nacos.core.cluster.MembersChangeEvent] INFO com.alibaba.nacos.client.address.AbstractServerListManager -- Will use com.alibaba.nacos.client.address.PropertiesListProvider as ServerListProvider
17:56:47.408 [nacos.publisher-com.alibaba.nacos.core.cluster.MembersChangeEvent] INFO com.alibaba.nacos.plugin.auth.spi.client.ClientAuthPluginManager -- [ClientAuthPluginManager] Load ClientAuthService com.alibaba.nacos.console.handler.impl.remote.ConsoleMaintainerClientAuthPlugin success.
17:56:47.408 [nacos.publisher-com.alibaba.nacos.core.cluster.MembersChangeEvent] INFO com.alibaba.nacos.plugin.auth.spi.client.ClientAuthPluginManager -- [ClientAuthPluginManager] Load ClientAuthService com.alibaba.nacos.client.auth.impl.NacosClientAuthServiceImpl success.
17:56:47.408 [nacos.publisher-com.alibaba.nacos.core.cluster.MembersChangeEvent] INFO com.alibaba.nacos.plugin.auth.spi.client.ClientAuthPluginManager -- [ClientAuthPluginManager] Load ClientAuthService com.alibaba.nacos.client.auth.ram.RamClientAuthServiceImpl success.
17:56:47.408 [nacos.publisher-com.alibaba.nacos.core.cluster.MembersChangeEvent] INFO com.alibaba.nacos.client.address.AbstractServerListManager -- Load and match ServerListProvider com.alibaba.nacos.client.address.EndpointServerListProvider, match result: false
17:56:47.408 [nacos.publisher-com.alibaba.nacos.core.cluster.MembersChangeEvent] INFO com.alibaba.nacos.client.address.AbstractServerListManager -- Load and match ServerListProvider com.alibaba.nacos.client.address.PropertiesListProvider, match result: true
17:56:47.408 [nacos.publisher-com.alibaba.nacos.core.cluster.MembersChangeEvent] INFO com.alibaba.nacos.client.address.AbstractServerListManager -- Will use com.alibaba.nacos.client.address.PropertiesListProvider as ServerListProvider
17:56:47.408 [nacos.publisher-com.alibaba.nacos.core.cluster.MembersChangeEvent] INFO com.alibaba.nacos.plugin.auth.spi.client.ClientAuthPluginManager -- [ClientAuthPluginManager] Load ClientAuthService com.alibaba.nacos.console.handler.impl.remote.ConsoleMaintainerClientAuthPlugin success.
17:56:47.408 [nacos.publisher-com.alibaba.nacos.core.cluster.MembersChangeEvent] INFO com.alibaba.nacos.plugin.auth.spi.client.ClientAuthPluginManager -- [ClientAuthPluginManager] Load ClientAuthService com.alibaba.nacos.client.auth.impl.NacosClientAuthServiceImpl success.
17:56:47.408 [nacos.publisher-com.alibaba.nacos.core.cluster.MembersChangeEvent] INFO com.alibaba.nacos.plugin.auth.spi.client.ClientAuthPluginManager -- [ClientAuthPluginManager] Load ClientAuthService com.alibaba.nacos.client.auth.ram.RamClientAuthServiceImpl success.
17:56:47.408 [nacos.publisher-com.alibaba.nacos.core.cluster.MembersChangeEvent] INFO com.alibaba.nacos.client.address.AbstractServerListManager -- Load and match ServerListProvider com.alibaba.nacos.client.address.EndpointServerListProvider, match result: false
17:56:47.408 [nacos.publisher-com.alibaba.nacos.core.cluster.MembersChangeEvent] INFO com.alibaba.nacos.client.address.AbstractServerListManager -- Load and match ServerListProvider com.alibaba.nacos.client.address.PropertiesListProvider, match result: true
17:56:47.408 [nacos.publisher-com.alibaba.nacos.core.cluster.MembersChangeEvent] INFO com.alibaba.nacos.client.address.AbstractServerListManager -- Will use com.alibaba.nacos.client.address.PropertiesListProvider as ServerListProvider
17:56:47.409 [nacos.publisher-com.alibaba.nacos.core.cluster.MembersChangeEvent] INFO com.alibaba.nacos.plugin.auth.spi.client.ClientAuthPluginManager -- [ClientAuthPluginManager] Load ClientAuthService com.alibaba.nacos.console.handler.impl.remote.ConsoleMaintainerClientAuthPlugin success.
17:56:47.409 [nacos.publisher-com.alibaba.nacos.core.cluster.MembersChangeEvent] INFO com.alibaba.nacos.plugin.auth.spi.client.ClientAuthPluginManager -- [ClientAuthPluginManager] Load ClientAuthService com.alibaba.nacos.client.auth.impl.NacosClientAuthServiceImpl success.
17:56:47.409 [nacos.publisher-com.alibaba.nacos.core.cluster.MembersChangeEvent] INFO com.alibaba.nacos.plugin.auth.spi.client.ClientAuthPluginManager -- [ClientAuthPluginManager] Load ClientAuthService com.alibaba.nacos.client.auth.ram.RamClientAuthServiceImpl success.
17:56:47.409 [nacos.publisher-com.alibaba.nacos.core.cluster.MembersChangeEvent] INFO com.alibaba.nacos.client.address.AbstractServerListManager -- Load and match ServerListProvider com.alibaba.nacos.client.address.EndpointServerListProvider, match result: false
17:56:47.409 [nacos.publisher-com.alibaba.nacos.core.cluster.MembersChangeEvent] INFO com.alibaba.nacos.client.address.AbstractServerListManager -- Load and match ServerListProvider com.alibaba.nacos.client.address.PropertiesListProvider, match result: false
17:56:47.409 [nacos.publisher-com.alibaba.nacos.core.cluster.MembersChangeEvent] ERROR com.alibaba.nacos.client.address.AbstractServerListManager -- No server list provider found, SPI load size: 2
17:56:47.409 [nacos.publisher-com.alibaba.nacos.core.cluster.MembersChangeEvent] WARN com.alibaba.nacos.console.handler.impl.remote.NacosMaintainerClientHolder -- Nacos Server members changed, but build new maintain client failed with: 
com.alibaba.nacos.api.exception.NacosException: No server list provider found.
	at com.alibaba.nacos.client.address.AbstractServerListManager.start(AbstractServerListManager.java:100)
	at com.alibaba.nacos.maintainer.client.address.DefaultServerListManager.start(DefaultServerListManager.java:45)
	at com.alibaba.nacos.maintainer.client.remote.ClientHttpProxy.initServerListManager(ClientHttpProxy.java:82)
	at com.alibaba.nacos.maintainer.client.remote.ClientHttpProxy.<init>(ClientHttpProxy.java:75)
	at com.alibaba.nacos.maintainer.client.core.AbstractCoreMaintainerService.<init>(AbstractCoreMaintainerService.java:51)
	at com.alibaba.nacos.maintainer.client.naming.NacosNamingMaintainerServiceImpl.<init>(NacosNamingMaintainerServiceImpl.java:68)
	at com.alibaba.nacos.maintainer.client.naming.NamingMaintainerFactory.createNamingMaintainerService(NamingMaintainerFactory.java:54)
	at com.alibaba.nacos.console.handler.impl.remote.NacosMaintainerClientHolder.buildMaintainerService(NacosMaintainerClientHolder.java:70)
	at com.alibaba.nacos.console.handler.impl.remote.NacosMaintainerClientHolder.onEvent(NacosMaintainerClientHolder.java:90)
	at com.alibaba.nacos.console.handler.impl.remote.NacosMaintainerClientHolder.onEvent(NacosMaintainerClientHolder.java:45)
	at com.alibaba.nacos.common.notify.DefaultPublisher.lambda$notifySubscriber$0(DefaultPublisher.java:203)
	at com.alibaba.nacos.common.notify.DefaultPublisher.notifySubscriber(DefaultPublisher.java:210)
	at com.alibaba.nacos.common.notify.DefaultPublisher.receiveEvent(DefaultPublisher.java:194)
	at com.alibaba.nacos.common.notify.DefaultPublisher.openEventHandler(DefaultPublisher.java:112)
	at com.alibaba.nacos.common.notify.DefaultPublisher.run(DefaultPublisher.java:95)
[INFO] Running com.alibaba.nacos.console.paramcheck.ConsoleDefaultHttpParamExtractorTest
[INFO] Tests run: 4, Failures: 0, Errors: 0, Skipped: 0, Time elapsed: 0.049 s -- in com.alibaba.nacos.console.paramcheck.ConsoleDefaultHttpParamExtractorTest
[INFO] Running com.alibaba.nacos.console.paramcheck.ParamExtractorTest
17:56:47.561 [main] INFO com.alibaba.nacos.core -- Get ParamCheck config from env, ParamCheckConfig{paramCheckEnabled=true, activeParamChecker=default}
[INFO] Tests run: 1, Failures: 0, Errors: 0, Skipped: 0, Time elapsed: 0.104 s -- in com.alibaba.nacos.console.paramcheck.ParamExtractorTest
[INFO] Running com.alibaba.nacos.console.proxy.ServerStateProxyTest
[INFO] Tests run: 3, Failures: 0, Errors: 0, Skipped: 0, Time elapsed: 0.016 s -- in com.alibaba.nacos.console.proxy.ServerStateProxyTest
[INFO] Running com.alibaba.nacos.console.proxy.core.ClusterProxyTest
[INFO] Tests run: 2, Failures: 0, Errors: 0, Skipped: 0, Time elapsed: 0.015 s -- in com.alibaba.nacos.console.proxy.core.ClusterProxyTest
[INFO] Running com.alibaba.nacos.console.proxy.core.NamespaceProxyTest
[INFO] Tests run: 6, Failures: 0, Errors: 0, Skipped: 0, Time elapsed: 0.018 s -- in com.alibaba.nacos.console.proxy.core.NamespaceProxyTest
[INFO] Running com.alibaba.nacos.console.proxy.config.ConfigProxyTest
[INFO] Tests run: 13, Failures: 0, Errors: 0, Skipped: 0, Time elapsed: 0.029 s -- in com.alibaba.nacos.console.proxy.config.ConfigProxyTest
[INFO] Running com.alibaba.nacos.console.proxy.config.HistoryProxyTest
[INFO] Tests run: 4, Failures: 0, Errors: 0, Skipped: 0, Time elapsed: 0.019 s -- in com.alibaba.nacos.console.proxy.config.HistoryProxyTest
[INFO] Running com.alibaba.nacos.console.proxy.HealthProxyTest
[INFO] Tests run: 1, Failures: 0, Errors: 0, Skipped: 0, Time elapsed: 0.015 s -- in com.alibaba.nacos.console.proxy.HealthProxyTest
[INFO] Running com.alibaba.nacos.console.proxy.ai.McpProxyTest
[INFO] Tests run: 5, Failures: 0, Errors: 0, Skipped: 0, Time elapsed: 0.024 s -- in com.alibaba.nacos.console.proxy.ai.McpProxyTest
[INFO] Running com.alibaba.nacos.console.proxy.naming.InstanceProxyTest
[INFO] Tests run: 2, Failures: 0, Errors: 0, Skipped: 0, Time elapsed: 0.017 s -- in com.alibaba.nacos.console.proxy.naming.InstanceProxyTest
[INFO] Running com.alibaba.nacos.console.proxy.naming.ServiceProxyTest
[INFO] Tests run: 8, Failures: 0, Errors: 0, Skipped: 0, Time elapsed: 0.023 s -- in com.alibaba.nacos.console.proxy.naming.ServiceProxyTest
[INFO] Running com.alibaba.nacos.console.config.ConsoleWebConfigTest
17:56:47.935 [main] INFO com.alibaba.nacos.auth.serveridentity.ServerIdentityCheckerHolder -- Not found ServerIdentityChecker implementation from SPI, use default.
[INFO] Tests run: 9, Failures: 0, Errors: 0, Skipped: 0, Time elapsed: 0.246 s -- in com.alibaba.nacos.console.config.ConsoleWebConfigTest
[INFO] Running com.alibaba.nacos.console.config.ConsoleModuleStateBuilderTest
[INFO] Tests run: 2, Failures: 0, Errors: 0, Skipped: 0, Time elapsed: 0.001 s -- in com.alibaba.nacos.console.config.ConsoleModuleStateBuilderTest
[INFO] Running com.alibaba.nacos.console.config.NacosConsoleAuthConfigTest
17:56:48.004 [main] INFO com.alibaba.nacos.core -- Get NacosConsoleAuth config from env, NacosConsoleAuthConfig{authEnabled=true, nacosAuthSystemType='nacos'}
17:56:48.004 [main] INFO com.alibaba.nacos.core -- Get NacosConsoleAuth config from env, NacosConsoleAuthConfig{authEnabled=false, nacosAuthSystemType='nacos'}
[INFO] Tests run: 1, Failures: 0, Errors: 0, Skipped: 0, Time elapsed: 0 s -- in com.alibaba.nacos.console.config.NacosConsoleAuthConfigTest
[INFO] Running com.alibaba.nacos.console.config.ConsoleFunctionEnabledConfigTest
[INFO] Tests run: 1, Failures: 0, Errors: 0, Skipped: 0, Time elapsed: 0 s -- in com.alibaba.nacos.console.config.ConsoleFunctionEnabledConfigTest
[INFO] Running com.alibaba.nacos.console.config.NacosConsoleBeanPostProcessorConfigurationTest
[INFO] Tests run: 2, Failures: 0, Errors: 0, Skipped: 0, Time elapsed: 0.050 s -- in com.alibaba.nacos.console.config.NacosConsoleBeanPostProcessorConfigurationTest
[INFO] Running com.alibaba.nacos.console.config.ConsoleDeploymentConfigTest
[INFO] Tests run: 2, Failures: 0, Errors: 0, Skipped: 0, Time elapsed: 0.001 s -- in com.alibaba.nacos.console.config.ConsoleDeploymentConfigTest
[INFO] Running com.alibaba.nacos.console.config.ConsoleAuthModuleStateBuilderTest
17:56:48.068 [main] INFO com.alibaba.nacos.plugin.auth.spi.server.AuthPluginManager -- [AuthPluginManager] Load AuthPluginService(class com.alibaba.nacos.plugin.auth.impl.NacosAuthPluginService) AuthServiceName(nacos) successfully.
17:56:48.068 [main] INFO com.alibaba.nacos.plugin.auth.spi.server.AuthPluginManager -- [AuthPluginManager] Load AuthPluginService(class com.alibaba.nacos.plugin.auth.impl.LdapAuthPluginService) AuthServiceName(ldap) successfully.
[INFO] Tests run: 2, Failures: 0, Errors: 0, Skipped: 0, Time elapsed: 0.009 s -- in com.alibaba.nacos.console.config.ConsoleAuthModuleStateBuilderTest
[INFO] Running com.alibaba.nacos.console.NacosConsoleStartUpTest
[INFO] Tests run: 7, Failures: 0, Errors: 0, Skipped: 0, Time elapsed: 0.027 s -- in com.alibaba.nacos.console.NacosConsoleStartUpTest
[INFO] Running com.alibaba.nacos.console.controller.HealthControllerTest
17:56:48.122 [main] ERROR com.alibaba.nacos.core.cluster -- Naming health check fail.
java.lang.RuntimeException: HealthControllerTest.testReadiness
	at com.alibaba.nacos.naming.cluster.ServerStatusManager.getServerStatus(ServerStatusManager.java:86)
	at com.alibaba.nacos.naming.cluster.NamingReadinessCheckService.readiness(NamingReadinessCheckService.java:41)
	at com.alibaba.nacos.core.cluster.health.ModuleHealthCheckerHolder.checkReadiness(ModuleHealthCheckerHolder.java:55)
	at com.alibaba.nacos.console.controller.HealthController.readiness(HealthController.java:64)
	at com.alibaba.nacos.console.controller.HealthControllerTest.testReadinessBothFailure(HealthControllerTest.java:89)
	at java.base/jdk.internal.reflect.DirectMethodHandleAccessor.invoke(DirectMethodHandleAccessor.java:103)
	at java.base/java.lang.reflect.Method.invoke(Method.java:580)
	at org.junit.platform.commons.util.ReflectionUtils.invokeMethod(ReflectionUtils.java:728)
	at org.junit.jupiter.engine.execution.MethodInvocation.proceed(MethodInvocation.java:60)
	at org.junit.jupiter.engine.execution.InvocationInterceptorChain$ValidatingInvocation.proceed(InvocationInterceptorChain.java:131)
	at org.junit.jupiter.engine.extension.TimeoutExtension.intercept(TimeoutExtension.java:156)
	at org.junit.jupiter.engine.extension.TimeoutExtension.interceptTestableMethod(TimeoutExtension.java:147)
	at org.junit.jupiter.engine.extension.TimeoutExtension.interceptTestMethod(TimeoutExtension.java:86)
	at org.junit.jupiter.engine.execution.InterceptingExecutableInvoker$ReflectiveInterceptorCall.lambda$ofVoidMethod$0(InterceptingExecutableInvoker.java:103)
	at org.junit.jupiter.engine.execution.InterceptingExecutableInvoker.lambda$invoke$0(InterceptingExecutableInvoker.java:93)
	at org.junit.jupiter.engine.execution.InvocationInterceptorChain$InterceptedInvocation.proceed(InvocationInterceptorChain.java:106)
	at org.junit.jupiter.engine.execution.InvocationInterceptorChain.proceed(InvocationInterceptorChain.java:64)
	at org.junit.jupiter.engine.execution.InvocationInterceptorChain.chainAndInvoke(InvocationInterceptorChain.java:45)
	at org.junit.jupiter.engine.execution.InvocationInterceptorChain.invoke(InvocationInterceptorChain.java:37)
	at org.junit.jupiter.engine.execution.InterceptingExecutableInvoker.invoke(InterceptingExecutableInvoker.java:92)
	at org.junit.jupiter.engine.execution.InterceptingExecutableInvoker.invoke(InterceptingExecutableInvoker.java:86)
	at org.junit.jupiter.engine.descriptor.TestMethodTestDescriptor.lambda$invokeTestMethod$7(TestMethodTestDescriptor.java:218)
	at org.junit.platform.engine.support.hierarchical.ThrowableCollector.execute(ThrowableCollector.java:73)
	at org.junit.jupiter.engine.descriptor.TestMethodTestDescriptor.invokeTestMethod(TestMethodTestDescriptor.java:214)
	at org.junit.jupiter.engine.descriptor.TestMethodTestDescriptor.execute(TestMethodTestDescriptor.java:139)
	at org.junit.jupiter.engine.descriptor.TestMethodTestDescriptor.execute(TestMethodTestDescriptor.java:69)
	at org.junit.platform.engine.support.hierarchical.NodeTestTask.lambda$executeRecursively$6(NodeTestTask.java:151)
	at org.junit.platform.engine.support.hierarchical.ThrowableCollector.execute(ThrowableCollector.java:73)
	at org.junit.platform.engine.support.hierarchical.NodeTestTask.lambda$executeRecursively$8(NodeTestTask.java:141)
	at org.junit.platform.engine.support.hierarchical.Node.around(Node.java:137)
	at org.junit.platform.engine.support.hierarchical.NodeTestTask.lambda$executeRecursively$9(NodeTestTask.java:139)
	at org.junit.platform.engine.support.hierarchical.ThrowableCollector.execute(ThrowableCollector.java:73)
	at org.junit.platform.engine.support.hierarchical.NodeTestTask.executeRecursively(NodeTestTask.java:138)
	at org.junit.platform.engine.support.hierarchical.NodeTestTask.execute(NodeTestTask.java:95)
	at java.base/java.util.ArrayList.forEach(ArrayList.java:1596)
	at org.junit.platform.engine.support.hierarchical.SameThreadHierarchicalTestExecutorService.invokeAll(SameThreadHierarchicalTestExecutorService.java:41)
	at org.junit.platform.engine.support.hierarchical.NodeTestTask.lambda$executeRecursively$6(NodeTestTask.java:155)
	at org.junit.platform.engine.support.hierarchical.ThrowableCollector.execute(ThrowableCollector.java:73)
	at org.junit.platform.engine.support.hierarchical.NodeTestTask.lambda$executeRecursively$8(NodeTestTask.java:141)
	at org.junit.platform.engine.support.hierarchical.Node.around(Node.java:137)
	at org.junit.platform.engine.support.hierarchical.NodeTestTask.lambda$executeRecursively$9(NodeTestTask.java:139)
	at org.junit.platform.engine.support.hierarchical.ThrowableCollector.execute(ThrowableCollector.java:73)
	at org.junit.platform.engine.support.hierarchical.NodeTestTask.executeRecursively(NodeTestTask.java:138)
	at org.junit.platform.engine.support.hierarchical.NodeTestTask.execute(NodeTestTask.java:95)
	at java.base/java.util.ArrayList.forEach(ArrayList.java:1596)
	at org.junit.platform.engine.support.hierarchical.SameThreadHierarchicalTestExecutorService.invokeAll(SameThreadHierarchicalTestExecutorService.java:41)
	at org.junit.platform.engine.support.hierarchical.NodeTestTask.lambda$executeRecursively$6(NodeTestTask.java:155)
	at org.junit.platform.engine.support.hierarchical.ThrowableCollector.execute(ThrowableCollector.java:73)
	at org.junit.platform.engine.support.hierarchical.NodeTestTask.lambda$executeRecursively$8(NodeTestTask.java:141)
	at org.junit.platform.engine.support.hierarchical.Node.around(Node.java:137)
	at org.junit.platform.engine.support.hierarchical.NodeTestTask.lambda$executeRecursively$9(NodeTestTask.java:139)
	at org.junit.platform.engine.support.hierarchical.ThrowableCollector.execute(ThrowableCollector.java:73)
	at org.junit.platform.engine.support.hierarchical.NodeTestTask.executeRecursively(NodeTestTask.java:138)
	at org.junit.platform.engine.support.hierarchical.NodeTestTask.execute(NodeTestTask.java:95)
	at org.junit.platform.engine.support.hierarchical.SameThreadHierarchicalTestExecutorService.submit(SameThreadHierarchicalTestExecutorService.java:35)
	at org.junit.platform.engine.support.hierarchical.HierarchicalTestExecutor.execute(HierarchicalTestExecutor.java:57)
	at org.junit.platform.engine.support.hierarchical.HierarchicalTestEngine.execute(HierarchicalTestEngine.java:54)
	at org.junit.platform.launcher.core.EngineExecutionOrchestrator.execute(EngineExecutionOrchestrator.java:198)
	at org.junit.platform.launcher.core.EngineExecutionOrchestrator.execute(EngineExecutionOrchestrator.java:169)
	at org.junit.platform.launcher.core.EngineExecutionOrchestrator.execute(EngineExecutionOrchestrator.java:93)
	at org.junit.platform.launcher.core.EngineExecutionOrchestrator.lambda$execute$0(EngineExecutionOrchestrator.java:58)
	at org.junit.platform.launcher.core.EngineExecutionOrchestrator.withInterceptedStreams(EngineExecutionOrchestrator.java:141)
	at org.junit.platform.launcher.core.EngineExecutionOrchestrator.execute(EngineExecutionOrchestrator.java:57)
	at org.junit.platform.launcher.core.DefaultLauncher.execute(DefaultLauncher.java:103)
	at org.junit.platform.launcher.core.DefaultLauncher.execute(DefaultLauncher.java:85)
	at org.junit.platform.launcher.core.DelegatingLauncher.execute(DelegatingLauncher.java:47)
	at org.apache.maven.surefire.junitplatform.LazyLauncher.execute(LazyLauncher.java:56)
	at org.apache.maven.surefire.junitplatform.JUnitPlatformProvider.execute(JUnitPlatformProvider.java:184)
	at org.apache.maven.surefire.junitplatform.JUnitPlatformProvider.invokeAllTests(JUnitPlatformProvider.java:148)
	at org.apache.maven.surefire.junitplatform.JUnitPlatformProvider.invoke(JUnitPlatformProvider.java:122)
	at org.apache.maven.surefire.booter.ForkedBooter.runSuitesInProcess(ForkedBooter.java:385)
	at org.apache.maven.surefire.booter.ForkedBooter.execute(ForkedBooter.java:162)
	at org.apache.maven.surefire.booter.ForkedBooter.run(ForkedBooter.java:507)
	at org.apache.maven.surefire.booter.ForkedBooter.main(ForkedBooter.java:495)
17:56:48.122 [main] ERROR com.alibaba.nacos.core.cluster -- Config health check fail.
java.lang.RuntimeException: HealthControllerTest.testReadiness
	at com.alibaba.nacos.config.server.service.ConfigReadinessCheckService.readiness(ConfigReadinessCheckService.java:43)
	at com.alibaba.nacos.core.cluster.health.ModuleHealthCheckerHolder.checkReadiness(ModuleHealthCheckerHolder.java:55)
	at com.alibaba.nacos.console.controller.HealthController.readiness(HealthController.java:64)
	at com.alibaba.nacos.console.controller.HealthControllerTest.testReadinessBothFailure(HealthControllerTest.java:89)
	at java.base/jdk.internal.reflect.DirectMethodHandleAccessor.invoke(DirectMethodHandleAccessor.java:103)
	at java.base/java.lang.reflect.Method.invoke(Method.java:580)
	at org.junit.platform.commons.util.ReflectionUtils.invokeMethod(ReflectionUtils.java:728)
	at org.junit.jupiter.engine.execution.MethodInvocation.proceed(MethodInvocation.java:60)
	at org.junit.jupiter.engine.execution.InvocationInterceptorChain$ValidatingInvocation.proceed(InvocationInterceptorChain.java:131)
	at org.junit.jupiter.engine.extension.TimeoutExtension.intercept(TimeoutExtension.java:156)
	at org.junit.jupiter.engine.extension.TimeoutExtension.interceptTestableMethod(TimeoutExtension.java:147)
	at org.junit.jupiter.engine.extension.TimeoutExtension.interceptTestMethod(TimeoutExtension.java:86)
	at org.junit.jupiter.engine.execution.InterceptingExecutableInvoker$ReflectiveInterceptorCall.lambda$ofVoidMethod$0(InterceptingExecutableInvoker.java:103)
	at org.junit.jupiter.engine.execution.InterceptingExecutableInvoker.lambda$invoke$0(InterceptingExecutableInvoker.java:93)
	at org.junit.jupiter.engine.execution.InvocationInterceptorChain$InterceptedInvocation.proceed(InvocationInterceptorChain.java:106)
	at org.junit.jupiter.engine.execution.InvocationInterceptorChain.proceed(InvocationInterceptorChain.java:64)
	at org.junit.jupiter.engine.execution.InvocationInterceptorChain.chainAndInvoke(InvocationInterceptorChain.java:45)
	at org.junit.jupiter.engine.execution.InvocationInterceptorChain.invoke(InvocationInterceptorChain.java:37)
	at org.junit.jupiter.engine.execution.InterceptingExecutableInvoker.invoke(InterceptingExecutableInvoker.java:92)
	at org.junit.jupiter.engine.execution.InterceptingExecutableInvoker.invoke(InterceptingExecutableInvoker.java:86)
	at org.junit.jupiter.engine.descriptor.TestMethodTestDescriptor.lambda$invokeTestMethod$7(TestMethodTestDescriptor.java:218)
	at org.junit.platform.engine.support.hierarchical.ThrowableCollector.execute(ThrowableCollector.java:73)
	at org.junit.jupiter.engine.descriptor.TestMethodTestDescriptor.invokeTestMethod(TestMethodTestDescriptor.java:214)
	at org.junit.jupiter.engine.descriptor.TestMethodTestDescriptor.execute(TestMethodTestDescriptor.java:139)
	at org.junit.jupiter.engine.descriptor.TestMethodTestDescriptor.execute(TestMethodTestDescriptor.java:69)
	at org.junit.platform.engine.support.hierarchical.NodeTestTask.lambda$executeRecursively$6(NodeTestTask.java:151)
	at org.junit.platform.engine.support.hierarchical.ThrowableCollector.execute(ThrowableCollector.java:73)
	at org.junit.platform.engine.support.hierarchical.NodeTestTask.lambda$executeRecursively$8(NodeTestTask.java:141)
	at org.junit.platform.engine.support.hierarchical.Node.around(Node.java:137)
	at org.junit.platform.engine.support.hierarchical.NodeTestTask.lambda$executeRecursively$9(NodeTestTask.java:139)
	at org.junit.platform.engine.support.hierarchical.ThrowableCollector.execute(ThrowableCollector.java:73)
	at org.junit.platform.engine.support.hierarchical.NodeTestTask.executeRecursively(NodeTestTask.java:138)
	at org.junit.platform.engine.support.hierarchical.NodeTestTask.execute(NodeTestTask.java:95)
	at java.base/java.util.ArrayList.forEach(ArrayList.java:1596)
	at org.junit.platform.engine.support.hierarchical.SameThreadHierarchicalTestExecutorService.invokeAll(SameThreadHierarchicalTestExecutorService.java:41)
	at org.junit.platform.engine.support.hierarchical.NodeTestTask.lambda$executeRecursively$6(NodeTestTask.java:155)
	at org.junit.platform.engine.support.hierarchical.ThrowableCollector.execute(ThrowableCollector.java:73)
	at org.junit.platform.engine.support.hierarchical.NodeTestTask.lambda$executeRecursively$8(NodeTestTask.java:141)
	at org.junit.platform.engine.support.hierarchical.Node.around(Node.java:137)
	at org.junit.platform.engine.support.hierarchical.NodeTestTask.lambda$executeRecursively$9(NodeTestTask.java:139)
	at org.junit.platform.engine.support.hierarchical.ThrowableCollector.execute(ThrowableCollector.java:73)
	at org.junit.platform.engine.support.hierarchical.NodeTestTask.executeRecursively(NodeTestTask.java:138)
	at org.junit.platform.engine.support.hierarchical.NodeTestTask.execute(NodeTestTask.java:95)
	at java.base/java.util.ArrayList.forEach(ArrayList.java:1596)
	at org.junit.platform.engine.support.hierarchical.SameThreadHierarchicalTestExecutorService.invokeAll(SameThreadHierarchicalTestExecutorService.java:41)
	at org.junit.platform.engine.support.hierarchical.NodeTestTask.lambda$executeRecursively$6(NodeTestTask.java:155)
	at org.junit.platform.engine.support.hierarchical.ThrowableCollector.execute(ThrowableCollector.java:73)
	at org.junit.platform.engine.support.hierarchical.NodeTestTask.lambda$executeRecursively$8(NodeTestTask.java:141)
	at org.junit.platform.engine.support.hierarchical.Node.around(Node.java:137)
	at org.junit.platform.engine.support.hierarchical.NodeTestTask.lambda$executeRecursively$9(NodeTestTask.java:139)
	at org.junit.platform.engine.support.hierarchical.ThrowableCollector.execute(ThrowableCollector.java:73)
	at org.junit.platform.engine.support.hierarchical.NodeTestTask.executeRecursively(NodeTestTask.java:138)
	at org.junit.platform.engine.support.hierarchical.NodeTestTask.execute(NodeTestTask.java:95)
	at org.junit.platform.engine.support.hierarchical.SameThreadHierarchicalTestExecutorService.submit(SameThreadHierarchicalTestExecutorService.java:35)
	at org.junit.platform.engine.support.hierarchical.HierarchicalTestExecutor.execute(HierarchicalTestExecutor.java:57)
	at org.junit.platform.engine.support.hierarchical.HierarchicalTestEngine.execute(HierarchicalTestEngine.java:54)
	at org.junit.platform.launcher.core.EngineExecutionOrchestrator.execute(EngineExecutionOrchestrator.java:198)
	at org.junit.platform.launcher.core.EngineExecutionOrchestrator.execute(EngineExecutionOrchestrator.java:169)
	at org.junit.platform.launcher.core.EngineExecutionOrchestrator.execute(EngineExecutionOrchestrator.java:93)
	at org.junit.platform.launcher.core.EngineExecutionOrchestrator.lambda$execute$0(EngineExecutionOrchestrator.java:58)
	at org.junit.platform.launcher.core.EngineExecutionOrchestrator.withInterceptedStreams(EngineExecutionOrchestrator.java:141)
	at org.junit.platform.launcher.core.EngineExecutionOrchestrator.execute(EngineExecutionOrchestrator.java:57)
	at org.junit.platform.launcher.core.DefaultLauncher.execute(DefaultLauncher.java:103)
	at org.junit.platform.launcher.core.DefaultLauncher.execute(DefaultLauncher.java:85)
	at org.junit.platform.launcher.core.DelegatingLauncher.execute(DelegatingLauncher.java:47)
	at org.apache.maven.surefire.junitplatform.LazyLauncher.execute(LazyLauncher.java:56)
	at org.apache.maven.surefire.junitplatform.JUnitPlatformProvider.execute(JUnitPlatformProvider.java:184)
	at org.apache.maven.surefire.junitplatform.JUnitPlatformProvider.invokeAllTests(JUnitPlatformProvider.java:148)
	at org.apache.maven.surefire.junitplatform.JUnitPlatformProvider.invoke(JUnitPlatformProvider.java:122)
	at org.apache.maven.surefire.booter.ForkedBooter.runSuitesInProcess(ForkedBooter.java:385)
	at org.apache.maven.surefire.booter.ForkedBooter.execute(ForkedBooter.java:162)
	at org.apache.maven.surefire.booter.ForkedBooter.run(ForkedBooter.java:507)
	at org.apache.maven.surefire.booter.ForkedBooter.main(ForkedBooter.java:495)
17:56:48.124 [main] ERROR com.alibaba.nacos.core.cluster -- Config health check fail.
java.lang.RuntimeException: HealthControllerTest.testReadiness
	at com.alibaba.nacos.config.server.service.ConfigReadinessCheckService.readiness(ConfigReadinessCheckService.java:43)
	at com.alibaba.nacos.core.cluster.health.ModuleHealthCheckerHolder.checkReadiness(ModuleHealthCheckerHolder.java:55)
	at com.alibaba.nacos.console.controller.HealthController.readiness(HealthController.java:64)
	at com.alibaba.nacos.console.controller.HealthControllerTest.testReadinessConfigFailure(HealthControllerTest.java:100)
	at java.base/jdk.internal.reflect.DirectMethodHandleAccessor.invoke(DirectMethodHandleAccessor.java:103)
	at java.base/java.lang.reflect.Method.invoke(Method.java:580)
	at org.junit.platform.commons.util.ReflectionUtils.invokeMethod(ReflectionUtils.java:728)
	at org.junit.jupiter.engine.execution.MethodInvocation.proceed(MethodInvocation.java:60)
	at org.junit.jupiter.engine.execution.InvocationInterceptorChain$ValidatingInvocation.proceed(InvocationInterceptorChain.java:131)
	at org.junit.jupiter.engine.extension.TimeoutExtension.intercept(TimeoutExtension.java:156)
	at org.junit.jupiter.engine.extension.TimeoutExtension.interceptTestableMethod(TimeoutExtension.java:147)
	at org.junit.jupiter.engine.extension.TimeoutExtension.interceptTestMethod(TimeoutExtension.java:86)
	at org.junit.jupiter.engine.execution.InterceptingExecutableInvoker$ReflectiveInterceptorCall.lambda$ofVoidMethod$0(InterceptingExecutableInvoker.java:103)
	at org.junit.jupiter.engine.execution.InterceptingExecutableInvoker.lambda$invoke$0(InterceptingExecutableInvoker.java:93)
	at org.junit.jupiter.engine.execution.InvocationInterceptorChain$InterceptedInvocation.proceed(InvocationInterceptorChain.java:106)
	at org.junit.jupiter.engine.execution.InvocationInterceptorChain.proceed(InvocationInterceptorChain.java:64)
	at org.junit.jupiter.engine.execution.InvocationInterceptorChain.chainAndInvoke(InvocationInterceptorChain.java:45)
	at org.junit.jupiter.engine.execution.InvocationInterceptorChain.invoke(InvocationInterceptorChain.java:37)
	at org.junit.jupiter.engine.execution.InterceptingExecutableInvoker.invoke(InterceptingExecutableInvoker.java:92)
	at org.junit.jupiter.engine.execution.InterceptingExecutableInvoker.invoke(InterceptingExecutableInvoker.java:86)
	at org.junit.jupiter.engine.descriptor.TestMethodTestDescriptor.lambda$invokeTestMethod$7(TestMethodTestDescriptor.java:218)
	at org.junit.platform.engine.support.hierarchical.ThrowableCollector.execute(ThrowableCollector.java:73)
	at org.junit.jupiter.engine.descriptor.TestMethodTestDescriptor.invokeTestMethod(TestMethodTestDescriptor.java:214)
	at org.junit.jupiter.engine.descriptor.TestMethodTestDescriptor.execute(TestMethodTestDescriptor.java:139)
	at org.junit.jupiter.engine.descriptor.TestMethodTestDescriptor.execute(TestMethodTestDescriptor.java:69)
	at org.junit.platform.engine.support.hierarchical.NodeTestTask.lambda$executeRecursively$6(NodeTestTask.java:151)
	at org.junit.platform.engine.support.hierarchical.ThrowableCollector.execute(ThrowableCollector.java:73)
	at org.junit.platform.engine.support.hierarchical.NodeTestTask.lambda$executeRecursively$8(NodeTestTask.java:141)
	at org.junit.platform.engine.support.hierarchical.Node.around(Node.java:137)
	at org.junit.platform.engine.support.hierarchical.NodeTestTask.lambda$executeRecursively$9(NodeTestTask.java:139)
	at org.junit.platform.engine.support.hierarchical.ThrowableCollector.execute(ThrowableCollector.java:73)
	at org.junit.platform.engine.support.hierarchical.NodeTestTask.executeRecursively(NodeTestTask.java:138)
	at org.junit.platform.engine.support.hierarchical.NodeTestTask.execute(NodeTestTask.java:95)
	at java.base/java.util.ArrayList.forEach(ArrayList.java:1596)
	at org.junit.platform.engine.support.hierarchical.SameThreadHierarchicalTestExecutorService.invokeAll(SameThreadHierarchicalTestExecutorService.java:41)
	at org.junit.platform.engine.support.hierarchical.NodeTestTask.lambda$executeRecursively$6(NodeTestTask.java:155)
	at org.junit.platform.engine.support.hierarchical.ThrowableCollector.execute(ThrowableCollector.java:73)
	at org.junit.platform.engine.support.hierarchical.NodeTestTask.lambda$executeRecursively$8(NodeTestTask.java:141)
	at org.junit.platform.engine.support.hierarchical.Node.around(Node.java:137)
	at org.junit.platform.engine.support.hierarchical.NodeTestTask.lambda$executeRecursively$9(NodeTestTask.java:139)
	at org.junit.platform.engine.support.hierarchical.ThrowableCollector.execute(ThrowableCollector.java:73)
	at org.junit.platform.engine.support.hierarchical.NodeTestTask.executeRecursively(NodeTestTask.java:138)
	at org.junit.platform.engine.support.hierarchical.NodeTestTask.execute(NodeTestTask.java:95)
	at java.base/java.util.ArrayList.forEach(ArrayList.java:1596)
	at org.junit.platform.engine.support.hierarchical.SameThreadHierarchicalTestExecutorService.invokeAll(SameThreadHierarchicalTestExecutorService.java:41)
	at org.junit.platform.engine.support.hierarchical.NodeTestTask.lambda$executeRecursively$6(NodeTestTask.java:155)
	at org.junit.platform.engine.support.hierarchical.ThrowableCollector.execute(ThrowableCollector.java:73)
	at org.junit.platform.engine.support.hierarchical.NodeTestTask.lambda$executeRecursively$8(NodeTestTask.java:141)
	at org.junit.platform.engine.support.hierarchical.Node.around(Node.java:137)
	at org.junit.platform.engine.support.hierarchical.NodeTestTask.lambda$executeRecursively$9(NodeTestTask.java:139)
	at org.junit.platform.engine.support.hierarchical.ThrowableCollector.execute(ThrowableCollector.java:73)
	at org.junit.platform.engine.support.hierarchical.NodeTestTask.executeRecursively(NodeTestTask.java:138)
	at org.junit.platform.engine.support.hierarchical.NodeTestTask.execute(NodeTestTask.java:95)
	at org.junit.platform.engine.support.hierarchical.SameThreadHierarchicalTestExecutorService.submit(SameThreadHierarchicalTestExecutorService.java:35)
	at org.junit.platform.engine.support.hierarchical.HierarchicalTestExecutor.execute(HierarchicalTestExecutor.java:57)
	at org.junit.platform.engine.support.hierarchical.HierarchicalTestEngine.execute(HierarchicalTestEngine.java:54)
	at org.junit.platform.launcher.core.EngineExecutionOrchestrator.execute(EngineExecutionOrchestrator.java:198)
	at org.junit.platform.launcher.core.EngineExecutionOrchestrator.execute(EngineExecutionOrchestrator.java:169)
	at org.junit.platform.launcher.core.EngineExecutionOrchestrator.execute(EngineExecutionOrchestrator.java:93)
	at org.junit.platform.launcher.core.EngineExecutionOrchestrator.lambda$execute$0(EngineExecutionOrchestrator.java:58)
	at org.junit.platform.launcher.core.EngineExecutionOrchestrator.withInterceptedStreams(EngineExecutionOrchestrator.java:141)
	at org.junit.platform.launcher.core.EngineExecutionOrchestrator.execute(EngineExecutionOrchestrator.java:57)
	at org.junit.platform.launcher.core.DefaultLauncher.execute(DefaultLauncher.java:103)
	at org.junit.platform.launcher.core.DefaultLauncher.execute(DefaultLauncher.java:85)
	at org.junit.platform.launcher.core.DelegatingLauncher.execute(DelegatingLauncher.java:47)
	at org.apache.maven.surefire.junitplatform.LazyLauncher.execute(LazyLauncher.java:56)
	at org.apache.maven.surefire.junitplatform.JUnitPlatformProvider.execute(JUnitPlatformProvider.java:184)
	at org.apache.maven.surefire.junitplatform.JUnitPlatformProvider.invokeAllTests(JUnitPlatformProvider.java:148)
	at org.apache.maven.surefire.junitplatform.JUnitPlatformProvider.invoke(JUnitPlatformProvider.java:122)
	at org.apache.maven.surefire.booter.ForkedBooter.runSuitesInProcess(ForkedBooter.java:385)
	at org.apache.maven.surefire.booter.ForkedBooter.execute(ForkedBooter.java:162)
	at org.apache.maven.surefire.booter.ForkedBooter.run(ForkedBooter.java:507)
	at org.apache.maven.surefire.booter.ForkedBooter.main(ForkedBooter.java:495)
17:56:48.125 [main] ERROR com.alibaba.nacos.core.cluster -- Naming health check fail.
java.lang.RuntimeException: HealthControllerTest.testReadiness
	at com.alibaba.nacos.naming.cluster.ServerStatusManager.getServerStatus(ServerStatusManager.java:86)
	at com.alibaba.nacos.naming.cluster.NamingReadinessCheckService.readiness(NamingReadinessCheckService.java:41)
	at com.alibaba.nacos.core.cluster.health.ModuleHealthCheckerHolder.checkReadiness(ModuleHealthCheckerHolder.java:55)
	at com.alibaba.nacos.console.controller.HealthController.readiness(HealthController.java:64)
	at com.alibaba.nacos.console.controller.HealthControllerTest.testReadinessNamingFailure(HealthControllerTest.java:110)
	at java.base/jdk.internal.reflect.DirectMethodHandleAccessor.invoke(DirectMethodHandleAccessor.java:103)
	at java.base/java.lang.reflect.Method.invoke(Method.java:580)
	at org.junit.platform.commons.util.ReflectionUtils.invokeMethod(ReflectionUtils.java:728)
	at org.junit.jupiter.engine.execution.MethodInvocation.proceed(MethodInvocation.java:60)
	at org.junit.jupiter.engine.execution.InvocationInterceptorChain$ValidatingInvocation.proceed(InvocationInterceptorChain.java:131)
	at org.junit.jupiter.engine.extension.TimeoutExtension.intercept(TimeoutExtension.java:156)
	at org.junit.jupiter.engine.extension.TimeoutExtension.interceptTestableMethod(TimeoutExtension.java:147)
	at org.junit.jupiter.engine.extension.TimeoutExtension.interceptTestMethod(TimeoutExtension.java:86)
	at org.junit.jupiter.engine.execution.InterceptingExecutableInvoker$ReflectiveInterceptorCall.lambda$ofVoidMethod$0(InterceptingExecutableInvoker.java:103)
	at org.junit.jupiter.engine.execution.InterceptingExecutableInvoker.lambda$invoke$0(InterceptingExecutableInvoker.java:93)
	at org.junit.jupiter.engine.execution.InvocationInterceptorChain$InterceptedInvocation.proceed(InvocationInterceptorChain.java:106)
	at org.junit.jupiter.engine.execution.InvocationInterceptorChain.proceed(InvocationInterceptorChain.java:64)
	at org.junit.jupiter.engine.execution.InvocationInterceptorChain.chainAndInvoke(InvocationInterceptorChain.java:45)
	at org.junit.jupiter.engine.execution.InvocationInterceptorChain.invoke(InvocationInterceptorChain.java:37)
	at org.junit.jupiter.engine.execution.InterceptingExecutableInvoker.invoke(InterceptingExecutableInvoker.java:92)
	at org.junit.jupiter.engine.execution.InterceptingExecutableInvoker.invoke(InterceptingExecutableInvoker.java:86)
	at org.junit.jupiter.engine.descriptor.TestMethodTestDescriptor.lambda$invokeTestMethod$7(TestMethodTestDescriptor.java:218)
	at org.junit.platform.engine.support.hierarchical.ThrowableCollector.execute(ThrowableCollector.java:73)
	at org.junit.jupiter.engine.descriptor.TestMethodTestDescriptor.invokeTestMethod(TestMethodTestDescriptor.java:214)
	at org.junit.jupiter.engine.descriptor.TestMethodTestDescriptor.execute(TestMethodTestDescriptor.java:139)
	at org.junit.jupiter.engine.descriptor.TestMethodTestDescriptor.execute(TestMethodTestDescriptor.java:69)
	at org.junit.platform.engine.support.hierarchical.NodeTestTask.lambda$executeRecursively$6(NodeTestTask.java:151)
	at org.junit.platform.engine.support.hierarchical.ThrowableCollector.execute(ThrowableCollector.java:73)
	at org.junit.platform.engine.support.hierarchical.NodeTestTask.lambda$executeRecursively$8(NodeTestTask.java:141)
	at org.junit.platform.engine.support.hierarchical.Node.around(Node.java:137)
	at org.junit.platform.engine.support.hierarchical.NodeTestTask.lambda$executeRecursively$9(NodeTestTask.java:139)
	at org.junit.platform.engine.support.hierarchical.ThrowableCollector.execute(ThrowableCollector.java:73)
	at org.junit.platform.engine.support.hierarchical.NodeTestTask.executeRecursively(NodeTestTask.java:138)
	at org.junit.platform.engine.support.hierarchical.NodeTestTask.execute(NodeTestTask.java:95)
	at java.base/java.util.ArrayList.forEach(ArrayList.java:1596)
	at org.junit.platform.engine.support.hierarchical.SameThreadHierarchicalTestExecutorService.invokeAll(SameThreadHierarchicalTestExecutorService.java:41)
	at org.junit.platform.engine.support.hierarchical.NodeTestTask.lambda$executeRecursively$6(NodeTestTask.java:155)
	at org.junit.platform.engine.support.hierarchical.ThrowableCollector.execute(ThrowableCollector.java:73)
	at org.junit.platform.engine.support.hierarchical.NodeTestTask.lambda$executeRecursively$8(NodeTestTask.java:141)
	at org.junit.platform.engine.support.hierarchical.Node.around(Node.java:137)
	at org.junit.platform.engine.support.hierarchical.NodeTestTask.lambda$executeRecursively$9(NodeTestTask.java:139)
	at org.junit.platform.engine.support.hierarchical.ThrowableCollector.execute(ThrowableCollector.java:73)
	at org.junit.platform.engine.support.hierarchical.NodeTestTask.executeRecursively(NodeTestTask.java:138)
	at org.junit.platform.engine.support.hierarchical.NodeTestTask.execute(NodeTestTask.java:95)
	at java.base/java.util.ArrayList.forEach(ArrayList.java:1596)
	at org.junit.platform.engine.support.hierarchical.SameThreadHierarchicalTestExecutorService.invokeAll(SameThreadHierarchicalTestExecutorService.java:41)
	at org.junit.platform.engine.support.hierarchical.NodeTestTask.lambda$executeRecursively$6(NodeTestTask.java:155)
	at org.junit.platform.engine.support.hierarchical.ThrowableCollector.execute(ThrowableCollector.java:73)
	at org.junit.platform.engine.support.hierarchical.NodeTestTask.lambda$executeRecursively$8(NodeTestTask.java:141)
	at org.junit.platform.engine.support.hierarchical.Node.around(Node.java:137)
	at org.junit.platform.engine.support.hierarchical.NodeTestTask.lambda$executeRecursively$9(NodeTestTask.java:139)
	at org.junit.platform.engine.support.hierarchical.ThrowableCollector.execute(ThrowableCollector.java:73)
	at org.junit.platform.engine.support.hierarchical.NodeTestTask.executeRecursively(NodeTestTask.java:138)
	at org.junit.platform.engine.support.hierarchical.NodeTestTask.execute(NodeTestTask.java:95)
	at org.junit.platform.engine.support.hierarchical.SameThreadHierarchicalTestExecutorService.submit(SameThreadHierarchicalTestExecutorService.java:35)
	at org.junit.platform.engine.support.hierarchical.HierarchicalTestExecutor.execute(HierarchicalTestExecutor.java:57)
	at org.junit.platform.engine.support.hierarchical.HierarchicalTestEngine.execute(HierarchicalTestEngine.java:54)
	at org.junit.platform.launcher.core.EngineExecutionOrchestrator.execute(EngineExecutionOrchestrator.java:198)
	at org.junit.platform.launcher.core.EngineExecutionOrchestrator.execute(EngineExecutionOrchestrator.java:169)
	at org.junit.platform.launcher.core.EngineExecutionOrchestrator.execute(EngineExecutionOrchestrator.java:93)
	at org.junit.platform.launcher.core.EngineExecutionOrchestrator.lambda$execute$0(EngineExecutionOrchestrator.java:58)
	at org.junit.platform.launcher.core.EngineExecutionOrchestrator.withInterceptedStreams(EngineExecutionOrchestrator.java:141)
	at org.junit.platform.launcher.core.EngineExecutionOrchestrator.execute(EngineExecutionOrchestrator.java:57)
	at org.junit.platform.launcher.core.DefaultLauncher.execute(DefaultLauncher.java:103)
	at org.junit.platform.launcher.core.DefaultLauncher.execute(DefaultLauncher.java:85)
	at org.junit.platform.launcher.core.DelegatingLauncher.execute(DelegatingLauncher.java:47)
	at org.apache.maven.surefire.junitplatform.LazyLauncher.execute(LazyLauncher.java:56)
	at org.apache.maven.surefire.junitplatform.JUnitPlatformProvider.execute(JUnitPlatformProvider.java:184)
	at org.apache.maven.surefire.junitplatform.JUnitPlatformProvider.invokeAllTests(JUnitPlatformProvider.java:148)
	at org.apache.maven.surefire.junitplatform.JUnitPlatformProvider.invoke(JUnitPlatformProvider.java:122)
	at org.apache.maven.surefire.booter.ForkedBooter.runSuitesInProcess(ForkedBooter.java:385)
	at org.apache.maven.surefire.booter.ForkedBooter.execute(ForkedBooter.java:162)
	at org.apache.maven.surefire.booter.ForkedBooter.run(ForkedBooter.java:507)
	at org.apache.maven.surefire.booter.ForkedBooter.main(ForkedBooter.java:495)
[INFO] Tests run: 5, Failures: 0, Errors: 0, Skipped: 0, Time elapsed: 0.025 s -- in com.alibaba.nacos.console.controller.HealthControllerTest
[INFO] Running com.alibaba.nacos.console.controller.NamespaceControllerTest
[INFO] Tests run: 13, Failures: 0, Errors: 0, Skipped: 0, Time elapsed: 0.010 s -- in com.alibaba.nacos.console.controller.NamespaceControllerTest
[INFO] Running com.alibaba.nacos.console.controller.v2.NamespaceControllerV2Test
[INFO] Tests run: 8, Failures: 0, Errors: 0, Skipped: 0, Time elapsed: 0.005 s -- in com.alibaba.nacos.console.controller.v2.NamespaceControllerV2Test
[INFO] Running com.alibaba.nacos.console.controller.v2.HealthControllerV2Test
17:56:48.147 [main] ERROR com.alibaba.nacos.core.cluster -- Naming health check fail.
java.lang.RuntimeException: HealthControllerV2Test.testReadiness
	at com.alibaba.nacos.naming.cluster.ServerStatusManager.getServerStatus(ServerStatusManager.java:86)
	at com.alibaba.nacos.naming.cluster.NamingReadinessCheckService.readiness(NamingReadinessCheckService.java:41)
	at com.alibaba.nacos.core.cluster.health.ModuleHealthCheckerHolder.checkReadiness(ModuleHealthCheckerHolder.java:55)
	at com.alibaba.nacos.console.controller.v2.HealthControllerV2.readiness(HealthControllerV2.java:63)
	at com.alibaba.nacos.console.controller.v2.HealthControllerV2Test.testReadinessBothFailure(HealthControllerV2Test.java:94)
	at java.base/jdk.internal.reflect.DirectMethodHandleAccessor.invoke(DirectMethodHandleAccessor.java:103)
	at java.base/java.lang.reflect.Method.invoke(Method.java:580)
	at org.junit.platform.commons.util.ReflectionUtils.invokeMethod(ReflectionUtils.java:728)
	at org.junit.jupiter.engine.execution.MethodInvocation.proceed(MethodInvocation.java:60)
	at org.junit.jupiter.engine.execution.InvocationInterceptorChain$ValidatingInvocation.proceed(InvocationInterceptorChain.java:131)
	at org.junit.jupiter.engine.extension.TimeoutExtension.intercept(TimeoutExtension.java:156)
	at org.junit.jupiter.engine.extension.TimeoutExtension.interceptTestableMethod(TimeoutExtension.java:147)
	at org.junit.jupiter.engine.extension.TimeoutExtension.interceptTestMethod(TimeoutExtension.java:86)
	at org.junit.jupiter.engine.execution.InterceptingExecutableInvoker$ReflectiveInterceptorCall.lambda$ofVoidMethod$0(InterceptingExecutableInvoker.java:103)
	at org.junit.jupiter.engine.execution.InterceptingExecutableInvoker.lambda$invoke$0(InterceptingExecutableInvoker.java:93)
	at org.junit.jupiter.engine.execution.InvocationInterceptorChain$InterceptedInvocation.proceed(InvocationInterceptorChain.java:106)
	at org.junit.jupiter.engine.execution.InvocationInterceptorChain.proceed(InvocationInterceptorChain.java:64)
	at org.junit.jupiter.engine.execution.InvocationInterceptorChain.chainAndInvoke(InvocationInterceptorChain.java:45)
	at org.junit.jupiter.engine.execution.InvocationInterceptorChain.invoke(InvocationInterceptorChain.java:37)
	at org.junit.jupiter.engine.execution.InterceptingExecutableInvoker.invoke(InterceptingExecutableInvoker.java:92)
	at org.junit.jupiter.engine.execution.InterceptingExecutableInvoker.invoke(InterceptingExecutableInvoker.java:86)
	at org.junit.jupiter.engine.descriptor.TestMethodTestDescriptor.lambda$invokeTestMethod$7(TestMethodTestDescriptor.java:218)
	at org.junit.platform.engine.support.hierarchical.ThrowableCollector.execute(ThrowableCollector.java:73)
	at org.junit.jupiter.engine.descriptor.TestMethodTestDescriptor.invokeTestMethod(TestMethodTestDescriptor.java:214)
	at org.junit.jupiter.engine.descriptor.TestMethodTestDescriptor.execute(TestMethodTestDescriptor.java:139)
	at org.junit.jupiter.engine.descriptor.TestMethodTestDescriptor.execute(TestMethodTestDescriptor.java:69)
	at org.junit.platform.engine.support.hierarchical.NodeTestTask.lambda$executeRecursively$6(NodeTestTask.java:151)
	at org.junit.platform.engine.support.hierarchical.ThrowableCollector.execute(ThrowableCollector.java:73)
	at org.junit.platform.engine.support.hierarchical.NodeTestTask.lambda$executeRecursively$8(NodeTestTask.java:141)
	at org.junit.platform.engine.support.hierarchical.Node.around(Node.java:137)
	at org.junit.platform.engine.support.hierarchical.NodeTestTask.lambda$executeRecursively$9(NodeTestTask.java:139)
	at org.junit.platform.engine.support.hierarchical.ThrowableCollector.execute(ThrowableCollector.java:73)
	at org.junit.platform.engine.support.hierarchical.NodeTestTask.executeRecursively(NodeTestTask.java:138)
	at org.junit.platform.engine.support.hierarchical.NodeTestTask.execute(NodeTestTask.java:95)
	at java.base/java.util.ArrayList.forEach(ArrayList.java:1596)
	at org.junit.platform.engine.support.hierarchical.SameThreadHierarchicalTestExecutorService.invokeAll(SameThreadHierarchicalTestExecutorService.java:41)
	at org.junit.platform.engine.support.hierarchical.NodeTestTask.lambda$executeRecursively$6(NodeTestTask.java:155)
	at org.junit.platform.engine.support.hierarchical.ThrowableCollector.execute(ThrowableCollector.java:73)
	at org.junit.platform.engine.support.hierarchical.NodeTestTask.lambda$executeRecursively$8(NodeTestTask.java:141)
	at org.junit.platform.engine.support.hierarchical.Node.around(Node.java:137)
	at org.junit.platform.engine.support.hierarchical.NodeTestTask.lambda$executeRecursively$9(NodeTestTask.java:139)
	at org.junit.platform.engine.support.hierarchical.ThrowableCollector.execute(ThrowableCollector.java:73)
	at org.junit.platform.engine.support.hierarchical.NodeTestTask.executeRecursively(NodeTestTask.java:138)
	at org.junit.platform.engine.support.hierarchical.NodeTestTask.execute(NodeTestTask.java:95)
	at java.base/java.util.ArrayList.forEach(ArrayList.java:1596)
	at org.junit.platform.engine.support.hierarchical.SameThreadHierarchicalTestExecutorService.invokeAll(SameThreadHierarchicalTestExecutorService.java:41)
	at org.junit.platform.engine.support.hierarchical.NodeTestTask.lambda$executeRecursively$6(NodeTestTask.java:155)
	at org.junit.platform.engine.support.hierarchical.ThrowableCollector.execute(ThrowableCollector.java:73)
	at org.junit.platform.engine.support.hierarchical.NodeTestTask.lambda$executeRecursively$8(NodeTestTask.java:141)
	at org.junit.platform.engine.support.hierarchical.Node.around(Node.java:137)
	at org.junit.platform.engine.support.hierarchical.NodeTestTask.lambda$executeRecursively$9(NodeTestTask.java:139)
	at org.junit.platform.engine.support.hierarchical.ThrowableCollector.execute(ThrowableCollector.java:73)
	at org.junit.platform.engine.support.hierarchical.NodeTestTask.executeRecursively(NodeTestTask.java:138)
	at org.junit.platform.engine.support.hierarchical.NodeTestTask.execute(NodeTestTask.java:95)
	at org.junit.platform.engine.support.hierarchical.SameThreadHierarchicalTestExecutorService.submit(SameThreadHierarchicalTestExecutorService.java:35)
	at org.junit.platform.engine.support.hierarchical.HierarchicalTestExecutor.execute(HierarchicalTestExecutor.java:57)
	at org.junit.platform.engine.support.hierarchical.HierarchicalTestEngine.execute(HierarchicalTestEngine.java:54)
	at org.junit.platform.launcher.core.EngineExecutionOrchestrator.execute(EngineExecutionOrchestrator.java:198)
	at org.junit.platform.launcher.core.EngineExecutionOrchestrator.execute(EngineExecutionOrchestrator.java:169)
	at org.junit.platform.launcher.core.EngineExecutionOrchestrator.execute(EngineExecutionOrchestrator.java:93)
	at org.junit.platform.launcher.core.EngineExecutionOrchestrator.lambda$execute$0(EngineExecutionOrchestrator.java:58)
	at org.junit.platform.launcher.core.EngineExecutionOrchestrator.withInterceptedStreams(EngineExecutionOrchestrator.java:141)
	at org.junit.platform.launcher.core.EngineExecutionOrchestrator.execute(EngineExecutionOrchestrator.java:57)
	at org.junit.platform.launcher.core.DefaultLauncher.execute(DefaultLauncher.java:103)
	at org.junit.platform.launcher.core.DefaultLauncher.execute(DefaultLauncher.java:85)
	at org.junit.platform.launcher.core.DelegatingLauncher.execute(DelegatingLauncher.java:47)
	at org.apache.maven.surefire.junitplatform.LazyLauncher.execute(LazyLauncher.java:56)
	at org.apache.maven.surefire.junitplatform.JUnitPlatformProvider.execute(JUnitPlatformProvider.java:184)
	at org.apache.maven.surefire.junitplatform.JUnitPlatformProvider.invokeAllTests(JUnitPlatformProvider.java:148)
	at org.apache.maven.surefire.junitplatform.JUnitPlatformProvider.invoke(JUnitPlatformProvider.java:122)
	at org.apache.maven.surefire.booter.ForkedBooter.runSuitesInProcess(ForkedBooter.java:385)
	at org.apache.maven.surefire.booter.ForkedBooter.execute(ForkedBooter.java:162)
	at org.apache.maven.surefire.booter.ForkedBooter.run(ForkedBooter.java:507)
	at org.apache.maven.surefire.booter.ForkedBooter.main(ForkedBooter.java:495)
17:56:48.147 [main] ERROR com.alibaba.nacos.core.cluster -- Config health check fail.
java.lang.RuntimeException: HealthControllerV2Test.testReadiness
	at com.alibaba.nacos.config.server.service.ConfigReadinessCheckService.readiness(ConfigReadinessCheckService.java:43)
	at com.alibaba.nacos.core.cluster.health.ModuleHealthCheckerHolder.checkReadiness(ModuleHealthCheckerHolder.java:55)
	at com.alibaba.nacos.console.controller.v2.HealthControllerV2.readiness(HealthControllerV2.java:63)
	at com.alibaba.nacos.console.controller.v2.HealthControllerV2Test.testReadinessBothFailure(HealthControllerV2Test.java:94)
	at java.base/jdk.internal.reflect.DirectMethodHandleAccessor.invoke(DirectMethodHandleAccessor.java:103)
	at java.base/java.lang.reflect.Method.invoke(Method.java:580)
	at org.junit.platform.commons.util.ReflectionUtils.invokeMethod(ReflectionUtils.java:728)
	at org.junit.jupiter.engine.execution.MethodInvocation.proceed(MethodInvocation.java:60)
	at org.junit.jupiter.engine.execution.InvocationInterceptorChain$ValidatingInvocation.proceed(InvocationInterceptorChain.java:131)
	at org.junit.jupiter.engine.extension.TimeoutExtension.intercept(TimeoutExtension.java:156)
	at org.junit.jupiter.engine.extension.TimeoutExtension.interceptTestableMethod(TimeoutExtension.java:147)
	at org.junit.jupiter.engine.extension.TimeoutExtension.interceptTestMethod(TimeoutExtension.java:86)
	at org.junit.jupiter.engine.execution.InterceptingExecutableInvoker$ReflectiveInterceptorCall.lambda$ofVoidMethod$0(InterceptingExecutableInvoker.java:103)
	at org.junit.jupiter.engine.execution.InterceptingExecutableInvoker.lambda$invoke$0(InterceptingExecutableInvoker.java:93)
	at org.junit.jupiter.engine.execution.InvocationInterceptorChain$InterceptedInvocation.proceed(InvocationInterceptorChain.java:106)
	at org.junit.jupiter.engine.execution.InvocationInterceptorChain.proceed(InvocationInterceptorChain.java:64)
	at org.junit.jupiter.engine.execution.InvocationInterceptorChain.chainAndInvoke(InvocationInterceptorChain.java:45)
	at org.junit.jupiter.engine.execution.InvocationInterceptorChain.invoke(InvocationInterceptorChain.java:37)
	at org.junit.jupiter.engine.execution.InterceptingExecutableInvoker.invoke(InterceptingExecutableInvoker.java:92)
	at org.junit.jupiter.engine.execution.InterceptingExecutableInvoker.invoke(InterceptingExecutableInvoker.java:86)
	at org.junit.jupiter.engine.descriptor.TestMethodTestDescriptor.lambda$invokeTestMethod$7(TestMethodTestDescriptor.java:218)
	at org.junit.platform.engine.support.hierarchical.ThrowableCollector.execute(ThrowableCollector.java:73)
	at org.junit.jupiter.engine.descriptor.TestMethodTestDescriptor.invokeTestMethod(TestMethodTestDescriptor.java:214)
	at org.junit.jupiter.engine.descriptor.TestMethodTestDescriptor.execute(TestMethodTestDescriptor.java:139)
	at org.junit.jupiter.engine.descriptor.TestMethodTestDescriptor.execute(TestMethodTestDescriptor.java:69)
	at org.junit.platform.engine.support.hierarchical.NodeTestTask.lambda$executeRecursively$6(NodeTestTask.java:151)
	at org.junit.platform.engine.support.hierarchical.ThrowableCollector.execute(ThrowableCollector.java:73)
	at org.junit.platform.engine.support.hierarchical.NodeTestTask.lambda$executeRecursively$8(NodeTestTask.java:141)
	at org.junit.platform.engine.support.hierarchical.Node.around(Node.java:137)
	at org.junit.platform.engine.support.hierarchical.NodeTestTask.lambda$executeRecursively$9(NodeTestTask.java:139)
	at org.junit.platform.engine.support.hierarchical.ThrowableCollector.execute(ThrowableCollector.java:73)
	at org.junit.platform.engine.support.hierarchical.NodeTestTask.executeRecursively(NodeTestTask.java:138)
	at org.junit.platform.engine.support.hierarchical.NodeTestTask.execute(NodeTestTask.java:95)
	at java.base/java.util.ArrayList.forEach(ArrayList.java:1596)
	at org.junit.platform.engine.support.hierarchical.SameThreadHierarchicalTestExecutorService.invokeAll(SameThreadHierarchicalTestExecutorService.java:41)
	at org.junit.platform.engine.support.hierarchical.NodeTestTask.lambda$executeRecursively$6(NodeTestTask.java:155)
	at org.junit.platform.engine.support.hierarchical.ThrowableCollector.execute(ThrowableCollector.java:73)
	at org.junit.platform.engine.support.hierarchical.NodeTestTask.lambda$executeRecursively$8(NodeTestTask.java:141)
	at org.junit.platform.engine.support.hierarchical.Node.around(Node.java:137)
	at org.junit.platform.engine.support.hierarchical.NodeTestTask.lambda$executeRecursively$9(NodeTestTask.java:139)
	at org.junit.platform.engine.support.hierarchical.ThrowableCollector.execute(ThrowableCollector.java:73)
	at org.junit.platform.engine.support.hierarchical.NodeTestTask.executeRecursively(NodeTestTask.java:138)
	at org.junit.platform.engine.support.hierarchical.NodeTestTask.execute(NodeTestTask.java:95)
	at java.base/java.util.ArrayList.forEach(ArrayList.java:1596)
	at org.junit.platform.engine.support.hierarchical.SameThreadHierarchicalTestExecutorService.invokeAll(SameThreadHierarchicalTestExecutorService.java:41)
	at org.junit.platform.engine.support.hierarchical.NodeTestTask.lambda$executeRecursively$6(NodeTestTask.java:155)
	at org.junit.platform.engine.support.hierarchical.ThrowableCollector.execute(ThrowableCollector.java:73)
	at org.junit.platform.engine.support.hierarchical.NodeTestTask.lambda$executeRecursively$8(NodeTestTask.java:141)
	at org.junit.platform.engine.support.hierarchical.Node.around(Node.java:137)
	at org.junit.platform.engine.support.hierarchical.NodeTestTask.lambda$executeRecursively$9(NodeTestTask.java:139)
	at org.junit.platform.engine.support.hierarchical.ThrowableCollector.execute(ThrowableCollector.java:73)
	at org.junit.platform.engine.support.hierarchical.NodeTestTask.executeRecursively(NodeTestTask.java:138)
	at org.junit.platform.engine.support.hierarchical.NodeTestTask.execute(NodeTestTask.java:95)
	at org.junit.platform.engine.support.hierarchical.SameThreadHierarchicalTestExecutorService.submit(SameThreadHierarchicalTestExecutorService.java:35)
	at org.junit.platform.engine.support.hierarchical.HierarchicalTestExecutor.execute(HierarchicalTestExecutor.java:57)
	at org.junit.platform.engine.support.hierarchical.HierarchicalTestEngine.execute(HierarchicalTestEngine.java:54)
	at org.junit.platform.launcher.core.EngineExecutionOrchestrator.execute(EngineExecutionOrchestrator.java:198)
	at org.junit.platform.launcher.core.EngineExecutionOrchestrator.execute(EngineExecutionOrchestrator.java:169)
	at org.junit.platform.launcher.core.EngineExecutionOrchestrator.execute(EngineExecutionOrchestrator.java:93)
	at org.junit.platform.launcher.core.EngineExecutionOrchestrator.lambda$execute$0(EngineExecutionOrchestrator.java:58)
	at org.junit.platform.launcher.core.EngineExecutionOrchestrator.withInterceptedStreams(EngineExecutionOrchestrator.java:141)
	at org.junit.platform.launcher.core.EngineExecutionOrchestrator.execute(EngineExecutionOrchestrator.java:57)
	at org.junit.platform.launcher.core.DefaultLauncher.execute(DefaultLauncher.java:103)
	at org.junit.platform.launcher.core.DefaultLauncher.execute(DefaultLauncher.java:85)
	at org.junit.platform.launcher.core.DelegatingLauncher.execute(DelegatingLauncher.java:47)
	at org.apache.maven.surefire.junitplatform.LazyLauncher.execute(LazyLauncher.java:56)
	at org.apache.maven.surefire.junitplatform.JUnitPlatformProvider.execute(JUnitPlatformProvider.java:184)
	at org.apache.maven.surefire.junitplatform.JUnitPlatformProvider.invokeAllTests(JUnitPlatformProvider.java:148)
	at org.apache.maven.surefire.junitplatform.JUnitPlatformProvider.invoke(JUnitPlatformProvider.java:122)
	at org.apache.maven.surefire.booter.ForkedBooter.runSuitesInProcess(ForkedBooter.java:385)
	at org.apache.maven.surefire.booter.ForkedBooter.execute(ForkedBooter.java:162)
	at org.apache.maven.surefire.booter.ForkedBooter.run(ForkedBooter.java:507)
	at org.apache.maven.surefire.booter.ForkedBooter.main(ForkedBooter.java:495)
17:56:48.148 [main] ERROR com.alibaba.nacos.core.cluster -- Config health check fail.
java.lang.RuntimeException: HealthControllerV2Test.testReadiness
	at com.alibaba.nacos.config.server.service.ConfigReadinessCheckService.readiness(ConfigReadinessCheckService.java:43)
	at com.alibaba.nacos.core.cluster.health.ModuleHealthCheckerHolder.checkReadiness(ModuleHealthCheckerHolder.java:55)
	at com.alibaba.nacos.console.controller.v2.HealthControllerV2.readiness(HealthControllerV2.java:63)
	at com.alibaba.nacos.console.controller.v2.HealthControllerV2Test.testReadinessConfigFailure(HealthControllerV2Test.java:105)
	at java.base/jdk.internal.reflect.DirectMethodHandleAccessor.invoke(DirectMethodHandleAccessor.java:103)
	at java.base/java.lang.reflect.Method.invoke(Method.java:580)
	at org.junit.platform.commons.util.ReflectionUtils.invokeMethod(ReflectionUtils.java:728)
	at org.junit.jupiter.engine.execution.MethodInvocation.proceed(MethodInvocation.java:60)
	at org.junit.jupiter.engine.execution.InvocationInterceptorChain$ValidatingInvocation.proceed(InvocationInterceptorChain.java:131)
	at org.junit.jupiter.engine.extension.TimeoutExtension.intercept(TimeoutExtension.java:156)
	at org.junit.jupiter.engine.extension.TimeoutExtension.interceptTestableMethod(TimeoutExtension.java:147)
	at org.junit.jupiter.engine.extension.TimeoutExtension.interceptTestMethod(TimeoutExtension.java:86)
	at org.junit.jupiter.engine.execution.InterceptingExecutableInvoker$ReflectiveInterceptorCall.lambda$ofVoidMethod$0(InterceptingExecutableInvoker.java:103)
	at org.junit.jupiter.engine.execution.InterceptingExecutableInvoker.lambda$invoke$0(InterceptingExecutableInvoker.java:93)
	at org.junit.jupiter.engine.execution.InvocationInterceptorChain$InterceptedInvocation.proceed(InvocationInterceptorChain.java:106)
	at org.junit.jupiter.engine.execution.InvocationInterceptorChain.proceed(InvocationInterceptorChain.java:64)
	at org.junit.jupiter.engine.execution.InvocationInterceptorChain.chainAndInvoke(InvocationInterceptorChain.java:45)
	at org.junit.jupiter.engine.execution.InvocationInterceptorChain.invoke(InvocationInterceptorChain.java:37)
	at org.junit.jupiter.engine.execution.InterceptingExecutableInvoker.invoke(InterceptingExecutableInvoker.java:92)
	at org.junit.jupiter.engine.execution.InterceptingExecutableInvoker.invoke(InterceptingExecutableInvoker.java:86)
	at org.junit.jupiter.engine.descriptor.TestMethodTestDescriptor.lambda$invokeTestMethod$7(TestMethodTestDescriptor.java:218)
	at org.junit.platform.engine.support.hierarchical.ThrowableCollector.execute(ThrowableCollector.java:73)
	at org.junit.jupiter.engine.descriptor.TestMethodTestDescriptor.invokeTestMethod(TestMethodTestDescriptor.java:214)
	at org.junit.jupiter.engine.descriptor.TestMethodTestDescriptor.execute(TestMethodTestDescriptor.java:139)
	at org.junit.jupiter.engine.descriptor.TestMethodTestDescriptor.execute(TestMethodTestDescriptor.java:69)
	at org.junit.platform.engine.support.hierarchical.NodeTestTask.lambda$executeRecursively$6(NodeTestTask.java:151)
	at org.junit.platform.engine.support.hierarchical.ThrowableCollector.execute(ThrowableCollector.java:73)
	at org.junit.platform.engine.support.hierarchical.NodeTestTask.lambda$executeRecursively$8(NodeTestTask.java:141)
	at org.junit.platform.engine.support.hierarchical.Node.around(Node.java:137)
	at org.junit.platform.engine.support.hierarchical.NodeTestTask.lambda$executeRecursively$9(NodeTestTask.java:139)
	at org.junit.platform.engine.support.hierarchical.ThrowableCollector.execute(ThrowableCollector.java:73)
	at org.junit.platform.engine.support.hierarchical.NodeTestTask.executeRecursively(NodeTestTask.java:138)
	at org.junit.platform.engine.support.hierarchical.NodeTestTask.execute(NodeTestTask.java:95)
	at java.base/java.util.ArrayList.forEach(ArrayList.java:1596)
	at org.junit.platform.engine.support.hierarchical.SameThreadHierarchicalTestExecutorService.invokeAll(SameThreadHierarchicalTestExecutorService.java:41)
	at org.junit.platform.engine.support.hierarchical.NodeTestTask.lambda$executeRecursively$6(NodeTestTask.java:155)
	at org.junit.platform.engine.support.hierarchical.ThrowableCollector.execute(ThrowableCollector.java:73)
	at org.junit.platform.engine.support.hierarchical.NodeTestTask.lambda$executeRecursively$8(NodeTestTask.java:141)
	at org.junit.platform.engine.support.hierarchical.Node.around(Node.java:137)
	at org.junit.platform.engine.support.hierarchical.NodeTestTask.lambda$executeRecursively$9(NodeTestTask.java:139)
	at org.junit.platform.engine.support.hierarchical.ThrowableCollector.execute(ThrowableCollector.java:73)
	at org.junit.platform.engine.support.hierarchical.NodeTestTask.executeRecursively(NodeTestTask.java:138)
	at org.junit.platform.engine.support.hierarchical.NodeTestTask.execute(NodeTestTask.java:95)
	at java.base/java.util.ArrayList.forEach(ArrayList.java:1596)
	at org.junit.platform.engine.support.hierarchical.SameThreadHierarchicalTestExecutorService.invokeAll(SameThreadHierarchicalTestExecutorService.java:41)
	at org.junit.platform.engine.support.hierarchical.NodeTestTask.lambda$executeRecursively$6(NodeTestTask.java:155)
	at org.junit.platform.engine.support.hierarchical.ThrowableCollector.execute(ThrowableCollector.java:73)
	at org.junit.platform.engine.support.hierarchical.NodeTestTask.lambda$executeRecursively$8(NodeTestTask.java:141)
	at org.junit.platform.engine.support.hierarchical.Node.around(Node.java:137)
	at org.junit.platform.engine.support.hierarchical.NodeTestTask.lambda$executeRecursively$9(NodeTestTask.java:139)
	at org.junit.platform.engine.support.hierarchical.ThrowableCollector.execute(ThrowableCollector.java:73)
	at org.junit.platform.engine.support.hierarchical.NodeTestTask.executeRecursively(NodeTestTask.java:138)
	at org.junit.platform.engine.support.hierarchical.NodeTestTask.execute(NodeTestTask.java:95)
	at org.junit.platform.engine.support.hierarchical.SameThreadHierarchicalTestExecutorService.submit(SameThreadHierarchicalTestExecutorService.java:35)
	at org.junit.platform.engine.support.hierarchical.HierarchicalTestExecutor.execute(HierarchicalTestExecutor.java:57)
	at org.junit.platform.engine.support.hierarchical.HierarchicalTestEngine.execute(HierarchicalTestEngine.java:54)
	at org.junit.platform.launcher.core.EngineExecutionOrchestrator.execute(EngineExecutionOrchestrator.java:198)
	at org.junit.platform.launcher.core.EngineExecutionOrchestrator.execute(EngineExecutionOrchestrator.java:169)
	at org.junit.platform.launcher.core.EngineExecutionOrchestrator.execute(EngineExecutionOrchestrator.java:93)
	at org.junit.platform.launcher.core.EngineExecutionOrchestrator.lambda$execute$0(EngineExecutionOrchestrator.java:58)
	at org.junit.platform.launcher.core.EngineExecutionOrchestrator.withInterceptedStreams(EngineExecutionOrchestrator.java:141)
	at org.junit.platform.launcher.core.EngineExecutionOrchestrator.execute(EngineExecutionOrchestrator.java:57)
	at org.junit.platform.launcher.core.DefaultLauncher.execute(DefaultLauncher.java:103)
	at org.junit.platform.launcher.core.DefaultLauncher.execute(DefaultLauncher.java:85)
	at org.junit.platform.launcher.core.DelegatingLauncher.execute(DelegatingLauncher.java:47)
	at org.apache.maven.surefire.junitplatform.LazyLauncher.execute(LazyLauncher.java:56)
	at org.apache.maven.surefire.junitplatform.JUnitPlatformProvider.execute(JUnitPlatformProvider.java:184)
	at org.apache.maven.surefire.junitplatform.JUnitPlatformProvider.invokeAllTests(JUnitPlatformProvider.java:148)
	at org.apache.maven.surefire.junitplatform.JUnitPlatformProvider.invoke(JUnitPlatformProvider.java:122)
	at org.apache.maven.surefire.booter.ForkedBooter.runSuitesInProcess(ForkedBooter.java:385)
	at org.apache.maven.surefire.booter.ForkedBooter.execute(ForkedBooter.java:162)
	at org.apache.maven.surefire.booter.ForkedBooter.run(ForkedBooter.java:507)
	at org.apache.maven.surefire.booter.ForkedBooter.main(ForkedBooter.java:495)
17:56:48.149 [main] ERROR com.alibaba.nacos.core.cluster -- Naming health check fail.
java.lang.RuntimeException: HealthControllerV2Test.testReadiness
	at com.alibaba.nacos.naming.cluster.ServerStatusManager.getServerStatus(ServerStatusManager.java:86)
	at com.alibaba.nacos.naming.cluster.NamingReadinessCheckService.readiness(NamingReadinessCheckService.java:41)
	at com.alibaba.nacos.core.cluster.health.ModuleHealthCheckerHolder.checkReadiness(ModuleHealthCheckerHolder.java:55)
	at com.alibaba.nacos.console.controller.v2.HealthControllerV2.readiness(HealthControllerV2.java:63)
	at com.alibaba.nacos.console.controller.v2.HealthControllerV2Test.testReadinessNamingFailure(HealthControllerV2Test.java:115)
	at java.base/jdk.internal.reflect.DirectMethodHandleAccessor.invoke(DirectMethodHandleAccessor.java:103)
	at java.base/java.lang.reflect.Method.invoke(Method.java:580)
	at org.junit.platform.commons.util.ReflectionUtils.invokeMethod(ReflectionUtils.java:728)
	at org.junit.jupiter.engine.execution.MethodInvocation.proceed(MethodInvocation.java:60)
	at org.junit.jupiter.engine.execution.InvocationInterceptorChain$ValidatingInvocation.proceed(InvocationInterceptorChain.java:131)
	at org.junit.jupiter.engine.extension.TimeoutExtension.intercept(TimeoutExtension.java:156)
	at org.junit.jupiter.engine.extension.TimeoutExtension.interceptTestableMethod(TimeoutExtension.java:147)
	at org.junit.jupiter.engine.extension.TimeoutExtension.interceptTestMethod(TimeoutExtension.java:86)
	at org.junit.jupiter.engine.execution.InterceptingExecutableInvoker$ReflectiveInterceptorCall.lambda$ofVoidMethod$0(InterceptingExecutableInvoker.java:103)
	at org.junit.jupiter.engine.execution.InterceptingExecutableInvoker.lambda$invoke$0(InterceptingExecutableInvoker.java:93)
	at org.junit.jupiter.engine.execution.InvocationInterceptorChain$InterceptedInvocation.proceed(InvocationInterceptorChain.java:106)
	at org.junit.jupiter.engine.execution.InvocationInterceptorChain.proceed(InvocationInterceptorChain.java:64)
	at org.junit.jupiter.engine.execution.InvocationInterceptorChain.chainAndInvoke(InvocationInterceptorChain.java:45)
	at org.junit.jupiter.engine.execution.InvocationInterceptorChain.invoke(InvocationInterceptorChain.java:37)
	at org.junit.jupiter.engine.execution.InterceptingExecutableInvoker.invoke(InterceptingExecutableInvoker.java:92)
	at org.junit.jupiter.engine.execution.InterceptingExecutableInvoker.invoke(InterceptingExecutableInvoker.java:86)
	at org.junit.jupiter.engine.descriptor.TestMethodTestDescriptor.lambda$invokeTestMethod$7(TestMethodTestDescriptor.java:218)
	at org.junit.platform.engine.support.hierarchical.ThrowableCollector.execute(ThrowableCollector.java:73)
	at org.junit.jupiter.engine.descriptor.TestMethodTestDescriptor.invokeTestMethod(TestMethodTestDescriptor.java:214)
	at org.junit.jupiter.engine.descriptor.TestMethodTestDescriptor.execute(TestMethodTestDescriptor.java:139)
	at org.junit.jupiter.engine.descriptor.TestMethodTestDescriptor.execute(TestMethodTestDescriptor.java:69)
	at org.junit.platform.engine.support.hierarchical.NodeTestTask.lambda$executeRecursively$6(NodeTestTask.java:151)
	at org.junit.platform.engine.support.hierarchical.ThrowableCollector.execute(ThrowableCollector.java:73)
	at org.junit.platform.engine.support.hierarchical.NodeTestTask.lambda$executeRecursively$8(NodeTestTask.java:141)
	at org.junit.platform.engine.support.hierarchical.Node.around(Node.java:137)
	at org.junit.platform.engine.support.hierarchical.NodeTestTask.lambda$executeRecursively$9(NodeTestTask.java:139)
	at org.junit.platform.engine.support.hierarchical.ThrowableCollector.execute(ThrowableCollector.java:73)
	at org.junit.platform.engine.support.hierarchical.NodeTestTask.executeRecursively(NodeTestTask.java:138)
	at org.junit.platform.engine.support.hierarchical.NodeTestTask.execute(NodeTestTask.java:95)
	at java.base/java.util.ArrayList.forEach(ArrayList.java:1596)
	at org.junit.platform.engine.support.hierarchical.SameThreadHierarchicalTestExecutorService.invokeAll(SameThreadHierarchicalTestExecutorService.java:41)
	at org.junit.platform.engine.support.hierarchical.NodeTestTask.lambda$executeRecursively$6(NodeTestTask.java:155)
	at org.junit.platform.engine.support.hierarchical.ThrowableCollector.execute(ThrowableCollector.java:73)
	at org.junit.platform.engine.support.hierarchical.NodeTestTask.lambda$executeRecursively$8(NodeTestTask.java:141)
	at org.junit.platform.engine.support.hierarchical.Node.around(Node.java:137)
	at org.junit.platform.engine.support.hierarchical.NodeTestTask.lambda$executeRecursively$9(NodeTestTask.java:139)
	at org.junit.platform.engine.support.hierarchical.ThrowableCollector.execute(ThrowableCollector.java:73)
	at org.junit.platform.engine.support.hierarchical.NodeTestTask.executeRecursively(NodeTestTask.java:138)
	at org.junit.platform.engine.support.hierarchical.NodeTestTask.execute(NodeTestTask.java:95)
	at java.base/java.util.ArrayList.forEach(ArrayList.java:1596)
	at org.junit.platform.engine.support.hierarchical.SameThreadHierarchicalTestExecutorService.invokeAll(SameThreadHierarchicalTestExecutorService.java:41)
	at org.junit.platform.engine.support.hierarchical.NodeTestTask.lambda$executeRecursively$6(NodeTestTask.java:155)
	at org.junit.platform.engine.support.hierarchical.ThrowableCollector.execute(ThrowableCollector.java:73)
	at org.junit.platform.engine.support.hierarchical.NodeTestTask.lambda$executeRecursively$8(NodeTestTask.java:141)
	at org.junit.platform.engine.support.hierarchical.Node.around(Node.java:137)
	at org.junit.platform.engine.support.hierarchical.NodeTestTask.lambda$executeRecursively$9(NodeTestTask.java:139)
	at org.junit.platform.engine.support.hierarchical.ThrowableCollector.execute(ThrowableCollector.java:73)
	at org.junit.platform.engine.support.hierarchical.NodeTestTask.executeRecursively(NodeTestTask.java:138)
	at org.junit.platform.engine.support.hierarchical.NodeTestTask.execute(NodeTestTask.java:95)
	at org.junit.platform.engine.support.hierarchical.SameThreadHierarchicalTestExecutorService.submit(SameThreadHierarchicalTestExecutorService.java:35)
	at org.junit.platform.engine.support.hierarchical.HierarchicalTestExecutor.execute(HierarchicalTestExecutor.java:57)
	at org.junit.platform.engine.support.hierarchical.HierarchicalTestEngine.execute(HierarchicalTestEngine.java:54)
	at org.junit.platform.launcher.core.EngineExecutionOrchestrator.execute(EngineExecutionOrchestrator.java:198)
	at org.junit.platform.launcher.core.EngineExecutionOrchestrator.execute(EngineExecutionOrchestrator.java:169)
	at org.junit.platform.launcher.core.EngineExecutionOrchestrator.execute(EngineExecutionOrchestrator.java:93)
	at org.junit.platform.launcher.core.EngineExecutionOrchestrator.lambda$execute$0(EngineExecutionOrchestrator.java:58)
	at org.junit.platform.launcher.core.EngineExecutionOrchestrator.withInterceptedStreams(EngineExecutionOrchestrator.java:141)
	at org.junit.platform.launcher.core.EngineExecutionOrchestrator.execute(EngineExecutionOrchestrator.java:57)
	at org.junit.platform.launcher.core.DefaultLauncher.execute(DefaultLauncher.java:103)
	at org.junit.platform.launcher.core.DefaultLauncher.execute(DefaultLauncher.java:85)
	at org.junit.platform.launcher.core.DelegatingLauncher.execute(DelegatingLauncher.java:47)
	at org.apache.maven.surefire.junitplatform.LazyLauncher.execute(LazyLauncher.java:56)
	at org.apache.maven.surefire.junitplatform.JUnitPlatformProvider.execute(JUnitPlatformProvider.java:184)
	at org.apache.maven.surefire.junitplatform.JUnitPlatformProvider.invokeAllTests(JUnitPlatformProvider.java:148)
	at org.apache.maven.surefire.junitplatform.JUnitPlatformProvider.invoke(JUnitPlatformProvider.java:122)
	at org.apache.maven.surefire.booter.ForkedBooter.runSuitesInProcess(ForkedBooter.java:385)
	at org.apache.maven.surefire.booter.ForkedBooter.execute(ForkedBooter.java:162)
	at org.apache.maven.surefire.booter.ForkedBooter.run(ForkedBooter.java:507)
	at org.apache.maven.surefire.booter.ForkedBooter.main(ForkedBooter.java:495)
[INFO] Tests run: 5, Failures: 0, Errors: 0, Skipped: 0, Time elapsed: 0.004 s -- in com.alibaba.nacos.console.controller.v2.HealthControllerV2Test
[INFO] Running com.alibaba.nacos.console.controller.v3.ConsoleHealthControllerTest
17:56:48.406 [main] INFO org.springframework.mock.web.MockServletContext -- Initializing Spring TestDispatcherServlet ''
17:56:48.406 [main] INFO org.springframework.test.web.servlet.TestDispatcherServlet -- Initializing Servlet ''
17:56:48.408 [main] INFO org.springframework.test.web.servlet.TestDispatcherServlet -- Completed initialization in 1 ms
17:56:48.454 [main] INFO org.springframework.mock.web.MockServletContext -- Initializing Spring TestDispatcherServlet ''
17:56:48.454 [main] INFO org.springframework.test.web.servlet.TestDispatcherServlet -- Initializing Servlet ''
17:56:48.455 [main] INFO org.springframework.test.web.servlet.TestDispatcherServlet -- Completed initialization in 0 ms
17:56:48.460 [main] INFO org.springframework.mock.web.MockServletContext -- Initializing Spring TestDispatcherServlet ''
17:56:48.460 [main] INFO org.springframework.test.web.servlet.TestDispatcherServlet -- Initializing Servlet ''
17:56:48.460 [main] INFO org.springframework.test.web.servlet.TestDispatcherServlet -- Completed initialization in 0 ms
[INFO] Tests run: 3, Failures: 0, Errors: 0, Skipped: 0, Time elapsed: 0.311 s -- in com.alibaba.nacos.console.controller.v3.ConsoleHealthControllerTest
[INFO] Running com.alibaba.nacos.console.controller.v3.core.ConsoleClusterControllerTest
17:56:48.481 [main] INFO org.springframework.mock.web.MockServletContext -- Initializing Spring TestDispatcherServlet ''
17:56:48.481 [main] INFO org.springframework.test.web.servlet.TestDispatcherServlet -- Initializing Servlet ''
17:56:48.481 [main] INFO org.springframework.test.web.servlet.TestDispatcherServlet -- Completed initialization in 0 ms
[INFO] Tests run: 1, Failures: 0, Errors: 0, Skipped: 0, Time elapsed: 0.043 s -- in com.alibaba.nacos.console.controller.v3.core.ConsoleClusterControllerTest
[INFO] Running com.alibaba.nacos.console.controller.v3.core.ConsoleNamespaceControllerTest
17:56:48.533 [main] INFO org.springframework.mock.web.MockServletContext -- Initializing Spring TestDispatcherServlet ''
17:56:48.533 [main] INFO org.springframework.test.web.servlet.TestDispatcherServlet -- Initializing Servlet ''
17:56:48.534 [main] INFO org.springframework.test.web.servlet.TestDispatcherServlet -- Completed initialization in 0 ms
17:56:48.538 [main] INFO org.springframework.mock.web.MockServletContext -- Initializing Spring TestDispatcherServlet ''
17:56:48.538 [main] INFO org.springframework.test.web.servlet.TestDispatcherServlet -- Initializing Servlet ''
17:56:48.538 [main] INFO org.springframework.test.web.servlet.TestDispatcherServlet -- Completed initialization in 0 ms
17:56:48.545 [main] INFO org.springframework.mock.web.MockServletContext -- Initializing Spring TestDispatcherServlet ''
17:56:48.546 [main] INFO org.springframework.test.web.servlet.TestDispatcherServlet -- Initializing Servlet ''
17:56:48.546 [main] INFO org.springframework.test.web.servlet.TestDispatcherServlet -- Completed initialization in 0 ms
17:56:48.549 [main] INFO org.springframework.mock.web.MockServletContext -- Initializing Spring TestDispatcherServlet ''
17:56:48.549 [main] INFO org.springframework.test.web.servlet.TestDispatcherServlet -- Initializing Servlet ''
17:56:48.549 [main] INFO org.springframework.test.web.servlet.TestDispatcherServlet -- Completed initialization in 0 ms
17:56:48.555 [main] INFO org.springframework.mock.web.MockServletContext -- Initializing Spring TestDispatcherServlet ''
17:56:48.555 [main] INFO org.springframework.test.web.servlet.TestDispatcherServlet -- Initializing Servlet ''
17:56:48.555 [main] INFO org.springframework.test.web.servlet.TestDispatcherServlet -- Completed initialization in 0 ms
17:56:48.560 [main] INFO org.springframework.mock.web.MockServletContext -- Initializing Spring TestDispatcherServlet ''
17:56:48.560 [main] INFO org.springframework.test.web.servlet.TestDispatcherServlet -- Initializing Servlet ''
17:56:48.561 [main] INFO org.springframework.test.web.servlet.TestDispatcherServlet -- Completed initialization in 0 ms
17:56:48.565 [main] INFO org.springframework.mock.web.MockServletContext -- Initializing Spring TestDispatcherServlet ''
17:56:48.565 [main] INFO org.springframework.test.web.servlet.TestDispatcherServlet -- Initializing Servlet ''
17:56:48.565 [main] INFO org.springframework.test.web.servlet.TestDispatcherServlet -- Completed initialization in 0 ms
[INFO] Tests run: 7, Failures: 0, Errors: 0, Skipped: 0, Time elapsed: 0.060 s -- in com.alibaba.nacos.console.controller.v3.core.ConsoleNamespaceControllerTest
[INFO] Running com.alibaba.nacos.console.controller.v3.config.ConsoleHistoryControllerTest
17:56:48.593 [main] INFO org.springframework.mock.web.MockServletContext -- Initializing Spring TestDispatcherServlet ''
17:56:48.593 [main] INFO org.springframework.test.web.servlet.TestDispatcherServlet -- Initializing Servlet ''
17:56:48.593 [main] INFO org.springframework.test.web.servlet.TestDispatcherServlet -- Completed initialization in 0 ms
17:56:48.612 [main] INFO org.springframework.mock.web.MockServletContext -- Initializing Spring TestDispatcherServlet ''
17:56:48.612 [main] INFO org.springframework.test.web.servlet.TestDispatcherServlet -- Initializing Servlet ''
17:56:48.612 [main] INFO org.springframework.test.web.servlet.TestDispatcherServlet -- Completed initialization in 0 ms
17:56:48.618 [main] INFO org.springframework.mock.web.MockServletContext -- Initializing Spring TestDispatcherServlet ''
17:56:48.618 [main] INFO org.springframework.test.web.servlet.TestDispatcherServlet -- Initializing Servlet ''
17:56:48.618 [main] INFO org.springframework.test.web.servlet.TestDispatcherServlet -- Completed initialization in 0 ms
17:56:48.626 [main] INFO org.springframework.mock.web.MockServletContext -- Initializing Spring TestDispatcherServlet ''
17:56:48.626 [main] INFO org.springframework.test.web.servlet.TestDispatcherServlet -- Initializing Servlet ''
17:56:48.626 [main] INFO org.springframework.test.web.servlet.TestDispatcherServlet -- Completed initialization in 0 ms
[INFO] Tests run: 4, Failures: 0, Errors: 0, Skipped: 0, Time elapsed: 0.059 s -- in com.alibaba.nacos.console.controller.v3.config.ConsoleHistoryControllerTest
[INFO] Running com.alibaba.nacos.console.controller.v3.config.ConsoleConfigControllerTest
17:56:48.669 [main] INFO org.springframework.mock.web.MockServletContext -- Initializing Spring TestDispatcherServlet ''
17:56:48.669 [main] INFO org.springframework.test.web.servlet.TestDispatcherServlet -- Initializing Servlet ''
17:56:48.669 [main] INFO org.springframework.test.web.servlet.TestDispatcherServlet -- Completed initialization in 0 ms
17:56:48.680 [main] INFO org.springframework.mock.web.MockServletContext -- Initializing Spring TestDispatcherServlet ''
17:56:48.680 [main] INFO org.springframework.test.web.servlet.TestDispatcherServlet -- Initializing Servlet ''
17:56:48.680 [main] INFO org.springframework.test.web.servlet.TestDispatcherServlet -- Completed initialization in 0 ms
17:56:48.690 [main] INFO org.springframework.mock.web.MockServletContext -- Initializing Spring TestDispatcherServlet ''
17:56:48.690 [main] INFO org.springframework.test.web.servlet.TestDispatcherServlet -- Initializing Servlet ''
17:56:48.690 [main] INFO org.springframework.test.web.servlet.TestDispatcherServlet -- Completed initialization in 0 ms
17:56:48.699 [main] INFO org.springframework.mock.web.MockServletContext -- Initializing Spring TestDispatcherServlet ''
17:56:48.699 [main] INFO org.springframework.test.web.servlet.TestDispatcherServlet -- Initializing Servlet ''
17:56:48.699 [main] INFO org.springframework.test.web.servlet.TestDispatcherServlet -- Completed initialization in 0 ms
17:56:48.709 [main] INFO org.springframework.mock.web.MockServletContext -- Initializing Spring TestDispatcherServlet ''
17:56:48.709 [main] INFO org.springframework.test.web.servlet.TestDispatcherServlet -- Initializing Servlet ''
17:56:48.709 [main] INFO org.springframework.test.web.servlet.TestDispatcherServlet -- Completed initialization in 0 ms
17:56:48.729 [main] INFO org.springframework.mock.web.MockServletContext -- Initializing Spring TestDispatcherServlet ''
17:56:48.729 [main] INFO org.springframework.test.web.servlet.TestDispatcherServlet -- Initializing Servlet ''
17:56:48.729 [main] INFO org.springframework.test.web.servlet.TestDispatcherServlet -- Completed initialization in 0 ms
17:56:48.737 [main] INFO org.springframework.mock.web.MockServletContext -- Initializing Spring TestDispatcherServlet ''
17:56:48.737 [main] INFO org.springframework.test.web.servlet.TestDispatcherServlet -- Initializing Servlet ''
17:56:48.737 [main] INFO org.springframework.test.web.servlet.TestDispatcherServlet -- Completed initialization in 0 ms
17:56:48.742 [main] INFO org.springframework.mock.web.MockServletContext -- Initializing Spring TestDispatcherServlet ''
17:56:48.742 [main] INFO org.springframework.test.web.servlet.TestDispatcherServlet -- Initializing Servlet ''
17:56:48.742 [main] INFO org.springframework.test.web.servlet.TestDispatcherServlet -- Completed initialization in 0 ms
17:56:48.752 [main] INFO org.springframework.mock.web.MockServletContext -- Initializing Spring TestDispatcherServlet ''
17:56:48.752 [main] INFO org.springframework.test.web.servlet.TestDispatcherServlet -- Initializing Servlet ''
17:56:48.752 [main] INFO org.springframework.test.web.servlet.TestDispatcherServlet -- Completed initialization in 0 ms
17:56:48.758 [main] INFO org.springframework.mock.web.MockServletContext -- Initializing Spring TestDispatcherServlet ''
17:56:48.758 [main] INFO org.springframework.test.web.servlet.TestDispatcherServlet -- Initializing Servlet ''
17:56:48.758 [main] INFO org.springframework.test.web.servlet.TestDispatcherServlet -- Completed initialization in 0 ms
17:56:48.765 [main] INFO org.springframework.mock.web.MockServletContext -- Initializing Spring TestDispatcherServlet ''
17:56:48.765 [main] INFO org.springframework.test.web.servlet.TestDispatcherServlet -- Initializing Servlet ''
17:56:48.765 [main] INFO org.springframework.test.web.servlet.TestDispatcherServlet -- Completed initialization in 0 ms
17:56:48.770 [main] INFO org.springframework.mock.web.MockServletContext -- Initializing Spring TestDispatcherServlet ''
17:56:48.770 [main] INFO org.springframework.test.web.servlet.TestDispatcherServlet -- Initializing Servlet ''
17:56:48.770 [main] INFO org.springframework.test.web.servlet.TestDispatcherServlet -- Completed initialization in 0 ms
17:56:48.777 [main] INFO org.springframework.mock.web.MockServletContext -- Initializing Spring TestDispatcherServlet ''
17:56:48.777 [main] INFO org.springframework.test.web.servlet.TestDispatcherServlet -- Initializing Servlet ''
17:56:48.777 [main] INFO org.springframework.test.web.servlet.TestDispatcherServlet -- Completed initialization in 0 ms
17:56:48.783 [main] INFO org.springframework.mock.web.MockServletContext -- Initializing Spring TestDispatcherServlet ''
17:56:48.783 [main] INFO org.springframework.test.web.servlet.TestDispatcherServlet -- Initializing Servlet ''
17:56:48.783 [main] INFO org.springframework.test.web.servlet.TestDispatcherServlet -- Completed initialization in 0 ms
[INFO] Tests run: 14, Failures: 0, Errors: 0, Skipped: 0, Time elapsed: 0.171 s -- in com.alibaba.nacos.console.controller.v3.config.ConsoleConfigControllerTest
[INFO] Running com.alibaba.nacos.console.controller.v3.ai.ConsoleMcpControllerTest
17:56:48.834 [main] INFO org.springframework.mock.web.MockServletContext -- Initializing Spring TestDispatcherServlet ''
17:56:48.834 [main] INFO org.springframework.test.web.servlet.TestDispatcherServlet -- Initializing Servlet ''
17:56:48.834 [main] INFO org.springframework.test.web.servlet.TestDispatcherServlet -- Completed initialization in 0 ms
17:56:48.858 [main] INFO org.springframework.mock.web.MockServletContext -- Initializing Spring TestDispatcherServlet ''
17:56:48.858 [main] INFO org.springframework.test.web.servlet.TestDispatcherServlet -- Initializing Servlet ''
17:56:48.858 [main] INFO org.springframework.test.web.servlet.TestDispatcherServlet -- Completed initialization in 0 ms
17:56:48.871 [main] INFO org.springframework.mock.web.MockServletContext -- Initializing Spring TestDispatcherServlet ''
17:56:48.871 [main] INFO org.springframework.test.web.servlet.TestDispatcherServlet -- Initializing Servlet ''
17:56:48.872 [main] INFO org.springframework.test.web.servlet.TestDispatcherServlet -- Completed initialization in 1 ms
17:56:48.878 [main] INFO org.springframework.mock.web.MockServletContext -- Initializing Spring TestDispatcherServlet ''
17:56:48.878 [main] INFO org.springframework.test.web.servlet.TestDispatcherServlet -- Initializing Servlet ''
17:56:48.878 [main] INFO org.springframework.test.web.servlet.TestDispatcherServlet -- Completed initialization in 0 ms
17:56:48.883 [main] INFO org.springframework.mock.web.MockServletContext -- Initializing Spring TestDispatcherServlet ''
17:56:48.883 [main] INFO org.springframework.test.web.servlet.TestDispatcherServlet -- Initializing Servlet ''
17:56:48.883 [main] INFO org.springframework.test.web.servlet.TestDispatcherServlet -- Completed initialization in 0 ms
[INFO] Tests run: 5, Failures: 0, Errors: 0, Skipped: 0, Time elapsed: 0.080 s -- in com.alibaba.nacos.console.controller.v3.ai.ConsoleMcpControllerTest
[INFO] Running com.alibaba.nacos.console.controller.v3.naming.ConsoleServiceControllerTest
[INFO] Tests run: 11, Failures: 0, Errors: 0, Skipped: 0, Time elapsed: 0.041 s -- in com.alibaba.nacos.console.controller.v3.naming.ConsoleServiceControllerTest
[INFO] Running com.alibaba.nacos.console.controller.v3.naming.ConsoleInstanceControllerTest
17:56:48.956 [main] INFO org.springframework.mock.web.MockServletContext -- Initializing Spring TestDispatcherServlet ''
17:56:48.956 [main] INFO org.springframework.test.web.servlet.TestDispatcherServlet -- Initializing Servlet ''
17:56:48.956 [main] INFO org.springframework.test.web.servlet.TestDispatcherServlet -- Completed initialization in 0 ms
17:56:48.960 [main] INFO org.springframework.mock.web.MockServletContext -- Initializing Spring TestDispatcherServlet ''
17:56:48.960 [main] INFO org.springframework.test.web.servlet.TestDispatcherServlet -- Initializing Servlet ''
17:56:48.960 [main] INFO org.springframework.test.web.servlet.TestDispatcherServlet -- Completed initialization in 0 ms
17:56:48.964 [main] INFO org.springframework.mock.web.MockServletContext -- Initializing Spring TestDispatcherServlet ''
17:56:48.964 [main] INFO org.springframework.test.web.servlet.TestDispatcherServlet -- Initializing Servlet ''
17:56:48.964 [main] INFO org.springframework.test.web.servlet.TestDispatcherServlet -- Completed initialization in 0 ms
[INFO] Tests run: 3, Failures: 0, Errors: 0, Skipped: 0, Time elapsed: 0.038 s -- in com.alibaba.nacos.console.controller.v3.naming.ConsoleInstanceControllerTest
[INFO] Running com.alibaba.nacos.console.controller.v3.ConsoleServerStateControllerTest
17:56:48.990 [main] INFO org.springframework.mock.web.MockServletContext -- Initializing Spring TestDispatcherServlet ''
17:56:48.990 [main] INFO org.springframework.test.web.servlet.TestDispatcherServlet -- Initializing Servlet ''
17:56:48.990 [main] INFO org.springframework.test.web.servlet.TestDispatcherServlet -- Completed initialization in 0 ms
17:56:48.995 [main] INFO org.springframework.mock.web.MockServletContext -- Initializing Spring TestDispatcherServlet ''
17:56:48.995 [main] INFO org.springframework.test.web.servlet.TestDispatcherServlet -- Initializing Servlet ''
17:56:48.995 [main] INFO org.springframework.test.web.servlet.TestDispatcherServlet -- Completed initialization in 0 ms
17:56:49.000 [main] INFO org.springframework.mock.web.MockServletContext -- Initializing Spring TestDispatcherServlet ''
17:56:49.000 [main] INFO org.springframework.test.web.servlet.TestDispatcherServlet -- Initializing Servlet ''
17:56:49.000 [main] INFO org.springframework.test.web.servlet.TestDispatcherServlet -- Completed initialization in 0 ms
17:56:49.003 [main] INFO org.springframework.mock.web.MockServletContext -- Initializing Spring TestDispatcherServlet ''
17:56:49.003 [main] INFO org.springframework.test.web.servlet.TestDispatcherServlet -- Initializing Servlet ''
17:56:49.003 [main] INFO org.springframework.test.web.servlet.TestDispatcherServlet -- Completed initialization in 0 ms
[INFO] Tests run: 4, Failures: 0, Errors: 0, Skipped: 0, Time elapsed: 0.036 s -- in com.alibaba.nacos.console.controller.v3.ConsoleServerStateControllerTest
[INFO] Running com.alibaba.nacos.console.controller.ServerStateControllerTest
17:56:49.012 [main] INFO org.springframework.mock.web.MockServletContext -- Initializing Spring TestDispatcherServlet ''
17:56:49.012 [main] INFO org.springframework.test.web.servlet.TestDispatcherServlet -- Initializing Servlet ''
17:56:49.012 [main] INFO org.springframework.test.web.servlet.TestDispatcherServlet -- Completed initialization in 0 ms
[INFO] Tests run: 1, Failures: 0, Errors: 0, Skipped: 0, Time elapsed: 0.008 s -- in com.alibaba.nacos.console.controller.ServerStateControllerTest
[INFO] Running com.alibaba.nacos.console.filter.XssFilterTest
[INFO] Tests run: 1, Failures: 0, Errors: 0, Skipped: 0, Time elapsed: 0.054 s -- in com.alibaba.nacos.console.filter.XssFilterTest
[INFO] Running com.alibaba.nacos.console.filter.NacosConsoleAuthFilterTest
[INFO] Tests run: 2, Failures: 0, Errors: 0, Skipped: 0, Time elapsed: 0.002 s -- in com.alibaba.nacos.console.filter.NacosConsoleAuthFilterTest
[INFO] Running com.alibaba.nacos.console.exception.ConsoleExceptionHandlerTest
17:56:49.091 [main] INFO org.springframework.test.context.support.AnnotationConfigContextLoaderUtils -- Could not detect default configuration classes for test class [com.alibaba.nacos.console.exception.ConsoleExceptionHandlerTest]: ConsoleExceptionHandlerTest does not declare any static, non-private, non-final, nested classes annotated with @Configuration.
17:56:49.224 [main] INFO org.springframework.boot.test.context.SpringBootTestContextBootstrapper -- Found @SpringBootConfiguration com.alibaba.nacos.console.NacosConsole for test class com.alibaba.nacos.console.exception.ConsoleExceptionHandlerTest

  .   ____          _            __ _ _
 /\\ / ___'_ __ _ _(_)_ __  __ _ \ \ \ \
( ( )\___ | '_ | '_| | '_ \/ _` | \ \ \ \
 \\/  ___)| |_)| | | | | || (_| |  ) ) ) )
  '  |____| .__|_| |_|_| |_\__, | / / / /
 =========|_|==============|___/=/_/_/_/

 :: Spring Boot ::                (v3.4.9)

2025-09-15T17:56:50.491+08:00  INFO 15061 --- [           main] c.a.n.c.l.StartingApplicationListener    : Nacos Console started successfully in 1209 ms
[INFO] Tests run: 5, Failures: 0, Errors: 0, Skipped: 0, Time elapsed: 1.460 s -- in com.alibaba.nacos.console.exception.ConsoleExceptionHandlerTest
[INFO] Running com.alibaba.nacos.console.aot.NacosRuntimeHintsTest
[INFO] Tests run: 1, Failures: 0, Errors: 0, Skipped: 0, Time elapsed: 0.306 s -- in com.alibaba.nacos.console.aot.NacosRuntimeHintsTest
